95.27.42.143 - - [22/Jul/2020:21:10:13 +0000] "GET /%D0%B6%D0%B5%D0%BD%D1%89%D0%B8%D0%BD%D0%B0-%D0%B8-%D0%B5%D1%91-%D0%BB%D1%8E%D0%B1%D0%BE%D0%B2%D0%BD%D0%B8%D0%BA-%D0%BD%D0%B0%D1%85%D0%BE%D0%B4%D0%B8%D0%BB%D0%B8%D1%81%D1%8C-%D0%B2-%D0%B4%D0%BE%D0%BC%D0%B5-%D0%BF%D0%BE%D0%BA%D0%B0-%D0%BC%D1%83%D0%B6/ HTTP/2.0" 200 15930 "https://baneks.site/best/" "Mozilla/5.0 (Windows NT 10.0; Win64; x64) AppleWebKit/537.36 (KHTML, like Gecko) Chrome/84.0.4147.89 Safari/537.36" "-"
95.27.42.143 - - [22/Jul/2020:21:10:13 +0000] "GET /%D0%B6%D0%B5%D0%BD%D1%89%D0%B8%D0%BD%D0%B0-%D0%B8-%D0%B5%D1%91-%D0%BB%D1%8E%D0%B1%D0%BE%D0%B2%D0%BD%D0%B8%D0%BA-%D0%BD%D0%B0%D1%85%D0%BE%D0%B4%D0%B8%D0%BB%D0%B8%D1%81%D1%8C-%D0%B2-%D0%B4%D0%BE%D0%BC%D0%B5-%D0%BF%D0%BE%D0%BA%D0%B0-%D0%BC%D1%83%D0%B6/ HTTP/2.0" 200 15930 "https://baneks.site/best/" "Mozilla/5.0 (Windows NT 10.0; Win64; x64) AppleWebKit/537.36 (KHTML, like Gecko) Chrome/84.0.4147.89 Safari/537.36"
95.27.42.143 - - [22/Jul/2020:21:10:14 +0000] "GET /%D0%B6%D0%B5%D0%BD%D1%89%D0%B8%D0%BD%D0%B0-%D0%B8-%D0%B5%D1%91-%D0%BB%D1%8E%D0%B1%D0%BE%D0%B2%D0%BD%D0%B8%D0%BA-%D0%BD%D0%B0%D1%85%D0%BE%D0%B4%D0%B8%D0%BB%D0%B8%D1%81%D1%8C-%D0%B2-%D0%B4%D0%BE%D0%BC%D0%B5-%D0%BF%D0%BE%D0%BA%D0%B0-%D0%BC%D1%83%D0%B6/ HTTP/2.0" 200 15930 "https://baneks.site/%D0%B6%D0%B5%D0%BD%D1%89%D0%B8%D0%BD%D0%B0-%D0%B8-%D0%B5%D1%91-%D0%BB%D1%8E%D0%B1%D0%BE%D0%B2%D0%BD%D0%B8%D0%BA-%D0%BD%D0%B0%D1%85%D0%BE%D0%B4%D0%B8%D0%BB%D0%B8%D1%81%D1%8C-%D0%B2-%D0%B4%D0%BE%D0%BC%D0%B5-%D0%BF%D0%BE%D0%BA%D0%B0-%D0%BC%D1%83%D0%B6/" "Mozilla/5.0 (Windows NT 10.0; Win64; x64) AppleWebKit/537.36 (KHTML, like Gecko) Chrome/84.0.4147.89 Safari/537.36" "-"
95.27.42.143 - - [22/Jul/2020:21:10:14 +0000] "GET /%D0%B6%D0%B5%D0%BD%D1%89%D0%B8%D0%BD%D0%B0-%D0%B8-%D0%B5%D1%91-%D0%BB%D1%8E%D0%B1%D0%BE%D0%B2%D0%BD%D0%B8%D0%BA-%D0%BD%D0%B0%D1%85%D0%BE%D0%B4%D0%B8%D0%BB%D0%B8%D1%81%D1%8C-%D0%B2-%D0%B4%D0%BE%D0%BC%D0%B5-%D0%BF%D0%BE%D0%BA%D0%B0-%D0%BC%D1%83%D0%B6/ HTTP/2.0" 200 15930 "https://baneks.site/%D0%B6%D0%B5%D0%BD%D1%89%D0%B8%D0%BD%D0%B0-%D0%B8-%D0%B5%D1%91-%D0%BB%D1%8E%D0%B1%D0%BE%D0%B2%D0%BD%D0%B8%D0%BA-%D0%BD%D0%B0%D1%85%D0%BE%D0%B4%D0%B8%D0%BB%D0%B8%D1%81%D1%8C-%D0%B2-%D0%B4%D0%BE%D0%BC%D0%B5-%D0%BF%D0%BE%D0%BA%D0%B0-%D0%BC%D1%83%D0%B6/" "Mozilla/5.0 (Windows NT 10.0; Win64; x64) AppleWebKit/537.36 (KHTML, like Gecko) Chrome/84.0.4147.89 Safari/537.36"
144.76.6.230 - - [22/Jul/2020:21:10:17 +0000] "GET /%D0%B0-%D0%B2%D0%BE%D1%82-%D1%82%D0%B0%D0%BA-%D1%81%D1%8B%D0%BD%D0%BE%D0%BA-%D0%B3%D0%BE%D0%BC%D0%B8%D0%BA%D0%B8-%D0%B7%D0%B0%D0%BD%D0%B8%D0%BC%D0%B0%D1%8E%D1%82%D1%81%D1%8F-%D1%81%D0%B5%D0%BA%D1%81%D0%BE%D0%BC-%D0%BF%D0%B0%D0%BF/?p=2/ HTTP/1.1" 404 3951 "-" "Mozilla/5.0 (compatible; MJ12bot/v1.4.8; http://mj12bot.com/)" "-"
144.76.6.230 - - [22/Jul/2020:21:10:17 +0000] "GET /%D0%B0-%D0%B2%D0%BE%D1%82-%D1%82%D0%B0%D0%BA-%D1%81%D1%8B%D0%BD%D0%BE%D0%BA-%D0%B3%D0%BE%D0%BC%D0%B8%D0%BA%D0%B8-%D0%B7%D0%B0%D0%BD%D0%B8%D0%BC%D0%B0%D1%8E%D1%82%D1%81%D1%8F-%D1%81%D0%B5%D0%BA%D1%81%D0%BE%D0%BC-%D0%BF%D0%B0%D0%BF/?p=2/ HTTP/1.1" 404 3951 "-" "Mozilla/5.0 (compatible; MJ12bot/v1.4.8; http://mj12bot.com/)"
176.59.71.195 - - [22/Jul/2020:21:10:26 +0000] "GET /random HTTP/2.0" 302 0 "https://baneks.site/%D0%BF%D0%B5%D1%80%D0%B2%D0%BE%D0%B5-%D0%B0%D0%BF%D1%80%D0%B5%D0%BB%D1%8F-%D0%BD%D0%B0-%D0%BE%D0%B4%D0%BD%D0%BE%D0%BC-%D0%B8%D0%B7-%D0%B2%D1%8B%D1%81%D1%82%D1%83%D0%BF%D0%BB%D0%B5%D0%BD%D0%B8%D0%B9-%D0%B8%D0%B7%D0%B2%D0%B5%D1%81%D1%82%D0%BD%D1%8B%D0%B9/" "Mozilla/5.0 (Linux; Android 10; SM-G9730) AppleWebKit/537.36 (KHTML, like Gecko) Chrome/83.0.4103.106 Mobile Safari/537.36 OPR/59.1.2926.54067" "-"
176.59.71.195 - - [22/Jul/2020:21:10:26 +0000] "GET /random HTTP/2.0" 302 0 "https://baneks.site/%D0%BF%D0%B5%D1%80%D0%B2%D0%BE%D0%B5-%D0%B0%D0%BF%D1%80%D0%B5%D0%BB%D1%8F-%D0%BD%D0%B0-%D0%BE%D0%B4%D0%BD%D0%BE%D0%BC-%D0%B8%D0%B7-%D0%B2%D1%8B%D1%81%D1%82%D1%83%D0%BF%D0%BB%D0%B5%D0%BD%D0%B8%D0%B9-%D0%B8%D0%B7%D0%B2%D0%B5%D1%81%D1%82%D0%BD%D1%8B%D0%B9/" "Mozilla/5.0 (Linux; Android 10; SM-G9730) AppleWebKit/537.36 (KHTML, like Gecko) Chrome/83.0.4103.106 Mobile Safari/537.36 OPR/59.1.2926.54067"
176.59.71.195 - - [22/Jul/2020:21:10:26 +0000] "GET /%D0%BF%D0%B8%D0%B2%D0%BE-%D0%B2%D0%B5%D0%BB%D0%B8%D1%87%D0%B0%D0%B9%D1%88%D0%B5%D0%B5-%D0%B8%D0%B7%D0%BE%D0%B1%D1%80%D0%B5%D1%82%D0%B5%D0%BD%D0%B8%D0%B5-%D0%BA%D0%BE%D0%BB%D0%B5%D1%81%D0%BE-%D0%BA%D0%BE%D0%BD%D0%B5%D1%87%D0%BD%D0%BE-%D1%82%D0%BE%D0%B6%D0%B5/ HTTP/2.0" 200 12544 "https://baneks.site/%D0%BF%D0%B5%D1%80%D0%B2%D0%BE%D0%B5-%D0%B0%D0%BF%D1%80%D0%B5%D0%BB%D1%8F-%D0%BD%D0%B0-%D0%BE%D0%B4%D0%BD%D0%BE%D0%BC-%D0%B8%D0%B7-%D0%B2%D1%8B%D1%81%D1%82%D1%83%D0%BF%D0%BB%D0%B5%D0%BD%D0%B8%D0%B9-%D0%B8%D0%B7%D0%B2%D0%B5%D1%81%D1%82%D0%BD%D1%8B%D0%B9/" "Mozilla/5.0 (Linux; Android 10; SM-G9730) AppleWebKit/537.36 (KHTML, like Gecko) Chrome/83.0.4103.106 Mobile Safari/537.36 OPR/59.1.2926.54067" "-"
176.59.71.195 - - [22/Jul/2020:21:10:26 +0000] "GET /%D0%BF%D0%B8%D0%B2%D0%BE-%D0%B2%D0%B5%D0%BB%D0%B8%D1%87%D0%B0%D0%B9%D1%88%D0%B5%D0%B5-%D0%B8%D0%B7%D0%BE%D0%B1%D1%80%D0%B5%D1%82%D0%B5%D0%BD%D0%B8%D0%B5-%D0%BA%D0%BE%D0%BB%D0%B5%D1%81%D0%BE-%D0%BA%D0%BE%D0%BD%D0%B5%D1%87%D0%BD%D0%BE-%D1%82%D0%BE%D0%B6%D0%B5/ HTTP/2.0" 200 12544 "https://baneks.site/%D0%BF%D0%B5%D1%80%D0%B2%D0%BE%D0%B5-%D0%B0%D0%BF%D1%80%D0%B5%D0%BB%D1%8F-%D0%BD%D0%B0-%D0%BE%D0%B4%D0%BD%D0%BE%D0%BC-%D0%B8%D0%B7-%D0%B2%D1%8B%D1%81%D1%82%D1%83%D0%BF%D0%BB%D0%B5%D0%BD%D0%B8%D0%B9-%D0%B8%D0%B7%D0%B2%D0%B5%D1%81%D1%82%D0%BD%D1%8B%D0%B9/" "Mozilla/5.0 (Linux; Android 10; SM-G9730) AppleWebKit/537.36 (KHTML, like Gecko) Chrome/83.0.4103.106 Mobile Safari/537.36 OPR/59.1.2926.54067"
178.154.200.81 - - [22/Jul/2020:21:10:27 +0000] "GET /best/?p=35 HTTP/1.1" 200 16314 "-" "Mozilla/5.0 (compatible; YandexBot/3.0; +http://yandex.com/bots)" "-"
178.154.200.81 - - [22/Jul/2020:21:10:27 +0000] "GET /best/?p=35 HTTP/1.1" 200 16314 "-" "Mozilla/5.0 (compatible; YandexBot/3.0; +http://yandex.com/bots)"
176.59.71.195 - - [22/Jul/2020:21:10:27 +0000] "GET /%D0%BF%D0%B8%D0%B2%D0%BE-%D0%B2%D0%B5%D0%BB%D0%B8%D1%87%D0%B0%D0%B9%D1%88%D0%B5%D0%B5-%D0%B8%D0%B7%D0%BE%D0%B1%D1%80%D0%B5%D1%82%D0%B5%D0%BD%D0%B8%D0%B5-%D0%BA%D0%BE%D0%BB%D0%B5%D1%81%D0%BE-%D0%BA%D0%BE%D0%BD%D0%B5%D1%87%D0%BD%D0%BE-%D1%82%D0%BE%D0%B6%D0%B5/ HTTP/2.0" 200 12544 "https://baneks.site/%D0%BF%D0%B8%D0%B2%D0%BE-%D0%B2%D0%B5%D0%BB%D0%B8%D1%87%D0%B0%D0%B9%D1%88%D0%B5%D0%B5-%D0%B8%D0%B7%D0%BE%D0%B1%D1%80%D0%B5%D1%82%D0%B5%D0%BD%D0%B8%D0%B5-%D0%BA%D0%BE%D0%BB%D0%B5%D1%81%D0%BE-%D0%BA%D0%BE%D0%BD%D0%B5%D1%87%D0%BD%D0%BE-%D1%82%D0%BE%D0%B6%D0%B5/" "Mozilla/5.0 (Linux; Android 10; SM-G9730) AppleWebKit/537.36 (KHTML, like Gecko) Chrome/83.0.4103.106 Mobile Safari/537.36 OPR/59.1.2926.54067" "-"
176.59.71.195 - - [22/Jul/2020:21:10:27 +0000] "GET /%D0%BF%D0%B8%D0%B2%D0%BE-%D0%B2%D0%B5%D0%BB%D0%B8%D1%87%D0%B0%D0%B9%D1%88%D0%B5%D0%B5-%D0%B8%D0%B7%D0%BE%D0%B1%D1%80%D0%B5%D1%82%D0%B5%D0%BD%D0%B8%D0%B5-%D0%BA%D0%BE%D0%BB%D0%B5%D1%81%D0%BE-%D0%BA%D0%BE%D0%BD%D0%B5%D1%87%D0%BD%D0%BE-%D1%82%D0%BE%D0%B6%D0%B5/ HTTP/2.0" 200 12544 "https://baneks.site/%D0%BF%D0%B8%D0%B2%D0%BE-%D0%B2%D0%B5%D0%BB%D0%B8%D1%87%D0%B0%D0%B9%D1%88%D0%B5%D0%B5-%D0%B8%D0%B7%D0%BE%D0%B1%D1%80%D0%B5%D1%82%D0%B5%D0%BD%D0%B8%D0%B5-%D0%BA%D0%BE%D0%BB%D0%B5%D1%81%D0%BE-%D0%BA%D0%BE%D0%BD%D0%B5%D1%87%D0%BD%D0%BE-%D1%82%D0%BE%D0%B6%D0%B5/" "Mozilla/5.0 (Linux; Android 10; SM-G9730) AppleWebKit/537.36 (KHTML, like Gecko) Chrome/83.0.4103.106 Mobile Safari/537.36 OPR/59.1.2926.54067"
178.154.200.81 - - [22/Jul/2020:21:10:29 +0000] "GET /%D0%90%D0%B4%D0%B0%D0%BC-%D0%B8-%D0%95%D0%B2%D0%B0-%D1%82%D0%BE%D0%BB%D1%8C%D0%BA%D0%BE-%D1%87%D1%82%D0%BE-%D0%B7%D0%B0%D0%BD%D0%B8%D0%BC%D0%B0%D0%BB%D0%B8%D1%81%D1%8C-%D1%81%D0%B5%D0%BA%D1%81%D0%BE%D0%BC/? HTTP/1.1" 200 13411 "-" "Mozilla/5.0 (compatible; YandexBot/3.0; +http://yandex.com/bots)" "-"
178.154.200.81 - - [22/Jul/2020:21:10:29 +0000] "GET /%D0%90%D0%B4%D0%B0%D0%BC-%D0%B8-%D0%95%D0%B2%D0%B0-%D1%82%D0%BE%D0%BB%D1%8C%D0%BA%D0%BE-%D1%87%D1%82%D0%BE-%D0%B7%D0%B0%D0%BD%D0%B8%D0%BC%D0%B0%D0%BB%D0%B8%D1%81%D1%8C-%D1%81%D0%B5%D0%BA%D1%81%D0%BE%D0%BC/? HTTP/1.1" 200 13411 "-" "Mozilla/5.0 (compatible; YandexBot/3.0; +http://yandex.com/bots)"
176.59.71.195 - - [22/Jul/2020:21:10:30 +0000] "GET /random HTTP/2.0" 302 0 "https://baneks.site/%D0%BF%D0%B8%D0%B2%D0%BE-%D0%B2%D0%B5%D0%BB%D0%B8%D1%87%D0%B0%D0%B9%D1%88%D0%B5%D0%B5-%D0%B8%D0%B7%D0%BE%D0%B1%D1%80%D0%B5%D1%82%D0%B5%D0%BD%D0%B8%D0%B5-%D0%BA%D0%BE%D0%BB%D0%B5%D1%81%D0%BE-%D0%BA%D0%BE%D0%BD%D0%B5%D1%87%D0%BD%D0%BE-%D1%82%D0%BE%D0%B6%D0%B5/" "Mozilla/5.0 (Linux; Android 10; SM-G9730) AppleWebKit/537.36 (KHTML, like Gecko) Chrome/83.0.4103.106 Mobile Safari/537.36 OPR/59.1.2926.54067" "-"
176.59.71.195 - - [22/Jul/2020:21:10:30 +0000] "GET /random HTTP/2.0" 302 0 "https://baneks.site/%D0%BF%D0%B8%D0%B2%D0%BE-%D0%B2%D0%B5%D0%BB%D0%B8%D1%87%D0%B0%D0%B9%D1%88%D0%B5%D0%B5-%D0%B8%D0%B7%D0%BE%D0%B1%D1%80%D0%B5%D1%82%D0%B5%D0%BD%D0%B8%D0%B5-%D0%BA%D0%BE%D0%BB%D0%B5%D1%81%D0%BE-%D0%BA%D0%BE%D0%BD%D0%B5%D1%87%D0%BD%D0%BE-%D1%82%D0%BE%D0%B6%D0%B5/" "Mozilla/5.0 (Linux; Android 10; SM-G9730) AppleWebKit/537.36 (KHTML, like Gecko) Chrome/83.0.4103.106 Mobile Safari/537.36 OPR/59.1.2926.54067"
176.59.71.195 - - [22/Jul/2020:21:10:31 +0000] "GET /-%D1%87%D0%B5%D0%BC-%D0%B7%D0%B0%D0%BD%D0%B8%D0%BC%D0%B0%D0%B5%D1%88%D1%8C%D1%81%D1%8F-%D1%80%D0%B0%D0%B1%D0%BE%D1%82%D0%B0%D1%8E-%D1%81%D1%83%D1%82%D0%BA%D0%B0%D0%BC%D0%B8/ HTTP/2.0" 200 12323 "https://baneks.site/%D0%BF%D0%B8%D0%B2%D0%BE-%D0%B2%D0%B5%D0%BB%D0%B8%D1%87%D0%B0%D0%B9%D1%88%D0%B5%D0%B5-%D0%B8%D0%B7%D0%BE%D0%B1%D1%80%D0%B5%D1%82%D0%B5%D0%BD%D0%B8%D0%B5-%D0%BA%D0%BE%D0%BB%D0%B5%D1%81%D0%BE-%D0%BA%D0%BE%D0%BD%D0%B5%D1%87%D0%BD%D0%BE-%D1%82%D0%BE%D0%B6%D0%B5/" "Mozilla/5.0 (Linux; Android 10; SM-G9730) AppleWebKit/537.36 (KHTML, like Gecko) Chrome/83.0.4103.106 Mobile Safari/537.36 OPR/59.1.2926.54067" "-"
176.59.71.195 - - [22/Jul/2020:21:10:31 +0000] "GET /-%D1%87%D0%B5%D0%BC-%D0%B7%D0%B0%D0%BD%D0%B8%D0%BC%D0%B0%D0%B5%D1%88%D1%8C%D1%81%D1%8F-%D1%80%D0%B0%D0%B1%D0%BE%D1%82%D0%B0%D1%8E-%D1%81%D1%83%D1%82%D0%BA%D0%B0%D0%BC%D0%B8/ HTTP/2.0" 200 12323 "https://baneks.site/%D0%BF%D0%B8%D0%B2%D0%BE-%D0%B2%D0%B5%D0%BB%D0%B8%D1%87%D0%B0%D0%B9%D1%88%D0%B5%D0%B5-%D0%B8%D0%B7%D0%BE%D0%B1%D1%80%D0%B5%D1%82%D0%B5%D0%BD%D0%B8%D0%B5-%D0%BA%D0%BE%D0%BB%D0%B5%D1%81%D0%BE-%D0%BA%D0%BE%D0%BD%D0%B5%D1%87%D0%BD%D0%BE-%D1%82%D0%BE%D0%B6%D0%B5/" "Mozilla/5.0 (Linux; Android 10; SM-G9730) AppleWebKit/537.36 (KHTML, like Gecko) Chrome/83.0.4103.106 Mobile Safari/537.36 OPR/59.1.2926.54067"
176.59.71.195 - - [22/Jul/2020:21:10:31 +0000] "GET /-%D1%87%D0%B5%D0%BC-%D0%B7%D0%B0%D0%BD%D0%B8%D0%BC%D0%B0%D0%B5%D1%88%D1%8C%D1%81%D1%8F-%D1%80%D0%B0%D0%B1%D0%BE%D1%82%D0%B0%D1%8E-%D1%81%D1%83%D1%82%D0%BA%D0%B0%D0%BC%D0%B8/ HTTP/2.0" 200 12323 "https://baneks.site/-%D1%87%D0%B5%D0%BC-%D0%B7%D0%B0%D0%BD%D0%B8%D0%BC%D0%B0%D0%B5%D1%88%D1%8C%D1%81%D1%8F-%D1%80%D0%B0%D0%B1%D0%BE%D1%82%D0%B0%D1%8E-%D1%81%D1%83%D1%82%D0%BA%D0%B0%D0%BC%D0%B8/" "Mozilla/5.0 (Linux; Android 10; SM-G9730) AppleWebKit/537.36 (KHTML, like Gecko) Chrome/83.0.4103.106 Mobile Safari/537.36 OPR/59.1.2926.54067" "-"
176.59.71.195 - - [22/Jul/2020:21:10:31 +0000] "GET /-%D1%87%D0%B5%D0%BC-%D0%B7%D0%B0%D0%BD%D0%B8%D0%BC%D0%B0%D0%B5%D1%88%D1%8C%D1%81%D1%8F-%D1%80%D0%B0%D0%B1%D0%BE%D1%82%D0%B0%D1%8E-%D1%81%D1%83%D1%82%D0%BA%D0%B0%D0%BC%D0%B8/ HTTP/2.0" 200 12323 "https://baneks.site/-%D1%87%D0%B5%D0%BC-%D0%B7%D0%B0%D0%BD%D0%B8%D0%BC%D0%B0%D0%B5%D1%88%D1%8C%D1%81%D1%8F-%D1%80%D0%B0%D0%B1%D0%BE%D1%82%D0%B0%D1%8E-%D1%81%D1%83%D1%82%D0%BA%D0%B0%D0%BC%D0%B8/" "Mozilla/5.0 (Linux; Android 10; SM-G9730) AppleWebKit/537.36 (KHTML, like Gecko) Chrome/83.0.4103.106 Mobile Safari/537.36 OPR/59.1.2926.54067"
176.59.71.195 - - [22/Jul/2020:21:10:33 +0000] "GET /random HTTP/2.0" 302 0 "https://baneks.site/-%D1%87%D0%B5%D0%BC-%D0%B7%D0%B0%D0%BD%D0%B8%D0%BC%D0%B0%D0%B5%D1%88%D1%8C%D1%81%D1%8F-%D1%80%D0%B0%D0%B1%D0%BE%D1%82%D0%B0%D1%8E-%D1%81%D1%83%D1%82%D0%BA%D0%B0%D0%BC%D0%B8/" "Mozilla/5.0 (Linux; Android 10; SM-G9730) AppleWebKit/537.36 (KHTML, like Gecko) Chrome/83.0.4103.106 Mobile Safari/537.36 OPR/59.1.2926.54067" "-"
176.59.71.195 - - [22/Jul/2020:21:10:33 +0000] "GET /random HTTP/2.0" 302 0 "https://baneks.site/-%D1%87%D0%B5%D0%BC-%D0%B7%D0%B0%D0%BD%D0%B8%D0%BC%D0%B0%D0%B5%D1%88%D1%8C%D1%81%D1%8F-%D1%80%D0%B0%D0%B1%D0%BE%D1%82%D0%B0%D1%8E-%D1%81%D1%83%D1%82%D0%BA%D0%B0%D0%BC%D0%B8/" "Mozilla/5.0 (Linux; Android 10; SM-G9730) AppleWebKit/537.36 (KHTML, like Gecko) Chrome/83.0.4103.106 Mobile Safari/537.36 OPR/59.1.2926.54067"
176.59.71.195 - - [22/Jul/2020:21:10:34 +0000] "GET /%D1%81%D0%B5%D0%BC%D0%B8%D1%82%D0%BE%D0%BD%D0%BD%D0%B0%D1%8F-%D0%B1%D0%B5%D1%82%D0%BE%D0%BD%D0%BD%D0%B0%D1%8F-%D0%BF%D0%BB%D0%B8%D1%82%D0%B0-%D1%83%D0%BF%D0%B0%D0%BB%D0%B0-%D1%80%D1%8F%D0%B4%D0%BE%D0%BC-%D1%81/ HTTP/2.0" 200 12377 "https://baneks.site/-%D1%87%D0%B5%D0%BC-%D0%B7%D0%B0%D0%BD%D0%B8%D0%BC%D0%B0%D0%B5%D1%88%D1%8C%D1%81%D1%8F-%D1%80%D0%B0%D0%B1%D0%BE%D1%82%D0%B0%D1%8E-%D1%81%D1%83%D1%82%D0%BA%D0%B0%D0%BC%D0%B8/" "Mozilla/5.0 (Linux; Android 10; SM-G9730) AppleWebKit/537.36 (KHTML, like Gecko) Chrome/83.0.4103.106 Mobile Safari/537.36 OPR/59.1.2926.54067" "-"
176.59.71.195 - - [22/Jul/2020:21:10:34 +0000] "GET /%D1%81%D0%B5%D0%BC%D0%B8%D1%82%D0%BE%D0%BD%D0%BD%D0%B0%D1%8F-%D0%B1%D0%B5%D1%82%D0%BE%D0%BD%D0%BD%D0%B0%D1%8F-%D0%BF%D0%BB%D0%B8%D1%82%D0%B0-%D1%83%D0%BF%D0%B0%D0%BB%D0%B0-%D1%80%D1%8F%D0%B4%D0%BE%D0%BC-%D1%81/ HTTP/2.0" 200 12377 "https://baneks.site/-%D1%87%D0%B5%D0%BC-%D0%B7%D0%B0%D0%BD%D0%B8%D0%BC%D0%B0%D0%B5%D1%88%D1%8C%D1%81%D1%8F-%D1%80%D0%B0%D0%B1%D0%BE%D1%82%D0%B0%D1%8E-%D1%81%D1%83%D1%82%D0%BA%D0%B0%D0%BC%D0%B8/" "Mozilla/5.0 (Linux; Android 10; SM-G9730) AppleWebKit/537.36 (KHTML, like Gecko) Chrome/83.0.4103.106 Mobile Safari/537.36 OPR/59.1.2926.54067"
176.59.71.195 - - [22/Jul/2020:21:10:34 +0000] "GET /%D1%81%D0%B5%D0%BC%D0%B8%D1%82%D0%BE%D0%BD%D0%BD%D0%B0%D1%8F-%D0%B1%D0%B5%D1%82%D0%BE%D0%BD%D0%BD%D0%B0%D1%8F-%D0%BF%D0%BB%D0%B8%D1%82%D0%B0-%D1%83%D0%BF%D0%B0%D0%BB%D0%B0-%D1%80%D1%8F%D0%B4%D0%BE%D0%BC-%D1%81/ HTTP/2.0" 200 12377 "https://baneks.site/%D1%81%D0%B5%D0%BC%D0%B8%D1%82%D0%BE%D0%BD%D0%BD%D0%B0%D1%8F-%D0%B1%D0%B5%D1%82%D0%BE%D0%BD%D0%BD%D0%B0%D1%8F-%D0%BF%D0%BB%D0%B8%D1%82%D0%B0-%D1%83%D0%BF%D0%B0%D0%BB%D0%B0-%D1%80%D1%8F%D0%B4%D0%BE%D0%BC-%D1%81/" "Mozilla/5.0 (Linux; Android 10; SM-G9730) AppleWebKit/537.36 (KHTML, like Gecko) Chrome/83.0.4103.106 Mobile Safari/537.36 OPR/59.1.2926.54067" "-"
176.59.71.195 - - [22/Jul/2020:21:10:34 +0000] "GET /%D1%81%D0%B5%D0%BC%D0%B8%D1%82%D0%BE%D0%BD%D0%BD%D0%B0%D1%8F-%D0%B1%D0%B5%D1%82%D0%BE%D0%BD%D0%BD%D0%B0%D1%8F-%D0%BF%D0%BB%D0%B8%D1%82%D0%B0-%D1%83%D0%BF%D0%B0%D0%BB%D0%B0-%D1%80%D1%8F%D0%B4%D0%BE%D0%BC-%D1%81/ HTTP/2.0" 200 12377 "https://baneks.site/%D1%81%D0%B5%D0%BC%D0%B8%D1%82%D0%BE%D0%BD%D0%BD%D0%B0%D1%8F-%D0%B1%D0%B5%D1%82%D0%BE%D0%BD%D0%BD%D0%B0%D1%8F-%D0%BF%D0%BB%D0%B8%D1%82%D0%B0-%D1%83%D0%BF%D0%B0%D0%BB%D0%B0-%D1%80%D1%8F%D0%B4%D0%BE%D0%BC-%D1%81/" "Mozilla/5.0 (Linux; Android 10; SM-G9730) AppleWebKit/537.36 (KHTML, like Gecko) Chrome/83.0.4103.106 Mobile Safari/537.36 OPR/59.1.2926.54067"
176.59.71.195 - - [22/Jul/2020:21:10:37 +0000] "GET /random HTTP/2.0" 302 0 "https://baneks.site/%D1%81%D0%B5%D0%BC%D0%B8%D1%82%D0%BE%D0%BD%D0%BD%D0%B0%D1%8F-%D0%B1%D0%B5%D1%82%D0%BE%D0%BD%D0%BD%D0%B0%D1%8F-%D0%BF%D0%BB%D0%B8%D1%82%D0%B0-%D1%83%D0%BF%D0%B0%D0%BB%D0%B0-%D1%80%D1%8F%D0%B4%D0%BE%D0%BC-%D1%81/" "Mozilla/5.0 (Linux; Android 10; SM-G9730) AppleWebKit/537.36 (KHTML, like Gecko) Chrome/83.0.4103.106 Mobile Safari/537.36 OPR/59.1.2926.54067" "-"
176.59.71.195 - - [22/Jul/2020:21:10:37 +0000] "GET /random HTTP/2.0" 302 0 "https://baneks.site/%D1%81%D0%B5%D0%BC%D0%B8%D1%82%D0%BE%D0%BD%D0%BD%D0%B0%D1%8F-%D0%B1%D0%B5%D1%82%D0%BE%D0%BD%D0%BD%D0%B0%D1%8F-%D0%BF%D0%BB%D0%B8%D1%82%D0%B0-%D1%83%D0%BF%D0%B0%D0%BB%D0%B0-%D1%80%D1%8F%D0%B4%D0%BE%D0%BC-%D1%81/" "Mozilla/5.0 (Linux; Android 10; SM-G9730) AppleWebKit/537.36 (KHTML, like Gecko) Chrome/83.0.4103.106 Mobile Safari/537.36 OPR/59.1.2926.54067"
176.59.71.195 - - [22/Jul/2020:21:10:37 +0000] "GET /%D0%BF%D1%80%D0%B8%D1%88%D0%BB%D0%B8-%D0%93%D1%83%D0%B1%D0%B8%D0%BD-%D0%B8-%D0%9B%D1%83%D0%BF%D0%B8%D0%BD-%D0%BD%D0%B0-%D0%B2%D1%81%D1%82%D1%80%D0%B5%D1%87%D1%83-%D0%B2%D1%8B%D0%BF%D1%83%D1%81%D0%BA%D0%BD%D0%B8%D0%BA%D0%BE%D0%B2-%D0%B2%D1%81%D0%B5/ HTTP/2.0" 200 12365 "https://baneks.site/%D1%81%D0%B5%D0%BC%D0%B8%D1%82%D0%BE%D0%BD%D0%BD%D0%B0%D1%8F-%D0%B1%D0%B5%D1%82%D0%BE%D0%BD%D0%BD%D0%B0%D1%8F-%D0%BF%D0%BB%D0%B8%D1%82%D0%B0-%D1%83%D0%BF%D0%B0%D0%BB%D0%B0-%D1%80%D1%8F%D0%B4%D0%BE%D0%BC-%D1%81/" "Mozilla/5.0 (Linux; Android 10; SM-G9730) AppleWebKit/537.36 (KHTML, like Gecko) Chrome/83.0.4103.106 Mobile Safari/537.36 OPR/59.1.2926.54067" "-"
176.59.71.195 - - [22/Jul/2020:21:10:37 +0000] "GET /%D0%BF%D1%80%D0%B8%D1%88%D0%BB%D0%B8-%D0%93%D1%83%D0%B1%D0%B8%D0%BD-%D0%B8-%D0%9B%D1%83%D0%BF%D0%B8%D0%BD-%D0%BD%D0%B0-%D0%B2%D1%81%D1%82%D1%80%D0%B5%D1%87%D1%83-%D0%B2%D1%8B%D0%BF%D1%83%D1%81%D0%BA%D0%BD%D0%B8%D0%BA%D0%BE%D0%B2-%D0%B2%D1%81%D0%B5/ HTTP/2.0" 200 12365 "https://baneks.site/%D1%81%D0%B5%D0%BC%D0%B8%D1%82%D0%BE%D0%BD%D0%BD%D0%B0%D1%8F-%D0%B1%D0%B5%D1%82%D0%BE%D0%BD%D0%BD%D0%B0%D1%8F-%D0%BF%D0%BB%D0%B8%D1%82%D0%B0-%D1%83%D0%BF%D0%B0%D0%BB%D0%B0-%D1%80%D1%8F%D0%B4%D0%BE%D0%BC-%D1%81/" "Mozilla/5.0 (Linux; Android 10; SM-G9730) AppleWebKit/537.36 (KHTML, like Gecko) Chrome/83.0.4103.106 Mobile Safari/537.36 OPR/59.1.2926.54067"
176.59.71.195 - - [22/Jul/2020:21:10:37 +0000] "GET /%D0%BF%D1%80%D0%B8%D1%88%D0%BB%D0%B8-%D0%93%D1%83%D0%B1%D0%B8%D0%BD-%D0%B8-%D0%9B%D1%83%D0%BF%D0%B8%D0%BD-%D0%BD%D0%B0-%D0%B2%D1%81%D1%82%D1%80%D0%B5%D1%87%D1%83-%D0%B2%D1%8B%D0%BF%D1%83%D1%81%D0%BA%D0%BD%D0%B8%D0%BA%D0%BE%D0%B2-%D0%B2%D1%81%D0%B5/ HTTP/2.0" 200 12365 "https://baneks.site/%D0%BF%D1%80%D0%B8%D1%88%D0%BB%D0%B8-%D0%93%D1%83%D0%B1%D0%B8%D0%BD-%D0%B8-%D0%9B%D1%83%D0%BF%D0%B8%D0%BD-%D0%BD%D0%B0-%D0%B2%D1%81%D1%82%D1%80%D0%B5%D1%87%D1%83-%D0%B2%D1%8B%D0%BF%D1%83%D1%81%D0%BA%D0%BD%D0%B8%D0%BA%D0%BE%D0%B2-%D0%B2%D1%81%D0%B5/" "Mozilla/5.0 (Linux; Android 10; SM-G9730) AppleWebKit/537.36 (KHTML, like Gecko) Chrome/83.0.4103.106 Mobile Safari/537.36 OPR/59.1.2926.54067" "-"
176.59.71.195 - - [22/Jul/2020:21:10:37 +0000] "GET /%D0%BF%D1%80%D0%B8%D1%88%D0%BB%D0%B8-%D0%93%D1%83%D0%B1%D0%B8%D0%BD-%D0%B8-%D0%9B%D1%83%D0%BF%D0%B8%D0%BD-%D0%BD%D0%B0-%D0%B2%D1%81%D1%82%D1%80%D0%B5%D1%87%D1%83-%D0%B2%D1%8B%D0%BF%D1%83%D1%81%D0%BA%D0%BD%D0%B8%D0%BA%D0%BE%D0%B2-%D0%B2%D1%81%D0%B5/ HTTP/2.0" 200 12365 "https://baneks.site/%D0%BF%D1%80%D0%B8%D1%88%D0%BB%D0%B8-%D0%93%D1%83%D0%B1%D0%B8%D0%BD-%D0%B8-%D0%9B%D1%83%D0%BF%D0%B8%D0%BD-%D0%BD%D0%B0-%D0%B2%D1%81%D1%82%D1%80%D0%B5%D1%87%D1%83-%D0%B2%D1%8B%D0%BF%D1%83%D1%81%D0%BA%D0%BD%D0%B8%D0%BA%D0%BE%D0%B2-%D0%B2%D1%81%D0%B5/" "Mozilla/5.0 (Linux; Android 10; SM-G9730) AppleWebKit/537.36 (KHTML, like Gecko) Chrome/83.0.4103.106 Mobile Safari/537.36 OPR/59.1.2926.54067"
46.229.168.132 - - [22/Jul/2020:21:10:44 +0000] "GET /tag/%D0%B4%D0%BE%D1%87%D1%8C/?p=16 HTTP/1.1" 200 11215 "-" "Mozilla/5.0 (compatible; SemrushBot/6~bl; +http://www.semrush.com/bot.html)" "-"
46.229.168.132 - - [22/Jul/2020:21:10:44 +0000] "GET /tag/%D0%B4%D0%BE%D1%87%D1%8C/?p=16 HTTP/1.1" 200 11215 "-" "Mozilla/5.0 (compatible; SemrushBot/6~bl; +http://www.semrush.com/bot.html)"
144.76.6.230 - - [22/Jul/2020:21:10:45 +0000] "GET /%D0%B0-%D0%B4%D0%B0%D0%B2%D0%B0%D0%B9%D1%82%D0%B5-%D0%B2%D1%8B%D0%B7%D0%BE%D0%B2%D0%B5%D0%BC-%D0%BF%D1%80%D0%BE%D1%81%D1%82%D0%B8%D1%82%D1%83%D1%82%D0%BA%D1%83-%D0%B4%D0%B0%D0%B2%D0%B0%D0%B9%D1%82%D0%B5/ HTTP/1.1" 200 9004 "-" "Mozilla/5.0 (compatible; MJ12bot/v1.4.8; http://mj12bot.com/)" "-"
144.76.6.230 - - [22/Jul/2020:21:10:45 +0000] "GET /%D0%B0-%D0%B4%D0%B0%D0%B2%D0%B0%D0%B9%D1%82%D0%B5-%D0%B2%D1%8B%D0%B7%D0%BE%D0%B2%D0%B5%D0%BC-%D0%BF%D1%80%D0%BE%D1%81%D1%82%D0%B8%D1%82%D1%83%D1%82%D0%BA%D1%83-%D0%B4%D0%B0%D0%B2%D0%B0%D0%B9%D1%82%D0%B5/ HTTP/1.1" 200 9004 "-" "Mozilla/5.0 (compatible; MJ12bot/v1.4.8; http://mj12bot.com/)"
178.154.200.81 - - [22/Jul/2020:21:10:52 +0000] "GET /%D0%B0%D0%BC%D0%B5%D1%80%D0%B8%D0%BA%D0%B0%D0%BD%D1%81%D0%BA%D0%B8%D0%B9-%D1%80%D1%83%D1%81%D1%81%D0%BA%D0%B8%D0%B9-%D0%B8-%D0%BA%D0%B8%D1%82%D0%B0%D0%B9%D1%81%D0%BA%D0%B8%D0%B9-%D0%BF%D1%80%D0%B5%D0%B7%D0%B8%D0%B4%D0%B5%D0%BD%D1%82%D1%8B-%D0%B5%D0%B4%D1%83%D1%82/ HTTP/1.1" 200 15231 "-" "Mozilla/5.0 (compatible; YandexBot/3.0; +http://yandex.com/bots)" "-"
178.154.200.81 - - [22/Jul/2020:21:10:52 +0000] "GET /%D0%B0%D0%BC%D0%B5%D1%80%D0%B8%D0%BA%D0%B0%D0%BD%D1%81%D0%BA%D0%B8%D0%B9-%D1%80%D1%83%D1%81%D1%81%D0%BA%D0%B8%D0%B9-%D0%B8-%D0%BA%D0%B8%D1%82%D0%B0%D0%B9%D1%81%D0%BA%D0%B8%D0%B9-%D0%BF%D1%80%D0%B5%D0%B7%D0%B8%D0%B4%D0%B5%D0%BD%D1%82%D1%8B-%D0%B5%D0%B4%D1%83%D1%82/ HTTP/1.1" 200 15231 "-" "Mozilla/5.0 (compatible; YandexBot/3.0; +http://yandex.com/bots)"
176.59.71.195 - - [22/Jul/2020:21:10:56 +0000] "GET /random HTTP/2.0" 302 0 "https://baneks.site/%D0%BF%D1%80%D0%B8%D1%88%D0%BB%D0%B8-%D0%93%D1%83%D0%B1%D0%B8%D0%BD-%D0%B8-%D0%9B%D1%83%D0%BF%D0%B8%D0%BD-%D0%BD%D0%B0-%D0%B2%D1%81%D1%82%D1%80%D0%B5%D1%87%D1%83-%D0%B2%D1%8B%D0%BF%D1%83%D1%81%D0%BA%D0%BD%D0%B8%D0%BA%D0%BE%D0%B2-%D0%B2%D1%81%D0%B5/" "Mozilla/5.0 (Linux; Android 10; SM-G9730) AppleWebKit/537.36 (KHTML, like Gecko) Chrome/83.0.4103.106 Mobile Safari/537.36 OPR/59.1.2926.54067" "-"
176.59.71.195 - - [22/Jul/2020:21:10:56 +0000] "GET /random HTTP/2.0" 302 0 "https://baneks.site/%D0%BF%D1%80%D0%B8%D1%88%D0%BB%D0%B8-%D0%93%D1%83%D0%B1%D0%B8%D0%BD-%D0%B8-%D0%9B%D1%83%D0%BF%D0%B8%D0%BD-%D0%BD%D0%B0-%D0%B2%D1%81%D1%82%D1%80%D0%B5%D1%87%D1%83-%D0%B2%D1%8B%D0%BF%D1%83%D1%81%D0%BA%D0%BD%D0%B8%D0%BA%D0%BE%D0%B2-%D0%B2%D1%81%D0%B5/" "Mozilla/5.0 (Linux; Android 10; SM-G9730) AppleWebKit/537.36 (KHTML, like Gecko) Chrome/83.0.4103.106 Mobile Safari/537.36 OPR/59.1.2926.54067"
176.59.71.195 - - [22/Jul/2020:21:10:57 +0000] "GET /%D0%BE%D0%B4%D0%BD%D1%83-%D0%B4%D0%B5%D0%B2%D0%BE%D1%87%D0%BA%D1%83-%D0%BC%D0%B0%D0%BC%D0%B0-%D0%BE%D1%81%D1%82%D0%B0%D0%B2%D0%B8%D0%BB%D0%B0-%D0%B4%D0%BE%D0%BC%D0%B0-%D0%BD%D0%B0-3-%D0%B4%D0%BD%D1%8F-%D0%BD%D0%BE%D1%87%D1%8C%D1%8E/ HTTP/2.0" 200 13219 "https://baneks.site/%D0%BF%D1%80%D0%B8%D1%88%D0%BB%D0%B8-%D0%93%D1%83%D0%B1%D0%B8%D0%BD-%D0%B8-%D0%9B%D1%83%D0%BF%D0%B8%D0%BD-%D0%BD%D0%B0-%D0%B2%D1%81%D1%82%D1%80%D0%B5%D1%87%D1%83-%D0%B2%D1%8B%D0%BF%D1%83%D1%81%D0%BA%D0%BD%D0%B8%D0%BA%D0%BE%D0%B2-%D0%B2%D1%81%D0%B5/" "Mozilla/5.0 (Linux; Android 10; SM-G9730) AppleWebKit/537.36 (KHTML, like Gecko) Chrome/83.0.4103.106 Mobile Safari/537.36 OPR/59.1.2926.54067" "-"
176.59.71.195 - - [22/Jul/2020:21:10:57 +0000] "GET /%D0%BE%D0%B4%D0%BD%D1%83-%D0%B4%D0%B5%D0%B2%D0%BE%D1%87%D0%BA%D1%83-%D0%BC%D0%B0%D0%BC%D0%B0-%D0%BE%D1%81%D1%82%D0%B0%D0%B2%D0%B8%D0%BB%D0%B0-%D0%B4%D0%BE%D0%BC%D0%B0-%D0%BD%D0%B0-3-%D0%B4%D0%BD%D1%8F-%D0%BD%D0%BE%D1%87%D1%8C%D1%8E/ HTTP/2.0" 200 13219 "https://baneks.site/%D0%BF%D1%80%D0%B8%D1%88%D0%BB%D0%B8-%D0%93%D1%83%D0%B1%D0%B8%D0%BD-%D0%B8-%D0%9B%D1%83%D0%BF%D0%B8%D0%BD-%D0%BD%D0%B0-%D0%B2%D1%81%D1%82%D1%80%D0%B5%D1%87%D1%83-%D0%B2%D1%8B%D0%BF%D1%83%D1%81%D0%BA%D0%BD%D0%B8%D0%BA%D0%BE%D0%B2-%D0%B2%D1%81%D0%B5/" "Mozilla/5.0 (Linux; Android 10; SM-G9730) AppleWebKit/537.36 (KHTML, like Gecko) Chrome/83.0.4103.106 Mobile Safari/537.36 OPR/59.1.2926.54067"
176.59.71.195 - - [22/Jul/2020:21:10:57 +0000] "GET /%D0%BE%D0%B4%D0%BD%D1%83-%D0%B4%D0%B5%D0%B2%D0%BE%D1%87%D0%BA%D1%83-%D0%BC%D0%B0%D0%BC%D0%B0-%D0%BE%D1%81%D1%82%D0%B0%D0%B2%D0%B8%D0%BB%D0%B0-%D0%B4%D0%BE%D0%BC%D0%B0-%D0%BD%D0%B0-3-%D0%B4%D0%BD%D1%8F-%D0%BD%D0%BE%D1%87%D1%8C%D1%8E/ HTTP/2.0" 200 13219 "https://baneks.site/%D0%BE%D0%B4%D0%BD%D1%83-%D0%B4%D0%B5%D0%B2%D0%BE%D1%87%D0%BA%D1%83-%D0%BC%D0%B0%D0%BC%D0%B0-%D0%BE%D1%81%D1%82%D0%B0%D0%B2%D0%B8%D0%BB%D0%B0-%D0%B4%D0%BE%D0%BC%D0%B0-%D0%BD%D0%B0-3-%D0%B4%D0%BD%D1%8F-%D0%BD%D0%BE%D1%87%D1%8C%D1%8E/" "Mozilla/5.0 (Linux; Android 10; SM-G9730) AppleWebKit/537.36 (KHTML, like Gecko) Chrome/83.0.4103.106 Mobile Safari/537.36 OPR/59.1.2926.54067" "-"
176.59.71.195 - - [22/Jul/2020:21:10:57 +0000] "GET /%D0%BE%D0%B4%D0%BD%D1%83-%D0%B4%D0%B5%D0%B2%D0%BE%D1%87%D0%BA%D1%83-%D0%BC%D0%B0%D0%BC%D0%B0-%D0%BE%D1%81%D1%82%D0%B0%D0%B2%D0%B8%D0%BB%D0%B0-%D0%B4%D0%BE%D0%BC%D0%B0-%D0%BD%D0%B0-3-%D0%B4%D0%BD%D1%8F-%D0%BD%D0%BE%D1%87%D1%8C%D1%8E/ HTTP/2.0" 200 13219 "https://baneks.site/%D0%BE%D0%B4%D0%BD%D1%83-%D0%B4%D0%B5%D0%B2%D0%BE%D1%87%D0%BA%D1%83-%D0%BC%D0%B0%D0%BC%D0%B0-%D0%BE%D1%81%D1%82%D0%B0%D0%B2%D0%B8%D0%BB%D0%B0-%D0%B4%D0%BE%D0%BC%D0%B0-%D0%BD%D0%B0-3-%D0%B4%D0%BD%D1%8F-%D0%BD%D0%BE%D1%87%D1%8C%D1%8E/" "Mozilla/5.0 (Linux; Android 10; SM-G9730) AppleWebKit/537.36 (KHTML, like Gecko) Chrome/83.0.4103.106 Mobile Safari/537.36 OPR/59.1.2926.54067"
46.229.168.135 - - [22/Jul/2020:21:10:59 +0000] "GET /%D0%B7%D0%B2%D0%BE%D0%BD%D0%BE%D0%BA-%D0%B2-%D0%BA%D0%B2%D0%B0%D1%80%D1%82%D0%B8%D1%80%D1%83-%D0%B8%D0%B7-%D0%96%D0%AD%D0%9A%D0%B0-%D1%83-%D0%B2%D0%B0%D1%81-%D1%83%D0%BD%D0%B8%D1%82%D0%B0%D0%B7-%D1%80%D0%B0%D0%B1%D0%BE%D1%82%D0%B0%D0%B5%D1%82/?p=2 HTTP/1.1" 200 13339 "-" "Mozilla/5.0 (compatible; SemrushBot/6~bl; +http://www.semrush.com/bot.html)" "-"
46.229.168.135 - - [22/Jul/2020:21:10:59 +0000] "GET /%D0%B7%D0%B2%D0%BE%D0%BD%D0%BE%D0%BA-%D0%B2-%D0%BA%D0%B2%D0%B0%D1%80%D1%82%D0%B8%D1%80%D1%83-%D0%B8%D0%B7-%D0%96%D0%AD%D0%9A%D0%B0-%D1%83-%D0%B2%D0%B0%D1%81-%D1%83%D0%BD%D0%B8%D1%82%D0%B0%D0%B7-%D1%80%D0%B0%D0%B1%D0%BE%D1%82%D0%B0%D0%B5%D1%82/?p=2 HTTP/1.1" 200 13339 "-" "Mozilla/5.0 (compatible; SemrushBot/6~bl; +http://www.semrush.com/bot.html)"
66.249.68.62 - - [22/Jul/2020:21:11:04 +0000] "GET /%D0%B5%D0%B4%D1%83%D1%82-%D0%B4%D0%B2%D0%B0-%D0%BD%D0%BE%D0%B2%D1%8B%D1%85-%D1%80%D1%83%D1%81%D1%81%D0%BA%D0%B8%D1%85-%D0%BC%D0%B8%D0%BC%D0%BE-%D0%B4%D0%B5%D1%80%D0%B5%D0%B2%D0%BD%D0%B8-%D0%B2%D0%B8%D0%B4%D1%8F%D1%82-%D1%83-%D0%B4%D0%BE%D1%80%D0%BE%D0%B3%D0%B8/ HTTP/1.1" 304 0 "-" "Mozilla/5.0 (Linux; Android 6.0.1; Nexus 5X Build/MMB29P) AppleWebKit/537.36 (KHTML, like Gecko) Chrome/80.0.3987.92 Mobile Safari/537.36 (compatible; Googlebot/2.1; +http://www.google.com/bot.html)" "-"
66.249.68.62 - - [22/Jul/2020:21:11:04 +0000] "GET /%D0%B5%D0%B4%D1%83%D1%82-%D0%B4%D0%B2%D0%B0-%D0%BD%D0%BE%D0%B2%D1%8B%D1%85-%D1%80%D1%83%D1%81%D1%81%D0%BA%D0%B8%D1%85-%D0%BC%D0%B8%D0%BC%D0%BE-%D0%B4%D0%B5%D1%80%D0%B5%D0%B2%D0%BD%D0%B8-%D0%B2%D0%B8%D0%B4%D1%8F%D1%82-%D1%83-%D0%B4%D0%BE%D1%80%D0%BE%D0%B3%D0%B8/ HTTP/1.1" 304 0 "-" "Mozilla/5.0 (Linux; Android 6.0.1; Nexus 5X Build/MMB29P) AppleWebKit/537.36 (KHTML, like Gecko) Chrome/80.0.3987.92 Mobile Safari/537.36 (compatible; Googlebot/2.1; +http://www.google.com/bot.html)"
130.180.216.214 - - [22/Jul/2020:21:11:05 +0000] "GET /%D0%B2%D1%8B%D1%88%D0%B5%D0%BB-%D0%B7%D0%B0%D1%8F%D1%86-%D0%BD%D0%B0-%D0%BA%D1%80%D1%8B%D0%BB%D1%8C%D1%86%D0%BE-%D0%BF%D0%BE%D1%87%D0%B5%D1%81%D0%B0%D1%82%D1%8C-%D1%81%D0%B2%D0%BE%D1%91-%D1%8F%D0%B9%D1%86%D0%BE/ HTTP/2.0" 200 14965 "https://www.google.com/" "Mozilla/5.0 (Linux; Android 9; Redmi 6) AppleWebKit/537.36 (KHTML, like Gecko) Chrome/84.0.4147.89 Mobile Safari/537.36" "-"
130.180.216.214 - - [22/Jul/2020:21:11:05 +0000] "GET /%D0%B2%D1%8B%D1%88%D0%B5%D0%BB-%D0%B7%D0%B0%D1%8F%D1%86-%D0%BD%D0%B0-%D0%BA%D1%80%D1%8B%D0%BB%D1%8C%D1%86%D0%BE-%D0%BF%D0%BE%D1%87%D0%B5%D1%81%D0%B0%D1%82%D1%8C-%D1%81%D0%B2%D0%BE%D1%91-%D1%8F%D0%B9%D1%86%D0%BE/ HTTP/2.0" 200 14965 "https://www.google.com/" "Mozilla/5.0 (Linux; Android 9; Redmi 6) AppleWebKit/537.36 (KHTML, like Gecko) Chrome/84.0.4147.89 Mobile Safari/537.36"
54.36.149.62 - - [22/Jul/2020:21:11:11 +0000] "GET /tag/%D0%BC%D0%BE%D0%BD%D0%B0%D1%85%D0%B8%D0%BD%D1%8F/?p=4 HTTP/2.0" 200 10403 "-" "Mozilla/5.0 (compatible; AhrefsBot/6.1; +http://ahrefs.com/robot/)" "-"
54.36.149.62 - - [22/Jul/2020:21:11:11 +0000] "GET /tag/%D0%BC%D0%BE%D0%BD%D0%B0%D1%85%D0%B8%D0%BD%D1%8F/?p=4 HTTP/2.0" 200 10403 "-" "Mozilla/5.0 (compatible; AhrefsBot/6.1; +http://ahrefs.com/robot/)"
207.46.13.184 - - [22/Jul/2020:21:11:11 +0000] "GET /%D0%B2%D0%B5%D1%87%D0%B5%D1%80-%D0%BF%D1%83%D1%81%D1%82%D1%8B%D0%BD%D1%8F-%D0%B2-%D1%88%D1%82%D0%B0%D1%82%D0%B5-%D0%BD%D0%B5%D0%B2%D0%B0%D0%B4%D0%B0-%D1%83-%D0%B4%D0%BE%D1%80%D0%BE%D0%B3%D0%B8-%D0%B1%D0%B0%D1%80/?p=2 HTTP/1.1" 200 15136 "-" "Mozilla/5.0 (compatible; bingbot/2.0; +http://www.bing.com/bingbot.htm)" "-"
207.46.13.184 - - [22/Jul/2020:21:11:11 +0000] "GET /%D0%B2%D0%B5%D1%87%D0%B5%D1%80-%D0%BF%D1%83%D1%81%D1%82%D1%8B%D0%BD%D1%8F-%D0%B2-%D1%88%D1%82%D0%B0%D1%82%D0%B5-%D0%BD%D0%B5%D0%B2%D0%B0%D0%B4%D0%B0-%D1%83-%D0%B4%D0%BE%D1%80%D0%BE%D0%B3%D0%B8-%D0%B1%D0%B0%D1%80/?p=2 HTTP/1.1" 200 15136 "-" "Mozilla/5.0 (compatible; bingbot/2.0; +http://www.bing.com/bingbot.htm)"
144.76.6.230 - - [22/Jul/2020:21:11:13 +0000] "GET /%D0%B0-%D0%BA%D0%BE%D1%80%D0%BE%D0%BB%D1%8C-%D1%82%D0%BE-%D0%B3%D0%BE%D0%BB%D1%8B%D0%B9-%D0%B2%D0%BE%D1%81%D0%BA%D0%BB%D0%B8%D0%BA%D0%BD%D1%83%D0%BB-%D0%BC%D0%B0%D0%BB%D1%8C%D1%87%D0%B8%D0%BA/ HTTP/1.1" 200 12597 "-" "Mozilla/5.0 (compatible; MJ12bot/v1.4.8; http://mj12bot.com/)" "-"
144.76.6.230 - - [22/Jul/2020:21:11:13 +0000] "GET /%D0%B0-%D0%BA%D0%BE%D1%80%D0%BE%D0%BB%D1%8C-%D1%82%D0%BE-%D0%B3%D0%BE%D0%BB%D1%8B%D0%B9-%D0%B2%D0%BE%D1%81%D0%BA%D0%BB%D0%B8%D0%BA%D0%BD%D1%83%D0%BB-%D0%BC%D0%B0%D0%BB%D1%8C%D1%87%D0%B8%D0%BA/ HTTP/1.1" 200 12597 "-" "Mozilla/5.0 (compatible; MJ12bot/v1.4.8; http://mj12bot.com/)"
46.229.168.162 - - [22/Jul/2020:21:11:18 +0000] "GET /%D0%B2-%D1%80%D0%B0%D0%B9-%D0%BF%D0%BE%D0%BF%D0%B0%D0%B4%D0%B0%D0%B5%D1%82-%D0%AD%D0%BD%D1%86%D0%BE-%D0%A4%D0%B5%D1%80%D1%80%D0%B0%D1%80%D0%B8-%D1%81%D0%BE%D0%B7%D0%B4%D0%B0%D1%82%D0%B5%D0%BB%D1%8C-%D0%B0%D0%B2%D1%82%D0%BE%D0%BC%D0%BE%D0%B1%D0%B8%D0%BB%D1%8F/?p=2 HTTP/1.1" 200 12072 "-" "Mozilla/5.0 (compatible; SemrushBot/6~bl; +http://www.semrush.com/bot.html)" "-"
46.229.168.162 - - [22/Jul/2020:21:11:18 +0000] "GET /%D0%B2-%D1%80%D0%B0%D0%B9-%D0%BF%D0%BE%D0%BF%D0%B0%D0%B4%D0%B0%D0%B5%D1%82-%D0%AD%D0%BD%D1%86%D0%BE-%D0%A4%D0%B5%D1%80%D1%80%D0%B0%D1%80%D0%B8-%D1%81%D0%BE%D0%B7%D0%B4%D0%B0%D1%82%D0%B5%D0%BB%D1%8C-%D0%B0%D0%B2%D1%82%D0%BE%D0%BC%D0%BE%D0%B1%D0%B8%D0%BB%D1%8F/?p=2 HTTP/1.1" 200 12072 "-" "Mozilla/5.0 (compatible; SemrushBot/6~bl; +http://www.semrush.com/bot.html)"
176.59.71.195 - - [22/Jul/2020:21:11:21 +0000] "GET /random HTTP/2.0" 302 0 "https://baneks.site/%D0%BE%D0%B4%D0%BD%D1%83-%D0%B4%D0%B5%D0%B2%D0%BE%D1%87%D0%BA%D1%83-%D0%BC%D0%B0%D0%BC%D0%B0-%D0%BE%D1%81%D1%82%D0%B0%D0%B2%D0%B8%D0%BB%D0%B0-%D0%B4%D0%BE%D0%BC%D0%B0-%D0%BD%D0%B0-3-%D0%B4%D0%BD%D1%8F-%D0%BD%D0%BE%D1%87%D1%8C%D1%8E/" "Mozilla/5.0 (Linux; Android 10; SM-G9730) AppleWebKit/537.36 (KHTML, like Gecko) Chrome/83.0.4103.106 Mobile Safari/537.36 OPR/59.1.2926.54067" "-"
176.59.71.195 - - [22/Jul/2020:21:11:21 +0000] "GET /random HTTP/2.0" 302 0 "https://baneks.site/%D0%BE%D0%B4%D0%BD%D1%83-%D0%B4%D0%B5%D0%B2%D0%BE%D1%87%D0%BA%D1%83-%D0%BC%D0%B0%D0%BC%D0%B0-%D0%BE%D1%81%D1%82%D0%B0%D0%B2%D0%B8%D0%BB%D0%B0-%D0%B4%D0%BE%D0%BC%D0%B0-%D0%BD%D0%B0-3-%D0%B4%D0%BD%D1%8F-%D0%BD%D0%BE%D1%87%D1%8C%D1%8E/" "Mozilla/5.0 (Linux; Android 10; SM-G9730) AppleWebKit/537.36 (KHTML, like Gecko) Chrome/83.0.4103.106 Mobile Safari/537.36 OPR/59.1.2926.54067"
176.59.71.195 - - [22/Jul/2020:21:11:21 +0000] "GET /%D0%B7%D0%B0%D1%85%D0%BE%D0%B4%D0%B8%D1%82-%D0%B1%D0%B5%D1%81%D0%BA%D0%BE%D0%BD%D0%B5%D1%87%D0%BD%D0%BE%D0%B5-%D1%87%D0%B8%D1%81%D0%BB%D0%BE-%D0%BB%D0%BE%D0%B3%D0%B8%D0%BA%D0%BE%D0%B2-%D0%B2-%D0%B1%D0%B0%D1%80-%D0%B1%D0%B0%D1%80%D0%BC%D0%B5%D0%BD-%D0%B8%D1%85/ HTTP/2.0" 200 12271 "https://baneks.site/%D0%BE%D0%B4%D0%BD%D1%83-%D0%B4%D0%B5%D0%B2%D0%BE%D1%87%D0%BA%D1%83-%D0%BC%D0%B0%D0%BC%D0%B0-%D0%BE%D1%81%D1%82%D0%B0%D0%B2%D0%B8%D0%BB%D0%B0-%D0%B4%D0%BE%D0%BC%D0%B0-%D0%BD%D0%B0-3-%D0%B4%D0%BD%D1%8F-%D0%BD%D0%BE%D1%87%D1%8C%D1%8E/" "Mozilla/5.0 (Linux; Android 10; SM-G9730) AppleWebKit/537.36 (KHTML, like Gecko) Chrome/83.0.4103.106 Mobile Safari/537.36 OPR/59.1.2926.54067" "-"
176.59.71.195 - - [22/Jul/2020:21:11:21 +0000] "GET /%D0%B7%D0%B0%D1%85%D0%BE%D0%B4%D0%B8%D1%82-%D0%B1%D0%B5%D1%81%D0%BA%D0%BE%D0%BD%D0%B5%D1%87%D0%BD%D0%BE%D0%B5-%D1%87%D0%B8%D1%81%D0%BB%D0%BE-%D0%BB%D0%BE%D0%B3%D0%B8%D0%BA%D0%BE%D0%B2-%D0%B2-%D0%B1%D0%B0%D1%80-%D0%B1%D0%B0%D1%80%D0%BC%D0%B5%D0%BD-%D0%B8%D1%85/ HTTP/2.0" 200 12271 "https://baneks.site/%D0%BE%D0%B4%D0%BD%D1%83-%D0%B4%D0%B5%D0%B2%D0%BE%D1%87%D0%BA%D1%83-%D0%BC%D0%B0%D0%BC%D0%B0-%D0%BE%D1%81%D1%82%D0%B0%D0%B2%D0%B8%D0%BB%D0%B0-%D0%B4%D0%BE%D0%BC%D0%B0-%D0%BD%D0%B0-3-%D0%B4%D0%BD%D1%8F-%D0%BD%D0%BE%D1%87%D1%8C%D1%8E/" "Mozilla/5.0 (Linux; Android 10; SM-G9730) AppleWebKit/537.36 (KHTML, like Gecko) Chrome/83.0.4103.106 Mobile Safari/537.36 OPR/59.1.2926.54067"
176.59.71.195 - - [22/Jul/2020:21:11:22 +0000] "GET /%D0%B7%D0%B0%D1%85%D0%BE%D0%B4%D0%B8%D1%82-%D0%B1%D0%B5%D1%81%D0%BA%D0%BE%D0%BD%D0%B5%D1%87%D0%BD%D0%BE%D0%B5-%D1%87%D0%B8%D1%81%D0%BB%D0%BE-%D0%BB%D0%BE%D0%B3%D0%B8%D0%BA%D0%BE%D0%B2-%D0%B2-%D0%B1%D0%B0%D1%80-%D0%B1%D0%B0%D1%80%D0%BC%D0%B5%D0%BD-%D0%B8%D1%85/ HTTP/2.0" 200 12271 "https://baneks.site/%D0%B7%D0%B0%D1%85%D0%BE%D0%B4%D0%B8%D1%82-%D0%B1%D0%B5%D1%81%D0%BA%D0%BE%D0%BD%D0%B5%D1%87%D0%BD%D0%BE%D0%B5-%D1%87%D0%B8%D1%81%D0%BB%D0%BE-%D0%BB%D0%BE%D0%B3%D0%B8%D0%BA%D0%BE%D0%B2-%D0%B2-%D0%B1%D0%B0%D1%80-%D0%B1%D0%B0%D1%80%D0%BC%D0%B5%D0%BD-%D0%B8%D1%85/" "Mozilla/5.0 (Linux; Android 10; SM-G9730) AppleWebKit/537.36 (KHTML, like Gecko) Chrome/83.0.4103.106 Mobile Safari/537.36 OPR/59.1.2926.54067" "-"
176.59.71.195 - - [22/Jul/2020:21:11:22 +0000] "GET /%D0%B7%D0%B0%D1%85%D0%BE%D0%B4%D0%B8%D1%82-%D0%B1%D0%B5%D1%81%D0%BA%D0%BE%D0%BD%D0%B5%D1%87%D0%BD%D0%BE%D0%B5-%D1%87%D0%B8%D1%81%D0%BB%D0%BE-%D0%BB%D0%BE%D0%B3%D0%B8%D0%BA%D0%BE%D0%B2-%D0%B2-%D0%B1%D0%B0%D1%80-%D0%B1%D0%B0%D1%80%D0%BC%D0%B5%D0%BD-%D0%B8%D1%85/ HTTP/2.0" 200 12271 "https://baneks.site/%D0%B7%D0%B0%D1%85%D0%BE%D0%B4%D0%B8%D1%82-%D0%B1%D0%B5%D1%81%D0%BA%D0%BE%D0%BD%D0%B5%D1%87%D0%BD%D0%BE%D0%B5-%D1%87%D0%B8%D1%81%D0%BB%D0%BE-%D0%BB%D0%BE%D0%B3%D0%B8%D0%BA%D0%BE%D0%B2-%D0%B2-%D0%B1%D0%B0%D1%80-%D0%B1%D0%B0%D1%80%D0%BC%D0%B5%D0%BD-%D0%B8%D1%85/" "Mozilla/5.0 (Linux; Android 10; SM-G9730) AppleWebKit/537.36 (KHTML, like Gecko) Chrome/83.0.4103.106 Mobile Safari/537.36 OPR/59.1.2926.54067"
128.124.76.237 - - [22/Jul/2020:21:11:27 +0000] "GET /%D1%81%D0%B8%D0%B4%D1%8F%D1%82-%D0%B2-%D0%BF%D0%B8%D0%B2%D0%BD%D0%BE%D0%B9-%D1%80%D1%83%D1%81%D1%81%D0%BA%D0%B8%D0%B9-%D0%B0%D0%BD%D0%B3%D0%BB%D0%B8%D1%87%D0%B0%D0%BD%D0%B8%D0%BD-%D0%B8-%D1%84%D1%80%D0%B0%D0%BD%D1%86%D1%83%D0%B7-%D0%B4%D0%B5%D0%BB%D1%8F%D1%82%D1%81/?p=3 HTTP/2.0" 200 14595 "https://www.google.com/" "Mozilla/5.0 (Linux; Android 9; TECNO LC6a) AppleWebKit/537.36 (KHTML, like Gecko) Chrome/79.0.3945.116 Mobile Safari/537.36" "-"
128.124.76.237 - - [22/Jul/2020:21:11:27 +0000] "GET /%D1%81%D0%B8%D0%B4%D1%8F%D1%82-%D0%B2-%D0%BF%D0%B8%D0%B2%D0%BD%D0%BE%D0%B9-%D1%80%D1%83%D1%81%D1%81%D0%BA%D0%B8%D0%B9-%D0%B0%D0%BD%D0%B3%D0%BB%D0%B8%D1%87%D0%B0%D0%BD%D0%B8%D0%BD-%D0%B8-%D1%84%D1%80%D0%B0%D0%BD%D1%86%D1%83%D0%B7-%D0%B4%D0%B5%D0%BB%D1%8F%D1%82%D1%81/?p=3 HTTP/2.0" 200 14595 "https://www.google.com/" "Mozilla/5.0 (Linux; Android 9; TECNO LC6a) AppleWebKit/537.36 (KHTML, like Gecko) Chrome/79.0.3945.116 Mobile Safari/537.36"
176.59.71.195 - - [22/Jul/2020:21:11:30 +0000] "GET /random HTTP/2.0" 302 0 "https://baneks.site/%D0%B7%D0%B0%D1%85%D0%BE%D0%B4%D0%B8%D1%82-%D0%B1%D0%B5%D1%81%D0%BA%D0%BE%D0%BD%D0%B5%D1%87%D0%BD%D0%BE%D0%B5-%D1%87%D0%B8%D1%81%D0%BB%D0%BE-%D0%BB%D0%BE%D0%B3%D0%B8%D0%BA%D0%BE%D0%B2-%D0%B2-%D0%B1%D0%B0%D1%80-%D0%B1%D0%B0%D1%80%D0%BC%D0%B5%D0%BD-%D0%B8%D1%85/" "Mozilla/5.0 (Linux; Android 10; SM-G9730) AppleWebKit/537.36 (KHTML, like Gecko) Chrome/83.0.4103.106 Mobile Safari/537.36 OPR/59.1.2926.54067" "-"
176.59.71.195 - - [22/Jul/2020:21:11:30 +0000] "GET /random HTTP/2.0" 302 0 "https://baneks.site/%D0%B7%D0%B0%D1%85%D0%BE%D0%B4%D0%B8%D1%82-%D0%B1%D0%B5%D1%81%D0%BA%D0%BE%D0%BD%D0%B5%D1%87%D0%BD%D0%BE%D0%B5-%D1%87%D0%B8%D1%81%D0%BB%D0%BE-%D0%BB%D0%BE%D0%B3%D0%B8%D0%BA%D0%BE%D0%B2-%D0%B2-%D0%B1%D0%B0%D1%80-%D0%B1%D0%B0%D1%80%D0%BC%D0%B5%D0%BD-%D0%B8%D1%85/" "Mozilla/5.0 (Linux; Android 10; SM-G9730) AppleWebKit/537.36 (KHTML, like Gecko) Chrome/83.0.4103.106 Mobile Safari/537.36 OPR/59.1.2926.54067"
176.59.71.195 - - [22/Jul/2020:21:11:31 +0000] "GET /%D1%81%D1%8B%D0%BD-%D0%B8%D0%B3%D1%80%D0%BE%D0%BA%D0%B0-%D0%B2-%D0%BF%D0%BE%D0%BA%D0%B5%D1%80-%D0%BD%D0%B5-%D0%BC%D0%BE%D0%B6%D0%B5%D1%82-%D0%BF%D0%BE%D0%BD%D1%8F%D1%82%D1%8C/ HTTP/2.0" 200 6888 "https://baneks.site/%D0%B7%D0%B0%D1%85%D0%BE%D0%B4%D0%B8%D1%82-%D0%B1%D0%B5%D1%81%D0%BA%D0%BE%D0%BD%D0%B5%D1%87%D0%BD%D0%BE%D0%B5-%D1%87%D0%B8%D1%81%D0%BB%D0%BE-%D0%BB%D0%BE%D0%B3%D0%B8%D0%BA%D0%BE%D0%B2-%D0%B2-%D0%B1%D0%B0%D1%80-%D0%B1%D0%B0%D1%80%D0%BC%D0%B5%D0%BD-%D0%B8%D1%85/" "Mozilla/5.0 (Linux; Android 10; SM-G9730) AppleWebKit/537.36 (KHTML, like Gecko) Chrome/83.0.4103.106 Mobile Safari/537.36 OPR/59.1.2926.54067" "-"
176.59.71.195 - - [22/Jul/2020:21:11:31 +0000] "GET /%D1%81%D1%8B%D0%BD-%D0%B8%D0%B3%D1%80%D0%BE%D0%BA%D0%B0-%D0%B2-%D0%BF%D0%BE%D0%BA%D0%B5%D1%80-%D0%BD%D0%B5-%D0%BC%D0%BE%D0%B6%D0%B5%D1%82-%D0%BF%D0%BE%D0%BD%D1%8F%D1%82%D1%8C/ HTTP/2.0" 200 6888 "https://baneks.site/%D0%B7%D0%B0%D1%85%D0%BE%D0%B4%D0%B8%D1%82-%D0%B1%D0%B5%D1%81%D0%BA%D0%BE%D0%BD%D0%B5%D1%87%D0%BD%D0%BE%D0%B5-%D1%87%D0%B8%D1%81%D0%BB%D0%BE-%D0%BB%D0%BE%D0%B3%D0%B8%D0%BA%D0%BE%D0%B2-%D0%B2-%D0%B1%D0%B0%D1%80-%D0%B1%D0%B0%D1%80%D0%BC%D0%B5%D0%BD-%D0%B8%D1%85/" "Mozilla/5.0 (Linux; Android 10; SM-G9730) AppleWebKit/537.36 (KHTML, like Gecko) Chrome/83.0.4103.106 Mobile Safari/537.36 OPR/59.1.2926.54067"
176.59.71.195 - - [22/Jul/2020:21:11:31 +0000] "GET /%D1%81%D1%8B%D0%BD-%D0%B8%D0%B3%D1%80%D0%BE%D0%BA%D0%B0-%D0%B2-%D0%BF%D0%BE%D0%BA%D0%B5%D1%80-%D0%BD%D0%B5-%D0%BC%D0%BE%D0%B6%D0%B5%D1%82-%D0%BF%D0%BE%D0%BD%D1%8F%D1%82%D1%8C/ HTTP/2.0" 200 6888 "https://baneks.site/%D1%81%D1%8B%D0%BD-%D0%B8%D0%B3%D1%80%D0%BE%D0%BA%D0%B0-%D0%B2-%D0%BF%D0%BE%D0%BA%D0%B5%D1%80-%D0%BD%D0%B5-%D0%BC%D0%BE%D0%B6%D0%B5%D1%82-%D0%BF%D0%BE%D0%BD%D1%8F%D1%82%D1%8C/" "Mozilla/5.0 (Linux; Android 10; SM-G9730) AppleWebKit/537.36 (KHTML, like Gecko) Chrome/83.0.4103.106 Mobile Safari/537.36 OPR/59.1.2926.54067" "-"
176.59.71.195 - - [22/Jul/2020:21:11:31 +0000] "GET /%D1%81%D1%8B%D0%BD-%D0%B8%D0%B3%D1%80%D0%BE%D0%BA%D0%B0-%D0%B2-%D0%BF%D0%BE%D0%BA%D0%B5%D1%80-%D0%BD%D0%B5-%D0%BC%D0%BE%D0%B6%D0%B5%D1%82-%D0%BF%D0%BE%D0%BD%D1%8F%D1%82%D1%8C/ HTTP/2.0" 200 6888 "https://baneks.site/%D1%81%D1%8B%D0%BD-%D0%B8%D0%B3%D1%80%D0%BE%D0%BA%D0%B0-%D0%B2-%D0%BF%D0%BE%D0%BA%D0%B5%D1%80-%D0%BD%D0%B5-%D0%BC%D0%BE%D0%B6%D0%B5%D1%82-%D0%BF%D0%BE%D0%BD%D1%8F%D1%82%D1%8C/" "Mozilla/5.0 (Linux; Android 10; SM-G9730) AppleWebKit/537.36 (KHTML, like Gecko) Chrome/83.0.4103.106 Mobile Safari/537.36 OPR/59.1.2926.54067"
176.59.71.195 - - [22/Jul/2020:21:11:34 +0000] "GET /random HTTP/2.0" 302 0 "https://baneks.site/%D1%81%D1%8B%D0%BD-%D0%B8%D0%B3%D1%80%D0%BE%D0%BA%D0%B0-%D0%B2-%D0%BF%D0%BE%D0%BA%D0%B5%D1%80-%D0%BD%D0%B5-%D0%BC%D0%BE%D0%B6%D0%B5%D1%82-%D0%BF%D0%BE%D0%BD%D1%8F%D1%82%D1%8C/" "Mozilla/5.0 (Linux; Android 10; SM-G9730) AppleWebKit/537.36 (KHTML, like Gecko) Chrome/83.0.4103.106 Mobile Safari/537.36 OPR/59.1.2926.54067" "-"
176.59.71.195 - - [22/Jul/2020:21:11:34 +0000] "GET /random HTTP/2.0" 302 0 "https://baneks.site/%D1%81%D1%8B%D0%BD-%D0%B8%D0%B3%D1%80%D0%BE%D0%BA%D0%B0-%D0%B2-%D0%BF%D0%BE%D0%BA%D0%B5%D1%80-%D0%BD%D0%B5-%D0%BC%D0%BE%D0%B6%D0%B5%D1%82-%D0%BF%D0%BE%D0%BD%D1%8F%D1%82%D1%8C/" "Mozilla/5.0 (Linux; Android 10; SM-G9730) AppleWebKit/537.36 (KHTML, like Gecko) Chrome/83.0.4103.106 Mobile Safari/537.36 OPR/59.1.2926.54067"
176.59.71.195 - - [22/Jul/2020:21:11:34 +0000] "GET /%D1%82%D1%80%D0%B8-%D0%BC%D1%83%D0%B6%D0%B8%D0%BA%D0%B0-%D1%85%D0%B2%D0%B0%D1%81%D1%82%D0%B0%D1%8E%D1%82%D1%81%D1%8F-%D1%81%D0%B2%D0%BE%D0%B8%D0%BC%D0%B8-%D1%81%D1%8B%D0%BD%D0%BE%D0%B2%D1%8C%D1%8F%D0%BC%D0%B8/ HTTP/2.0" 200 13272 "https://baneks.site/%D1%81%D1%8B%D0%BD-%D0%B8%D0%B3%D1%80%D0%BE%D0%BA%D0%B0-%D0%B2-%D0%BF%D0%BE%D0%BA%D0%B5%D1%80-%D0%BD%D0%B5-%D0%BC%D0%BE%D0%B6%D0%B5%D1%82-%D0%BF%D0%BE%D0%BD%D1%8F%D1%82%D1%8C/" "Mozilla/5.0 (Linux; Android 10; SM-G9730) AppleWebKit/537.36 (KHTML, like Gecko) Chrome/83.0.4103.106 Mobile Safari/537.36 OPR/59.1.2926.54067" "-"
176.59.71.195 - - [22/Jul/2020:21:11:34 +0000] "GET /%D1%82%D1%80%D0%B8-%D0%BC%D1%83%D0%B6%D0%B8%D0%BA%D0%B0-%D1%85%D0%B2%D0%B0%D1%81%D1%82%D0%B0%D1%8E%D1%82%D1%81%D1%8F-%D1%81%D0%B2%D0%BE%D0%B8%D0%BC%D0%B8-%D1%81%D1%8B%D0%BD%D0%BE%D0%B2%D1%8C%D1%8F%D0%BC%D0%B8/ HTTP/2.0" 200 13272 "https://baneks.site/%D1%81%D1%8B%D0%BD-%D0%B8%D0%B3%D1%80%D0%BE%D0%BA%D0%B0-%D0%B2-%D0%BF%D0%BE%D0%BA%D0%B5%D1%80-%D0%BD%D0%B5-%D0%BC%D0%BE%D0%B6%D0%B5%D1%82-%D0%BF%D0%BE%D0%BD%D1%8F%D1%82%D1%8C/" "Mozilla/5.0 (Linux; Android 10; SM-G9730) AppleWebKit/537.36 (KHTML, like Gecko) Chrome/83.0.4103.106 Mobile Safari/537.36 OPR/59.1.2926.54067"
176.59.71.195 - - [22/Jul/2020:21:11:35 +0000] "GET /%D1%82%D1%80%D0%B8-%D0%BC%D1%83%D0%B6%D0%B8%D0%BA%D0%B0-%D1%85%D0%B2%D0%B0%D1%81%D1%82%D0%B0%D1%8E%D1%82%D1%81%D1%8F-%D1%81%D0%B2%D0%BE%D0%B8%D0%BC%D0%B8-%D1%81%D1%8B%D0%BD%D0%BE%D0%B2%D1%8C%D1%8F%D0%BC%D0%B8/ HTTP/2.0" 200 13272 "https://baneks.site/%D1%82%D1%80%D0%B8-%D0%BC%D1%83%D0%B6%D0%B8%D0%BA%D0%B0-%D1%85%D0%B2%D0%B0%D1%81%D1%82%D0%B0%D1%8E%D1%82%D1%81%D1%8F-%D1%81%D0%B2%D0%BE%D0%B8%D0%BC%D0%B8-%D1%81%D1%8B%D0%BD%D0%BE%D0%B2%D1%8C%D1%8F%D0%BC%D0%B8/" "Mozilla/5.0 (Linux; Android 10; SM-G9730) AppleWebKit/537.36 (KHTML, like Gecko) Chrome/83.0.4103.106 Mobile Safari/537.36 OPR/59.1.2926.54067" "-"
176.59.71.195 - - [22/Jul/2020:21:11:35 +0000] "GET /%D1%82%D1%80%D0%B8-%D0%BC%D1%83%D0%B6%D0%B8%D0%BA%D0%B0-%D1%85%D0%B2%D0%B0%D1%81%D1%82%D0%B0%D1%8E%D1%82%D1%81%D1%8F-%D1%81%D0%B2%D0%BE%D0%B8%D0%BC%D0%B8-%D1%81%D1%8B%D0%BD%D0%BE%D0%B2%D1%8C%D1%8F%D0%BC%D0%B8/ HTTP/2.0" 200 13272 "https://baneks.site/%D1%82%D1%80%D0%B8-%D0%BC%D1%83%D0%B6%D0%B8%D0%BA%D0%B0-%D1%85%D0%B2%D0%B0%D1%81%D1%82%D0%B0%D1%8E%D1%82%D1%81%D1%8F-%D1%81%D0%B2%D0%BE%D0%B8%D0%BC%D0%B8-%D1%81%D1%8B%D0%BD%D0%BE%D0%B2%D1%8C%D1%8F%D0%BC%D0%B8/" "Mozilla/5.0 (Linux; Android 10; SM-G9730) AppleWebKit/537.36 (KHTML, like Gecko) Chrome/83.0.4103.106 Mobile Safari/537.36 OPR/59.1.2926.54067"
144.76.6.230 - - [22/Jul/2020:21:11:42 +0000] "GET /%D0%B0-%D0%BA%D0%BE%D1%80%D0%BE%D0%BB%D1%8C-%D1%82%D0%BE-%D0%B3%D0%BE%D0%BB%D1%8B%D0%B9-%D0%B2%D0%BE%D1%81%D0%BA%D0%BB%D0%B8%D0%BA%D0%BD%D1%83%D0%BB-%D0%BC%D0%B0%D0%BB%D1%8C%D1%87%D0%B8%D0%BA/?p=1/ HTTP/1.1" 404 3922 "-" "Mozilla/5.0 (compatible; MJ12bot/v1.4.8; http://mj12bot.com/)" "-"
144.76.6.230 - - [22/Jul/2020:21:11:42 +0000] "GET /%D0%B0-%D0%BA%D0%BE%D1%80%D0%BE%D0%BB%D1%8C-%D1%82%D0%BE-%D0%B3%D0%BE%D0%BB%D1%8B%D0%B9-%D0%B2%D0%BE%D1%81%D0%BA%D0%BB%D0%B8%D0%BA%D0%BD%D1%83%D0%BB-%D0%BC%D0%B0%D0%BB%D1%8C%D1%87%D0%B8%D0%BA/?p=1/ HTTP/1.1" 404 3922 "-" "Mozilla/5.0 (compatible; MJ12bot/v1.4.8; http://mj12bot.com/)"
176.59.71.195 - - [22/Jul/2020:21:11:51 +0000] "GET /random HTTP/2.0" 302 0 "https://baneks.site/%D1%82%D1%80%D0%B8-%D0%BC%D1%83%D0%B6%D0%B8%D0%BA%D0%B0-%D1%85%D0%B2%D0%B0%D1%81%D1%82%D0%B0%D1%8E%D1%82%D1%81%D1%8F-%D1%81%D0%B2%D0%BE%D0%B8%D0%BC%D0%B8-%D1%81%D1%8B%D0%BD%D0%BE%D0%B2%D1%8C%D1%8F%D0%BC%D0%B8/" "Mozilla/5.0 (Linux; Android 10; SM-G9730) AppleWebKit/537.36 (KHTML, like Gecko) Chrome/83.0.4103.106 Mobile Safari/537.36 OPR/59.1.2926.54067" "-"
176.59.71.195 - - [22/Jul/2020:21:11:51 +0000] "GET /random HTTP/2.0" 302 0 "https://baneks.site/%D1%82%D1%80%D0%B8-%D0%BC%D1%83%D0%B6%D0%B8%D0%BA%D0%B0-%D1%85%D0%B2%D0%B0%D1%81%D1%82%D0%B0%D1%8E%D1%82%D1%81%D1%8F-%D1%81%D0%B2%D0%BE%D0%B8%D0%BC%D0%B8-%D1%81%D1%8B%D0%BD%D0%BE%D0%B2%D1%8C%D1%8F%D0%BC%D0%B8/" "Mozilla/5.0 (Linux; Android 10; SM-G9730) AppleWebKit/537.36 (KHTML, like Gecko) Chrome/83.0.4103.106 Mobile Safari/537.36 OPR/59.1.2926.54067"
176.59.7.45 - - [22/Jul/2020:21:11:51 +0000] "GET /%D0%B0-%D1%82%D1%8B-%D0%BF%D1%80%D0%B0%D0%B2%D0%B4%D0%B0-%D0%B4%D0%BE%D0%BB%D0%B1%D0%BE%D1%91%D0%B1-%D0%B4%D0%B0-%D0%B0-%D1%81%D0%BA%D0%B0%D0%B6%D0%B8-%D1%87%D1%82%D0%BE-%D0%BD%D0%B8%D0%B1%D1%83%D0%B4%D1%8C-%D0%BD%D0%B0/ HTTP/2.0" 200 13113 "https://yandex.ru/" "Mozilla/5.0 (Linux; arm_64; Android 10; VOG-L29) AppleWebKit/537.36 (KHTML, like Gecko) Chrome/81.0.4044.138 YaBrowser/20.6.2.104.00 SA/1 Mobile Safari/537.36" "-"
176.59.7.45 - - [22/Jul/2020:21:11:51 +0000] "GET /%D0%B0-%D1%82%D1%8B-%D0%BF%D1%80%D0%B0%D0%B2%D0%B4%D0%B0-%D0%B4%D0%BE%D0%BB%D0%B1%D0%BE%D1%91%D0%B1-%D0%B4%D0%B0-%D0%B0-%D1%81%D0%BA%D0%B0%D0%B6%D0%B8-%D1%87%D1%82%D0%BE-%D0%BD%D0%B8%D0%B1%D1%83%D0%B4%D1%8C-%D0%BD%D0%B0/ HTTP/2.0" 200 13113 "https://yandex.ru/" "Mozilla/5.0 (Linux; arm_64; Android 10; VOG-L29) AppleWebKit/537.36 (KHTML, like Gecko) Chrome/81.0.4044.138 YaBrowser/20.6.2.104.00 SA/1 Mobile Safari/537.36"
176.59.71.195 - - [22/Jul/2020:21:11:51 +0000] "GET /%D1%80%D0%B5%D1%88%D0%B8%D0%BB%D0%B0-%D0%91%D0%B5%D0%BB%D0%BE%D1%80%D1%83%D1%81%D1%8C-%D0%BE%D1%82%D0%BE%D0%BC%D1%81%D1%82%D0%B8%D1%82%D1%8C-%D0%A1%D0%A8%D0%90/ HTTP/2.0" 200 14021 "https://baneks.site/%D1%82%D1%80%D0%B8-%D0%BC%D1%83%D0%B6%D0%B8%D0%BA%D0%B0-%D1%85%D0%B2%D0%B0%D1%81%D1%82%D0%B0%D1%8E%D1%82%D1%81%D1%8F-%D1%81%D0%B2%D0%BE%D0%B8%D0%BC%D0%B8-%D1%81%D1%8B%D0%BD%D0%BE%D0%B2%D1%8C%D1%8F%D0%BC%D0%B8/" "Mozilla/5.0 (Linux; Android 10; SM-G9730) AppleWebKit/537.36 (KHTML, like Gecko) Chrome/83.0.4103.106 Mobile Safari/537.36 OPR/59.1.2926.54067" "-"
176.59.71.195 - - [22/Jul/2020:21:11:51 +0000] "GET /%D1%80%D0%B5%D1%88%D0%B8%D0%BB%D0%B0-%D0%91%D0%B5%D0%BB%D0%BE%D1%80%D1%83%D1%81%D1%8C-%D0%BE%D1%82%D0%BE%D0%BC%D1%81%D1%82%D0%B8%D1%82%D1%8C-%D0%A1%D0%A8%D0%90/ HTTP/2.0" 200 14021 "https://baneks.site/%D1%82%D1%80%D0%B8-%D0%BC%D1%83%D0%B6%D0%B8%D0%BA%D0%B0-%D1%85%D0%B2%D0%B0%D1%81%D1%82%D0%B0%D1%8E%D1%82%D1%81%D1%8F-%D1%81%D0%B2%D0%BE%D0%B8%D0%BC%D0%B8-%D1%81%D1%8B%D0%BD%D0%BE%D0%B2%D1%8C%D1%8F%D0%BC%D0%B8/" "Mozilla/5.0 (Linux; Android 10; SM-G9730) AppleWebKit/537.36 (KHTML, like Gecko) Chrome/83.0.4103.106 Mobile Safari/537.36 OPR/59.1.2926.54067"
176.59.71.195 - - [22/Jul/2020:21:11:52 +0000] "GET /%D1%80%D0%B5%D1%88%D0%B8%D0%BB%D0%B0-%D0%91%D0%B5%D0%BB%D0%BE%D1%80%D1%83%D1%81%D1%8C-%D0%BE%D1%82%D0%BE%D0%BC%D1%81%D1%82%D0%B8%D1%82%D1%8C-%D0%A1%D0%A8%D0%90/ HTTP/2.0" 200 14021 "https://baneks.site/%D1%80%D0%B5%D1%88%D0%B8%D0%BB%D0%B0-%D0%91%D0%B5%D0%BB%D0%BE%D1%80%D1%83%D1%81%D1%8C-%D0%BE%D1%82%D0%BE%D0%BC%D1%81%D1%82%D0%B8%D1%82%D1%8C-%D0%A1%D0%A8%D0%90/" "Mozilla/5.0 (Linux; Android 10; SM-G9730) AppleWebKit/537.36 (KHTML, like Gecko) Chrome/83.0.4103.106 Mobile Safari/537.36 OPR/59.1.2926.54067" "-"
176.59.71.195 - - [22/Jul/2020:21:11:52 +0000] "GET /%D1%80%D0%B5%D1%88%D0%B8%D0%BB%D0%B0-%D0%91%D0%B5%D0%BB%D0%BE%D1%80%D1%83%D1%81%D1%8C-%D0%BE%D1%82%D0%BE%D0%BC%D1%81%D1%82%D0%B8%D1%82%D1%8C-%D0%A1%D0%A8%D0%90/ HTTP/2.0" 200 14021 "https://baneks.site/%D1%80%D0%B5%D1%88%D0%B8%D0%BB%D0%B0-%D0%91%D0%B5%D0%BB%D0%BE%D1%80%D1%83%D1%81%D1%8C-%D0%BE%D1%82%D0%BE%D0%BC%D1%81%D1%82%D0%B8%D1%82%D1%8C-%D0%A1%D0%A8%D0%90/" "Mozilla/5.0 (Linux; Android 10; SM-G9730) AppleWebKit/537.36 (KHTML, like Gecko) Chrome/83.0.4103.106 Mobile Safari/537.36 OPR/59.1.2926.54067"
176.59.7.45 - - [22/Jul/2020:21:11:52 +0000] "GET /%D0%B0-%D1%82%D1%8B-%D0%BF%D1%80%D0%B0%D0%B2%D0%B4%D0%B0-%D0%B4%D0%BE%D0%BB%D0%B1%D0%BE%D1%91%D0%B1-%D0%B4%D0%B0-%D0%B0-%D1%81%D0%BA%D0%B0%D0%B6%D0%B8-%D1%87%D1%82%D0%BE-%D0%BD%D0%B8%D0%B1%D1%83%D0%B4%D1%8C-%D0%BD%D0%B0/ HTTP/2.0" 200 13113 "https://baneks.site/%D0%B0-%D1%82%D1%8B-%D0%BF%D1%80%D0%B0%D0%B2%D0%B4%D0%B0-%D0%B4%D0%BE%D0%BB%D0%B1%D0%BE%D1%91%D0%B1-%D0%B4%D0%B0-%D0%B0-%D1%81%D0%BA%D0%B0%D0%B6%D0%B8-%D1%87%D1%82%D0%BE-%D0%BD%D0%B8%D0%B1%D1%83%D0%B4%D1%8C-%D0%BD%D0%B0/" "Mozilla/5.0 (Linux; arm_64; Android 10; VOG-L29) AppleWebKit/537.36 (KHTML, like Gecko) Chrome/81.0.4044.138 YaBrowser/20.6.2.104.00 SA/1 Mobile Safari/537.36" "-"
176.59.7.45 - - [22/Jul/2020:21:11:52 +0000] "GET /%D0%B0-%D1%82%D1%8B-%D0%BF%D1%80%D0%B0%D0%B2%D0%B4%D0%B0-%D0%B4%D0%BE%D0%BB%D0%B1%D0%BE%D1%91%D0%B1-%D0%B4%D0%B0-%D0%B0-%D1%81%D0%BA%D0%B0%D0%B6%D0%B8-%D1%87%D1%82%D0%BE-%D0%BD%D0%B8%D0%B1%D1%83%D0%B4%D1%8C-%D0%BD%D0%B0/ HTTP/2.0" 200 13113 "https://baneks.site/%D0%B0-%D1%82%D1%8B-%D0%BF%D1%80%D0%B0%D0%B2%D0%B4%D0%B0-%D0%B4%D0%BE%D0%BB%D0%B1%D0%BE%D1%91%D0%B1-%D0%B4%D0%B0-%D0%B0-%D1%81%D0%BA%D0%B0%D0%B6%D0%B8-%D1%87%D1%82%D0%BE-%D0%BD%D0%B8%D0%B1%D1%83%D0%B4%D1%8C-%D0%BD%D0%B0/" "Mozilla/5.0 (Linux; arm_64; Android 10; VOG-L29) AppleWebKit/537.36 (KHTML, like Gecko) Chrome/81.0.4044.138 YaBrowser/20.6.2.104.00 SA/1 Mobile Safari/537.36"
46.229.168.151 - - [22/Jul/2020:21:12:01 +0000] "GET /-%D1%87%D1%82%D0%BE-%D0%B2-%D0%B2%D0%B0%D1%88%D0%B5%D0%B9-%D1%81%D1%83%D0%BC%D0%BA%D0%B5-%D0%BA%D0%B8%D0%BB%D0%BE%D0%B3%D1%80%D0%B0%D0%BC%D0%BC-%D1%82%D1%80%D0%B8%D0%BD%D0%B8%D1%82%D1%80%D0%BE%D1%82%D0%BE%D0%BB%D1%83%D0%BE%D0%BB%D0%B0/ HTTP/1.1" 200 12887 "-" "Mozilla/5.0 (compatible; SemrushBot/6~bl; +http://www.semrush.com/bot.html)" "-"
46.229.168.151 - - [22/Jul/2020:21:12:01 +0000] "GET /-%D1%87%D1%82%D0%BE-%D0%B2-%D0%B2%D0%B0%D1%88%D0%B5%D0%B9-%D1%81%D1%83%D0%BC%D0%BA%D0%B5-%D0%BA%D0%B8%D0%BB%D0%BE%D0%B3%D1%80%D0%B0%D0%BC%D0%BC-%D1%82%D1%80%D0%B8%D0%BD%D0%B8%D1%82%D1%80%D0%BE%D1%82%D0%BE%D0%BB%D1%83%D0%BE%D0%BB%D0%B0/ HTTP/1.1" 200 12887 "-" "Mozilla/5.0 (compatible; SemrushBot/6~bl; +http://www.semrush.com/bot.html)"
178.154.200.81 - - [22/Jul/2020:21:12:02 +0000] "GET /%D0%B3%D1%80%D1%83%D0%B7%D0%B8%D0%BD%D1%8B-%D0%B2-%D0%B1%D0%B0%D0%BD%D0%B5/ HTTP/1.1" 200 12291 "-" "Mozilla/5.0 (compatible; YandexBot/3.0; +http://yandex.com/bots)" "-"
178.154.200.81 - - [22/Jul/2020:21:12:02 +0000] "GET /%D0%B3%D1%80%D1%83%D0%B7%D0%B8%D0%BD%D1%8B-%D0%B2-%D0%B1%D0%B0%D0%BD%D0%B5/ HTTP/1.1" 200 12291 "-" "Mozilla/5.0 (compatible; YandexBot/3.0; +http://yandex.com/bots)"
144.76.6.230 - - [22/Jul/2020:21:12:06 +0000] "GET /%D0%B0-%D0%BA%D0%BE%D1%80%D0%BE%D0%BB%D1%8C-%D1%82%D0%BE-%D0%B3%D0%BE%D0%BB%D1%8B%D0%B9-%D0%B2%D0%BE%D1%81%D0%BA%D0%BB%D0%B8%D0%BA%D0%BD%D1%83%D0%BB-%D0%BC%D0%B0%D0%BB%D1%8C%D1%87%D0%B8%D0%BA/?p=2/ HTTP/1.1" 404 3922 "-" "Mozilla/5.0 (compatible; MJ12bot/v1.4.8; http://mj12bot.com/)" "-"
