66.249.68.62 - - [22/Jul/2020:20:56:02 +0000] "GET /%D0%B2%D1%81%D1%82%D1%80%D0%B5%D1%87%D0%B0%D1%8E%D1%82%D1%81%D1%8F-%D0%B4%D0%B2%D0%B0-%D0%BA%D0%BE%D0%BB%D1%85%D0%BE%D0%B7%D0%BD%D0%B8%D0%BA%D0%B0-%D1%82%D1%8B-%D1%87%D1%91-%D1%82%D0%B0%D0%BA%D0%BE%D0%B9-%D0%B3%D1%80%D1%83%D1%81%D1%82%D0%BD%D1%8B%D0%B9/?p=1 HTTP/1.1" 200 14043 "-" "Mozilla/5.0 (Linux; Android 6.0.1; Nexus 5X Build/MMB29P) AppleWebKit/537.36 (KHTML, like Gecko) Chrome/80.0.3987.92 Mobile Safari/537.36 (compatible; Googlebot/2.1; +http://www.google.com/bot.html)"
188.208.122.93 - - [22/Jul/2020:20:56:04 +0000] "GET /%D0%B8%D0%B4%D1%83%D1%82-%D0%BF%D0%BE-%D0%BB%D0%B5%D1%81%D1%83-%D0%B4%D1%8E%D0%B9%D0%BC%D0%BE%D0%B2%D0%BE%D1%87%D0%BA%D0%B0-%D0%B1%D0%B5%D0%BB%D0%BE%D1%81%D0%BD%D0%B5%D0%B6%D0%BA%D0%B0-%D0%B8-%D1%85%D1%83%D0%B5%D1%81%D0%BE%D1%81/?p=3 HTTP/2.0" 200 13542 "https://baneks.site/%D0%B8%D0%B4%D1%83%D1%82-%D0%BF%D0%BE-%D0%BB%D0%B5%D1%81%D1%83-%D0%B4%D1%8E%D0%B9%D0%BC%D0%BE%D0%B2%D0%BE%D1%87%D0%BA%D0%B0-%D0%B1%D0%B5%D0%BB%D0%BE%D1%81%D0%BD%D0%B5%D0%B6%D0%BA%D0%B0-%D0%B8-%D1%85%D1%83%D0%B5%D1%81%D0%BE%D1%81/?p=3" "Mozilla/5.0 (iPhone; CPU iPhone OS 13_5_1 like Mac OS X) AppleWebKit/605.1.15 (KHTML, like Gecko) Version/13.1.1 Mobile/15E148 Safari/604.1" "-"
188.208.122.93 - - [22/Jul/2020:20:56:04 +0000] "GET /%D0%B8%D0%B4%D1%83%D1%82-%D0%BF%D0%BE-%D0%BB%D0%B5%D1%81%D1%83-%D0%B4%D1%8E%D0%B9%D0%BC%D0%BE%D0%B2%D0%BE%D1%87%D0%BA%D0%B0-%D0%B1%D0%B5%D0%BB%D0%BE%D1%81%D0%BD%D0%B5%D0%B6%D0%BA%D0%B0-%D0%B8-%D1%85%D1%83%D0%B5%D1%81%D0%BE%D1%81/?p=3 HTTP/2.0" 200 13542 "https://baneks.site/%D0%B8%D0%B4%D1%83%D1%82-%D0%BF%D0%BE-%D0%BB%D0%B5%D1%81%D1%83-%D0%B4%D1%8E%D0%B9%D0%BC%D0%BE%D0%B2%D0%BE%D1%87%D0%BA%D0%B0-%D0%B1%D0%B5%D0%BB%D0%BE%D1%81%D0%BD%D0%B5%D0%B6%D0%BA%D0%B0-%D0%B8-%D1%85%D1%83%D0%B5%D1%81%D0%BE%D1%81/?p=3" "Mozilla/5.0 (iPhone; CPU iPhone OS 13_5_1 like Mac OS X) AppleWebKit/605.1.15 (KHTML, like Gecko) Version/13.1.1 Mobile/15E148 Safari/604.1"
178.154.200.81 - - [22/Jul/2020:20:56:08 +0000] "GET /tag/%D1%84%D0%B5%D0%BC%D0%B8%D0%BD%D0%B8%D1%81%D1%82%D0%BA%D0%B0/ HTTP/1.1" 200 11107 "-" "Mozilla/5.0 (compatible; YandexBot/3.0; +http://yandex.com/bots)" "-"
178.154.200.81 - - [22/Jul/2020:20:56:08 +0000] "GET /tag/%D1%84%D0%B5%D0%BC%D0%B8%D0%BD%D0%B8%D1%81%D1%82%D0%BA%D0%B0/ HTTP/1.1" 200 11107 "-" "Mozilla/5.0 (compatible; YandexBot/3.0; +http://yandex.com/bots)"
54.36.148.18 - - [22/Jul/2020:20:56:12 +0000] "GET /tag/%D0%BD%D0%B5%D0%BC%D0%B5%D1%86/?p=17 HTTP/2.0" 200 11383 "-" "Mozilla/5.0 (compatible; AhrefsBot/6.1; +http://ahrefs.com/robot/)" "-"
54.36.148.18 - - [22/Jul/2020:20:56:12 +0000] "GET /tag/%D0%BD%D0%B5%D0%BC%D0%B5%D1%86/?p=17 HTTP/2.0" 200 11383 "-" "Mozilla/5.0 (compatible; AhrefsBot/6.1; +http://ahrefs.com/robot/)"
178.154.200.81 - - [22/Jul/2020:20:56:13 +0000] "GET /-%D1%81%D0%B4%D0%B5%D0%BB%D0%B0%D0%B5%D1%88%D1%8C-%D0%BC%D0%BD%D0%B5-%D0%BC%D0%B8%D0%BD%D0%B5%D1%82-%D0%B4%D0%B0%D0%B2%D0%B0%D0%B9-%D0%B2-%D1%81%D0%BB%D0%B5%D0%B4%D1%83%D1%8E%D1%89%D0%B8%D0%B9-%D1%80%D0%B0%D0%B7-%D0%BF%D0%BE%D1%87%D0%B5%D0%BC%D1%83/ HTTP/1.1" 200 13754 "-" "Mozilla/5.0 (compatible; YandexBot/3.0; +http://yandex.com/bots)" "-"
178.154.200.81 - - [22/Jul/2020:20:56:13 +0000] "GET /-%D1%81%D0%B4%D0%B5%D0%BB%D0%B0%D0%B5%D1%88%D1%8C-%D0%BC%D0%BD%D0%B5-%D0%BC%D0%B8%D0%BD%D0%B5%D1%82-%D0%B4%D0%B0%D0%B2%D0%B0%D0%B9-%D0%B2-%D1%81%D0%BB%D0%B5%D0%B4%D1%83%D1%8E%D1%89%D0%B8%D0%B9-%D1%80%D0%B0%D0%B7-%D0%BF%D0%BE%D1%87%D0%B5%D0%BC%D1%83/ HTTP/1.1" 200 13754 "-" "Mozilla/5.0 (compatible; YandexBot/3.0; +http://yandex.com/bots)"
178.154.200.81 - - [22/Jul/2020:20:56:18 +0000] "GET /-%D1%81%D1%8B%D0%BD%D0%BE%D0%BA-%D1%82%D1%8B-%D0%BA%D1%83%D0%B4%D0%B0-%D1%82%D0%B0%D0%BA-%D0%BF%D0%BE%D0%B7%D0%B4%D0%BD%D0%BE-%D0%BF%D0%BE%D0%B9%D0%B4%D1%83-%D0%B2-%D0%BD%D0%B0%D1%88%D1%83-%D1%80%D0%BE%D1%89%D1%83-%D0%BC%D0%B0%D0%BC%D0%B0/?p=2 HTTP/1.1" 200 11772 "-" "Mozilla/5.0 (compatible; YandexBot/3.0; +http://yandex.com/bots)" "-"
178.154.200.81 - - [22/Jul/2020:20:56:18 +0000] "GET /-%D1%81%D1%8B%D0%BD%D0%BE%D0%BA-%D1%82%D1%8B-%D0%BA%D1%83%D0%B4%D0%B0-%D1%82%D0%B0%D0%BA-%D0%BF%D0%BE%D0%B7%D0%B4%D0%BD%D0%BE-%D0%BF%D0%BE%D0%B9%D0%B4%D1%83-%D0%B2-%D0%BD%D0%B0%D1%88%D1%83-%D1%80%D0%BE%D1%89%D1%83-%D0%BC%D0%B0%D0%BC%D0%B0/?p=2 HTTP/1.1" 200 11772 "-" "Mozilla/5.0 (compatible; YandexBot/3.0; +http://yandex.com/bots)"
188.190.243.59 - - [22/Jul/2020:20:56:21 +0000] "GET /%D1%83-%D0%BC%D1%83%D0%B6%D0%B8%D0%BA%D0%B0-%D0%B6%D0%B5%D0%BD%D0%B0-%D1%83%D1%88%D0%BB%D0%B0-%D0%BD%D0%B0-%D0%BF%D0%BB%D1%8F%D0%B6-%D0%B8-%D0%BD%D0%B5-%D0%B2%D0%B5%D1%80%D0%BD%D1%83%D0%BB%D0%B0%D1%81%D1%8C/?p=2 HTTP/2.0" 200 13460 "https://www.google.com/" "Mozilla/5.0 (Linux; Android 10; SM-N960F) AppleWebKit/537.36 (KHTML, like Gecko) Chrome/84.0.4147.89 Mobile Safari/537.36" "-"
188.190.243.59 - - [22/Jul/2020:20:56:21 +0000] "GET /%D1%83-%D0%BC%D1%83%D0%B6%D0%B8%D0%BA%D0%B0-%D0%B6%D0%B5%D0%BD%D0%B0-%D1%83%D1%88%D0%BB%D0%B0-%D0%BD%D0%B0-%D0%BF%D0%BB%D1%8F%D0%B6-%D0%B8-%D0%BD%D0%B5-%D0%B2%D0%B5%D1%80%D0%BD%D1%83%D0%BB%D0%B0%D1%81%D1%8C/?p=2 HTTP/2.0" 200 13460 "https://www.google.com/" "Mozilla/5.0 (Linux; Android 10; SM-N960F) AppleWebKit/537.36 (KHTML, like Gecko) Chrome/84.0.4147.89 Mobile Safari/537.36"
178.154.200.81 - - [22/Jul/2020:20:56:27 +0000] "GET /%D0%B2%D1%8B%D1%85%D0%BE%D0%B4%D0%B8%D1%82-%D0%B8%D0%B7-%D1%82%D1%8E%D1%80%D1%8C%D0%BC%D1%8B-%D1%87%D0%B5%D1%80%D0%BD%D0%BE%D1%85%D0%BE%D0%B4-15-%D0%BB%D0%B5%D1%82-%D0%BF%D0%BE-%D1%82%D1%8E%D1%80%D1%8C%D0%BC%D0%B0%D0%BC/ HTTP/1.1" 200 16643 "-" "Mozilla/5.0 (compatible; YandexBot/3.0; +http://yandex.com/bots)" "-"
178.154.200.81 - - [22/Jul/2020:20:56:27 +0000] "GET /%D0%B2%D1%8B%D1%85%D0%BE%D0%B4%D0%B8%D1%82-%D0%B8%D0%B7-%D1%82%D1%8E%D1%80%D1%8C%D0%BC%D1%8B-%D1%87%D0%B5%D1%80%D0%BD%D0%BE%D1%85%D0%BE%D0%B4-15-%D0%BB%D0%B5%D1%82-%D0%BF%D0%BE-%D1%82%D1%8E%D1%80%D1%8C%D0%BC%D0%B0%D0%BC/ HTTP/1.1" 200 16643 "-" "Mozilla/5.0 (compatible; YandexBot/3.0; +http://yandex.com/bots)"
188.208.122.93 - - [22/Jul/2020:20:56:29 +0000] "GET /%D0%B8%D0%B4%D1%83%D1%82-%D0%BF%D0%BE-%D0%BB%D0%B5%D1%81%D1%83-%D0%B4%D1%8E%D0%B9%D0%BC%D0%BE%D0%B2%D0%BE%D1%87%D0%BA%D0%B0-%D0%B1%D0%B5%D0%BB%D0%BE%D1%81%D0%BD%D0%B5%D0%B6%D0%BA%D0%B0-%D0%B8-%D1%85%D1%83%D0%B5%D1%81%D0%BE%D1%81/?p=3 HTTP/2.0" 200 13542 "https://www.google.it/" "Mozilla/5.0 (iPhone; CPU iPhone OS 13_5_1 like Mac OS X) AppleWebKit/605.1.15 (KHTML, like Gecko) Version/13.1.1 Mobile/15E148 Safari/604.1" "-"
188.208.122.93 - - [22/Jul/2020:20:56:29 +0000] "GET /%D0%B8%D0%B4%D1%83%D1%82-%D0%BF%D0%BE-%D0%BB%D0%B5%D1%81%D1%83-%D0%B4%D1%8E%D0%B9%D0%BC%D0%BE%D0%B2%D0%BE%D1%87%D0%BA%D0%B0-%D0%B1%D0%B5%D0%BB%D0%BE%D1%81%D0%BD%D0%B5%D0%B6%D0%BA%D0%B0-%D0%B8-%D1%85%D1%83%D0%B5%D1%81%D0%BE%D1%81/?p=3 HTTP/2.0" 200 13542 "https://www.google.it/" "Mozilla/5.0 (iPhone; CPU iPhone OS 13_5_1 like Mac OS X) AppleWebKit/605.1.15 (KHTML, like Gecko) Version/13.1.1 Mobile/15E148 Safari/604.1"
188.208.122.93 - - [22/Jul/2020:20:56:30 +0000] "GET /%D0%B8%D0%B4%D1%83%D1%82-%D0%BF%D0%BE-%D0%BB%D0%B5%D1%81%D1%83-%D0%B4%D1%8E%D0%B9%D0%BC%D0%BE%D0%B2%D0%BE%D1%87%D0%BA%D0%B0-%D0%B1%D0%B5%D0%BB%D0%BE%D1%81%D0%BD%D0%B5%D0%B6%D0%BA%D0%B0-%D0%B8-%D1%85%D1%83%D0%B5%D1%81%D0%BE%D1%81/?p=3 HTTP/2.0" 200 13542 "https://baneks.site/%D0%B8%D0%B4%D1%83%D1%82-%D0%BF%D0%BE-%D0%BB%D0%B5%D1%81%D1%83-%D0%B4%D1%8E%D0%B9%D0%BC%D0%BE%D0%B2%D0%BE%D1%87%D0%BA%D0%B0-%D0%B1%D0%B5%D0%BB%D0%BE%D1%81%D0%BD%D0%B5%D0%B6%D0%BA%D0%B0-%D0%B8-%D1%85%D1%83%D0%B5%D1%81%D0%BE%D1%81/?p=3" "Mozilla/5.0 (iPhone; CPU iPhone OS 13_5_1 like Mac OS X) AppleWebKit/605.1.15 (KHTML, like Gecko) Version/13.1.1 Mobile/15E148 Safari/604.1" "-"
188.208.122.93 - - [22/Jul/2020:20:56:30 +0000] "GET /%D0%B8%D0%B4%D1%83%D1%82-%D0%BF%D0%BE-%D0%BB%D0%B5%D1%81%D1%83-%D0%B4%D1%8E%D0%B9%D0%BC%D0%BE%D0%B2%D0%BE%D1%87%D0%BA%D0%B0-%D0%B1%D0%B5%D0%BB%D0%BE%D1%81%D0%BD%D0%B5%D0%B6%D0%BA%D0%B0-%D0%B8-%D1%85%D1%83%D0%B5%D1%81%D0%BE%D1%81/?p=3 HTTP/2.0" 200 13542 "https://baneks.site/%D0%B8%D0%B4%D1%83%D1%82-%D0%BF%D0%BE-%D0%BB%D0%B5%D1%81%D1%83-%D0%B4%D1%8E%D0%B9%D0%BC%D0%BE%D0%B2%D0%BE%D1%87%D0%BA%D0%B0-%D0%B1%D0%B5%D0%BB%D0%BE%D1%81%D0%BD%D0%B5%D0%B6%D0%BA%D0%B0-%D0%B8-%D1%85%D1%83%D0%B5%D1%81%D0%BE%D1%81/?p=3" "Mozilla/5.0 (iPhone; CPU iPhone OS 13_5_1 like Mac OS X) AppleWebKit/605.1.15 (KHTML, like Gecko) Version/13.1.1 Mobile/15E148 Safari/604.1"
46.229.168.153 - - [22/Jul/2020:20:56:33 +0000] "GET /%D0%B3%D0%BB%D1%83%D1%85%D0%BE%D0%BD%D1%96%D0%BC%D0%B8%D0%B9-%D0%B0%D0%BA%D0%B2%D0%B0%D0%BB%D0%B0%D0%BD%D0%B3%D1%96%D1%81%D1%82-%D0%B2%D0%B0%D1%81%D0%B8%D0%BB%D1%8C-%D0%BF%D1%80%D0%BE%D1%87%D0%B8%D1%82%D0%B0%D0%B2-%D0%BF%D0%BE-%D0%B3%D1%83%D0%B1%D0%B0%D0%BC/?p=2 HTTP/1.1" 200 14295 "-" "Mozilla/5.0 (compatible; SemrushBot/6~bl; +http://www.semrush.com/bot.html)" "-"
46.229.168.153 - - [22/Jul/2020:20:56:33 +0000] "GET /%D0%B3%D0%BB%D1%83%D1%85%D0%BE%D0%BD%D1%96%D0%BC%D0%B8%D0%B9-%D0%B0%D0%BA%D0%B2%D0%B0%D0%BB%D0%B0%D0%BD%D0%B3%D1%96%D1%81%D1%82-%D0%B2%D0%B0%D1%81%D0%B8%D0%BB%D1%8C-%D0%BF%D1%80%D0%BE%D1%87%D0%B8%D1%82%D0%B0%D0%B2-%D0%BF%D0%BE-%D0%B3%D1%83%D0%B1%D0%B0%D0%BC/?p=2 HTTP/1.1" 200 14295 "-" "Mozilla/5.0 (compatible; SemrushBot/6~bl; +http://www.semrush.com/bot.html)"
178.154.200.81 - - [22/Jul/2020:20:56:43 +0000] "GET /search/ HTTP/1.1" 200 3832 "-" "Mozilla/5.0 (compatible; YandexBot/3.0; +http://yandex.com/bots)" "-"
178.154.200.81 - - [22/Jul/2020:20:56:43 +0000] "GET /search/ HTTP/1.1" 200 3832 "-" "Mozilla/5.0 (compatible; YandexBot/3.0; +http://yandex.com/bots)"
5.45.207.181 - - [22/Jul/2020:20:56:44 +0000] "GET / HTTP/1.1" 200 5068 "-" "Mozilla/5.0 (compatible; YandexBot/3.0; +http://yandex.com/bots)" "-"
5.45.207.181 - - [22/Jul/2020:20:56:44 +0000] "GET / HTTP/1.1" 200 5068 "-" "Mozilla/5.0 (compatible; YandexBot/3.0; +http://yandex.com/bots)"
46.229.168.148 - - [22/Jul/2020:20:56:44 +0000] "GET /%D1%87%D1%83%D0%BA%D1%87%D0%B0-%D1%81%D0%BD%D1%8F%D0%BB-%D0%BF%D1%80%D0%BE%D1%81%D1%82%D0%B8%D1%82%D1%83%D1%82%D0%BA%D1%83-%D0%BD%D0%B0-%D0%BD%D0%BE%D1%87%D1%8C-%D0%B8-%D1%80%D0%B0%D1%81%D0%BF%D0%BB%D0%B0%D1%82%D0%B8%D0%BB%D1%81%D1%8F-%D1%82%D1%80%D0%B5%D0%BC%D1%8F/ HTTP/1.1" 200 13158 "-" "Mozilla/5.0 (compatible; SemrushBot/6~bl; +http://www.semrush.com/bot.html)" "-"
46.229.168.148 - - [22/Jul/2020:20:56:44 +0000] "GET /%D1%87%D1%83%D0%BA%D1%87%D0%B0-%D1%81%D0%BD%D1%8F%D0%BB-%D0%BF%D1%80%D0%BE%D1%81%D1%82%D0%B8%D1%82%D1%83%D1%82%D0%BA%D1%83-%D0%BD%D0%B0-%D0%BD%D0%BE%D1%87%D1%8C-%D0%B8-%D1%80%D0%B0%D1%81%D0%BF%D0%BB%D0%B0%D1%82%D0%B8%D0%BB%D1%81%D1%8F-%D1%82%D1%80%D0%B5%D0%BC%D1%8F/ HTTP/1.1" 200 13158 "-" "Mozilla/5.0 (compatible; SemrushBot/6~bl; +http://www.semrush.com/bot.html)"
178.154.200.81 - - [22/Jul/2020:20:56:45 +0000] "GET /rss/ HTTP/1.1" 200 6829 "-" "Mozilla/5.0 (compatible; YandexBot/3.0; +http://yandex.com/bots)" "-"
178.154.200.81 - - [22/Jul/2020:20:56:45 +0000] "GET /rss/ HTTP/1.1" 200 6829 "-" "Mozilla/5.0 (compatible; YandexBot/3.0; +http://yandex.com/bots)"
5.45.207.181 - - [22/Jul/2020:20:56:46 +0000] "GET /atom/ HTTP/1.1" 200 20080 "-" "Mozilla/5.0 (compatible; YandexBot/3.0; +http://yandex.com/bots)" "-"
5.45.207.181 - - [22/Jul/2020:20:56:46 +0000] "GET /atom/ HTTP/1.1" 200 20080 "-" "Mozilla/5.0 (compatible; YandexBot/3.0; +http://yandex.com/bots)"
66.249.68.33 - - [22/Jul/2020:20:56:49 +0000] "GET /%D0%B8%D0%B4%D0%B5%D1%82-%D1%87%D0%BB%D0%B5%D0%BD-%D0%BF%D0%BE-%D0%BB%D0%B5%D1%81%D1%83-%D0%B2%D0%B8%D0%B4%D0%B8%D1%82-%D0%BF%D0%B8%D0%B7%D0%B4%D0%B0-%D0%B3%D0%BE%D1%80%D0%B8%D1%82-%D0%B7%D0%B0%D0%BB%D0%B5%D0%B7-%D0%B2-%D0%BD%D0%B5%D0%B5-%D0%B0/?p=2 HTTP/1.1" 200 10256 "-" "Mozilla/5.0 (compatible; Googlebot/2.1; +http://www.google.com/bot.html)" "-"
66.249.68.33 - - [22/Jul/2020:20:56:49 +0000] "GET /%D0%B8%D0%B4%D0%B5%D1%82-%D1%87%D0%BB%D0%B5%D0%BD-%D0%BF%D0%BE-%D0%BB%D0%B5%D1%81%D1%83-%D0%B2%D0%B8%D0%B4%D0%B8%D1%82-%D0%BF%D0%B8%D0%B7%D0%B4%D0%B0-%D0%B3%D0%BE%D1%80%D0%B8%D1%82-%D0%B7%D0%B0%D0%BB%D0%B5%D0%B7-%D0%B2-%D0%BD%D0%B5%D0%B5-%D0%B0/?p=2 HTTP/1.1" 200 10256 "-" "Mozilla/5.0 (compatible; Googlebot/2.1; +http://www.google.com/bot.html)"
193.9.240.231 - - [22/Jul/2020:20:56:54 +0000] "GET /%D0%B7%D0%BD%D0%B0%D0%B5%D1%82%D0%B5-%D1%81%D0%BA%D0%BE%D0%BB%D1%8C%D0%BA%D0%BE-%D1%84%D0%B5%D0%BC%D0%B8%D0%BD%D0%B8%D1%81%D1%82%D0%BE%D0%BA-%D0%BD%D0%B0%D0%B4%D0%BE-%D1%87%D1%82%D0%BE%D0%B1%D1%8B-%D0%BF%D0%BE%D0%BC%D0%B5%D0%BD%D1%8F%D1%82%D1%8C/ HTTP/2.0" 200 13158 "https://yandex.ru/" "Mozilla/5.0 (Windows NT 6.1; WOW64) AppleWebKit/537.36 (KHTML, like Gecko) Chrome/83.0.4103.106 YaBrowser/20.7.1.68 Yowser/2.5 Safari/537.36" "-"
193.9.240.231 - - [22/Jul/2020:20:56:54 +0000] "GET /%D0%B7%D0%BD%D0%B0%D0%B5%D1%82%D0%B5-%D1%81%D0%BA%D0%BE%D0%BB%D1%8C%D0%BA%D0%BE-%D1%84%D0%B5%D0%BC%D0%B8%D0%BD%D0%B8%D1%81%D1%82%D0%BE%D0%BA-%D0%BD%D0%B0%D0%B4%D0%BE-%D1%87%D1%82%D0%BE%D0%B1%D1%8B-%D0%BF%D0%BE%D0%BC%D0%B5%D0%BD%D1%8F%D1%82%D1%8C/ HTTP/2.0" 200 13158 "https://yandex.ru/" "Mozilla/5.0 (Windows NT 6.1; WOW64) AppleWebKit/537.36 (KHTML, like Gecko) Chrome/83.0.4103.106 YaBrowser/20.7.1.68 Yowser/2.5 Safari/537.36"
193.9.240.231 - - [22/Jul/2020:20:56:58 +0000] "GET /%D0%B7%D0%BD%D0%B0%D0%B5%D1%82%D0%B5-%D1%81%D0%BA%D0%BE%D0%BB%D1%8C%D0%BA%D0%BE-%D1%84%D0%B5%D0%BC%D0%B8%D0%BD%D0%B8%D1%81%D1%82%D0%BE%D0%BA-%D0%BD%D0%B0%D0%B4%D0%BE-%D1%87%D1%82%D0%BE%D0%B1%D1%8B-%D0%BF%D0%BE%D0%BC%D0%B5%D0%BD%D1%8F%D1%82%D1%8C/ HTTP/2.0" 200 13158 "https://baneks.site/%D0%B7%D0%BD%D0%B0%D0%B5%D1%82%D0%B5-%D1%81%D0%BA%D0%BE%D0%BB%D1%8C%D0%BA%D0%BE-%D1%84%D0%B5%D0%BC%D0%B8%D0%BD%D0%B8%D1%81%D1%82%D0%BE%D0%BA-%D0%BD%D0%B0%D0%B4%D0%BE-%D1%87%D1%82%D0%BE%D0%B1%D1%8B-%D0%BF%D0%BE%D0%BC%D0%B5%D0%BD%D1%8F%D1%82%D1%8C/" "Mozilla/5.0 (Windows NT 6.1; WOW64) AppleWebKit/537.36 (KHTML, like Gecko) Chrome/83.0.4103.106 YaBrowser/20.7.1.68 Yowser/2.5 Safari/537.36" "-"
193.9.240.231 - - [22/Jul/2020:20:56:58 +0000] "GET /%D0%B7%D0%BD%D0%B0%D0%B5%D1%82%D0%B5-%D1%81%D0%BA%D0%BE%D0%BB%D1%8C%D0%BA%D0%BE-%D1%84%D0%B5%D0%BC%D0%B8%D0%BD%D0%B8%D1%81%D1%82%D0%BE%D0%BA-%D0%BD%D0%B0%D0%B4%D0%BE-%D1%87%D1%82%D0%BE%D0%B1%D1%8B-%D0%BF%D0%BE%D0%BC%D0%B5%D0%BD%D1%8F%D1%82%D1%8C/ HTTP/2.0" 200 13158 "https://baneks.site/%D0%B7%D0%BD%D0%B0%D0%B5%D1%82%D0%B5-%D1%81%D0%BA%D0%BE%D0%BB%D1%8C%D0%BA%D0%BE-%D1%84%D0%B5%D0%BC%D0%B8%D0%BD%D0%B8%D1%81%D1%82%D0%BE%D0%BA-%D0%BD%D0%B0%D0%B4%D0%BE-%D1%87%D1%82%D0%BE%D0%B1%D1%8B-%D0%BF%D0%BE%D0%BC%D0%B5%D0%BD%D1%8F%D1%82%D1%8C/" "Mozilla/5.0 (Windows NT 6.1; WOW64) AppleWebKit/537.36 (KHTML, like Gecko) Chrome/83.0.4103.106 YaBrowser/20.7.1.68 Yowser/2.5 Safari/537.36"
46.229.168.144 - - [22/Jul/2020:20:56:58 +0000] "GET /%D0%92%D0%BE%D0%B2%D0%BE%D1%87%D0%BA%D0%B0-%D0%BF%D1%80%D0%B8%D0%BD%D0%BE%D1%81%D0%B8%D1%82-%D0%BE%D1%82%D1%86%D1%83-%D0%B4%D0%BD%D0%B5%D0%B2%D0%BD%D0%B8%D0%BA-%D0%BE%D1%82%D0%B5%D1%86-%D0%BF%D0%BE%D1%87%D0%B5%D0%BC%D1%83-%D0%B4%D0%B2%D0%BE%D0%B9%D0%BA%D0%B0/ HTTP/1.1" 200 14840 "-" "Mozilla/5.0 (compatible; SemrushBot/6~bl; +http://www.semrush.com/bot.html)" "-"
46.229.168.144 - - [22/Jul/2020:20:56:58 +0000] "GET /%D0%92%D0%BE%D0%B2%D0%BE%D1%87%D0%BA%D0%B0-%D0%BF%D1%80%D0%B8%D0%BD%D0%BE%D1%81%D0%B8%D1%82-%D0%BE%D1%82%D1%86%D1%83-%D0%B4%D0%BD%D0%B5%D0%B2%D0%BD%D0%B8%D0%BA-%D0%BE%D1%82%D0%B5%D1%86-%D0%BF%D0%BE%D1%87%D0%B5%D0%BC%D1%83-%D0%B4%D0%B2%D0%BE%D0%B9%D0%BA%D0%B0/ HTTP/1.1" 200 14840 "-" "Mozilla/5.0 (compatible; SemrushBot/6~bl; +http://www.semrush.com/bot.html)"
213.127.86.71 - - [22/Jul/2020:20:56:59 +0000] "GET /%D0%BE%D0%B4%D0%B8%D0%BD-%D0%B1%D0%BE%D0%BB%D1%8C%D1%88%D0%BE%D0%B9-%D1%87%D0%B5%D0%BB%D0%BE%D0%B2%D0%B5%D0%BA-%D0%BF%D0%BE%D0%B5%D1%85%D0%B0%D0%BB-%D0%B2-%D0%90%D0%BC%D0%B5%D1%80%D0%B8%D0%BA%D1%83/ HTTP/2.0" 200 14997 "https://www.google.nl/" "Mozilla/5.0 (iPhone; CPU iPhone OS 13_5_1 like Mac OS X) AppleWebKit/605.1.15 (KHTML, like Gecko) Version/13.1.1 Mobile/15E148 Safari/604.1" "-"
213.127.86.71 - - [22/Jul/2020:20:56:59 +0000] "GET /%D0%BE%D0%B4%D0%B8%D0%BD-%D0%B1%D0%BE%D0%BB%D1%8C%D1%88%D0%BE%D0%B9-%D1%87%D0%B5%D0%BB%D0%BE%D0%B2%D0%B5%D0%BA-%D0%BF%D0%BE%D0%B5%D1%85%D0%B0%D0%BB-%D0%B2-%D0%90%D0%BC%D0%B5%D1%80%D0%B8%D0%BA%D1%83/ HTTP/2.0" 200 14997 "https://www.google.nl/" "Mozilla/5.0 (iPhone; CPU iPhone OS 13_5_1 like Mac OS X) AppleWebKit/605.1.15 (KHTML, like Gecko) Version/13.1.1 Mobile/15E148 Safari/604.1"
213.127.86.71 - - [22/Jul/2020:20:57:00 +0000] "GET /%D0%BE%D0%B4%D0%B8%D0%BD-%D0%B1%D0%BE%D0%BB%D1%8C%D1%88%D0%BE%D0%B9-%D1%87%D0%B5%D0%BB%D0%BE%D0%B2%D0%B5%D0%BA-%D0%BF%D0%BE%D0%B5%D1%85%D0%B0%D0%BB-%D0%B2-%D0%90%D0%BC%D0%B5%D1%80%D0%B8%D0%BA%D1%83/ HTTP/2.0" 200 14997 "https://baneks.site/%D0%BE%D0%B4%D0%B8%D0%BD-%D0%B1%D0%BE%D0%BB%D1%8C%D1%88%D0%BE%D0%B9-%D1%87%D0%B5%D0%BB%D0%BE%D0%B2%D0%B5%D0%BA-%D0%BF%D0%BE%D0%B5%D1%85%D0%B0%D0%BB-%D0%B2-%D0%90%D0%BC%D0%B5%D1%80%D0%B8%D0%BA%D1%83/" "Mozilla/5.0 (iPhone; CPU iPhone OS 13_5_1 like Mac OS X) AppleWebKit/605.1.15 (KHTML, like Gecko) Version/13.1.1 Mobile/15E148 Safari/604.1" "-"
213.127.86.71 - - [22/Jul/2020:20:57:00 +0000] "GET /%D0%BE%D0%B4%D0%B8%D0%BD-%D0%B1%D0%BE%D0%BB%D1%8C%D1%88%D0%BE%D0%B9-%D1%87%D0%B5%D0%BB%D0%BE%D0%B2%D0%B5%D0%BA-%D0%BF%D0%BE%D0%B5%D1%85%D0%B0%D0%BB-%D0%B2-%D0%90%D0%BC%D0%B5%D1%80%D0%B8%D0%BA%D1%83/ HTTP/2.0" 200 14997 "https://baneks.site/%D0%BE%D0%B4%D0%B8%D0%BD-%D0%B1%D0%BE%D0%BB%D1%8C%D1%88%D0%BE%D0%B9-%D1%87%D0%B5%D0%BB%D0%BE%D0%B2%D0%B5%D0%BA-%D0%BF%D0%BE%D0%B5%D1%85%D0%B0%D0%BB-%D0%B2-%D0%90%D0%BC%D0%B5%D1%80%D0%B8%D0%BA%D1%83/" "Mozilla/5.0 (iPhone; CPU iPhone OS 13_5_1 like Mac OS X) AppleWebKit/605.1.15 (KHTML, like Gecko) Version/13.1.1 Mobile/15E148 Safari/604.1"
193.9.240.231 - - [22/Jul/2020:20:57:02 +0000] "GET /tag/%D1%84%D0%B5%D0%BC%D0%B8%D0%BD%D0%B8%D1%81%D1%82%D0%BA%D0%B0 HTTP/2.0" 301 0 "https://baneks.site/%D0%B7%D0%BD%D0%B0%D0%B5%D1%82%D0%B5-%D1%81%D0%BA%D0%BE%D0%BB%D1%8C%D0%BA%D0%BE-%D1%84%D0%B5%D0%BC%D0%B8%D0%BD%D0%B8%D1%81%D1%82%D0%BE%D0%BA-%D0%BD%D0%B0%D0%B4%D0%BE-%D1%87%D1%82%D0%BE%D0%B1%D1%8B-%D0%BF%D0%BE%D0%BC%D0%B5%D0%BD%D1%8F%D1%82%D1%8C/" "Mozilla/5.0 (Windows NT 6.1; WOW64) AppleWebKit/537.36 (KHTML, like Gecko) Chrome/83.0.4103.106 YaBrowser/20.7.1.68 Yowser/2.5 Safari/537.36" "-"
193.9.240.231 - - [22/Jul/2020:20:57:02 +0000] "GET /tag/%D1%84%D0%B5%D0%BC%D0%B8%D0%BD%D0%B8%D1%81%D1%82%D0%BA%D0%B0 HTTP/2.0" 301 0 "https://baneks.site/%D0%B7%D0%BD%D0%B0%D0%B5%D1%82%D0%B5-%D1%81%D0%BA%D0%BE%D0%BB%D1%8C%D0%BA%D0%BE-%D1%84%D0%B5%D0%BC%D0%B8%D0%BD%D0%B8%D1%81%D1%82%D0%BE%D0%BA-%D0%BD%D0%B0%D0%B4%D0%BE-%D1%87%D1%82%D0%BE%D0%B1%D1%8B-%D0%BF%D0%BE%D0%BC%D0%B5%D0%BD%D1%8F%D1%82%D1%8C/" "Mozilla/5.0 (Windows NT 6.1; WOW64) AppleWebKit/537.36 (KHTML, like Gecko) Chrome/83.0.4103.106 YaBrowser/20.7.1.68 Yowser/2.5 Safari/537.36"
193.9.240.231 - - [22/Jul/2020:20:57:03 +0000] "GET /tag/%D1%84%D0%B5%D0%BC%D0%B8%D0%BD%D0%B8%D1%81%D1%82%D0%BA%D0%B0/ HTTP/2.0" 200 10984 "https://baneks.site/%D0%B7%D0%BD%D0%B0%D0%B5%D1%82%D0%B5-%D1%81%D0%BA%D0%BE%D0%BB%D1%8C%D0%BA%D0%BE-%D1%84%D0%B5%D0%BC%D0%B8%D0%BD%D0%B8%D1%81%D1%82%D0%BE%D0%BA-%D0%BD%D0%B0%D0%B4%D0%BE-%D1%87%D1%82%D0%BE%D0%B1%D1%8B-%D0%BF%D0%BE%D0%BC%D0%B5%D0%BD%D1%8F%D1%82%D1%8C/" "Mozilla/5.0 (Windows NT 6.1; WOW64) AppleWebKit/537.36 (KHTML, like Gecko) Chrome/83.0.4103.106 YaBrowser/20.7.1.68 Yowser/2.5 Safari/537.36" "-"
193.9.240.231 - - [22/Jul/2020:20:57:03 +0000] "GET /tag/%D1%84%D0%B5%D0%BC%D0%B8%D0%BD%D0%B8%D1%81%D1%82%D0%BA%D0%B0/ HTTP/2.0" 200 10984 "https://baneks.site/%D0%B7%D0%BD%D0%B0%D0%B5%D1%82%D0%B5-%D1%81%D0%BA%D0%BE%D0%BB%D1%8C%D0%BA%D0%BE-%D1%84%D0%B5%D0%BC%D0%B8%D0%BD%D0%B8%D1%81%D1%82%D0%BE%D0%BA-%D0%BD%D0%B0%D0%B4%D0%BE-%D1%87%D1%82%D0%BE%D0%B1%D1%8B-%D0%BF%D0%BE%D0%BC%D0%B5%D0%BD%D1%8F%D1%82%D1%8C/" "Mozilla/5.0 (Windows NT 6.1; WOW64) AppleWebKit/537.36 (KHTML, like Gecko) Chrome/83.0.4103.106 YaBrowser/20.7.1.68 Yowser/2.5 Safari/537.36"
83.220.227.129 - - [22/Jul/2020:20:57:06 +0000] "GET /%D1%81%D1%82%D0%BE%D1%8F%D1%82-%D0%BF%D0%B0%D1%81%D1%81%D0%B0%D0%B6%D0%B8%D1%80%D1%8B-%D0%B2-%D0%B0%D1%8D%D1%80%D0%BE%D0%BF%D0%BE%D1%80%D1%82%D1%83-%D0%BF%D0%BE%D1%81%D0%B0%D0%B4%D0%BE%D1%87%D0%BD%D1%8B%D0%B9-%D0%B4%D0%BE%D1%81%D0%BC%D0%BE%D1%82%D1%80/ HTTP/2.0" 200 14250 "https://www.google.com/" "Mozilla/5.0 (Windows NT 10.0; Win64; x64) AppleWebKit/537.36 (KHTML, like Gecko) Chrome/84.0.4147.89 Safari/537.36" "-"
83.220.227.129 - - [22/Jul/2020:20:57:06 +0000] "GET /%D1%81%D1%82%D0%BE%D1%8F%D1%82-%D0%BF%D0%B0%D1%81%D1%81%D0%B0%D0%B6%D0%B8%D1%80%D1%8B-%D0%B2-%D0%B0%D1%8D%D1%80%D0%BE%D0%BF%D0%BE%D1%80%D1%82%D1%83-%D0%BF%D0%BE%D1%81%D0%B0%D0%B4%D0%BE%D1%87%D0%BD%D1%8B%D0%B9-%D0%B4%D0%BE%D1%81%D0%BC%D0%BE%D1%82%D1%80/ HTTP/2.0" 200 14250 "https://www.google.com/" "Mozilla/5.0 (Windows NT 10.0; Win64; x64) AppleWebKit/537.36 (KHTML, like Gecko) Chrome/84.0.4147.89 Safari/537.36"
83.220.227.129 - - [22/Jul/2020:20:57:07 +0000] "GET /%D1%81%D1%82%D0%BE%D1%8F%D1%82-%D0%BF%D0%B0%D1%81%D1%81%D0%B0%D0%B6%D0%B8%D1%80%D1%8B-%D0%B2-%D0%B0%D1%8D%D1%80%D0%BE%D0%BF%D0%BE%D1%80%D1%82%D1%83-%D0%BF%D0%BE%D1%81%D0%B0%D0%B4%D0%BE%D1%87%D0%BD%D1%8B%D0%B9-%D0%B4%D0%BE%D1%81%D0%BC%D0%BE%D1%82%D1%80/ HTTP/2.0" 200 14250 "https://baneks.site/%D1%81%D1%82%D0%BE%D1%8F%D1%82-%D0%BF%D0%B0%D1%81%D1%81%D0%B0%D0%B6%D0%B8%D1%80%D1%8B-%D0%B2-%D0%B0%D1%8D%D1%80%D0%BE%D0%BF%D0%BE%D1%80%D1%82%D1%83-%D0%BF%D0%BE%D1%81%D0%B0%D0%B4%D0%BE%D1%87%D0%BD%D1%8B%D0%B9-%D0%B4%D0%BE%D1%81%D0%BC%D0%BE%D1%82%D1%80/" "Mozilla/5.0 (Windows NT 10.0; Win64; x64) AppleWebKit/537.36 (KHTML, like Gecko) Chrome/84.0.4147.89 Safari/537.36" "-"
83.220.227.129 - - [22/Jul/2020:20:57:07 +0000] "GET /%D1%81%D1%82%D0%BE%D1%8F%D1%82-%D0%BF%D0%B0%D1%81%D1%81%D0%B0%D0%B6%D0%B8%D1%80%D1%8B-%D0%B2-%D0%B0%D1%8D%D1%80%D0%BE%D0%BF%D0%BE%D1%80%D1%82%D1%83-%D0%BF%D0%BE%D1%81%D0%B0%D0%B4%D0%BE%D1%87%D0%BD%D1%8B%D0%B9-%D0%B4%D0%BE%D1%81%D0%BC%D0%BE%D1%82%D1%80/ HTTP/2.0" 200 14250 "https://baneks.site/%D1%81%D1%82%D0%BE%D1%8F%D1%82-%D0%BF%D0%B0%D1%81%D1%81%D0%B0%D0%B6%D0%B8%D1%80%D1%8B-%D0%B2-%D0%B0%D1%8D%D1%80%D0%BE%D0%BF%D0%BE%D1%80%D1%82%D1%83-%D0%BF%D0%BE%D1%81%D0%B0%D0%B4%D0%BE%D1%87%D0%BD%D1%8B%D0%B9-%D0%B4%D0%BE%D1%81%D0%BC%D0%BE%D1%82%D1%80/" "Mozilla/5.0 (Windows NT 10.0; Win64; x64) AppleWebKit/537.36 (KHTML, like Gecko) Chrome/84.0.4147.89 Safari/537.36"
193.9.240.231 - - [22/Jul/2020:20:57:08 +0000] "GET /%D0%BF%D0%BE%D0%BB%D0%B8%D1%86%D0%B5%D0%B9%D1%81%D0%BA%D0%B8%D0%B9-%D0%BE%D1%81%D1%82%D0%B0%D0%BD%D0%B0%D0%B2%D0%BB%D0%B8%D0%B2%D0%B0%D0%B5%D1%82-%D0%B0%D0%B2%D1%82%D0%BE%D0%BC%D0%BE%D0%B1%D0%B8%D0%BB%D1%8C-%D1%84%D0%B5%D0%BC%D0%B5%D0%BD%D0%B8%D1%81%D1%82%D0%BA%D0%B8-%D0%B8/ HTTP/2.0" 200 10852 "-" "Mozilla/5.0 (Windows NT 6.1; WOW64) AppleWebKit/537.36 (KHTML, like Gecko) Chrome/83.0.4103.106 YaBrowser/20.7.1.68 Yowser/2.5 Safari/537.36" "-"
193.9.240.231 - - [22/Jul/2020:20:57:08 +0000] "GET /%D0%BF%D0%BE%D0%BB%D0%B8%D1%86%D0%B5%D0%B9%D1%81%D0%BA%D0%B8%D0%B9-%D0%BE%D1%81%D1%82%D0%B0%D0%BD%D0%B0%D0%B2%D0%BB%D0%B8%D0%B2%D0%B0%D0%B5%D1%82-%D0%B0%D0%B2%D1%82%D0%BE%D0%BC%D0%BE%D0%B1%D0%B8%D0%BB%D1%8C-%D1%84%D0%B5%D0%BC%D0%B5%D0%BD%D0%B8%D1%81%D1%82%D0%BA%D0%B8-%D0%B8/ HTTP/2.0" 200 10852 "-" "Mozilla/5.0 (Windows NT 6.1; WOW64) AppleWebKit/537.36 (KHTML, like Gecko) Chrome/83.0.4103.106 YaBrowser/20.7.1.68 Yowser/2.5 Safari/537.36"
178.154.200.81 - - [22/Jul/2020:20:57:08 +0000] "GET /%D0%B7%D0%BD%D0%B0%D0%B5%D1%82%D0%B5-%D1%81%D0%BA%D0%BE%D0%BB%D1%8C%D0%BA%D0%BE-%D1%84%D0%B5%D0%BC%D0%B8%D0%BD%D0%B8%D1%81%D1%82%D0%BE%D0%BA-%D0%BD%D0%B0%D0%B4%D0%BE-%D1%87%D1%82%D0%BE%D0%B1%D1%8B-%D0%BF%D0%BE%D0%BC%D0%B5%D0%BD%D1%8F%D1%82%D1%8C/ HTTP/1.1" 200 13331 "-" "Mozilla/5.0 (compatible; YandexBot/3.0; +http://yandex.com/bots)" "-"
178.154.200.81 - - [22/Jul/2020:20:57:08 +0000] "GET /%D0%B7%D0%BD%D0%B0%D0%B5%D1%82%D0%B5-%D1%81%D0%BA%D0%BE%D0%BB%D1%8C%D0%BA%D0%BE-%D1%84%D0%B5%D0%BC%D0%B8%D0%BD%D0%B8%D1%81%D1%82%D0%BE%D0%BA-%D0%BD%D0%B0%D0%B4%D0%BE-%D1%87%D1%82%D0%BE%D0%B1%D1%8B-%D0%BF%D0%BE%D0%BC%D0%B5%D0%BD%D1%8F%D1%82%D1%8C/ HTTP/1.1" 200 13331 "-" "Mozilla/5.0 (compatible; YandexBot/3.0; +http://yandex.com/bots)"
193.9.240.231 - - [22/Jul/2020:20:57:11 +0000] "GET /%D0%BF%D0%BE%D0%BB%D0%B8%D1%86%D0%B5%D0%B9%D1%81%D0%BA%D0%B8%D0%B9-%D0%BE%D1%81%D1%82%D0%B0%D0%BD%D0%B0%D0%B2%D0%BB%D0%B8%D0%B2%D0%B0%D0%B5%D1%82-%D0%B0%D0%B2%D1%82%D0%BE%D0%BC%D0%BE%D0%B1%D0%B8%D0%BB%D1%8C-%D1%84%D0%B5%D0%BC%D0%B5%D0%BD%D0%B8%D1%81%D1%82%D0%BA%D0%B8-%D0%B8/ HTTP/2.0" 200 10852 "https://baneks.site/%D0%BF%D0%BE%D0%BB%D0%B8%D1%86%D0%B5%D0%B9%D1%81%D0%BA%D0%B8%D0%B9-%D0%BE%D1%81%D1%82%D0%B0%D0%BD%D0%B0%D0%B2%D0%BB%D0%B8%D0%B2%D0%B0%D0%B5%D1%82-%D0%B0%D0%B2%D1%82%D0%BE%D0%BC%D0%BE%D0%B1%D0%B8%D0%BB%D1%8C-%D1%84%D0%B5%D0%BC%D0%B5%D0%BD%D0%B8%D1%81%D1%82%D0%BA%D0%B8-%D0%B8/" "Mozilla/5.0 (Windows NT 6.1; WOW64) AppleWebKit/537.36 (KHTML, like Gecko) Chrome/83.0.4103.106 YaBrowser/20.7.1.68 Yowser/2.5 Safari/537.36" "-"
193.9.240.231 - - [22/Jul/2020:20:57:11 +0000] "GET /%D0%BF%D0%BE%D0%BB%D0%B8%D1%86%D0%B5%D0%B9%D1%81%D0%BA%D0%B8%D0%B9-%D0%BE%D1%81%D1%82%D0%B0%D0%BD%D0%B0%D0%B2%D0%BB%D0%B8%D0%B2%D0%B0%D0%B5%D1%82-%D0%B0%D0%B2%D1%82%D0%BE%D0%BC%D0%BE%D0%B1%D0%B8%D0%BB%D1%8C-%D1%84%D0%B5%D0%BC%D0%B5%D0%BD%D0%B8%D1%81%D1%82%D0%BA%D0%B8-%D0%B8/ HTTP/2.0" 200 10852 "https://baneks.site/%D0%BF%D0%BE%D0%BB%D0%B8%D1%86%D0%B5%D0%B9%D1%81%D0%BA%D0%B8%D0%B9-%D0%BE%D1%81%D1%82%D0%B0%D0%BD%D0%B0%D0%B2%D0%BB%D0%B8%D0%B2%D0%B0%D0%B5%D1%82-%D0%B0%D0%B2%D1%82%D0%BE%D0%BC%D0%BE%D0%B1%D0%B8%D0%BB%D1%8C-%D1%84%D0%B5%D0%BC%D0%B5%D0%BD%D0%B8%D1%81%D1%82%D0%BA%D0%B8-%D0%B8/" "Mozilla/5.0 (Windows NT 6.1; WOW64) AppleWebKit/537.36 (KHTML, like Gecko) Chrome/83.0.4103.106 YaBrowser/20.7.1.68 Yowser/2.5 Safari/537.36"
54.36.149.62 - - [22/Jul/2020:20:57:11 +0000] "GET /%D0%BF%D0%BE%D0%BB%D0%B5%D0%B2%D1%8B%D0%B5-%D1%83%D1%87%D0%B5%D0%BD%D0%B8%D1%8F-%D0%BC%D0%BE%D0%BB%D0%BE%D0%B4%D0%BE%D0%B9-%D0%BB%D0%B5%D0%B9%D1%82%D0%B5%D0%BD%D0%B0%D0%BD%D1%82-%D0%B2%D0%B5%D1%87%D0%B5%D1%80%D0%BE%D0%BC-%D1%81%D0%B1%D0%B5%D0%B6%D0%B0%D0%BB-%D0%B2/ HTTP/2.0" 200 15411 "-" "Mozilla/5.0 (compatible; AhrefsBot/6.1; +http://ahrefs.com/robot/)" "-"
54.36.149.62 - - [22/Jul/2020:20:57:11 +0000] "GET /%D0%BF%D0%BE%D0%BB%D0%B5%D0%B2%D1%8B%D0%B5-%D1%83%D1%87%D0%B5%D0%BD%D0%B8%D1%8F-%D0%BC%D0%BE%D0%BB%D0%BE%D0%B4%D0%BE%D0%B9-%D0%BB%D0%B5%D0%B9%D1%82%D0%B5%D0%BD%D0%B0%D0%BD%D1%82-%D0%B2%D0%B5%D1%87%D0%B5%D1%80%D0%BE%D0%BC-%D1%81%D0%B1%D0%B5%D0%B6%D0%B0%D0%BB-%D0%B2/ HTTP/2.0" 200 15411 "-" "Mozilla/5.0 (compatible; AhrefsBot/6.1; +http://ahrefs.com/robot/)"
114.119.163.44 - - [22/Jul/2020:20:57:12 +0000] "GET /%D0%BC%D1%83%D0%B6-%D0%B8-%D0%B6%D0%B5%D0%BD%D0%B0-%D0%B8%D0%B3%D1%80%D0%B0%D0%BB%D0%B8-%D0%B2-%D0%B3%D0%BE%D0%BB%D1%8C%D1%84-%D0%B2-%D0%B4%D0%BE%D1%80%D0%BE%D0%B3%D0%BE%D0%BC-%D1%80%D0%B0%D0%B9%D0%BE%D0%BD%D0%B5-%D0%B3%D0%BE%D1%80%D0%BE%D0%B4%D0%B0/?p=4 HTTP/1.1" 200 13302 "-" "Mozilla/5.0 (Linux; Android 7.0;) AppleWebKit/537.36 (KHTML, like Gecko) Mobile Safari/537.36 (compatible; AspiegelBot)" "-"
114.119.163.44 - - [22/Jul/2020:20:57:12 +0000] "GET /%D0%BC%D1%83%D0%B6-%D0%B8-%D0%B6%D0%B5%D0%BD%D0%B0-%D0%B8%D0%B3%D1%80%D0%B0%D0%BB%D0%B8-%D0%B2-%D0%B3%D0%BE%D0%BB%D1%8C%D1%84-%D0%B2-%D0%B4%D0%BE%D1%80%D0%BE%D0%B3%D0%BE%D0%BC-%D1%80%D0%B0%D0%B9%D0%BE%D0%BD%D0%B5-%D0%B3%D0%BE%D1%80%D0%BE%D0%B4%D0%B0/?p=4 HTTP/1.1" 200 13302 "-" "Mozilla/5.0 (Linux; Android 7.0;) AppleWebKit/537.36 (KHTML, like Gecko) Mobile Safari/537.36 (compatible; AspiegelBot)"
193.9.240.231 - - [22/Jul/2020:20:57:13 +0000] "GET /%D1%81%D0%BE%D0%B1%D1%80%D0%B0%D0%BB%D0%B8%D1%81%D1%8C-%D0%BE%D0%B4%D0%BD%D0%B0%D0%B6%D0%B4%D1%8B-%D1%84%D0%B5%D0%BC%D0%B8%D0%BD%D0%B8%D1%81%D1%82%D0%BA%D0%B8-%D1%81%D0%BE-%D0%B2%D1%81%D0%B5%D0%B3%D0%BE-%D0%BC%D0%B8%D1%80%D0%B0-%D0%BD%D0%B0/ HTTP/2.0" 200 13267 "-" "Mozilla/5.0 (Windows NT 6.1; WOW64) AppleWebKit/537.36 (KHTML, like Gecko) Chrome/83.0.4103.106 YaBrowser/20.7.1.68 Yowser/2.5 Safari/537.36" "-"
193.9.240.231 - - [22/Jul/2020:20:57:13 +0000] "GET /%D1%81%D0%BE%D0%B1%D1%80%D0%B0%D0%BB%D0%B8%D1%81%D1%8C-%D0%BE%D0%B4%D0%BD%D0%B0%D0%B6%D0%B4%D1%8B-%D1%84%D0%B5%D0%BC%D0%B8%D0%BD%D0%B8%D1%81%D1%82%D0%BA%D0%B8-%D1%81%D0%BE-%D0%B2%D1%81%D0%B5%D0%B3%D0%BE-%D0%BC%D0%B8%D1%80%D0%B0-%D0%BD%D0%B0/ HTTP/2.0" 200 13267 "-" "Mozilla/5.0 (Windows NT 6.1; WOW64) AppleWebKit/537.36 (KHTML, like Gecko) Chrome/83.0.4103.106 YaBrowser/20.7.1.68 Yowser/2.5 Safari/537.36"
193.9.240.231 - - [22/Jul/2020:20:57:16 +0000] "GET /%D1%81%D0%BE%D0%B1%D1%80%D0%B0%D0%BB%D0%B8%D1%81%D1%8C-%D0%BE%D0%B4%D0%BD%D0%B0%D0%B6%D0%B4%D1%8B-%D1%84%D0%B5%D0%BC%D0%B8%D0%BD%D0%B8%D1%81%D1%82%D0%BA%D0%B8-%D1%81%D0%BE-%D0%B2%D1%81%D0%B5%D0%B3%D0%BE-%D0%BC%D0%B8%D1%80%D0%B0-%D0%BD%D0%B0/ HTTP/2.0" 200 13267 "https://baneks.site/%D1%81%D0%BE%D0%B1%D1%80%D0%B0%D0%BB%D0%B8%D1%81%D1%8C-%D0%BE%D0%B4%D0%BD%D0%B0%D0%B6%D0%B4%D1%8B-%D1%84%D0%B5%D0%BC%D0%B8%D0%BD%D0%B8%D1%81%D1%82%D0%BA%D0%B8-%D1%81%D0%BE-%D0%B2%D1%81%D0%B5%D0%B3%D0%BE-%D0%BC%D0%B8%D1%80%D0%B0-%D0%BD%D0%B0/" "Mozilla/5.0 (Windows NT 6.1; WOW64) AppleWebKit/537.36 (KHTML, like Gecko) Chrome/83.0.4103.106 YaBrowser/20.7.1.68 Yowser/2.5 Safari/537.36" "-"
193.9.240.231 - - [22/Jul/2020:20:57:16 +0000] "GET /%D1%81%D0%BE%D0%B1%D1%80%D0%B0%D0%BB%D0%B8%D1%81%D1%8C-%D0%BE%D0%B4%D0%BD%D0%B0%D0%B6%D0%B4%D1%8B-%D1%84%D0%B5%D0%BC%D0%B8%D0%BD%D0%B8%D1%81%D1%82%D0%BA%D0%B8-%D1%81%D0%BE-%D0%B2%D1%81%D0%B5%D0%B3%D0%BE-%D0%BC%D0%B8%D1%80%D0%B0-%D0%BD%D0%B0/ HTTP/2.0" 200 13267 "https://baneks.site/%D1%81%D0%BE%D0%B1%D1%80%D0%B0%D0%BB%D0%B8%D1%81%D1%8C-%D0%BE%D0%B4%D0%BD%D0%B0%D0%B6%D0%B4%D1%8B-%D1%84%D0%B5%D0%BC%D0%B8%D0%BD%D0%B8%D1%81%D1%82%D0%BA%D0%B8-%D1%81%D0%BE-%D0%B2%D1%81%D0%B5%D0%B3%D0%BE-%D0%BC%D0%B8%D1%80%D0%B0-%D0%BD%D0%B0/" "Mozilla/5.0 (Windows NT 6.1; WOW64) AppleWebKit/537.36 (KHTML, like Gecko) Chrome/83.0.4103.106 YaBrowser/20.7.1.68 Yowser/2.5 Safari/537.36"
193.9.240.231 - - [22/Jul/2020:20:57:20 +0000] "GET /%D1%84%D0%B5%D0%BC%D0%B8%D0%BD%D0%B8%D1%81%D1%82%D0%BA%D0%B0-%D0%BB%D0%B5%D0%B6%D0%B8%D1%82-%D0%B2-%D0%BF%D0%BE%D1%81%D1%82%D0%B5%D0%BB%D0%B8-%D1%81-%D0%B3%D0%B5%D0%BD%D0%B4%D0%B5%D1%80%D0%BD%D0%BE-%D0%BD%D0%B5%D0%B1%D0%B8%D0%BD%D0%B0%D1%80%D0%BD%D1%8B%D0%BC/ HTTP/2.0" 200 14493 "-" "Mozilla/5.0 (Windows NT 6.1; WOW64) AppleWebKit/537.36 (KHTML, like Gecko) Chrome/83.0.4103.106 YaBrowser/20.7.1.68 Yowser/2.5 Safari/537.36" "-"
193.9.240.231 - - [22/Jul/2020:20:57:20 +0000] "GET /%D1%84%D0%B5%D0%BC%D0%B8%D0%BD%D0%B8%D1%81%D1%82%D0%BA%D0%B0-%D0%BB%D0%B5%D0%B6%D0%B8%D1%82-%D0%B2-%D0%BF%D0%BE%D1%81%D1%82%D0%B5%D0%BB%D0%B8-%D1%81-%D0%B3%D0%B5%D0%BD%D0%B4%D0%B5%D1%80%D0%BD%D0%BE-%D0%BD%D0%B5%D0%B1%D0%B8%D0%BD%D0%B0%D1%80%D0%BD%D1%8B%D0%BC/ HTTP/2.0" 200 14493 "-" "Mozilla/5.0 (Windows NT 6.1; WOW64) AppleWebKit/537.36 (KHTML, like Gecko) Chrome/83.0.4103.106 YaBrowser/20.7.1.68 Yowser/2.5 Safari/537.36"
193.9.240.231 - - [22/Jul/2020:20:57:24 +0000] "GET /%D1%84%D0%B5%D0%BC%D0%B8%D0%BD%D0%B8%D1%81%D1%82%D0%BA%D0%B0-%D0%BB%D0%B5%D0%B6%D0%B8%D1%82-%D0%B2-%D0%BF%D0%BE%D1%81%D1%82%D0%B5%D0%BB%D0%B8-%D1%81-%D0%B3%D0%B5%D0%BD%D0%B4%D0%B5%D1%80%D0%BD%D0%BE-%D0%BD%D0%B5%D0%B1%D0%B8%D0%BD%D0%B0%D1%80%D0%BD%D1%8B%D0%BC/ HTTP/2.0" 200 14493 "https://baneks.site/%D1%84%D0%B5%D0%BC%D0%B8%D0%BD%D0%B8%D1%81%D1%82%D0%BA%D0%B0-%D0%BB%D0%B5%D0%B6%D0%B8%D1%82-%D0%B2-%D0%BF%D0%BE%D1%81%D1%82%D0%B5%D0%BB%D0%B8-%D1%81-%D0%B3%D0%B5%D0%BD%D0%B4%D0%B5%D1%80%D0%BD%D0%BE-%D0%BD%D0%B5%D0%B1%D0%B8%D0%BD%D0%B0%D1%80%D0%BD%D1%8B%D0%BC/" "Mozilla/5.0 (Windows NT 6.1; WOW64) AppleWebKit/537.36 (KHTML, like Gecko) Chrome/83.0.4103.106 YaBrowser/20.7.1.68 Yowser/2.5 Safari/537.36" "-"
193.9.240.231 - - [22/Jul/2020:20:57:24 +0000] "GET /%D1%84%D0%B5%D0%BC%D0%B8%D0%BD%D0%B8%D1%81%D1%82%D0%BA%D0%B0-%D0%BB%D0%B5%D0%B6%D0%B8%D1%82-%D0%B2-%D0%BF%D0%BE%D1%81%D1%82%D0%B5%D0%BB%D0%B8-%D1%81-%D0%B3%D0%B5%D0%BD%D0%B4%D0%B5%D1%80%D0%BD%D0%BE-%D0%BD%D0%B5%D0%B1%D0%B8%D0%BD%D0%B0%D1%80%D0%BD%D1%8B%D0%BC/ HTTP/2.0" 200 14493 "https://baneks.site/%D1%84%D0%B5%D0%BC%D0%B8%D0%BD%D0%B8%D1%81%D1%82%D0%BA%D0%B0-%D0%BB%D0%B5%D0%B6%D0%B8%D1%82-%D0%B2-%D0%BF%D0%BE%D1%81%D1%82%D0%B5%D0%BB%D0%B8-%D1%81-%D0%B3%D0%B5%D0%BD%D0%B4%D0%B5%D1%80%D0%BD%D0%BE-%D0%BD%D0%B5%D0%B1%D0%B8%D0%BD%D0%B0%D1%80%D0%BD%D1%8B%D0%BC/" "Mozilla/5.0 (Windows NT 6.1; WOW64) AppleWebKit/537.36 (KHTML, like Gecko) Chrome/83.0.4103.106 YaBrowser/20.7.1.68 Yowser/2.5 Safari/537.36"
46.229.168.131 - - [22/Jul/2020:20:57:24 +0000] "GET /%D1%80%D0%B0%D0%BD%D0%B5%D0%B5-%D1%83%D1%82%D1%80%D0%BE-%D0%B2-%D1%82%D0%B8%D0%BF%D0%B8%D1%87%D0%BD%D0%BE%D0%B9-%D0%B4%D0%B5%D1%80%D0%B5%D0%B2%D0%BD%D0%B5-%D0%BD%D0%B5%D1%87%D0%B5%D1%80%D0%BD%D0%BE%D0%B7%D0%B5%D0%BC%D1%8C%D1%8F/?p=6 HTTP/1.1" 200 16817 "-" "Mozilla/5.0 (compatible; SemrushBot/6~bl; +http://www.semrush.com/bot.html)" "-"
46.229.168.131 - - [22/Jul/2020:20:57:24 +0000] "GET /%D1%80%D0%B0%D0%BD%D0%B5%D0%B5-%D1%83%D1%82%D1%80%D0%BE-%D0%B2-%D1%82%D0%B8%D0%BF%D0%B8%D1%87%D0%BD%D0%BE%D0%B9-%D0%B4%D0%B5%D1%80%D0%B5%D0%B2%D0%BD%D0%B5-%D0%BD%D0%B5%D1%87%D0%B5%D1%80%D0%BD%D0%BE%D0%B7%D0%B5%D0%BC%D1%8C%D1%8F/?p=6 HTTP/1.1" 200 16817 "-" "Mozilla/5.0 (compatible; SemrushBot/6~bl; +http://www.semrush.com/bot.html)"
193.9.240.231 - - [22/Jul/2020:20:57:26 +0000] "GET /%D1%84%D0%B5%D0%BC%D0%B8%D0%BD%D0%B8%D1%81%D1%82%D0%BA%D0%B0-%D1%81%D0%B4%D0%B0%D0%BB%D0%B0/ HTTP/2.0" 200 11987 "-" "Mozilla/5.0 (Windows NT 6.1; WOW64) AppleWebKit/537.36 (KHTML, like Gecko) Chrome/83.0.4103.106 YaBrowser/20.7.1.68 Yowser/2.5 Safari/537.36" "-"
193.9.240.231 - - [22/Jul/2020:20:57:26 +0000] "GET /%D1%84%D0%B5%D0%BC%D0%B8%D0%BD%D0%B8%D1%81%D1%82%D0%BA%D0%B0-%D1%81%D0%B4%D0%B0%D0%BB%D0%B0/ HTTP/2.0" 200 11987 "-" "Mozilla/5.0 (Windows NT 6.1; WOW64) AppleWebKit/537.36 (KHTML, like Gecko) Chrome/83.0.4103.106 YaBrowser/20.7.1.68 Yowser/2.5 Safari/537.36"
193.9.240.231 - - [22/Jul/2020:20:57:30 +0000] "GET /%D1%84%D0%B5%D0%BC%D0%B8%D0%BD%D0%B8%D1%81%D1%82%D0%BA%D0%B0-%D1%81%D0%B4%D0%B0%D0%BB%D0%B0/ HTTP/2.0" 200 11987 "https://baneks.site/%D1%84%D0%B5%D0%BC%D0%B8%D0%BD%D0%B8%D1%81%D1%82%D0%BA%D0%B0-%D1%81%D0%B4%D0%B0%D0%BB%D0%B0/" "Mozilla/5.0 (Windows NT 6.1; WOW64) AppleWebKit/537.36 (KHTML, like Gecko) Chrome/83.0.4103.106 YaBrowser/20.7.1.68 Yowser/2.5 Safari/537.36" "-"
193.9.240.231 - - [22/Jul/2020:20:57:30 +0000] "GET /%D1%84%D0%B5%D0%BC%D0%B8%D0%BD%D0%B8%D1%81%D1%82%D0%BA%D0%B0-%D1%81%D0%B4%D0%B0%D0%BB%D0%B0/ HTTP/2.0" 200 11987 "https://baneks.site/%D1%84%D0%B5%D0%BC%D0%B8%D0%BD%D0%B8%D1%81%D1%82%D0%BA%D0%B0-%D1%81%D0%B4%D0%B0%D0%BB%D0%B0/" "Mozilla/5.0 (Windows NT 6.1; WOW64) AppleWebKit/537.36 (KHTML, like Gecko) Chrome/83.0.4103.106 YaBrowser/20.7.1.68 Yowser/2.5 Safari/537.36"
178.154.200.81 - - [22/Jul/2020:20:57:31 +0000] "GET /%D1%81%D1%82%D0%BE%D1%8F%D1%82-%D0%BF%D0%B0%D1%81%D1%81%D0%B0%D0%B6%D0%B8%D1%80%D1%8B-%D0%B2-%D0%B0%D1%8D%D1%80%D0%BE%D0%BF%D0%BE%D1%80%D1%82%D1%83-%D0%BF%D0%BE%D1%81%D0%B0%D0%B4%D0%BE%D1%87%D0%BD%D1%8B%D0%B9-%D0%B4%D0%BE%D1%81%D0%BC%D0%BE%D1%82%D1%80/ HTTP/1.1" 200 14430 "-" "Mozilla/5.0 (compatible; YandexBot/3.0; +http://yandex.com/bots)" "-"
178.154.200.81 - - [22/Jul/2020:20:57:31 +0000] "GET /%D1%81%D1%82%D0%BE%D1%8F%D1%82-%D0%BF%D0%B0%D1%81%D1%81%D0%B0%D0%B6%D0%B8%D1%80%D1%8B-%D0%B2-%D0%B0%D1%8D%D1%80%D0%BE%D0%BF%D0%BE%D1%80%D1%82%D1%83-%D0%BF%D0%BE%D1%81%D0%B0%D0%B4%D0%BE%D1%87%D0%BD%D1%8B%D0%B9-%D0%B4%D0%BE%D1%81%D0%BC%D0%BE%D1%82%D1%80/ HTTP/1.1" 200 14430 "-" "Mozilla/5.0 (compatible; YandexBot/3.0; +http://yandex.com/bots)"
193.9.240.231 - - [22/Jul/2020:20:57:33 +0000] "GET /%D0%BF%D0%BE%D1%87%D0%B5%D0%BC%D1%83-%D1%84%D0%B5%D0%BC%D0%B8%D0%BD%D0%B8%D1%81%D1%82%D0%BA%D0%B8-%D0%BF%D0%BB%D0%BE%D1%85%D0%BE-%D0%B3%D0%BE%D1%82%D0%BE%D0%B2%D1%8F%D1%82-%D1%83-%D0%BD%D0%B8%D1%85-%D0%BF%D0%BE%D1%81%D1%82%D0%BE%D1%8F%D0%BD%D0%BD%D0%BE/ HTTP/2.0" 200 13016 "-" "Mozilla/5.0 (Windows NT 6.1; WOW64) AppleWebKit/537.36 (KHTML, like Gecko) Chrome/83.0.4103.106 YaBrowser/20.7.1.68 Yowser/2.5 Safari/537.36" "-"
193.9.240.231 - - [22/Jul/2020:20:57:33 +0000] "GET /%D0%BF%D0%BE%D1%87%D0%B5%D0%BC%D1%83-%D1%84%D0%B5%D0%BC%D0%B8%D0%BD%D0%B8%D1%81%D1%82%D0%BA%D0%B8-%D0%BF%D0%BB%D0%BE%D1%85%D0%BE-%D0%B3%D0%BE%D1%82%D0%BE%D0%B2%D1%8F%D1%82-%D1%83-%D0%BD%D0%B8%D1%85-%D0%BF%D0%BE%D1%81%D1%82%D0%BE%D1%8F%D0%BD%D0%BD%D0%BE/ HTTP/2.0" 200 13016 "-" "Mozilla/5.0 (Windows NT 6.1; WOW64) AppleWebKit/537.36 (KHTML, like Gecko) Chrome/83.0.4103.106 YaBrowser/20.7.1.68 Yowser/2.5 Safari/537.36"
66.249.68.62 - - [22/Jul/2020:20:57:37 +0000] "GET /%D1%83-%D1%83%D0%BA%D1%80%D0%B0%D0%B8%D0%BD%D1%86%D0%B0-%D1%81%D0%BF%D1%80%D0%B0%D1%88%D0%B8%D0%B2%D0%B0%D1%8E%D1%82-%D1%87%D1%82%D0%BE-%D0%B2%D0%B0%D0%BC-%D0%BB%D0%B8%D1%87%D0%BD%D0%BE-%D0%B4%D0%B0%D0%BB-%D0%BC%D0%B0%D0%B9%D0%B4%D0%B0%D0%BD/?p=2 HTTP/1.1" 200 11862 "-" "Mozilla/5.0 (Linux; Android 6.0.1; Nexus 5X Build/MMB29P) AppleWebKit/537.36 (KHTML, like Gecko) Chrome/80.0.3987.92 Mobile Safari/537.36 (compatible; Googlebot/2.1; +http://www.google.com/bot.html)" "-"
66.249.68.62 - - [22/Jul/2020:20:57:37 +0000] "GET /%D1%83-%D1%83%D0%BA%D1%80%D0%B0%D0%B8%D0%BD%D1%86%D0%B0-%D1%81%D0%BF%D1%80%D0%B0%D1%88%D0%B8%D0%B2%D0%B0%D1%8E%D1%82-%D1%87%D1%82%D0%BE-%D0%B2%D0%B0%D0%BC-%D0%BB%D0%B8%D1%87%D0%BD%D0%BE-%D0%B4%D0%B0%D0%BB-%D0%BC%D0%B0%D0%B9%D0%B4%D0%B0%D0%BD/?p=2 HTTP/1.1" 200 11862 "-" "Mozilla/5.0 (Linux; Android 6.0.1; Nexus 5X Build/MMB29P) AppleWebKit/537.36 (KHTML, like Gecko) Chrome/80.0.3987.92 Mobile Safari/537.36 (compatible; Googlebot/2.1; +http://www.google.com/bot.html)"
193.9.240.231 - - [22/Jul/2020:20:57:37 +0000] "GET /tag/%D1%84%D0%B5%D0%BC%D0%B8%D0%BD%D0%B8%D1%81%D1%82%D0%BA%D0%B0/?p=2 HTTP/2.0" 200 10914 "https://baneks.site/tag/%D1%84%D0%B5%D0%BC%D0%B8%D0%BD%D0%B8%D1%81%D1%82%D0%BA%D0%B0/" "Mozilla/5.0 (Windows NT 6.1; WOW64) AppleWebKit/537.36 (KHTML, like Gecko) Chrome/83.0.4103.106 YaBrowser/20.7.1.68 Yowser/2.5 Safari/537.36" "-"
193.9.240.231 - - [22/Jul/2020:20:57:37 +0000] "GET /tag/%D1%84%D0%B5%D0%BC%D0%B8%D0%BD%D0%B8%D1%81%D1%82%D0%BA%D0%B0/?p=2 HTTP/2.0" 200 10914 "https://baneks.site/tag/%D1%84%D0%B5%D0%BC%D0%B8%D0%BD%D0%B8%D1%81%D1%82%D0%BA%D0%B0/" "Mozilla/5.0 (Windows NT 6.1; WOW64) AppleWebKit/537.36 (KHTML, like Gecko) Chrome/83.0.4103.106 YaBrowser/20.7.1.68 Yowser/2.5 Safari/537.36"
193.9.240.231 - - [22/Jul/2020:20:57:37 +0000] "GET /%D0%BF%D0%BE%D1%87%D0%B5%D0%BC%D1%83-%D1%84%D0%B5%D0%BC%D0%B8%D0%BD%D0%B8%D1%81%D1%82%D0%BA%D0%B8-%D0%BF%D0%BB%D0%BE%D1%85%D0%BE-%D0%B3%D0%BE%D1%82%D0%BE%D0%B2%D1%8F%D1%82-%D1%83-%D0%BD%D0%B8%D1%85-%D0%BF%D0%BE%D1%81%D1%82%D0%BE%D1%8F%D0%BD%D0%BD%D0%BE/ HTTP/2.0" 200 13016 "https://baneks.site/%D0%BF%D0%BE%D1%87%D0%B5%D0%BC%D1%83-%D1%84%D0%B5%D0%BC%D0%B8%D0%BD%D0%B8%D1%81%D1%82%D0%BA%D0%B8-%D0%BF%D0%BB%D0%BE%D1%85%D0%BE-%D0%B3%D0%BE%D1%82%D0%BE%D0%B2%D1%8F%D1%82-%D1%83-%D0%BD%D0%B8%D1%85-%D0%BF%D0%BE%D1%81%D1%82%D0%BE%D1%8F%D0%BD%D0%BD%D0%BE/" "Mozilla/5.0 (Windows NT 6.1; WOW64) AppleWebKit/537.36 (KHTML, like Gecko) Chrome/83.0.4103.106 YaBrowser/20.7.1.68 Yowser/2.5 Safari/537.36" "-"
193.9.240.231 - - [22/Jul/2020:20:57:37 +0000] "GET /%D0%BF%D0%BE%D1%87%D0%B5%D0%BC%D1%83-%D1%84%D0%B5%D0%BC%D0%B8%D0%BD%D0%B8%D1%81%D1%82%D0%BA%D0%B8-%D0%BF%D0%BB%D0%BE%D1%85%D0%BE-%D0%B3%D0%BE%D1%82%D0%BE%D0%B2%D1%8F%D1%82-%D1%83-%D0%BD%D0%B8%D1%85-%D0%BF%D0%BE%D1%81%D1%82%D0%BE%D1%8F%D0%BD%D0%BD%D0%BE/ HTTP/2.0" 200 13016 "https://baneks.site/%D0%BF%D0%BE%D1%87%D0%B5%D0%BC%D1%83-%D1%84%D0%B5%D0%BC%D0%B8%D0%BD%D0%B8%D1%81%D1%82%D0%BA%D0%B8-%D0%BF%D0%BB%D0%BE%D1%85%D0%BE-%D0%B3%D0%BE%D1%82%D0%BE%D0%B2%D1%8F%D1%82-%D1%83-%D0%BD%D0%B8%D1%85-%D0%BF%D0%BE%D1%81%D1%82%D0%BE%D1%8F%D0%BD%D0%BD%D0%BE/" "Mozilla/5.0 (Windows NT 6.1; WOW64) AppleWebKit/537.36 (KHTML, like Gecko) Chrome/83.0.4103.106 YaBrowser/20.7.1.68 Yowser/2.5 Safari/537.36"
46.229.168.130 - - [22/Jul/2020:20:57:42 +0000] "GET /%D0%BF%D1%80%D0%B8%D1%85%D0%BE%D0%B4%D0%B8%D1%82-%D0%B7%D0%BE%D0%BE%D1%84%D0%B8%D0%BB-%D0%B2-%D0%BF%D1%80%D0%B8%D1%8E%D1%82-%D0%B4%D0%BB%D1%8F-%D0%B1%D0%B5%D0%B7%D0%B4%D0%BE%D0%BC%D0%BD%D1%8B%D1%85-%D0%B6%D0%B8%D0%B2%D0%BE%D1%82%D0%BD%D1%8B%D1%85-%D0%B0/ HTTP/1.1" 200 13344 "-" "Mozilla/5.0 (compatible; SemrushBot/6~bl; +http://www.semrush.com/bot.html)" "-"
46.229.168.130 - - [22/Jul/2020:20:57:42 +0000] "GET /%D0%BF%D1%80%D0%B8%D1%85%D0%BE%D0%B4%D0%B8%D1%82-%D0%B7%D0%BE%D0%BE%D1%84%D0%B8%D0%BB-%D0%B2-%D0%BF%D1%80%D0%B8%D1%8E%D1%82-%D0%B4%D0%BB%D1%8F-%D0%B1%D0%B5%D0%B7%D0%B4%D0%BE%D0%BC%D0%BD%D1%8B%D1%85-%D0%B6%D0%B8%D0%B2%D0%BE%D1%82%D0%BD%D1%8B%D1%85-%D0%B0/ HTTP/1.1" 200 13344 "-" "Mozilla/5.0 (compatible; SemrushBot/6~bl; +http://www.semrush.com/bot.html)"
45.77.23.81 - - [22/Jul/2020:20:58:06 +0000] "GET / HTTP/1.1" 200 4615 "-" "Mozilla/5.0 (Windows NT 6.2; WOW64) AppleWebKit/537.4 (KHTML, like Gecko) Chrome/98 Safari/537.4 (StatusCake)" "-"
45.77.23.81 - - [22/Jul/2020:20:58:06 +0000] "GET / HTTP/1.1" 200 4615 "-" "Mozilla/5.0 (Windows NT 6.2; WOW64) AppleWebKit/537.4 (KHTML, like Gecko) Chrome/98 Safari/537.4 (StatusCake)"
178.165.55.27 - - [22/Jul/2020:20:58:07 +0000] "GET /%D0%BC%D1%83%D0%B6%D0%B8%D0%BA-%D0%B5%D0%B1%D0%B5%D1%82-%D0%B1%D0%B0%D0%B1%D1%83-%D0%B1%D0%B0%D0%B1%D0%B0-%D0%BD%D0%B0-7%D0%BE%D0%BC-%D0%BD%D0%B5%D0%B1%D0%B5-%D0%BE%D1%82-%D1%81%D1%87%D0%B0%D1%81%D1%82%D1%8C%D1%8F/ HTTP/2.0" 200 13695 "https://www.google.com/" "Mozilla/5.0 (Linux; Android 10; JSN-L21) AppleWebKit/537.36 (KHTML, like Gecko) Chrome/78.0.3904.96 Mobile Safari/537.36" "-"
178.165.55.27 - - [22/Jul/2020:20:58:07 +0000] "GET /%D0%BC%D1%83%D0%B6%D0%B8%D0%BA-%D0%B5%D0%B1%D0%B5%D1%82-%D0%B1%D0%B0%D0%B1%D1%83-%D0%B1%D0%B0%D0%B1%D0%B0-%D0%BD%D0%B0-7%D0%BE%D0%BC-%D0%BD%D0%B5%D0%B1%D0%B5-%D0%BE%D1%82-%D1%81%D1%87%D0%B0%D1%81%D1%82%D1%8C%D1%8F/ HTTP/2.0" 200 13695 "https://www.google.com/" "Mozilla/5.0 (Linux; Android 10; JSN-L21) AppleWebKit/537.36 (KHTML, like Gecko) Chrome/78.0.3904.96 Mobile Safari/537.36"
54.36.148.25 - - [22/Jul/2020:20:58:11 +0000] "GET /%D1%8F-%D1%82%D0%B0%D0%BA-%D0%B4%D0%B0%D0%B2%D0%BD%D0%BE-%D0%BD%D0%B5-%D0%B7%D0%B0%D0%BD%D0%B8%D0%BC%D0%B0%D0%BB%D1%81%D1%8F-%D1%81%D0%B5%D0%BA%D1%81%D0%BE%D0%BC/?p=3 HTTP/2.0" 200 8875 "-" "Mozilla/5.0 (compatible; AhrefsBot/6.1; +http://ahrefs.com/robot/)" "-"
54.36.148.25 - - [22/Jul/2020:20:58:11 +0000] "GET /%D1%8F-%D1%82%D0%B0%D0%BA-%D0%B4%D0%B0%D0%B2%D0%BD%D0%BE-%D0%BD%D0%B5-%D0%B7%D0%B0%D0%BD%D0%B8%D0%BC%D0%B0%D0%BB%D1%81%D1%8F-%D1%81%D0%B5%D0%BA%D1%81%D0%BE%D0%BC/?p=3 HTTP/2.0" 200 8875 "-" "Mozilla/5.0 (compatible; AhrefsBot/6.1; +http://ahrefs.com/robot/)"
31.0.42.247 - - [22/Jul/2020:20:58:17 +0000] "GET /best/?p=2 HTTP/2.0" 200 15943 "https://baneks.site/best/" "Mozilla/5.0 (Linux; Android 9; Redmi 6) AppleWebKit/537.36 (KHTML, like Gecko) Chrome/84.0.4147.89 Mobile Safari/537.36" "-"
31.0.42.247 - - [22/Jul/2020:20:58:17 +0000] "GET /best/?p=2 HTTP/2.0" 200 15943 "https://baneks.site/best/" "Mozilla/5.0 (Linux; Android 9; Redmi 6) AppleWebKit/537.36 (KHTML, like Gecko) Chrome/84.0.4147.89 Mobile Safari/537.36"
178.154.200.81 - - [22/Jul/2020:20:58:21 +0000] "GET /%D0%B2-%D0%B2%D0%B8%D0%BD%D0%BE-%D0%B2%D0%BE%D0%B4%D0%BE%D1%87%D0%BD%D0%BE%D0%BC-%D0%BE%D1%82%D0%B4%D0%B5%D0%BB%D0%B5-%D0%B7%D0%B0%D1%85%D0%BE%D0%B4%D0%B8%D1%82-%D0%BC%D0%B0%D0%BB%D0%B5%D0%BD%D1%8C%D0%BA%D0%B0%D1%8F-%D0%B4%D0%B5%D0%B2%D0%BE%D1%87%D0%BA%D0%B0/?p=1 HTTP/1.1" 200 14060 "-" "Mozilla/5.0 (compatible; YandexBot/3.0; +http://yandex.com/bots)" "-"
178.154.200.81 - - [22/Jul/2020:20:58:21 +0000] "GET /%D0%B2-%D0%B2%D0%B8%D0%BD%D0%BE-%D0%B2%D0%BE%D0%B4%D0%BE%D1%87%D0%BD%D0%BE%D0%BC-%D0%BE%D1%82%D0%B4%D0%B5%D0%BB%D0%B5-%D0%B7%D0%B0%D1%85%D0%BE%D0%B4%D0%B8%D1%82-%D0%BC%D0%B0%D0%BB%D0%B5%D0%BD%D1%8C%D0%BA%D0%B0%D1%8F-%D0%B4%D0%B5%D0%B2%D0%BE%D1%87%D0%BA%D0%B0/?p=1 HTTP/1.1" 200 14060 "-" "Mozilla/5.0 (compatible; YandexBot/3.0; +http://yandex.com/bots)"
31.0.42.247 - - [22/Jul/2020:20:58:25 +0000] "GET /%D0%B6%D0%B8%D1%82%D0%B5%D0%BB%D1%8C-%D1%80%D0%BE%D1%81%D1%81%D0%B8%D0%B9%D1%81%D0%BA%D0%BE%D0%B9-%D0%B3%D0%BB%D1%83%D0%B1%D0%B8%D0%BD%D0%BA%D0%B8-%D0%B2%D1%8B%D1%88%D0%B5%D0%BB-%D0%BD%D0%B0-%D1%83%D0%BB%D0%B8%D1%86%D1%83-%D0%B8-%D1%81%D0%BB%D1%83%D1%87%D0%B0%D0%B9/ HTTP/2.0" 200 12810 "https://baneks.site/best/?p=2" "Mozilla/5.0 (Linux; Android 9; Redmi 6) AppleWebKit/537.36 (KHTML, like Gecko) Chrome/84.0.4147.89 Mobile Safari/537.36" "-"
31.0.42.247 - - [22/Jul/2020:20:58:25 +0000] "GET /%D0%B6%D0%B8%D1%82%D0%B5%D0%BB%D1%8C-%D1%80%D0%BE%D1%81%D1%81%D0%B8%D0%B9%D1%81%D0%BA%D0%BE%D0%B9-%D0%B3%D0%BB%D1%83%D0%B1%D0%B8%D0%BD%D0%BA%D0%B8-%D0%B2%D1%8B%D1%88%D0%B5%D0%BB-%D0%BD%D0%B0-%D1%83%D0%BB%D0%B8%D1%86%D1%83-%D0%B8-%D1%81%D0%BB%D1%83%D1%87%D0%B0%D0%B9/ HTTP/2.0" 200 12810 "https://baneks.site/best/?p=2" "Mozilla/5.0 (Linux; Android 9; Redmi 6) AppleWebKit/537.36 (KHTML, like Gecko) Chrome/84.0.4147.89 Mobile Safari/537.36"
31.0.42.247 - - [22/Jul/2020:20:58:26 +0000] "GET /%D0%B6%D0%B8%D1%82%D0%B5%D0%BB%D1%8C-%D1%80%D0%BE%D1%81%D1%81%D0%B8%D0%B9%D1%81%D0%BA%D0%BE%D0%B9-%D0%B3%D0%BB%D1%83%D0%B1%D0%B8%D0%BD%D0%BA%D0%B8-%D0%B2%D1%8B%D1%88%D0%B5%D0%BB-%D0%BD%D0%B0-%D1%83%D0%BB%D0%B8%D1%86%D1%83-%D0%B8-%D1%81%D0%BB%D1%83%D1%87%D0%B0%D0%B9/ HTTP/2.0" 200 12810 "https://baneks.site/%D0%B6%D0%B8%D1%82%D0%B5%D0%BB%D1%8C-%D1%80%D0%BE%D1%81%D1%81%D0%B8%D0%B9%D1%81%D0%BA%D0%BE%D0%B9-%D0%B3%D0%BB%D1%83%D0%B1%D0%B8%D0%BD%D0%BA%D0%B8-%D0%B2%D1%8B%D1%88%D0%B5%D0%BB-%D0%BD%D0%B0-%D1%83%D0%BB%D0%B8%D1%86%D1%83-%D0%B8-%D1%81%D0%BB%D1%83%D1%87%D0%B0%D0%B9/" "Mozilla/5.0 (Linux; Android 9; Redmi 6) AppleWebKit/537.36 (KHTML, like Gecko) Chrome/84.0.4147.89 Mobile Safari/537.36" "-"
31.0.42.247 - - [22/Jul/2020:20:58:26 +0000] "GET /%D0%B6%D0%B8%D1%82%D0%B5%D0%BB%D1%8C-%D1%80%D0%BE%D1%81%D1%81%D0%B8%D0%B9%D1%81%D0%BA%D0%BE%D0%B9-%D0%B3%D0%BB%D1%83%D0%B1%D0%B8%D0%BD%D0%BA%D0%B8-%D0%B2%D1%8B%D1%88%D0%B5%D0%BB-%D0%BD%D0%B0-%D1%83%D0%BB%D0%B8%D1%86%D1%83-%D0%B8-%D1%81%D0%BB%D1%83%D1%87%D0%B0%D0%B9/ HTTP/2.0" 200 12810 "https://baneks.site/%D0%B6%D0%B8%D1%82%D0%B5%D0%BB%D1%8C-%D1%80%D0%BE%D1%81%D1%81%D0%B8%D0%B9%D1%81%D0%BA%D0%BE%D0%B9-%D0%B3%D0%BB%D1%83%D0%B1%D0%B8%D0%BD%D0%BA%D0%B8-%D0%B2%D1%8B%D1%88%D0%B5%D0%BB-%D0%BD%D0%B0-%D1%83%D0%BB%D0%B8%D1%86%D1%83-%D0%B8-%D1%81%D0%BB%D1%83%D1%87%D0%B0%D0%B9/" "Mozilla/5.0 (Linux; Android 9; Redmi 6) AppleWebKit/537.36 (KHTML, like Gecko) Chrome/84.0.4147.89 Mobile Safari/537.36"
188.163.20.119 - - [22/Jul/2020:20:58:29 +0000] "GET /%D0%B6%D0%B8%D0%BB%D0%B0-%D0%B1%D1%8B%D0%BB%D0%B0-%D0%BD%D0%B0-%D1%81%D0%B2%D0%B5%D1%82%D0%B5-%D0%B4%D0%B0%D0%B2%D0%BD%D1%8B%D0%BC-%D0%B4%D0%B0%D0%B2%D0%BD%D0%BE/ HTTP/2.0" 200 17738 "https://baneks.site/best/" "Mozilla/5.0 (iPhone; CPU iPhone OS 13_5 like Mac OS X) AppleWebKit/605.1.15 (KHTML, like Gecko) CriOS/84.0.4147.71 Mobile/15E148 Safari/604.1" "-"
188.163.20.119 - - [22/Jul/2020:20:58:29 +0000] "GET /%D0%B6%D0%B8%D0%BB%D0%B0-%D0%B1%D1%8B%D0%BB%D0%B0-%D0%BD%D0%B0-%D1%81%D0%B2%D0%B5%D1%82%D0%B5-%D0%B4%D0%B0%D0%B2%D0%BD%D1%8B%D0%BC-%D0%B4%D0%B0%D0%B2%D0%BD%D0%BE/ HTTP/2.0" 200 17738 "https://baneks.site/best/" "Mozilla/5.0 (iPhone; CPU iPhone OS 13_5 like Mac OS X) AppleWebKit/605.1.15 (KHTML, like Gecko) CriOS/84.0.4147.71 Mobile/15E148 Safari/604.1"
31.0.42.247 - - [22/Jul/2020:20:58:31 +0000] "GET /%D0%B0p%D0%BC%D0%B8%D1%8F-%D0%BF%D0%BE%D1%81%D1%82p%D0%BE%D0%B5%D0%BD%D0%B8%D0%B5-%D0%BD%D0%BE%D0%B2%D0%BE%D0%B1p%D0%B0%D0%BD%D1%86%D1%8B/ HTTP/2.0" 200 15881 "https://baneks.site/best/?p=2" "Mozilla/5.0 (Linux; Android 9; Redmi 6) AppleWebKit/537.36 (KHTML, like Gecko) Chrome/84.0.4147.89 Mobile Safari/537.36" "-"
31.0.42.247 - - [22/Jul/2020:20:58:31 +0000] "GET /%D0%B0p%D0%BC%D0%B8%D1%8F-%D0%BF%D0%BE%D1%81%D1%82p%D0%BE%D0%B5%D0%BD%D0%B8%D0%B5-%D0%BD%D0%BE%D0%B2%D0%BE%D0%B1p%D0%B0%D0%BD%D1%86%D1%8B/ HTTP/2.0" 200 15881 "https://baneks.site/best/?p=2" "Mozilla/5.0 (Linux; Android 9; Redmi 6) AppleWebKit/537.36 (KHTML, like Gecko) Chrome/84.0.4147.89 Mobile Safari/537.36"
31.0.42.247 - - [22/Jul/2020:20:58:33 +0000] "GET /%D0%B0p%D0%BC%D0%B8%D1%8F-%D0%BF%D0%BE%D1%81%D1%82p%D0%BE%D0%B5%D0%BD%D0%B8%D0%B5-%D0%BD%D0%BE%D0%B2%D0%BE%D0%B1p%D0%B0%D0%BD%D1%86%D1%8B/ HTTP/2.0" 200 15881 "https://baneks.site/%D0%B0p%D0%BC%D0%B8%D1%8F-%D0%BF%D0%BE%D1%81%D1%82p%D0%BE%D0%B5%D0%BD%D0%B8%D0%B5-%D0%BD%D0%BE%D0%B2%D0%BE%D0%B1p%D0%B0%D0%BD%D1%86%D1%8B/" "Mozilla/5.0 (Linux; Android 9; Redmi 6) AppleWebKit/537.36 (KHTML, like Gecko) Chrome/84.0.4147.89 Mobile Safari/537.36" "-"
31.0.42.247 - - [22/Jul/2020:20:58:33 +0000] "GET /%D0%B0p%D0%BC%D0%B8%D1%8F-%D0%BF%D0%BE%D1%81%D1%82p%D0%BE%D0%B5%D0%BD%D0%B8%D0%B5-%D0%BD%D0%BE%D0%B2%D0%BE%D0%B1p%D0%B0%D0%BD%D1%86%D1%8B/ HTTP/2.0" 200 15881 "https://baneks.site/%D0%B0p%D0%BC%D0%B8%D1%8F-%D0%BF%D0%BE%D1%81%D1%82p%D0%BE%D0%B5%D0%BD%D0%B8%D0%B5-%D0%BD%D0%BE%D0%B2%D0%BE%D0%B1p%D0%B0%D0%BD%D1%86%D1%8B/" "Mozilla/5.0 (Linux; Android 9; Redmi 6) AppleWebKit/537.36 (KHTML, like Gecko) Chrome/84.0.4147.89 Mobile Safari/537.36"
46.229.168.149 - - [22/Jul/2020:20:58:35 +0000] "GET /%D0%B2%D1%81%D1%82%D1%80%D0%B5%D1%87%D0%B0%D1%8E%D1%82%D1%81%D1%8F-%D0%B4%D0%B2%D0%B0-%D1%8D%D1%81%D1%8D%D1%81%D0%BE%D0%B2%D1%86%D0%B0-%D0%B2-%D0%BE%D1%82%D0%BF%D1%83%D1%81%D0%BA%D0%B5/ HTTP/1.1" 200 13928 "-" "Mozilla/5.0 (compatible; SemrushBot/6~bl; +http://www.semrush.com/bot.html)" "-"
46.229.168.149 - - [22/Jul/2020:20:58:35 +0000] "GET /%D0%B2%D1%81%D1%82%D1%80%D0%B5%D1%87%D0%B0%D1%8E%D1%82%D1%81%D1%8F-%D0%B4%D0%B2%D0%B0-%D1%8D%D1%81%D1%8D%D1%81%D0%BE%D0%B2%D1%86%D0%B0-%D0%B2-%D0%BE%D1%82%D0%BF%D1%83%D1%81%D0%BA%D0%B5/ HTTP/1.1" 200 13928 "-" "Mozilla/5.0 (compatible; SemrushBot/6~bl; +http://www.semrush.com/bot.html)"
66.249.68.62 - - [22/Jul/2020:20:58:39 +0000] "GET /tag/%D0%B4%D0%B5%D0%B2%D0%BE%D1%87%D0%BA%D0%B0/?p=4 HTTP/1.1" 200 11297 "-" "Mozilla/5.0 (Linux; Android 6.0.1; Nexus 5X Build/MMB29P) AppleWebKit/537.36 (KHTML, like Gecko) Chrome/80.0.3987.92 Mobile Safari/537.36 (compatible; Googlebot/2.1; +http://www.google.com/bot.html)" "-"
66.249.68.62 - - [22/Jul/2020:20:58:39 +0000] "GET /tag/%D0%B4%D0%B5%D0%B2%D0%BE%D1%87%D0%BA%D0%B0/?p=4 HTTP/1.1" 200 11297 "-" "Mozilla/5.0 (Linux; Android 6.0.1; Nexus 5X Build/MMB29P) AppleWebKit/537.36 (KHTML, like Gecko) Chrome/80.0.3987.92 Mobile Safari/537.36 (compatible; Googlebot/2.1; +http://www.google.com/bot.html)"
46.229.168.131 - - [22/Jul/2020:20:58:46 +0000] "GET /%D0%BD%D0%B5-%D0%B1%D0%BE%D0%B9%D1%82%D0%B5%D1%81%D1%8C-%D0%B3%D1%80%D0%B0%D0%BD%D0%B0%D1%82%D1%8B-%D0%BE%D0%BD%D0%B0/?p=2 HTTP/1.1" 200 8009 "-" "Mozilla/5.0 (compatible; SemrushBot/6~bl; +http://www.semrush.com/bot.html)" "-"
