46.229.168.133 - - [22/Jul/2020:21:05:22 +0000] "GET /%D0%A2%D0%B5%D1%85%D0%B0%D1%81-1873-%D0%B3%D0%BE%D0%B4-%D0%BE%D0%B1%D0%B2%D0%B5%D1%82%D1%88%D0%B0%D0%BB%D1%8B%D0%B9-%D1%81%D0%B0%D0%BB%D1%83%D0%BD-%D1%82%D0%B0%D0%BF%D0%B5%D1%80-%D0%B1%D1%80%D0%B5%D0%BD%D1%87%D0%B8%D1%82-%D0%BD%D0%B0/?p=3 HTTP/1.1" 200 9804 "-" "Mozilla/5.0 (compatible; SemrushBot/6~bl; +http://www.semrush.com/bot.html)"
178.154.200.81 - - [22/Jul/2020:21:05:25 +0000] "GET /%D0%BC%D1%83%D0%B6%D0%B8%D0%BA-%D0%B5%D0%B1%D0%B5%D1%82-%D0%B1%D0%B0%D0%B1%D1%83-%D0%B1%D0%B0%D0%B1%D0%B0-%D0%BD%D0%B0-7%D0%BE%D0%BC-%D0%BD%D0%B5%D0%B1%D0%B5-%D0%BE%D1%82-%D1%81%D1%87%D0%B0%D1%81%D1%82%D1%8C%D1%8F/ HTTP/1.1" 200 13877 "-" "Mozilla/5.0 (compatible; YandexBot/3.0; +http://yandex.com/bots)" "-"
178.154.200.81 - - [22/Jul/2020:21:05:25 +0000] "GET /%D0%BC%D1%83%D0%B6%D0%B8%D0%BA-%D0%B5%D0%B1%D0%B5%D1%82-%D0%B1%D0%B0%D0%B1%D1%83-%D0%B1%D0%B0%D0%B1%D0%B0-%D0%BD%D0%B0-7%D0%BE%D0%BC-%D0%BD%D0%B5%D0%B1%D0%B5-%D0%BE%D1%82-%D1%81%D1%87%D0%B0%D1%81%D1%82%D1%8C%D1%8F/ HTTP/1.1" 200 13877 "-" "Mozilla/5.0 (compatible; YandexBot/3.0; +http://yandex.com/bots)"
66.249.68.62 - - [22/Jul/2020:21:05:25 +0000] "GET /%D1%87%D1%82%D0%BE-%D1%81%D0%BA%D0%B0%D0%B7%D0%B0%D0%BB-%D0%BC%D1%83%D0%B6-%D0%B7%D0%B8%D0%B1%D0%B8%D1%80%D0%B0%D1%8F-%D1%83-%D0%B6%D0%B5%D0%BD%D1%8B-%D1%80%D0%B5%D0%B7%D0%B8%D0%BD%D0%BE%D0%B2%D1%8B%D0%B9-%D1%87%D0%BB%D0%B5%D0%BD/?p=2 HTTP/1.1" 200 13626 "-" "Mozilla/5.0 (compatible; Googlebot/2.1; +http://www.google.com/bot.html)" "-"
66.249.68.62 - - [22/Jul/2020:21:05:25 +0000] "GET /%D1%87%D1%82%D0%BE-%D1%81%D0%BA%D0%B0%D0%B7%D0%B0%D0%BB-%D0%BC%D1%83%D0%B6-%D0%B7%D0%B8%D0%B1%D0%B8%D1%80%D0%B0%D1%8F-%D1%83-%D0%B6%D0%B5%D0%BD%D1%8B-%D1%80%D0%B5%D0%B7%D0%B8%D0%BD%D0%BE%D0%B2%D1%8B%D0%B9-%D1%87%D0%BB%D0%B5%D0%BD/?p=2 HTTP/1.1" 200 13626 "-" "Mozilla/5.0 (compatible; Googlebot/2.1; +http://www.google.com/bot.html)"
178.236.140.152 - - [22/Jul/2020:21:05:30 +0000] "GET /%D0%9F%D0%B5%D1%82%D1%8C%D0%BA%D0%B0-%D0%B0-%D0%B8%D0%B7%D0%B2%D0%B5%D1%81%D1%82%D0%BD%D0%BE-%D0%BB%D0%B8-%D1%82%D0%B5%D0%B1%D0%B5-%D1%87%D1%82%D0%BE-%D1%82%D0%B0%D0%BA%D0%BE%D0%B5-%D0%BF%D0%B5%D1%80%D1%81%D0%BF%D0%B5%D0%BA%D1%82%D0%B8%D0%B2%D0%B0/ HTTP/2.0" 200 14048 "https://yandex.ru/" "Mozilla/5.0 (Windows NT 6.1; WOW64) AppleWebKit/537.36 (KHTML, like Gecko) Chrome/83.0.4103.106 YaBrowser/20.7.1.68 Yowser/2.5 Yptp/1.23 Safari/537.36" "-"
178.236.140.152 - - [22/Jul/2020:21:05:30 +0000] "GET /%D0%9F%D0%B5%D1%82%D1%8C%D0%BA%D0%B0-%D0%B0-%D0%B8%D0%B7%D0%B2%D0%B5%D1%81%D1%82%D0%BD%D0%BE-%D0%BB%D0%B8-%D1%82%D0%B5%D0%B1%D0%B5-%D1%87%D1%82%D0%BE-%D1%82%D0%B0%D0%BA%D0%BE%D0%B5-%D0%BF%D0%B5%D1%80%D1%81%D0%BF%D0%B5%D0%BA%D1%82%D0%B8%D0%B2%D0%B0/ HTTP/2.0" 200 14048 "https://yandex.ru/" "Mozilla/5.0 (Windows NT 6.1; WOW64) AppleWebKit/537.36 (KHTML, like Gecko) Chrome/83.0.4103.106 YaBrowser/20.7.1.68 Yowser/2.5 Yptp/1.23 Safari/537.36"
178.236.140.152 - - [22/Jul/2020:21:05:32 +0000] "GET /%D0%9F%D0%B5%D1%82%D1%8C%D0%BA%D0%B0-%D0%B0-%D0%B8%D0%B7%D0%B2%D0%B5%D1%81%D1%82%D0%BD%D0%BE-%D0%BB%D0%B8-%D1%82%D0%B5%D0%B1%D0%B5-%D1%87%D1%82%D0%BE-%D1%82%D0%B0%D0%BA%D0%BE%D0%B5-%D0%BF%D0%B5%D1%80%D1%81%D0%BF%D0%B5%D0%BA%D1%82%D0%B8%D0%B2%D0%B0/ HTTP/2.0" 200 14048 "https://baneks.site/%D0%9F%D0%B5%D1%82%D1%8C%D0%BA%D0%B0-%D0%B0-%D0%B8%D0%B7%D0%B2%D0%B5%D1%81%D1%82%D0%BD%D0%BE-%D0%BB%D0%B8-%D1%82%D0%B5%D0%B1%D0%B5-%D1%87%D1%82%D0%BE-%D1%82%D0%B0%D0%BA%D0%BE%D0%B5-%D0%BF%D0%B5%D1%80%D1%81%D0%BF%D0%B5%D0%BA%D1%82%D0%B8%D0%B2%D0%B0/" "Mozilla/5.0 (Windows NT 6.1; WOW64) AppleWebKit/537.36 (KHTML, like Gecko) Chrome/83.0.4103.106 YaBrowser/20.7.1.68 Yowser/2.5 Yptp/1.23 Safari/537.36" "-"
178.236.140.152 - - [22/Jul/2020:21:05:32 +0000] "GET /%D0%9F%D0%B5%D1%82%D1%8C%D0%BA%D0%B0-%D0%B0-%D0%B8%D0%B7%D0%B2%D0%B5%D1%81%D1%82%D0%BD%D0%BE-%D0%BB%D0%B8-%D1%82%D0%B5%D0%B1%D0%B5-%D1%87%D1%82%D0%BE-%D1%82%D0%B0%D0%BA%D0%BE%D0%B5-%D0%BF%D0%B5%D1%80%D1%81%D0%BF%D0%B5%D0%BA%D1%82%D0%B8%D0%B2%D0%B0/ HTTP/2.0" 200 14048 "https://baneks.site/%D0%9F%D0%B5%D1%82%D1%8C%D0%BA%D0%B0-%D0%B0-%D0%B8%D0%B7%D0%B2%D0%B5%D1%81%D1%82%D0%BD%D0%BE-%D0%BB%D0%B8-%D1%82%D0%B5%D0%B1%D0%B5-%D1%87%D1%82%D0%BE-%D1%82%D0%B0%D0%BA%D0%BE%D0%B5-%D0%BF%D0%B5%D1%80%D1%81%D0%BF%D0%B5%D0%BA%D1%82%D0%B8%D0%B2%D0%B0/" "Mozilla/5.0 (Windows NT 6.1; WOW64) AppleWebKit/537.36 (KHTML, like Gecko) Chrome/83.0.4103.106 YaBrowser/20.7.1.68 Yowser/2.5 Yptp/1.23 Safari/537.36"
144.76.6.230 - - [22/Jul/2020:21:05:32 +0000] "GET /tag/%D1%86%D0%B8%D1%80%D0%BA/ HTTP/1.1" 200 10729 "-" "Mozilla/5.0 (compatible; MJ12bot/v1.4.8; http://mj12bot.com/)" "-"
144.76.6.230 - - [22/Jul/2020:21:05:32 +0000] "GET /tag/%D1%86%D0%B8%D1%80%D0%BA/ HTTP/1.1" 200 10729 "-" "Mozilla/5.0 (compatible; MJ12bot/v1.4.8; http://mj12bot.com/)"
46.229.168.161 - - [22/Jul/2020:21:05:34 +0000] "GET /%D0%BF%D0%BE%D1%80%D1%82%D1%80%D0%B5%D1%82%D1%8B-%D0%98%D1%80%D0%B0%D0%BA%D0%BB%D0%B8%D1%8F-%D0%9F%D0%B8%D1%80%D1%86%D1%85%D0%B0%D0%BB%D0%B0%D0%B2%D1%8B-%D0%98%D0%BD%D0%B3%D0%B5%D0%B1%D0%BE%D1%80%D0%B3%D0%B8-%D0%94%D0%B0%D0%BF%D0%BA%D1%83%D0%BD%D0%B0%D0%B9%D1%82%D0%B5-%D0%B8/ HTTP/1.1" 200 13390 "-" "Mozilla/5.0 (compatible; SemrushBot/6~bl; +http://www.semrush.com/bot.html)" "-"
46.229.168.161 - - [22/Jul/2020:21:05:34 +0000] "GET /%D0%BF%D0%BE%D1%80%D1%82%D1%80%D0%B5%D1%82%D1%8B-%D0%98%D1%80%D0%B0%D0%BA%D0%BB%D0%B8%D1%8F-%D0%9F%D0%B8%D1%80%D1%86%D1%85%D0%B0%D0%BB%D0%B0%D0%B2%D1%8B-%D0%98%D0%BD%D0%B3%D0%B5%D0%B1%D0%BE%D1%80%D0%B3%D0%B8-%D0%94%D0%B0%D0%BF%D0%BA%D1%83%D0%BD%D0%B0%D0%B9%D1%82%D0%B5-%D0%B8/ HTTP/1.1" 200 13390 "-" "Mozilla/5.0 (compatible; SemrushBot/6~bl; +http://www.semrush.com/bot.html)"
40.77.167.236 - - [22/Jul/2020:21:05:37 +0000] "GET /%D1%81%D0%B5%D1%80%D0%B6%D0%B0%D0%BD%D1%82-%D0%BF%D1%80%D0%B8%D0%B1%D0%B5%D0%B3%D0%B0%D0%B5%D1%82-%D0%BA-%D0%BF%D1%80%D0%B0%D0%BF%D0%BE%D1%80%D1%89%D0%B8%D0%BA%D1%83-%D1%82%D0%BE%D0%B2%D0%B0%D1%80%D0%B8%D1%89-%D0%BF%D1%80%D0%B0%D0%BF%D0%BE%D1%80%D1%89%D0%B8%D0%BA/?p=2 HTTP/1.1" 200 12713 "-" "Mozilla/5.0 (compatible; bingbot/2.0; +http://www.bing.com/bingbot.htm)" "-"
40.77.167.236 - - [22/Jul/2020:21:05:37 +0000] "GET /%D1%81%D0%B5%D1%80%D0%B6%D0%B0%D0%BD%D1%82-%D0%BF%D1%80%D0%B8%D0%B1%D0%B5%D0%B3%D0%B0%D0%B5%D1%82-%D0%BA-%D0%BF%D1%80%D0%B0%D0%BF%D0%BE%D1%80%D1%89%D0%B8%D0%BA%D1%83-%D1%82%D0%BE%D0%B2%D0%B0%D1%80%D0%B8%D1%89-%D0%BF%D1%80%D0%B0%D0%BF%D0%BE%D1%80%D1%89%D0%B8%D0%BA/?p=2 HTTP/1.1" 200 12713 "-" "Mozilla/5.0 (compatible; bingbot/2.0; +http://www.bing.com/bingbot.htm)"
176.59.48.175 - - [22/Jul/2020:21:05:38 +0000] "GET /%D0%B2%D1%81%D1%82%D1%80%D0%B5%D1%87%D0%B0%D1%8E%D1%82%D1%81%D1%8F-%D0%BA%D0%BE%D0%B2%D0%B1%D0%BE%D0%B9-%D0%B8-%D0%B8%D0%BD%D0%B4%D0%B5%D0%B5%D1%86-%D1%81%D1%82%D0%BE%D1%8F%D1%82-%D1%81%D0%BC%D0%BE%D1%82%D1%80%D1%8F%D1%82/ HTTP/2.0" 200 13117 "https://yandex.ru/" "Mozilla/5.0 (Linux; Android 9; Mi 9 Lite) AppleWebKit/537.36 (KHTML, like Gecko) Chrome/83.0.4103.106 Mobile Safari/537.36" "-"
176.59.48.175 - - [22/Jul/2020:21:05:38 +0000] "GET /%D0%B2%D1%81%D1%82%D1%80%D0%B5%D1%87%D0%B0%D1%8E%D1%82%D1%81%D1%8F-%D0%BA%D0%BE%D0%B2%D0%B1%D0%BE%D0%B9-%D0%B8-%D0%B8%D0%BD%D0%B4%D0%B5%D0%B5%D1%86-%D1%81%D1%82%D0%BE%D1%8F%D1%82-%D1%81%D0%BC%D0%BE%D1%82%D1%80%D1%8F%D1%82/ HTTP/2.0" 200 13117 "https://yandex.ru/" "Mozilla/5.0 (Linux; Android 9; Mi 9 Lite) AppleWebKit/537.36 (KHTML, like Gecko) Chrome/83.0.4103.106 Mobile Safari/537.36"
176.59.48.175 - - [22/Jul/2020:21:05:40 +0000] "GET /%D0%B2%D1%81%D1%82%D1%80%D0%B5%D1%87%D0%B0%D1%8E%D1%82%D1%81%D1%8F-%D0%BA%D0%BE%D0%B2%D0%B1%D0%BE%D0%B9-%D0%B8-%D0%B8%D0%BD%D0%B4%D0%B5%D0%B5%D1%86-%D1%81%D1%82%D0%BE%D1%8F%D1%82-%D1%81%D0%BC%D0%BE%D1%82%D1%80%D1%8F%D1%82/ HTTP/2.0" 200 13117 "https://baneks.site/%D0%B2%D1%81%D1%82%D1%80%D0%B5%D1%87%D0%B0%D1%8E%D1%82%D1%81%D1%8F-%D0%BA%D0%BE%D0%B2%D0%B1%D0%BE%D0%B9-%D0%B8-%D0%B8%D0%BD%D0%B4%D0%B5%D0%B5%D1%86-%D1%81%D1%82%D0%BE%D1%8F%D1%82-%D1%81%D0%BC%D0%BE%D1%82%D1%80%D1%8F%D1%82/" "Mozilla/5.0 (Linux; Android 9; Mi 9 Lite) AppleWebKit/537.36 (KHTML, like Gecko) Chrome/83.0.4103.106 Mobile Safari/537.36" "-"
176.59.48.175 - - [22/Jul/2020:21:05:40 +0000] "GET /%D0%B2%D1%81%D1%82%D1%80%D0%B5%D1%87%D0%B0%D1%8E%D1%82%D1%81%D1%8F-%D0%BA%D0%BE%D0%B2%D0%B1%D0%BE%D0%B9-%D0%B8-%D0%B8%D0%BD%D0%B4%D0%B5%D0%B5%D1%86-%D1%81%D1%82%D0%BE%D1%8F%D1%82-%D1%81%D0%BC%D0%BE%D1%82%D1%80%D1%8F%D1%82/ HTTP/2.0" 200 13117 "https://baneks.site/%D0%B2%D1%81%D1%82%D1%80%D0%B5%D1%87%D0%B0%D1%8E%D1%82%D1%81%D1%8F-%D0%BA%D0%BE%D0%B2%D0%B1%D0%BE%D0%B9-%D0%B8-%D0%B8%D0%BD%D0%B4%D0%B5%D0%B5%D1%86-%D1%81%D1%82%D0%BE%D1%8F%D1%82-%D1%81%D0%BC%D0%BE%D1%82%D1%80%D1%8F%D1%82/" "Mozilla/5.0 (Linux; Android 9; Mi 9 Lite) AppleWebKit/537.36 (KHTML, like Gecko) Chrome/83.0.4103.106 Mobile Safari/537.36"
178.154.200.81 - - [22/Jul/2020:21:05:48 +0000] "GET /%D0%9F%D0%B5%D1%82%D1%8C%D0%BA%D0%B0-%D0%B0-%D0%B8%D0%B7%D0%B2%D0%B5%D1%81%D1%82%D0%BD%D0%BE-%D0%BB%D0%B8-%D1%82%D0%B5%D0%B1%D0%B5-%D1%87%D1%82%D0%BE-%D1%82%D0%B0%D0%BA%D0%BE%D0%B5-%D0%BF%D0%B5%D1%80%D1%81%D0%BF%D0%B5%D0%BA%D1%82%D0%B8%D0%B2%D0%B0/ HTTP/1.1" 200 14230 "-" "Mozilla/5.0 (compatible; YandexBot/3.0; +http://yandex.com/bots)" "-"
178.154.200.81 - - [22/Jul/2020:21:05:48 +0000] "GET /%D0%9F%D0%B5%D1%82%D1%8C%D0%BA%D0%B0-%D0%B0-%D0%B8%D0%B7%D0%B2%D0%B5%D1%81%D1%82%D0%BD%D0%BE-%D0%BB%D0%B8-%D1%82%D0%B5%D0%B1%D0%B5-%D1%87%D1%82%D0%BE-%D1%82%D0%B0%D0%BA%D0%BE%D0%B5-%D0%BF%D0%B5%D1%80%D1%81%D0%BF%D0%B5%D0%BA%D1%82%D0%B8%D0%B2%D0%B0/ HTTP/1.1" 200 14230 "-" "Mozilla/5.0 (compatible; YandexBot/3.0; +http://yandex.com/bots)"
46.229.168.149 - - [22/Jul/2020:21:05:50 +0000] "GET /tag/%D0%BD%D0%B0%D1%80%D0%BA%D0%BE%D0%BC%D0%B0%D0%BD/?p=12 HTTP/1.1" 200 11160 "-" "Mozilla/5.0 (compatible; SemrushBot/6~bl; +http://www.semrush.com/bot.html)" "-"
46.229.168.149 - - [22/Jul/2020:21:05:50 +0000] "GET /tag/%D0%BD%D0%B0%D1%80%D0%BA%D0%BE%D0%BC%D0%B0%D0%BD/?p=12 HTTP/1.1" 200 11160 "-" "Mozilla/5.0 (compatible; SemrushBot/6~bl; +http://www.semrush.com/bot.html)"
66.249.68.33 - - [22/Jul/2020:21:05:53 +0000] "GET /%D0%B7%D0%B0%D1%85%D0%BE%D0%B4%D0%B8%D1%82-%D0%B2-%D0%B1%D0%B0%D1%80-%D0%BF%D0%B0%D0%BD%D0%BA-%D1%81-%D0%BF%D0%BE%D0%BF%D1%83%D0%B3%D0%B0%D0%B5%D0%BC-%D0%BD%D0%B0-%D0%BF%D0%BB%D0%B5%D1%87%D0%B5-%D0%B1%D0%B0%D1%80%D0%BC%D0%B5%D0%BD/ HTTP/1.1" 304 0 "-" "Mozilla/5.0 (Linux; Android 6.0.1; Nexus 5X Build/MMB29P) AppleWebKit/537.36 (KHTML, like Gecko) Chrome/80.0.3987.92 Mobile Safari/537.36 (compatible; Googlebot/2.1; +http://www.google.com/bot.html)" "-"
66.249.68.33 - - [22/Jul/2020:21:05:53 +0000] "GET /%D0%B7%D0%B0%D1%85%D0%BE%D0%B4%D0%B8%D1%82-%D0%B2-%D0%B1%D0%B0%D1%80-%D0%BF%D0%B0%D0%BD%D0%BA-%D1%81-%D0%BF%D0%BE%D0%BF%D1%83%D0%B3%D0%B0%D0%B5%D0%BC-%D0%BD%D0%B0-%D0%BF%D0%BB%D0%B5%D1%87%D0%B5-%D0%B1%D0%B0%D1%80%D0%BC%D0%B5%D0%BD/ HTTP/1.1" 304 0 "-" "Mozilla/5.0 (Linux; Android 6.0.1; Nexus 5X Build/MMB29P) AppleWebKit/537.36 (KHTML, like Gecko) Chrome/80.0.3987.92 Mobile Safari/537.36 (compatible; Googlebot/2.1; +http://www.google.com/bot.html)"
144.76.6.230 - - [22/Jul/2020:21:05:56 +0000] "GET /tag/%D1%86%D0%B8%D1%80%D0%BA/?p=1/ HTTP/1.1" 404 3869 "-" "Mozilla/5.0 (compatible; MJ12bot/v1.4.8; http://mj12bot.com/)" "-"
144.76.6.230 - - [22/Jul/2020:21:05:56 +0000] "GET /tag/%D1%86%D0%B8%D1%80%D0%BA/?p=1/ HTTP/1.1" 404 3869 "-" "Mozilla/5.0 (compatible; MJ12bot/v1.4.8; http://mj12bot.com/)"
93.100.94.52 - - [22/Jul/2020:21:06:02 +0000] "GET /%D1%81%D1%82%D0%BE%D1%8F%D1%82-%D0%BF%D0%B0%D1%81%D1%81%D0%B0%D0%B6%D0%B8%D1%80%D1%8B-%D0%B2-%D0%B0%D1%8D%D1%80%D0%BE%D0%BF%D0%BE%D1%80%D1%82%D1%83-%D0%BF%D0%BE%D1%81%D0%B0%D0%B4%D0%BE%D1%87%D0%BD%D1%8B%D0%B9-%D0%B4%D0%BE%D1%81%D0%BC%D0%BE%D1%82%D1%80/?p=4 HTTP/2.0" 200 15406 "https://www.google.com/" "Mozilla/5.0 (Windows NT 10.0; Win64; x64) AppleWebKit/537.36 (KHTML, like Gecko) Chrome/84.0.4147.89 Safari/537.36" "-"
93.100.94.52 - - [22/Jul/2020:21:06:02 +0000] "GET /%D1%81%D1%82%D0%BE%D1%8F%D1%82-%D0%BF%D0%B0%D1%81%D1%81%D0%B0%D0%B6%D0%B8%D1%80%D1%8B-%D0%B2-%D0%B0%D1%8D%D1%80%D0%BE%D0%BF%D0%BE%D1%80%D1%82%D1%83-%D0%BF%D0%BE%D1%81%D0%B0%D0%B4%D0%BE%D1%87%D0%BD%D1%8B%D0%B9-%D0%B4%D0%BE%D1%81%D0%BC%D0%BE%D1%82%D1%80/?p=4 HTTP/2.0" 200 15406 "https://www.google.com/" "Mozilla/5.0 (Windows NT 10.0; Win64; x64) AppleWebKit/537.36 (KHTML, like Gecko) Chrome/84.0.4147.89 Safari/537.36"
93.100.94.52 - - [22/Jul/2020:21:06:03 +0000] "GET /%D1%81%D1%82%D0%BE%D1%8F%D1%82-%D0%BF%D0%B0%D1%81%D1%81%D0%B0%D0%B6%D0%B8%D1%80%D1%8B-%D0%B2-%D0%B0%D1%8D%D1%80%D0%BE%D0%BF%D0%BE%D1%80%D1%82%D1%83-%D0%BF%D0%BE%D1%81%D0%B0%D0%B4%D0%BE%D1%87%D0%BD%D1%8B%D0%B9-%D0%B4%D0%BE%D1%81%D0%BC%D0%BE%D1%82%D1%80/?p=4 HTTP/2.0" 200 15406 "https://baneks.site/%D1%81%D1%82%D0%BE%D1%8F%D1%82-%D0%BF%D0%B0%D1%81%D1%81%D0%B0%D0%B6%D0%B8%D1%80%D1%8B-%D0%B2-%D0%B0%D1%8D%D1%80%D0%BE%D0%BF%D0%BE%D1%80%D1%82%D1%83-%D0%BF%D0%BE%D1%81%D0%B0%D0%B4%D0%BE%D1%87%D0%BD%D1%8B%D0%B9-%D0%B4%D0%BE%D1%81%D0%BC%D0%BE%D1%82%D1%80/?p=4" "Mozilla/5.0 (Windows NT 10.0; Win64; x64) AppleWebKit/537.36 (KHTML, like Gecko) Chrome/84.0.4147.89 Safari/537.36" "-"
93.100.94.52 - - [22/Jul/2020:21:06:03 +0000] "GET /%D1%81%D1%82%D0%BE%D1%8F%D1%82-%D0%BF%D0%B0%D1%81%D1%81%D0%B0%D0%B6%D0%B8%D1%80%D1%8B-%D0%B2-%D0%B0%D1%8D%D1%80%D0%BE%D0%BF%D0%BE%D1%80%D1%82%D1%83-%D0%BF%D0%BE%D1%81%D0%B0%D0%B4%D0%BE%D1%87%D0%BD%D1%8B%D0%B9-%D0%B4%D0%BE%D1%81%D0%BC%D0%BE%D1%82%D1%80/?p=4 HTTP/2.0" 200 15406 "https://baneks.site/%D1%81%D1%82%D0%BE%D1%8F%D1%82-%D0%BF%D0%B0%D1%81%D1%81%D0%B0%D0%B6%D0%B8%D1%80%D1%8B-%D0%B2-%D0%B0%D1%8D%D1%80%D0%BE%D0%BF%D0%BE%D1%80%D1%82%D1%83-%D0%BF%D0%BE%D1%81%D0%B0%D0%B4%D0%BE%D1%87%D0%BD%D1%8B%D0%B9-%D0%B4%D0%BE%D1%81%D0%BC%D0%BE%D1%82%D1%80/?p=4" "Mozilla/5.0 (Windows NT 10.0; Win64; x64) AppleWebKit/537.36 (KHTML, like Gecko) Chrome/84.0.4147.89 Safari/537.36"
178.154.200.81 - - [22/Jul/2020:21:06:06 +0000] "GET /%D0%9F%D0%B5%D1%82%D1%8C%D0%BA%D0%B0-%D0%B0-%D0%B8%D0%B7%D0%B2%D0%B5%D1%81%D1%82%D0%BD%D0%BE-%D0%BB%D0%B8-%D1%82%D0%B5%D0%B1%D0%B5-%D1%87%D1%82%D0%BE-%D1%82%D0%B0%D0%BA%D0%BE%D0%B5-%D0%BF%D0%B5%D1%80%D1%81%D0%BF%D0%B5%D0%BA%D1%82%D0%B8%D0%B2%D0%B0/ HTTP/1.1" 200 14230 "-" "Mozilla/5.0 (compatible; YandexBot/3.0; +http://yandex.com/bots)" "-"
178.154.200.81 - - [22/Jul/2020:21:06:06 +0000] "GET /%D0%9F%D0%B5%D1%82%D1%8C%D0%BA%D0%B0-%D0%B0-%D0%B8%D0%B7%D0%B2%D0%B5%D1%81%D1%82%D0%BD%D0%BE-%D0%BB%D0%B8-%D1%82%D0%B5%D0%B1%D0%B5-%D1%87%D1%82%D0%BE-%D1%82%D0%B0%D0%BA%D0%BE%D0%B5-%D0%BF%D0%B5%D1%80%D1%81%D0%BF%D0%B5%D0%BA%D1%82%D0%B8%D0%B2%D0%B0/ HTTP/1.1" 200 14230 "-" "Mozilla/5.0 (compatible; YandexBot/3.0; +http://yandex.com/bots)"
46.133.48.115 - - [22/Jul/2020:21:06:07 +0000] "GET /%D1%81%D0%BE%D0%B1%D1%80%D0%B0%D0%BB%D0%B8%D1%81%D1%8C-%D0%BA%D0%B0%D0%BA%D1%82%D0%BE-%D0%B2-%D0%B1%D0%B0%D1%80%D0%B5-%D1%80%D1%83%D1%81%D1%81%D0%BA%D0%B8%D0%B9-%D0%B0%D0%BC%D0%B5%D1%80%D0%B8%D0%BA%D0%B0%D0%BD%D0%B5%D1%86-%D1%8F%D0%BF%D0%BE%D0%BD%D0%B5%D1%86/?p=2 HTTP/2.0" 200 15486 "https://www.google.com/" "Mozilla/5.0 (Linux; Android 9; Neffos C9s) AppleWebKit/537.36 (KHTML, like Gecko) Chrome/83.0.4103.101 Mobile Safari/537.36" "-"
46.133.48.115 - - [22/Jul/2020:21:06:07 +0000] "GET /%D1%81%D0%BE%D0%B1%D1%80%D0%B0%D0%BB%D0%B8%D1%81%D1%8C-%D0%BA%D0%B0%D0%BA%D1%82%D0%BE-%D0%B2-%D0%B1%D0%B0%D1%80%D0%B5-%D1%80%D1%83%D1%81%D1%81%D0%BA%D0%B8%D0%B9-%D0%B0%D0%BC%D0%B5%D1%80%D0%B8%D0%BA%D0%B0%D0%BD%D0%B5%D1%86-%D1%8F%D0%BF%D0%BE%D0%BD%D0%B5%D1%86/?p=2 HTTP/2.0" 200 15486 "https://www.google.com/" "Mozilla/5.0 (Linux; Android 9; Neffos C9s) AppleWebKit/537.36 (KHTML, like Gecko) Chrome/83.0.4103.101 Mobile Safari/537.36"
85.115.224.138 - - [22/Jul/2020:21:06:10 +0000] "GET /%D0%B5%D0%B4%D1%83%D1%82-%D0%B4%D0%B2%D0%B0-%D0%BD%D0%BE%D0%B2%D1%8B%D1%85-%D1%80%D1%83%D1%81%D1%81%D0%BA%D0%B8%D1%85-%D0%BC%D0%B8%D0%BC%D0%BE-%D0%B4%D0%B5%D1%80%D0%B5%D0%B2%D0%BD%D0%B8-%D0%B2%D0%B8%D0%B4%D1%8F%D1%82-%D1%83-%D0%B4%D0%BE%D1%80%D0%BE%D0%B3%D0%B8/ HTTP/2.0" 200 15209 "https://www.google.com/" "Mozilla/5.0 (Linux; Android 9; Redmi Note 7) AppleWebKit/537.36 (KHTML, like Gecko) Chrome/84.0.4147.89 Mobile Safari/537.36" "-"
85.115.224.138 - - [22/Jul/2020:21:06:10 +0000] "GET /%D0%B5%D0%B4%D1%83%D1%82-%D0%B4%D0%B2%D0%B0-%D0%BD%D0%BE%D0%B2%D1%8B%D1%85-%D1%80%D1%83%D1%81%D1%81%D0%BA%D0%B8%D1%85-%D0%BC%D0%B8%D0%BC%D0%BE-%D0%B4%D0%B5%D1%80%D0%B5%D0%B2%D0%BD%D0%B8-%D0%B2%D0%B8%D0%B4%D1%8F%D1%82-%D1%83-%D0%B4%D0%BE%D1%80%D0%BE%D0%B3%D0%B8/ HTTP/2.0" 200 15209 "https://www.google.com/" "Mozilla/5.0 (Linux; Android 9; Redmi Note 7) AppleWebKit/537.36 (KHTML, like Gecko) Chrome/84.0.4147.89 Mobile Safari/537.36"
54.36.148.18 - - [22/Jul/2020:21:06:11 +0000] "GET /%D0%BF%D1%8C%D1%8F%D0%BD%D1%8B%D0%B9-%D0%B8%D1%80%D0%BB%D0%B0%D0%BD%D0%B4%D0%B5%D1%86-%D0%B7%D0%B0%D0%B2%D0%B0%D0%BB%D0%B8%D0%B2%D0%B0%D0%B5%D1%82%D1%81%D1%8F-%D0%B2-%D0%B1%D0%B0%D1%80-%D0%B3%D0%B4%D0%B5-%D1%81%D0%B8%D0%B4%D0%B8%D1%82-%D0%B2%D1%81%D0%B5%D0%B3%D0%BE/ HTTP/2.0" 200 15872 "-" "Mozilla/5.0 (compatible; AhrefsBot/6.1; +http://ahrefs.com/robot/)" "-"
54.36.148.18 - - [22/Jul/2020:21:06:11 +0000] "GET /%D0%BF%D1%8C%D1%8F%D0%BD%D1%8B%D0%B9-%D0%B8%D1%80%D0%BB%D0%B0%D0%BD%D0%B4%D0%B5%D1%86-%D0%B7%D0%B0%D0%B2%D0%B0%D0%BB%D0%B8%D0%B2%D0%B0%D0%B5%D1%82%D1%81%D1%8F-%D0%B2-%D0%B1%D0%B0%D1%80-%D0%B3%D0%B4%D0%B5-%D1%81%D0%B8%D0%B4%D0%B8%D1%82-%D0%B2%D1%81%D0%B5%D0%B3%D0%BE/ HTTP/2.0" 200 15872 "-" "Mozilla/5.0 (compatible; AhrefsBot/6.1; +http://ahrefs.com/robot/)"
85.115.224.138 - - [22/Jul/2020:21:06:12 +0000] "GET /%D0%B5%D0%B4%D1%83%D1%82-%D0%B4%D0%B2%D0%B0-%D0%BD%D0%BE%D0%B2%D1%8B%D1%85-%D1%80%D1%83%D1%81%D1%81%D0%BA%D0%B8%D1%85-%D0%BC%D0%B8%D0%BC%D0%BE-%D0%B4%D0%B5%D1%80%D0%B5%D0%B2%D0%BD%D0%B8-%D0%B2%D0%B8%D0%B4%D1%8F%D1%82-%D1%83-%D0%B4%D0%BE%D1%80%D0%BE%D0%B3%D0%B8/ HTTP/2.0" 200 15209 "https://baneks.site/%D0%B5%D0%B4%D1%83%D1%82-%D0%B4%D0%B2%D0%B0-%D0%BD%D0%BE%D0%B2%D1%8B%D1%85-%D1%80%D1%83%D1%81%D1%81%D0%BA%D0%B8%D1%85-%D0%BC%D0%B8%D0%BC%D0%BE-%D0%B4%D0%B5%D1%80%D0%B5%D0%B2%D0%BD%D0%B8-%D0%B2%D0%B8%D0%B4%D1%8F%D1%82-%D1%83-%D0%B4%D0%BE%D1%80%D0%BE%D0%B3%D0%B8/" "Mozilla/5.0 (Linux; Android 9; Redmi Note 7) AppleWebKit/537.36 (KHTML, like Gecko) Chrome/84.0.4147.89 Mobile Safari/537.36" "-"
85.115.224.138 - - [22/Jul/2020:21:06:12 +0000] "GET /%D0%B5%D0%B4%D1%83%D1%82-%D0%B4%D0%B2%D0%B0-%D0%BD%D0%BE%D0%B2%D1%8B%D1%85-%D1%80%D1%83%D1%81%D1%81%D0%BA%D0%B8%D1%85-%D0%BC%D0%B8%D0%BC%D0%BE-%D0%B4%D0%B5%D1%80%D0%B5%D0%B2%D0%BD%D0%B8-%D0%B2%D0%B8%D0%B4%D1%8F%D1%82-%D1%83-%D0%B4%D0%BE%D1%80%D0%BE%D0%B3%D0%B8/ HTTP/2.0" 200 15209 "https://baneks.site/%D0%B5%D0%B4%D1%83%D1%82-%D0%B4%D0%B2%D0%B0-%D0%BD%D0%BE%D0%B2%D1%8B%D1%85-%D1%80%D1%83%D1%81%D1%81%D0%BA%D0%B8%D1%85-%D0%BC%D0%B8%D0%BC%D0%BE-%D0%B4%D0%B5%D1%80%D0%B5%D0%B2%D0%BD%D0%B8-%D0%B2%D0%B8%D0%B4%D1%8F%D1%82-%D1%83-%D0%B4%D0%BE%D1%80%D0%BE%D0%B3%D0%B8/" "Mozilla/5.0 (Linux; Android 9; Redmi Note 7) AppleWebKit/537.36 (KHTML, like Gecko) Chrome/84.0.4147.89 Mobile Safari/537.36"
46.229.168.163 - - [22/Jul/2020:21:06:21 +0000] "GET /%D0%B2%D0%B0%D1%81%D0%B8%D0%BB%D0%B8%D0%B9-%D0%B8%D0%B2%D0%B0%D0%BD%D0%BE%D0%B2%D0%B8%D1%87-%D0%BF%D0%B0%D1%80%D0%BE%D0%B2%D0%BE%D0%B7/?p=1 HTTP/1.1" 200 13171 "-" "Mozilla/5.0 (compatible; SemrushBot/6~bl; +http://www.semrush.com/bot.html)" "-"
46.229.168.163 - - [22/Jul/2020:21:06:21 +0000] "GET /%D0%B2%D0%B0%D1%81%D0%B8%D0%BB%D0%B8%D0%B9-%D0%B8%D0%B2%D0%B0%D0%BD%D0%BE%D0%B2%D0%B8%D1%87-%D0%BF%D0%B0%D1%80%D0%BE%D0%B2%D0%BE%D0%B7/?p=1 HTTP/1.1" 200 13171 "-" "Mozilla/5.0 (compatible; SemrushBot/6~bl; +http://www.semrush.com/bot.html)"
144.76.6.230 - - [22/Jul/2020:21:06:23 +0000] "GET /tag/%D1%86%D0%B8%D1%80%D0%BA/?p=2/ HTTP/1.1" 404 3869 "-" "Mozilla/5.0 (compatible; MJ12bot/v1.4.8; http://mj12bot.com/)" "-"
144.76.6.230 - - [22/Jul/2020:21:06:23 +0000] "GET /tag/%D1%86%D0%B8%D1%80%D0%BA/?p=2/ HTTP/1.1" 404 3869 "-" "Mozilla/5.0 (compatible; MJ12bot/v1.4.8; http://mj12bot.com/)"
31.43.60.129 - - [22/Jul/2020:21:06:28 +0000] "GET /-%D1%81%D0%BA%D0%BE%D0%BB%D1%8C%D0%BA%D0%BE-%D0%BD%D1%83%D0%B6%D0%BD%D0%BE-%D0%BE%D1%80%D0%BA%D0%BE%D0%B2-%D1%87%D1%82%D0%BE%D0%B1%D1%8B-%D0%B2%D0%BA%D1%80%D1%83%D1%82%D0%B8%D1%82%D1%8C-%D0%BB%D0%B0%D0%BC%D0%BF%D0%BE%D1%87%D0%BA%D1%83/ HTTP/2.0" 200 11777 "https://www.google.com/" "Mozilla/5.0 (Windows NT 6.1; Win64; x64) AppleWebKit/537.36 (KHTML, like Gecko) Chrome/84.0.4147.89 Safari/537.36" "-"
31.43.60.129 - - [22/Jul/2020:21:06:28 +0000] "GET /-%D1%81%D0%BA%D0%BE%D0%BB%D1%8C%D0%BA%D0%BE-%D0%BD%D1%83%D0%B6%D0%BD%D0%BE-%D0%BE%D1%80%D0%BA%D0%BE%D0%B2-%D1%87%D1%82%D0%BE%D0%B1%D1%8B-%D0%B2%D0%BA%D1%80%D1%83%D1%82%D0%B8%D1%82%D1%8C-%D0%BB%D0%B0%D0%BC%D0%BF%D0%BE%D1%87%D0%BA%D1%83/ HTTP/2.0" 200 11777 "https://www.google.com/" "Mozilla/5.0 (Windows NT 6.1; Win64; x64) AppleWebKit/537.36 (KHTML, like Gecko) Chrome/84.0.4147.89 Safari/537.36"
93.100.139.51 - - [22/Jul/2020:21:06:29 +0000] "GET /%D0%BD%D0%B0%D1%80%D0%BA%D0%BE%D0%BC%D0%B0%D0%BD-%D0%B2-%D0%BF%D1%83%D1%81%D1%82%D1%8B%D0%BD%D0%B5-%D0%BD%D0%B0%D1%88%D0%B5%D0%BB-%D0%BB%D0%B0%D0%BC%D0%BF%D1%83-%D0%BD%D0%B0%D1%87%D0%B0%D0%BB-%D0%B2%D1%8B%D1%82%D0%B8%D1%80%D0%B0%D1%82%D1%8C-%D0%B5%D0%B5/ HTTP/2.0" 200 14268 "https://yandex.ru/" "Mozilla/5.0 (Windows NT 10.0; Win64; x64) AppleWebKit/537.36 (KHTML, like Gecko) Chrome/83.0.4103.119 Safari/537.36" "-"
93.100.139.51 - - [22/Jul/2020:21:06:29 +0000] "GET /%D0%BD%D0%B0%D1%80%D0%BA%D0%BE%D0%BC%D0%B0%D0%BD-%D0%B2-%D0%BF%D1%83%D1%81%D1%82%D1%8B%D0%BD%D0%B5-%D0%BD%D0%B0%D1%88%D0%B5%D0%BB-%D0%BB%D0%B0%D0%BC%D0%BF%D1%83-%D0%BD%D0%B0%D1%87%D0%B0%D0%BB-%D0%B2%D1%8B%D1%82%D0%B8%D1%80%D0%B0%D1%82%D1%8C-%D0%B5%D0%B5/ HTTP/2.0" 200 14268 "https://yandex.ru/" "Mozilla/5.0 (Windows NT 10.0; Win64; x64) AppleWebKit/537.36 (KHTML, like Gecko) Chrome/83.0.4103.119 Safari/537.36"
46.229.168.134 - - [22/Jul/2020:21:06:33 +0000] "GET /tag/%D1%88%D0%BA%D0%BE%D0%BB%D0%B0/?p=8 HTTP/1.1" 200 11539 "-" "Mozilla/5.0 (compatible; SemrushBot/6~bl; +http://www.semrush.com/bot.html)" "-"
46.229.168.134 - - [22/Jul/2020:21:06:33 +0000] "GET /tag/%D1%88%D0%BA%D0%BE%D0%BB%D0%B0/?p=8 HTTP/1.1" 200 11539 "-" "Mozilla/5.0 (compatible; SemrushBot/6~bl; +http://www.semrush.com/bot.html)"
95.220.220.208 - - [22/Jul/2020:21:06:37 +0000] "GET /tag/%D1%84%D0%B5%D0%BC%D0%B8%D0%BD%D0%B8%D1%81%D1%82%D0%BA%D0%B0/?p=5 HTTP/2.0" 200 11080 "https://baneks.site/tag/%D1%84%D0%B5%D0%BC%D0%B8%D0%BD%D0%B8%D1%81%D1%82%D0%BA%D0%B0/?p=4" "Mozilla/5.0 (Windows NT 6.1; Win64; x64) AppleWebKit/537.36 (KHTML, like Gecko) Chrome/83.0.4103.106 YaBrowser/20.7.1.70 Yowser/2.5 Safari/537.36" "-"
95.220.220.208 - - [22/Jul/2020:21:06:37 +0000] "GET /tag/%D1%84%D0%B5%D0%BC%D0%B8%D0%BD%D0%B8%D1%81%D1%82%D0%BA%D0%B0/?p=5 HTTP/2.0" 200 11080 "https://baneks.site/tag/%D1%84%D0%B5%D0%BC%D0%B8%D0%BD%D0%B8%D1%81%D1%82%D0%BA%D0%B0/?p=4" "Mozilla/5.0 (Windows NT 6.1; Win64; x64) AppleWebKit/537.36 (KHTML, like Gecko) Chrome/83.0.4103.106 YaBrowser/20.7.1.70 Yowser/2.5 Safari/537.36"
95.220.220.208 - - [22/Jul/2020:21:06:45 +0000] "GET /tag/%D1%84%D0%B5%D0%BC%D0%B8%D0%BD%D0%B8%D1%81%D1%82%D0%BA%D0%B0/?p=6 HTTP/2.0" 200 10795 "https://baneks.site/tag/%D1%84%D0%B5%D0%BC%D0%B8%D0%BD%D0%B8%D1%81%D1%82%D0%BA%D0%B0/?p=5" "Mozilla/5.0 (Windows NT 6.1; Win64; x64) AppleWebKit/537.36 (KHTML, like Gecko) Chrome/83.0.4103.106 YaBrowser/20.7.1.70 Yowser/2.5 Safari/537.36" "-"
95.220.220.208 - - [22/Jul/2020:21:06:45 +0000] "GET /tag/%D1%84%D0%B5%D0%BC%D0%B8%D0%BD%D0%B8%D1%81%D1%82%D0%BA%D0%B0/?p=6 HTTP/2.0" 200 10795 "https://baneks.site/tag/%D1%84%D0%B5%D0%BC%D0%B8%D0%BD%D0%B8%D1%81%D1%82%D0%BA%D0%B0/?p=5" "Mozilla/5.0 (Windows NT 6.1; Win64; x64) AppleWebKit/537.36 (KHTML, like Gecko) Chrome/83.0.4103.106 YaBrowser/20.7.1.70 Yowser/2.5 Safari/537.36"
144.76.6.230 - - [22/Jul/2020:21:06:46 +0000] "GET /tag/%D1%86%D0%B8%D1%80%D0%BA/?p=3/ HTTP/1.1" 404 3869 "-" "Mozilla/5.0 (compatible; MJ12bot/v1.4.8; http://mj12bot.com/)" "-"
144.76.6.230 - - [22/Jul/2020:21:06:46 +0000] "GET /tag/%D1%86%D0%B8%D1%80%D0%BA/?p=3/ HTTP/1.1" 404 3869 "-" "Mozilla/5.0 (compatible; MJ12bot/v1.4.8; http://mj12bot.com/)"
178.154.200.81 - - [22/Jul/2020:21:06:46 +0000] "GET /%D0%BD%D0%B0%D1%80%D0%BA%D0%BE%D0%BC%D0%B0%D0%BD-%D0%B2-%D0%BF%D1%83%D1%81%D1%82%D1%8B%D0%BD%D0%B5-%D0%BD%D0%B0%D1%88%D0%B5%D0%BB-%D0%BB%D0%B0%D0%BC%D0%BF%D1%83-%D0%BD%D0%B0%D1%87%D0%B0%D0%BB-%D0%B2%D1%8B%D1%82%D0%B8%D1%80%D0%B0%D1%82%D1%8C-%D0%B5%D0%B5/ HTTP/1.1" 200 14458 "-" "Mozilla/5.0 (compatible; YandexBot/3.0; +http://yandex.com/bots)" "-"
178.154.200.81 - - [22/Jul/2020:21:06:46 +0000] "GET /%D0%BD%D0%B0%D1%80%D0%BA%D0%BE%D0%BC%D0%B0%D0%BD-%D0%B2-%D0%BF%D1%83%D1%81%D1%82%D1%8B%D0%BD%D0%B5-%D0%BD%D0%B0%D1%88%D0%B5%D0%BB-%D0%BB%D0%B0%D0%BC%D0%BF%D1%83-%D0%BD%D0%B0%D1%87%D0%B0%D0%BB-%D0%B2%D1%8B%D1%82%D0%B8%D1%80%D0%B0%D1%82%D1%8C-%D0%B5%D0%B5/ HTTP/1.1" 200 14458 "-" "Mozilla/5.0 (compatible; YandexBot/3.0; +http://yandex.com/bots)"
178.154.200.81 - - [22/Jul/2020:21:06:51 +0000] "GET /%D0%B6%D0%B5%D0%BD%D0%B0-%D1%8F-%D1%83%D1%88%D0%BB%D0%B0-%D0%BA-%D0%B3%D0%B8%D0%BD%D0%B5%D0%BA%D0%BE%D0%BB%D0%BE%D0%B3%D1%83-%D0%BC%D1%83%D0%B6-%D0%B4%D0%B0%D0%B2%D0%B0%D0%B9-%D0%BF%D0%BE%D0%BA%D0%B0%D0%B6%D0%B8-%D0%B8%D0%BC-%D1%82%D0%B0%D0%BC/?p=1 HTTP/1.1" 200 12783 "-" "Mozilla/5.0 (compatible; YandexBot/3.0; +http://yandex.com/bots)" "-"
178.154.200.81 - - [22/Jul/2020:21:06:51 +0000] "GET /%D0%B6%D0%B5%D0%BD%D0%B0-%D1%8F-%D1%83%D1%88%D0%BB%D0%B0-%D0%BA-%D0%B3%D0%B8%D0%BD%D0%B5%D0%BA%D0%BE%D0%BB%D0%BE%D0%B3%D1%83-%D0%BC%D1%83%D0%B6-%D0%B4%D0%B0%D0%B2%D0%B0%D0%B9-%D0%BF%D0%BE%D0%BA%D0%B0%D0%B6%D0%B8-%D0%B8%D0%BC-%D1%82%D0%B0%D0%BC/?p=1 HTTP/1.1" 200 12783 "-" "Mozilla/5.0 (compatible; YandexBot/3.0; +http://yandex.com/bots)"
66.249.68.36 - - [22/Jul/2020:21:06:56 +0000] "GET /%D0%BE%D0%B4%D0%BD%D0%B0%D0%B6%D0%B4%D1%8B-%D1%81%D0%B2%D0%B8%D0%B4%D0%B5%D1%82%D0%B5%D0%BB%D0%B8-%D0%98%D0%B5%D0%B3%D0%BE%D0%B2%D1%8B-%D1%81%D1%82%D0%B0%D0%BB%D0%B8-%D1%81%D0%B2%D0%B8%D0%B4%D0%B5%D1%82%D0%B5%D0%BB%D1%8F%D0%BC%D0%B8-%D0%94%D0%A2%D0%9F/ HTTP/1.1" 304 0 "-" "Mozilla/5.0 (Linux; Android 6.0.1; Nexus 5X Build/MMB29P) AppleWebKit/537.36 (KHTML, like Gecko) Chrome/80.0.3987.92 Mobile Safari/537.36 (compatible; Googlebot/2.1; +http://www.google.com/bot.html)" "-"
66.249.68.36 - - [22/Jul/2020:21:06:56 +0000] "GET /%D0%BE%D0%B4%D0%BD%D0%B0%D0%B6%D0%B4%D1%8B-%D1%81%D0%B2%D0%B8%D0%B4%D0%B5%D1%82%D0%B5%D0%BB%D0%B8-%D0%98%D0%B5%D0%B3%D0%BE%D0%B2%D1%8B-%D1%81%D1%82%D0%B0%D0%BB%D0%B8-%D1%81%D0%B2%D0%B8%D0%B4%D0%B5%D1%82%D0%B5%D0%BB%D1%8F%D0%BC%D0%B8-%D0%94%D0%A2%D0%9F/ HTTP/1.1" 304 0 "-" "Mozilla/5.0 (Linux; Android 6.0.1; Nexus 5X Build/MMB29P) AppleWebKit/537.36 (KHTML, like Gecko) Chrome/80.0.3987.92 Mobile Safari/537.36 (compatible; Googlebot/2.1; +http://www.google.com/bot.html)"
95.220.220.208 - - [22/Jul/2020:21:06:56 +0000] "GET /tag/%D1%84%D0%B5%D0%BC%D0%B8%D0%BD%D0%B8%D1%81%D1%82%D0%BA%D0%B0/?p=7 HTTP/2.0" 200 10611 "https://baneks.site/tag/%D1%84%D0%B5%D0%BC%D0%B8%D0%BD%D0%B8%D1%81%D1%82%D0%BA%D0%B0/?p=6" "Mozilla/5.0 (Windows NT 6.1; Win64; x64) AppleWebKit/537.36 (KHTML, like Gecko) Chrome/83.0.4103.106 YaBrowser/20.7.1.70 Yowser/2.5 Safari/537.36" "-"
95.220.220.208 - - [22/Jul/2020:21:06:56 +0000] "GET /tag/%D1%84%D0%B5%D0%BC%D0%B8%D0%BD%D0%B8%D1%81%D1%82%D0%BA%D0%B0/?p=7 HTTP/2.0" 200 10611 "https://baneks.site/tag/%D1%84%D0%B5%D0%BC%D0%B8%D0%BD%D0%B8%D1%81%D1%82%D0%BA%D0%B0/?p=6" "Mozilla/5.0 (Windows NT 6.1; Win64; x64) AppleWebKit/537.36 (KHTML, like Gecko) Chrome/83.0.4103.106 YaBrowser/20.7.1.70 Yowser/2.5 Safari/537.36"
85.140.12.33 - - [22/Jul/2020:21:06:57 +0000] "GET /%D0%B3%D1%80%D0%B8%D0%B1%D0%BD%D0%B8%D0%BA-%D0%B2-%D0%BB%D0%B5%D1%81%D1%83-%D1%85%D0%BE%D0%B4%D0%B8%D1%82-%D0%BF%D0%BE%D0%B4-%D0%BD%D0%BE%D0%B3%D0%B8-%D1%81%D0%BC%D0%BE%D1%82%D1%80%D0%B8%D1%82-%D0%B8-%D1%81%D0%BB%D1%83%D1%87%D0%B0%D0%B9%D0%BD%D0%BE/?p=2 HTTP/2.0" 200 9324 "https://www.google.com/" "Mozilla/5.0 (Linux; Android 7.0; DLI-TL20) AppleWebKit/537.36 (KHTML, like Gecko) Chrome/76.0.3809.132 Mobile Safari/537.36" "-"
85.140.12.33 - - [22/Jul/2020:21:06:57 +0000] "GET /%D0%B3%D1%80%D0%B8%D0%B1%D0%BD%D0%B8%D0%BA-%D0%B2-%D0%BB%D0%B5%D1%81%D1%83-%D1%85%D0%BE%D0%B4%D0%B8%D1%82-%D0%BF%D0%BE%D0%B4-%D0%BD%D0%BE%D0%B3%D0%B8-%D1%81%D0%BC%D0%BE%D1%82%D1%80%D0%B8%D1%82-%D0%B8-%D1%81%D0%BB%D1%83%D1%87%D0%B0%D0%B9%D0%BD%D0%BE/?p=2 HTTP/2.0" 200 9324 "https://www.google.com/" "Mozilla/5.0 (Linux; Android 7.0; DLI-TL20) AppleWebKit/537.36 (KHTML, like Gecko) Chrome/76.0.3809.132 Mobile Safari/537.36"
85.140.12.33 - - [22/Jul/2020:21:07:00 +0000] "GET /%D0%B3%D1%80%D0%B8%D0%B1%D0%BD%D0%B8%D0%BA-%D0%B2-%D0%BB%D0%B5%D1%81%D1%83-%D1%85%D0%BE%D0%B4%D0%B8%D1%82-%D0%BF%D0%BE%D0%B4-%D0%BD%D0%BE%D0%B3%D0%B8-%D1%81%D0%BC%D0%BE%D1%82%D1%80%D0%B8%D1%82-%D0%B8-%D1%81%D0%BB%D1%83%D1%87%D0%B0%D0%B9%D0%BD%D0%BE/?p=2 HTTP/2.0" 200 9324 "https://baneks.site/%D0%B3%D1%80%D0%B8%D0%B1%D0%BD%D0%B8%D0%BA-%D0%B2-%D0%BB%D0%B5%D1%81%D1%83-%D1%85%D0%BE%D0%B4%D0%B8%D1%82-%D0%BF%D0%BE%D0%B4-%D0%BD%D0%BE%D0%B3%D0%B8-%D1%81%D0%BC%D0%BE%D1%82%D1%80%D0%B8%D1%82-%D0%B8-%D1%81%D0%BB%D1%83%D1%87%D0%B0%D0%B9%D0%BD%D0%BE/?p=2" "Mozilla/5.0 (Linux; Android 7.0; DLI-TL20) AppleWebKit/537.36 (KHTML, like Gecko) Chrome/76.0.3809.132 Mobile Safari/537.36" "-"
85.140.12.33 - - [22/Jul/2020:21:07:00 +0000] "GET /%D0%B3%D1%80%D0%B8%D0%B1%D0%BD%D0%B8%D0%BA-%D0%B2-%D0%BB%D0%B5%D1%81%D1%83-%D1%85%D0%BE%D0%B4%D0%B8%D1%82-%D0%BF%D0%BE%D0%B4-%D0%BD%D0%BE%D0%B3%D0%B8-%D1%81%D0%BC%D0%BE%D1%82%D1%80%D0%B8%D1%82-%D0%B8-%D1%81%D0%BB%D1%83%D1%87%D0%B0%D0%B9%D0%BD%D0%BE/?p=2 HTTP/2.0" 200 9324 "https://baneks.site/%D0%B3%D1%80%D0%B8%D0%B1%D0%BD%D0%B8%D0%BA-%D0%B2-%D0%BB%D0%B5%D1%81%D1%83-%D1%85%D0%BE%D0%B4%D0%B8%D1%82-%D0%BF%D0%BE%D0%B4-%D0%BD%D0%BE%D0%B3%D0%B8-%D1%81%D0%BC%D0%BE%D1%82%D1%80%D0%B8%D1%82-%D0%B8-%D1%81%D0%BB%D1%83%D1%87%D0%B0%D0%B9%D0%BD%D0%BE/?p=2" "Mozilla/5.0 (Linux; Android 7.0; DLI-TL20) AppleWebKit/537.36 (KHTML, like Gecko) Chrome/76.0.3809.132 Mobile Safari/537.36"
178.154.200.81 - - [22/Jul/2020:21:07:01 +0000] "GET /tag/%D1%84%D0%B5%D0%BC%D0%B8%D0%BD%D0%B8%D1%81%D1%82%D0%BA%D0%B0/ HTTP/1.1" 200 11107 "-" "Mozilla/5.0 (compatible; YandexBot/3.0; +http://yandex.com/bots)" "-"
178.154.200.81 - - [22/Jul/2020:21:07:01 +0000] "GET /tag/%D1%84%D0%B5%D0%BC%D0%B8%D0%BD%D0%B8%D1%81%D1%82%D0%BA%D0%B0/ HTTP/1.1" 200 11107 "-" "Mozilla/5.0 (compatible; YandexBot/3.0; +http://yandex.com/bots)"
178.154.200.81 - - [22/Jul/2020:21:07:05 +0000] "GET /tag/%D1%84%D0%B5%D0%BC%D0%B8%D0%BD%D0%B8%D1%81%D1%82%D0%BA%D0%B0/?p=6 HTTP/1.1" 200 10891 "-" "Mozilla/5.0 (compatible; YandexBot/3.0; +http://yandex.com/bots)" "-"
178.154.200.81 - - [22/Jul/2020:21:07:05 +0000] "GET /tag/%D1%84%D0%B5%D0%BC%D0%B8%D0%BD%D0%B8%D1%81%D1%82%D0%BA%D0%B0/?p=6 HTTP/1.1" 200 10891 "-" "Mozilla/5.0 (compatible; YandexBot/3.0; +http://yandex.com/bots)"
217.137.42.155 - - [22/Jul/2020:21:07:07 +0000] "GET /%D1%84%D1%80%D0%B0%D0%BD%D1%86%D1%83%D0%B7%D1%81%D0%BA%D0%B8%D0%B9-%D0%BA%D0%BE%D1%80%D0%BE%D0%BB%D1%8C-%D1%84%D0%B8%D0%BB%D0%B8%D0%BF%D0%BF-VI-%D1%81%D0%BE%D0%B1%D1%80%D0%B0%D0%BB/?p=2 HTTP/2.0" 200 12687 "https://www.google.co.uk/" "Mozilla/5.0 (iPhone; CPU iPhone OS 13_5_1 like Mac OS X) AppleWebKit/605.1.15 (KHTML, like Gecko) Version/13.1.1 Mobile/15E148 Safari/604.1" "-"
217.137.42.155 - - [22/Jul/2020:21:07:07 +0000] "GET /%D1%84%D1%80%D0%B0%D0%BD%D1%86%D1%83%D0%B7%D1%81%D0%BA%D0%B8%D0%B9-%D0%BA%D0%BE%D1%80%D0%BE%D0%BB%D1%8C-%D1%84%D0%B8%D0%BB%D0%B8%D0%BF%D0%BF-VI-%D1%81%D0%BE%D0%B1%D1%80%D0%B0%D0%BB/?p=2 HTTP/2.0" 200 12687 "https://www.google.co.uk/" "Mozilla/5.0 (iPhone; CPU iPhone OS 13_5_1 like Mac OS X) AppleWebKit/605.1.15 (KHTML, like Gecko) Version/13.1.1 Mobile/15E148 Safari/604.1"
217.137.42.155 - - [22/Jul/2020:21:07:09 +0000] "GET /%D1%84%D1%80%D0%B0%D0%BD%D1%86%D1%83%D0%B7%D1%81%D0%BA%D0%B8%D0%B9-%D0%BA%D0%BE%D1%80%D0%BE%D0%BB%D1%8C-%D1%84%D0%B8%D0%BB%D0%B8%D0%BF%D0%BF-VI-%D1%81%D0%BE%D0%B1%D1%80%D0%B0%D0%BB/?p=2 HTTP/2.0" 200 12687 "https://baneks.site/%D1%84%D1%80%D0%B0%D0%BD%D1%86%D1%83%D0%B7%D1%81%D0%BA%D0%B8%D0%B9-%D0%BA%D0%BE%D1%80%D0%BE%D0%BB%D1%8C-%D1%84%D0%B8%D0%BB%D0%B8%D0%BF%D0%BF-VI-%D1%81%D0%BE%D0%B1%D1%80%D0%B0%D0%BB/?p=2" "Mozilla/5.0 (iPhone; CPU iPhone OS 13_5_1 like Mac OS X) AppleWebKit/605.1.15 (KHTML, like Gecko) Version/13.1.1 Mobile/15E148 Safari/604.1" "-"
217.137.42.155 - - [22/Jul/2020:21:07:09 +0000] "GET /%D1%84%D1%80%D0%B0%D0%BD%D1%86%D1%83%D0%B7%D1%81%D0%BA%D0%B8%D0%B9-%D0%BA%D0%BE%D1%80%D0%BE%D0%BB%D1%8C-%D1%84%D0%B8%D0%BB%D0%B8%D0%BF%D0%BF-VI-%D1%81%D0%BE%D0%B1%D1%80%D0%B0%D0%BB/?p=2 HTTP/2.0" 200 12687 "https://baneks.site/%D1%84%D1%80%D0%B0%D0%BD%D1%86%D1%83%D0%B7%D1%81%D0%BA%D0%B8%D0%B9-%D0%BA%D0%BE%D1%80%D0%BE%D0%BB%D1%8C-%D1%84%D0%B8%D0%BB%D0%B8%D0%BF%D0%BF-VI-%D1%81%D0%BE%D0%B1%D1%80%D0%B0%D0%BB/?p=2" "Mozilla/5.0 (iPhone; CPU iPhone OS 13_5_1 like Mac OS X) AppleWebKit/605.1.15 (KHTML, like Gecko) Version/13.1.1 Mobile/15E148 Safari/604.1"
54.36.148.18 - - [22/Jul/2020:21:07:12 +0000] "GET /%D0%B6%D0%B5%D0%BD%D0%B0-%D1%8F-%D1%83%D1%88%D0%BB%D0%B0-%D0%BA-%D0%B3%D0%B8%D0%BD%D0%B5%D0%BA%D0%BE%D0%BB%D0%BE%D0%B3%D1%83-%D0%BC%D1%83%D0%B6-%D0%B4%D0%B0%D0%B2%D0%B0%D0%B9/ HTTP/2.0" 200 11627 "-" "Mozilla/5.0 (compatible; AhrefsBot/6.1; +http://ahrefs.com/robot/)" "-"
54.36.148.18 - - [22/Jul/2020:21:07:12 +0000] "GET /%D0%B6%D0%B5%D0%BD%D0%B0-%D1%8F-%D1%83%D1%88%D0%BB%D0%B0-%D0%BA-%D0%B3%D0%B8%D0%BD%D0%B5%D0%BA%D0%BE%D0%BB%D0%BE%D0%B3%D1%83-%D0%BC%D1%83%D0%B6-%D0%B4%D0%B0%D0%B2%D0%B0%D0%B9/ HTTP/2.0" 200 11627 "-" "Mozilla/5.0 (compatible; AhrefsBot/6.1; +http://ahrefs.com/robot/)"
178.154.200.81 - - [22/Jul/2020:21:07:16 +0000] "GET /tag/%D1%84%D0%B5%D0%BC%D0%B8%D0%BD%D0%B8%D1%81%D1%82%D0%BA%D0%B0/?p=7 HTTP/1.1" 200 10710 "-" "Mozilla/5.0 (compatible; YandexBot/3.0; +http://yandex.com/bots)" "-"
178.154.200.81 - - [22/Jul/2020:21:07:16 +0000] "GET /tag/%D1%84%D0%B5%D0%BC%D0%B8%D0%BD%D0%B8%D1%81%D1%82%D0%BA%D0%B0/?p=7 HTTP/1.1" 200 10710 "-" "Mozilla/5.0 (compatible; YandexBot/3.0; +http://yandex.com/bots)"
144.76.6.230 - - [22/Jul/2020:21:07:16 +0000] "GET /tag/%D1%8F%D0%BF%D0%BE%D0%BD%D0%B5%D1%86/ HTTP/1.1" 200 10896 "-" "Mozilla/5.0 (compatible; MJ12bot/v1.4.8; http://mj12bot.com/)" "-"
144.76.6.230 - - [22/Jul/2020:21:07:16 +0000] "GET /tag/%D1%8F%D0%BF%D0%BE%D0%BD%D0%B5%D1%86/ HTTP/1.1" 200 10896 "-" "Mozilla/5.0 (compatible; MJ12bot/v1.4.8; http://mj12bot.com/)"
46.211.45.226 - - [22/Jul/2020:21:07:17 +0000] "GET /%D1%82%D0%BE%D0%B2%D0%B0%D1%80%D0%B8%D1%89-%D0%BF%D1%80%D0%B0%D0%BF%D0%BE%D1%80%D1%89%D0%B8%D0%BA-%D0%BC%D0%BE%D0%B6%D0%BD%D0%BE-%D0%B2-%D0%BA%D0%B0%D0%BF%D1%82%D1%91%D1%80%D0%BA%D0%B5-%D1%82%D0%B5%D0%BB%D0%B5%D0%B2%D0%B8%D0%B7%D0%BE%D1%80/?p=3 HTTP/2.0" 200 13997 "https://www.google.com/" "Mozilla/5.0 (Linux; Android 10; SAMSUNG SM-A505FM) AppleWebKit/537.36 (KHTML, like Gecko) SamsungBrowser/12.0 Chrome/79.0.3945.136 Mobile Safari/537.36" "-"
46.211.45.226 - - [22/Jul/2020:21:07:17 +0000] "GET /%D1%82%D0%BE%D0%B2%D0%B0%D1%80%D0%B8%D1%89-%D0%BF%D1%80%D0%B0%D0%BF%D0%BE%D1%80%D1%89%D0%B8%D0%BA-%D0%BC%D0%BE%D0%B6%D0%BD%D0%BE-%D0%B2-%D0%BA%D0%B0%D0%BF%D1%82%D1%91%D1%80%D0%BA%D0%B5-%D1%82%D0%B5%D0%BB%D0%B5%D0%B2%D0%B8%D0%B7%D0%BE%D1%80/?p=3 HTTP/2.0" 200 13997 "https://www.google.com/" "Mozilla/5.0 (Linux; Android 10; SAMSUNG SM-A505FM) AppleWebKit/537.36 (KHTML, like Gecko) SamsungBrowser/12.0 Chrome/79.0.3945.136 Mobile Safari/537.36"
94.25.175.162 - - [22/Jul/2020:21:07:23 +0000] "GET /%D0%BF%D0%BE%D0%BF%D0%B0%D0%B4%D0%B0%D0%B5%D1%82-%D0%BA%D0%BE%D0%BC%D0%BC%D1%83%D0%BD%D0%B8%D1%81%D1%82-%D0%B2-%D0%B3%D0%B5%D0%B9-%D0%BA%D0%BB%D1%83%D0%B1/ HTTP/2.0" 200 13529 "https://www.google.ru/" "Mozilla/5.0 (iPhone; CPU iPhone OS 13_5_1 like Mac OS X) AppleWebKit/605.1.15 (KHTML, like Gecko) Version/13.1.1 Mobile/15E148 Safari/604.1" "-"
94.25.175.162 - - [22/Jul/2020:21:07:23 +0000] "GET /%D0%BF%D0%BE%D0%BF%D0%B0%D0%B4%D0%B0%D0%B5%D1%82-%D0%BA%D0%BE%D0%BC%D0%BC%D1%83%D0%BD%D0%B8%D1%81%D1%82-%D0%B2-%D0%B3%D0%B5%D0%B9-%D0%BA%D0%BB%D1%83%D0%B1/ HTTP/2.0" 200 13529 "https://www.google.ru/" "Mozilla/5.0 (iPhone; CPU iPhone OS 13_5_1 like Mac OS X) AppleWebKit/605.1.15 (KHTML, like Gecko) Version/13.1.1 Mobile/15E148 Safari/604.1"
216.244.66.248 - - [22/Jul/2020:21:07:25 +0000] "GET /%D0%BF%D1%80%D0%B8%D1%85%D0%BE%D0%B4%D0%B8%D1%82-%D0%BC%D1%83%D0%B6%D0%B8%D0%BA-%D0%B4%D0%BE%D0%BC%D0%BE%D0%B9-%D0%B0-%D0%B6%D0%B5%D0%BD%D0%B0-%D0%B5%D0%BC%D1%83-%D0%B3%D0%BE%D0%B2%D0%BE%D1%80%D0%B8%D1%82/ HTTP/1.1" 200 99629 "-" "Mozilla/5.0 (compatible; DotBot/1.1; http://www.opensiteexplorer.org/dotbot, help@moz.com)" "-"
216.244.66.248 - - [22/Jul/2020:21:07:25 +0000] "GET /%D0%BF%D1%80%D0%B8%D1%85%D0%BE%D0%B4%D0%B8%D1%82-%D0%BC%D1%83%D0%B6%D0%B8%D0%BA-%D0%B4%D0%BE%D0%BC%D0%BE%D0%B9-%D0%B0-%D0%B6%D0%B5%D0%BD%D0%B0-%D0%B5%D0%BC%D1%83-%D0%B3%D0%BE%D0%B2%D0%BE%D1%80%D0%B8%D1%82/ HTTP/1.1" 200 99629 "-" "Mozilla/5.0 (compatible; DotBot/1.1; http://www.opensiteexplorer.org/dotbot, help@moz.com)"
178.154.200.81 - - [22/Jul/2020:21:07:32 +0000] "GET /search/ HTTP/1.1" 200 3832 "-" "Mozilla/5.0 (compatible; YandexBot/3.0; +http://yandex.com/bots)" "-"
178.154.200.81 - - [22/Jul/2020:21:07:32 +0000] "GET /search/ HTTP/1.1" 200 3832 "-" "Mozilla/5.0 (compatible; YandexBot/3.0; +http://yandex.com/bots)"
178.154.200.81 - - [22/Jul/2020:21:07:34 +0000] "GET /-%D0%BA%D0%B0%D0%BA-%D1%81%D0%B4%D0%B5%D0%BB%D0%B0%D1%82%D1%8C-%D1%82%D0%B5%D0%BA%D1%81%D1%82-%D1%84%D0%B5%D0%BC%D0%B8%D0%BD%D0%B8%D1%81%D1%82%D1%81%D0%BA%D0%B8%D0%BC/ HTTP/1.1" 200 13086 "-" "Mozilla/5.0 (compatible; YandexBot/3.0; +http://yandex.com/bots)" "-"
178.154.200.81 - - [22/Jul/2020:21:07:34 +0000] "GET /-%D0%BA%D0%B0%D0%BA-%D1%81%D0%B4%D0%B5%D0%BB%D0%B0%D1%82%D1%8C-%D1%82%D0%B5%D0%BA%D1%81%D1%82-%D1%84%D0%B5%D0%BC%D0%B8%D0%BD%D0%B8%D1%81%D1%82%D1%81%D0%BA%D0%B8%D0%BC/ HTTP/1.1" 200 13086 "-" "Mozilla/5.0 (compatible; YandexBot/3.0; +http://yandex.com/bots)"
5.45.207.181 - - [22/Jul/2020:21:07:35 +0000] "GET /rss/ HTTP/1.1" 200 5094 "-" "Mozilla/5.0 (compatible; YandexBot/3.0; +http://yandex.com/bots)" "-"
5.45.207.181 - - [22/Jul/2020:21:07:35 +0000] "GET /rss/ HTTP/1.1" 200 5094 "-" "Mozilla/5.0 (compatible; YandexBot/3.0; +http://yandex.com/bots)"
178.154.200.81 - - [22/Jul/2020:21:07:36 +0000] "GET /best/ HTTP/1.1" 200 16546 "-" "Mozilla/5.0 (compatible; YandexBot/3.0; +http://yandex.com/bots)" "-"
178.154.200.81 - - [22/Jul/2020:21:07:36 +0000] "GET /best/ HTTP/1.1" 200 16546 "-" "Mozilla/5.0 (compatible; YandexBot/3.0; +http://yandex.com/bots)"
5.45.207.181 - - [22/Jul/2020:21:07:36 +0000] "GET / HTTP/1.1" 200 5068 "-" "Mozilla/5.0 (compatible; YandexBot/3.0; +http://yandex.com/bots)" "-"
5.45.207.181 - - [22/Jul/2020:21:07:36 +0000] "GET / HTTP/1.1" 200 5068 "-" "Mozilla/5.0 (compatible; YandexBot/3.0; +http://yandex.com/bots)"
178.154.200.81 - - [22/Jul/2020:21:07:37 +0000] "GET /atom/ HTTP/1.1" 200 20080 "-" "Mozilla/5.0 (compatible; YandexBot/3.0; +http://yandex.com/bots)" "-"
178.154.200.81 - - [22/Jul/2020:21:07:37 +0000] "GET /atom/ HTTP/1.1" 200 20080 "-" "Mozilla/5.0 (compatible; YandexBot/3.0; +http://yandex.com/bots)"
114.119.165.126 - - [22/Jul/2020:21:07:37 +0000] "GET /%D0%B4%D0%B2%D0%B5%D0%BD%D0%B0%D0%B4%D1%86%D0%B0%D1%82%D1%8C-%D0%BF%D0%B8%D0%B4%D0%BE%D1%80%D0%BE%D0%B2-%D0%B5%D0%B1%D1%83%D1%82-%D0%B4%D1%80%D1%83%D0%B3-%D0%B4%D1%80%D1%83%D0%B3%D0%B0-%D0%BF%D0%B0%D1%80%D0%BE%D0%B2%D0%BE%D0%B7%D0%B8%D0%BA%D0%BE%D0%BC?s=likes HTTP/1.1" 301 0 "-" "Mozilla/5.0 (Linux; Android 7.0;) AppleWebKit/537.36 (KHTML, like Gecko) Mobile Safari/537.36 (compatible; AspiegelBot)" "-"
114.119.165.126 - - [22/Jul/2020:21:07:37 +0000] "GET /%D0%B4%D0%B2%D0%B5%D0%BD%D0%B0%D0%B4%D1%86%D0%B0%D1%82%D1%8C-%D0%BF%D0%B8%D0%B4%D0%BE%D1%80%D0%BE%D0%B2-%D0%B5%D0%B1%D1%83%D1%82-%D0%B4%D1%80%D1%83%D0%B3-%D0%B4%D1%80%D1%83%D0%B3%D0%B0-%D0%BF%D0%B0%D1%80%D0%BE%D0%B2%D0%BE%D0%B7%D0%B8%D0%BA%D0%BE%D0%BC?s=likes HTTP/1.1" 301 0 "-" "Mozilla/5.0 (Linux; Android 7.0;) AppleWebKit/537.36 (KHTML, like Gecko) Mobile Safari/537.36 (compatible; AspiegelBot)"
144.76.6.230 - - [22/Jul/2020:21:07:38 +0000] "GET /tag/%D1%91%D0%B6/ HTTP/1.1" 200 10784 "-" "Mozilla/5.0 (compatible; MJ12bot/v1.4.8; http://mj12bot.com/)" "-"
144.76.6.230 - - [22/Jul/2020:21:07:38 +0000] "GET /tag/%D1%91%D0%B6/ HTTP/1.1" 200 10784 "-" "Mozilla/5.0 (compatible; MJ12bot/v1.4.8; http://mj12bot.com/)"
114.119.165.126 - - [22/Jul/2020:21:07:38 +0000] "GET /%D0%B4%D0%B2%D0%B5%D0%BD%D0%B0%D0%B4%D1%86%D0%B0%D1%82%D1%8C-%D0%BF%D0%B8%D0%B4%D0%BE%D1%80%D0%BE%D0%B2-%D0%B5%D0%B1%D1%83%D1%82-%D0%B4%D1%80%D1%83%D0%B3-%D0%B4%D1%80%D1%83%D0%B3%D0%B0-%D0%BF%D0%B0%D1%80%D0%BE%D0%B2%D0%BE%D0%B7%D0%B8%D0%BA%D0%BE%D0%BC/?s=likes HTTP/1.1" 200 13173 "-" "Mozilla/5.0 (Linux; Android 7.0;) AppleWebKit/537.36 (KHTML, like Gecko) Mobile Safari/537.36 (compatible; AspiegelBot)" "-"
114.119.165.126 - - [22/Jul/2020:21:07:38 +0000] "GET /%D0%B4%D0%B2%D0%B5%D0%BD%D0%B0%D0%B4%D1%86%D0%B0%D1%82%D1%8C-%D0%BF%D0%B8%D0%B4%D0%BE%D1%80%D0%BE%D0%B2-%D0%B5%D0%B1%D1%83%D1%82-%D0%B4%D1%80%D1%83%D0%B3-%D0%B4%D1%80%D1%83%D0%B3%D0%B0-%D0%BF%D0%B0%D1%80%D0%BE%D0%B2%D0%BE%D0%B7%D0%B8%D0%BA%D0%BE%D0%BC/?s=likes HTTP/1.1" 200 13173 "-" "Mozilla/5.0 (Linux; Android 7.0;) AppleWebKit/537.36 (KHTML, like Gecko) Mobile Safari/537.36 (compatible; AspiegelBot)"
66.249.68.33 - - [22/Jul/2020:21:07:41 +0000] "GET /%D0%B2-%D0%9C%D0%BE%D0%BB%D0%B4%D0%B0%D0%B2%D0%B8%D0%B8-%D1%80%D0%B0%D0%B7%D1%80%D0%B0%D0%B1%D0%BE%D1%82%D0%B0%D0%BD-%D0%BA%D0%B0%D1%87%D0%B5%D1%81%D1%82%D0%B2%D0%B5%D0%BD%D0%BD%D0%BE-%D0%BD%D0%BE%D0%B2%D1%8B%D0%B9-%D1%82%D0%B8%D0%BF/ HTTP/1.1" 200 9388 "-" "Mozilla/5.0 (Linux; Android 6.0.1; Nexus 5X Build/MMB29P) AppleWebKit/537.36 (KHTML, like Gecko) Chrome/80.0.3987.92 Mobile Safari/537.36 (compatible; Googlebot/2.1; +http://www.google.com/bot.html)" "-"
66.249.68.33 - - [22/Jul/2020:21:07:41 +0000] "GET /%D0%B2-%D0%9C%D0%BE%D0%BB%D0%B4%D0%B0%D0%B2%D0%B8%D0%B8-%D1%80%D0%B0%D0%B7%D1%80%D0%B0%D0%B1%D0%BE%D1%82%D0%B0%D0%BD-%D0%BA%D0%B0%D1%87%D0%B5%D1%81%D1%82%D0%B2%D0%B5%D0%BD%D0%BD%D0%BE-%D0%BD%D0%BE%D0%B2%D1%8B%D0%B9-%D1%82%D0%B8%D0%BF/ HTTP/1.1" 200 9388 "-" "Mozilla/5.0 (Linux; Android 6.0.1; Nexus 5X Build/MMB29P) AppleWebKit/537.36 (KHTML, like Gecko) Chrome/80.0.3987.92 Mobile Safari/537.36 (compatible; Googlebot/2.1; +http://www.google.com/bot.html)"
176.15.9.97 - - [22/Jul/2020:21:07:49 +0000] "GET /%D0%B0%D0%BD%D0%B5%D0%BA%D0%B8-%D0%BF%D1%80%D0%BE-%D0%9C%D0%93%D0%A2%D0%A3/ HTTP/2.0" 200 12556 "https://yandex.ru/search/?text=%D0%B8%D0%B4%D0%B8%20%D0%BE%D1%82%D1%81%D1%8E%D0%B4%D0%B0%20%D0%B3%D1%80%D1%8F%D0%B7%D0%BD%D1%8B%D0%B9%20%D0%B1%D1%83%D0%B1%D0%BB%D0%B8%D0%BA&lr=213&clid=2192594" "Mozilla/5.0 (Macintosh; Intel Mac OS X 10_15_4) AppleWebKit/605.1.15 (KHTML, like Gecko) Version/13.1 Safari/605.1.15" "-"
176.15.9.97 - - [22/Jul/2020:21:07:49 +0000] "GET /%D0%B0%D0%BD%D0%B5%D0%BA%D0%B8-%D0%BF%D1%80%D0%BE-%D0%9C%D0%93%D0%A2%D0%A3/ HTTP/2.0" 200 12556 "https://yandex.ru/search/?text=%D0%B8%D0%B4%D0%B8%20%D0%BE%D1%82%D1%81%D1%8E%D0%B4%D0%B0%20%D0%B3%D1%80%D1%8F%D0%B7%D0%BD%D1%8B%D0%B9%20%D0%B1%D1%83%D0%B1%D0%BB%D0%B8%D0%BA&lr=213&clid=2192594" "Mozilla/5.0 (Macintosh; Intel Mac OS X 10_15_4) AppleWebKit/605.1.15 (KHTML, like Gecko) Version/13.1 Safari/605.1.15"
176.15.9.97 - - [22/Jul/2020:21:07:51 +0000] "GET /%D0%B0%D0%BD%D0%B5%D0%BA%D0%B8-%D0%BF%D1%80%D0%BE-%D0%9C%D0%93%D0%A2%D0%A3/ HTTP/2.0" 200 12556 "https://baneks.site/%D0%B0%D0%BD%D0%B5%D0%BA%D0%B8-%D0%BF%D1%80%D0%BE-%D0%9C%D0%93%D0%A2%D0%A3/" "Mozilla/5.0 (Macintosh; Intel Mac OS X 10_15_4) AppleWebKit/605.1.15 (KHTML, like Gecko) Version/13.1 Safari/605.1.15" "-"
176.15.9.97 - - [22/Jul/2020:21:07:51 +0000] "GET /%D0%B0%D0%BD%D0%B5%D0%BA%D0%B8-%D0%BF%D1%80%D0%BE-%D0%9C%D0%93%D0%A2%D0%A3/ HTTP/2.0" 200 12556 "https://baneks.site/%D0%B0%D0%BD%D0%B5%D0%BA%D0%B8-%D0%BF%D1%80%D0%BE-%D0%9C%D0%93%D0%A2%D0%A3/" "Mozilla/5.0 (Macintosh; Intel Mac OS X 10_15_4) AppleWebKit/605.1.15 (KHTML, like Gecko) Version/13.1 Safari/605.1.15"
178.154.200.81 - - [22/Jul/2020:21:07:56 +0000] "GET /tag/%D0%B4%D0%B5%D0%B2%D0%BE%D1%87%D0%BA%D0%B0/?p=1 HTTP/1.1" 200 11291 "-" "Mozilla/5.0 (compatible; YandexBot/3.0; +http://yandex.com/bots)" "-"
178.154.200.81 - - [22/Jul/2020:21:07:56 +0000] "GET /tag/%D0%B4%D0%B5%D0%B2%D0%BE%D1%87%D0%BA%D0%B0/?p=1 HTTP/1.1" 200 11291 "-" "Mozilla/5.0 (compatible; YandexBot/3.0; +http://yandex.com/bots)"
66.249.68.62 - - [22/Jul/2020:21:07:58 +0000] "GET /%D0%BE%D1%82%D0%B5%D1%86-%D0%B3%D0%BE%D0%B2%D0%BE%D1%80%D0%B8%D1%82-%D1%81%D1%8B%D0%BD%D1%83-%D0%B4%D0%B0%D0%B2%D0%B0%D0%B9-%D0%B2-%D1%88%D0%B0%D1%85%D0%BC%D0%B0%D1%82%D1%8B-%D0%B2-%D1%83%D0%BC%D0%B5-%D1%81%D1%8B%D0%B3%D1%80%D0%B0%D0%B5%D0%BC/?p=2 HTTP/1.1" 200 12714 "-" "Mozilla/5.0 (Linux; Android 6.0.1; Nexus 5X Build/MMB29P) AppleWebKit/537.36 (KHTML, like Gecko) Chrome/80.0.3987.92 Mobile Safari/537.36 (compatible; Googlebot/2.1; +http://www.google.com/bot.html)" "-"
66.249.68.62 - - [22/Jul/2020:21:07:58 +0000] "GET /%D0%BE%D1%82%D0%B5%D1%86-%D0%B3%D0%BE%D0%B2%D0%BE%D1%80%D0%B8%D1%82-%D1%81%D1%8B%D0%BD%D1%83-%D0%B4%D0%B0%D0%B2%D0%B0%D0%B9-%D0%B2-%D1%88%D0%B0%D1%85%D0%BC%D0%B0%D1%82%D1%8B-%D0%B2-%D1%83%D0%BC%D0%B5-%D1%81%D1%8B%D0%B3%D1%80%D0%B0%D0%B5%D0%BC/?p=2 HTTP/1.1" 200 12714 "-" "Mozilla/5.0 (Linux; Android 6.0.1; Nexus 5X Build/MMB29P) AppleWebKit/537.36 (KHTML, like Gecko) Chrome/80.0.3987.92 Mobile Safari/537.36 (compatible; Googlebot/2.1; +http://www.google.com/bot.html)"
176.59.3.37 - - [22/Jul/2020:21:07:59 +0000] "GET /%D0%B2%D0%B7%D1%8F%D0%BB%D0%B8-%D0%BF%D0%B8%D1%80%D0%B0%D1%82%D1%8B-%D1%81%D1%83%D0%B4%D0%BD%D0%BE-%D0%BD%D0%B0-%D0%B0%D0%B1%D0%BE%D1%80%D0%B4%D0%B0%D0%B6/?p=4 HTTP/2.0" 200 14543 "https://www.google.fr/" "Mozilla/5.0 (iPhone; CPU iPhone OS 11_2_1 like Mac OS X) AppleWebKit/604.4.7 (KHTML, like Gecko) Version/11.0 Mobile/15C153 Safari/604.1" "-"
176.59.3.37 - - [22/Jul/2020:21:07:59 +0000] "GET /%D0%B2%D0%B7%D1%8F%D0%BB%D0%B8-%D0%BF%D0%B8%D1%80%D0%B0%D1%82%D1%8B-%D1%81%D1%83%D0%B4%D0%BD%D0%BE-%D0%BD%D0%B0-%D0%B0%D0%B1%D0%BE%D1%80%D0%B4%D0%B0%D0%B6/?p=4 HTTP/2.0" 200 14543 "https://www.google.fr/" "Mozilla/5.0 (iPhone; CPU iPhone OS 11_2_1 like Mac OS X) AppleWebKit/604.4.7 (KHTML, like Gecko) Version/11.0 Mobile/15C153 Safari/604.1"
144.76.6.230 - - [22/Jul/2020:21:07:59 +0000] "GET /%D0%A7%D0%B5%D0%B1%D1%83%D1%80%D0%B0%D1%88%D0%BA%D0%B0-%D0%B8-%D0%BA%D1%80%D0%BE%D0%BA%D0%BE%D0%B4%D0%B8%D0%BB-%D0%93%D0%B5%D0%BD%D0%B0-%D0%B5%D0%B4%D1%83%D1%82-%D0%B2-%D0%B0%D0%B2%D1%82%D0%BE%D0%B1%D1%83%D1%81%D0%B5/?p=1/ HTTP/1.1" 404 3934 "-" "Mozilla/5.0 (compatible; MJ12bot/v1.4.8; http://mj12bot.com/)" "-"
144.76.6.230 - - [22/Jul/2020:21:07:59 +0000] "GET /%D0%A7%D0%B5%D0%B1%D1%83%D1%80%D0%B0%D1%88%D0%BA%D0%B0-%D0%B8-%D0%BA%D1%80%D0%BE%D0%BA%D0%BE%D0%B4%D0%B8%D0%BB-%D0%93%D0%B5%D0%BD%D0%B0-%D0%B5%D0%B4%D1%83%D1%82-%D0%B2-%D0%B0%D0%B2%D1%82%D0%BE%D0%B1%D1%83%D1%81%D0%B5/?p=1/ HTTP/1.1" 404 3934 "-" "Mozilla/5.0 (compatible; MJ12bot/v1.4.8; http://mj12bot.com/)"
178.154.200.81 - - [22/Jul/2020:21:08:03 +0000] "GET /%D0%B0%D0%BD%D0%B5%D0%BA%D0%B8-%D0%BF%D1%80%D0%BE-%D0%9C%D0%93%D0%A2%D0%A3/ HTTP/1.1" 200 13050 "-" "Mozilla/5.0 (compatible; YandexBot/3.0; +http://yandex.com/bots)" "-"
178.154.200.81 - - [22/Jul/2020:21:08:03 +0000] "GET /%D0%B0%D0%BD%D0%B5%D0%BA%D0%B8-%D0%BF%D1%80%D0%BE-%D0%9C%D0%93%D0%A2%D0%A3/ HTTP/1.1" 200 13050 "-" "Mozilla/5.0 (compatible; YandexBot/3.0; +http://yandex.com/bots)"
5.45.207.181 - - [22/Jul/2020:21:08:05 +0000] "GET /%D0%BC%D0%BE%D0%B5%D1%82%D1%81%D1%8F-%D0%BC%D1%83%D0%B6%D0%B8%D0%BA-%D0%B2-%D0%BE%D0%B1%D1%89%D0%B5%D0%BC-%D0%B4%D1%83%D1%88%D0%B5-%D0%B2%D0%B4%D1%80%D1%83%D0%B3-%D1%85%D0%BE%D0%BF-%D0%BC%D1%8B%D0%BB%D0%BE-%D0%B2%D1%8B%D0%BF%D0%B0%D0%BB%D0%BE/ HTTP/1.1" 200 13695 "-" "Mozilla/5.0 (compatible; YandexBot/3.0; +http://yandex.com/bots)" "-"
5.45.207.181 - - [22/Jul/2020:21:08:05 +0000] "GET /%D0%BC%D0%BE%D0%B5%D1%82%D1%81%D1%8F-%D0%BC%D1%83%D0%B6%D0%B8%D0%BA-%D0%B2-%D0%BE%D0%B1%D1%89%D0%B5%D0%BC-%D0%B4%D1%83%D1%88%D0%B5-%D0%B2%D0%B4%D1%80%D1%83%D0%B3-%D1%85%D0%BE%D0%BF-%D0%BC%D1%8B%D0%BB%D0%BE-%D0%B2%D1%8B%D0%BF%D0%B0%D0%BB%D0%BE/ HTTP/1.1" 200 13695 "-" "Mozilla/5.0 (compatible; YandexBot/3.0; +http://yandex.com/bots)"
46.229.168.149 - - [22/Jul/2020:21:08:06 +0000] "GET /%D0%B2-%D0%91%D0%B5%D1%80%D0%BB%D0%B8%D0%BD%D0%B5-%D0%BF%D0%BE%D1%81%D1%80%D0%B5%D0%B4%D0%B8-%D1%83%D0%BB%D0%B8%D1%86%D1%8B-%D0%BF%D0%B0%D1%80%D0%B5%D0%BD%D1%8C-%D0%B2-%D1%84%D0%BE%D1%80%D0%BC%D0%B5-%D0%A0%D0%9A%D0%9A%D0%90/ HTTP/1.1" 200 13656 "-" "Mozilla/5.0 (compatible; SemrushBot/6~bl; +http://www.semrush.com/bot.html)" "-"
46.229.168.149 - - [22/Jul/2020:21:08:06 +0000] "GET /%D0%B2-%D0%91%D0%B5%D1%80%D0%BB%D0%B8%D0%BD%D0%B5-%D0%BF%D0%BE%D1%81%D1%80%D0%B5%D0%B4%D0%B8-%D1%83%D0%BB%D0%B8%D1%86%D1%8B-%D0%BF%D0%B0%D1%80%D0%B5%D0%BD%D1%8C-%D0%B2-%D1%84%D0%BE%D1%80%D0%BC%D0%B5-%D0%A0%D0%9A%D0%9A%D0%90/ HTTP/1.1" 200 13656 "-" "Mozilla/5.0 (compatible; SemrushBot/6~bl; +http://www.semrush.com/bot.html)"
178.154.200.81 - - [22/Jul/2020:21:08:10 +0000] "GET /%D0%9C%D0%B8%D0%BA%D0%BE%D0%BB%D0%B0-%D0%BD%D0%B5-%D1%85%D0%BE%D0%B4%D0%B8-%D1%82%D1%83%D0%B4%D0%B8/ HTTP/1.1" 200 12487 "-" "Mozilla/5.0 (compatible; YandexBot/3.0; +http://yandex.com/bots)" "-"
178.154.200.81 - - [22/Jul/2020:21:08:10 +0000] "GET /%D0%9C%D0%B8%D0%BA%D0%BE%D0%BB%D0%B0-%D0%BD%D0%B5-%D1%85%D0%BE%D0%B4%D0%B8-%D1%82%D1%83%D0%B4%D0%B8/ HTTP/1.1" 200 12487 "-" "Mozilla/5.0 (compatible; YandexBot/3.0; +http://yandex.com/bots)"
85.140.12.33 - - [22/Jul/2020:21:08:10 +0000] "GET /tag/%D0%BC%D1%83%D0%B6%D0%B8%D0%BA HTTP/2.0" 301 0 "https://baneks.site/%D0%B3%D1%80%D0%B8%D0%B1%D0%BD%D0%B8%D0%BA-%D0%B2-%D0%BB%D0%B5%D1%81%D1%83-%D1%85%D0%BE%D0%B4%D0%B8%D1%82-%D0%BF%D0%BE%D0%B4-%D0%BD%D0%BE%D0%B3%D0%B8-%D1%81%D0%BC%D0%BE%D1%82%D1%80%D0%B8%D1%82-%D0%B8-%D1%81%D0%BB%D1%83%D1%87%D0%B0%D0%B9%D0%BD%D0%BE/?p=2" "Mozilla/5.0 (Linux; Android 7.0; DLI-TL20) AppleWebKit/537.36 (KHTML, like Gecko) Chrome/76.0.3809.132 Mobile Safari/537.36" "-"
