176.59.139.56 - - [22/Jul/2020:20:53:48 +0000] "GET /%D0%BA%D1%83%D0%BF%D0%B8%D0%BB-%D0%BC%D1%83%D0%B6%D0%B8%D0%BA-%D1%88%D0%BB%D1%8F%D0%BF%D1%83-%D0%BD%D0%B0%D0%B4%D0%B5%D0%BB-%D0%B5%D1%91-%D0%B8/ HTTP/2.0" 200 11855 "https://baneks.site/%D0%BA%D1%83%D0%BF%D0%B8%D0%BB-%D0%BC%D1%83%D0%B6%D0%B8%D0%BA-%D1%88%D0%BB%D1%8F%D0%BF%D1%83-%D0%BD%D0%B0%D0%B4%D0%B5%D0%BB-%D0%B5%D1%91-%D0%B8/" "Mozilla/5.0 (Linux; Android 9; Neffos C7s) AppleWebKit/537.36 (KHTML, like Gecko) Chrome/84.0.4147.89 Mobile Safari/537.36" "-"
176.59.139.56 - - [22/Jul/2020:20:53:48 +0000] "GET /%D0%BA%D1%83%D0%BF%D0%B8%D0%BB-%D0%BC%D1%83%D0%B6%D0%B8%D0%BA-%D1%88%D0%BB%D1%8F%D0%BF%D1%83-%D0%BD%D0%B0%D0%B4%D0%B5%D0%BB-%D0%B5%D1%91-%D0%B8/ HTTP/2.0" 200 11855 "https://baneks.site/%D0%BA%D1%83%D0%BF%D0%B8%D0%BB-%D0%BC%D1%83%D0%B6%D0%B8%D0%BA-%D1%88%D0%BB%D1%8F%D0%BF%D1%83-%D0%BD%D0%B0%D0%B4%D0%B5%D0%BB-%D0%B5%D1%91-%D0%B8/" "Mozilla/5.0 (Linux; Android 9; Neffos C7s) AppleWebKit/537.36 (KHTML, like Gecko) Chrome/84.0.4147.89 Mobile Safari/537.36"
178.154.200.81 - - [22/Jul/2020:20:53:58 +0000] "GET /-%D0%B7%D0%B0%D1%87%D0%B5%D0%BC-%D0%B2%D1%8B-%D0%BD%D0%B0%D0%BD%D1%8F%D0%BB%D0%B8-%D0%BD%D0%B0-%D1%80%D0%B0%D0%B1%D0%BE%D1%82%D1%83-%D0%BA%D0%BE%D1%80%D0%BE%D0%B5%D0%B4%D0%B0/ HTTP/1.1" 200 11921 "-" "Mozilla/5.0 (compatible; YandexBot/3.0; +http://yandex.com/bots)" "-"
178.154.200.81 - - [22/Jul/2020:20:53:58 +0000] "GET /-%D0%B7%D0%B0%D1%87%D0%B5%D0%BC-%D0%B2%D1%8B-%D0%BD%D0%B0%D0%BD%D1%8F%D0%BB%D0%B8-%D0%BD%D0%B0-%D1%80%D0%B0%D0%B1%D0%BE%D1%82%D1%83-%D0%BA%D0%BE%D1%80%D0%BE%D0%B5%D0%B4%D0%B0/ HTTP/1.1" 200 11921 "-" "Mozilla/5.0 (compatible; YandexBot/3.0; +http://yandex.com/bots)"
66.249.68.62 - - [22/Jul/2020:20:54:03 +0000] "GET /%D1%80%D0%B0%D0%B7%D0%B3%D0%BE%D0%B2%D0%B0%D1%80%D0%B8%D0%B2%D0%B0%D1%8E%D1%82-%D0%B4%D0%B2%D0%B0-%D1%80%D1%8B%D0%B1%D0%B0%D0%BA%D0%B0-%D1%8F-%D0%B2%D1%87%D0%B5%D1%80%D0%B0-%D1%89%D1%83%D0%BA%D1%83-%D0%BF%D0%BE%D0%B9%D0%BC%D0%B0%D0%BB-%D0%BF%D1%80%D1%8F%D0%BC/ HTTP/1.1" 200 13151 "-" "Mozilla/5.0 (Linux; Android 6.0.1; Nexus 5X Build/MMB29P) AppleWebKit/537.36 (KHTML, like Gecko) Chrome/80.0.3987.92 Mobile Safari/537.36 (compatible; Googlebot/2.1; +http://www.google.com/bot.html)" "-"
66.249.68.62 - - [22/Jul/2020:20:54:03 +0000] "GET /%D1%80%D0%B0%D0%B7%D0%B3%D0%BE%D0%B2%D0%B0%D1%80%D0%B8%D0%B2%D0%B0%D1%8E%D1%82-%D0%B4%D0%B2%D0%B0-%D1%80%D1%8B%D0%B1%D0%B0%D0%BA%D0%B0-%D1%8F-%D0%B2%D1%87%D0%B5%D1%80%D0%B0-%D1%89%D1%83%D0%BA%D1%83-%D0%BF%D0%BE%D0%B9%D0%BC%D0%B0%D0%BB-%D0%BF%D1%80%D1%8F%D0%BC/ HTTP/1.1" 200 13151 "-" "Mozilla/5.0 (Linux; Android 6.0.1; Nexus 5X Build/MMB29P) AppleWebKit/537.36 (KHTML, like Gecko) Chrome/80.0.3987.92 Mobile Safari/537.36 (compatible; Googlebot/2.1; +http://www.google.com/bot.html)"
95.189.150.22 - - [22/Jul/2020:20:54:07 +0000] "GET /%D0%B2%D0%B7%D1%8F%D0%BB%D0%B8-%D0%BF%D0%B8%D1%80%D0%B0%D1%82%D1%8B-%D1%81%D1%83%D0%B4%D0%BD%D0%BE-%D0%BD%D0%B0-%D0%B0%D0%B1%D0%BE%D1%80%D0%B4%D0%B0%D0%B6/?p=4 HTTP/2.0" 200 14543 "https://www.google.com/" "Mozilla/5.0 (Linux; Android 10; Redmi Note 8 Pro) AppleWebKit/537.36 (KHTML, like Gecko) Chrome/84.0.4147.89 Mobile Safari/537.36" "-"
95.189.150.22 - - [22/Jul/2020:20:54:07 +0000] "GET /%D0%B2%D0%B7%D1%8F%D0%BB%D0%B8-%D0%BF%D0%B8%D1%80%D0%B0%D1%82%D1%8B-%D1%81%D1%83%D0%B4%D0%BD%D0%BE-%D0%BD%D0%B0-%D0%B0%D0%B1%D0%BE%D1%80%D0%B4%D0%B0%D0%B6/?p=4 HTTP/2.0" 200 14543 "https://www.google.com/" "Mozilla/5.0 (Linux; Android 10; Redmi Note 8 Pro) AppleWebKit/537.36 (KHTML, like Gecko) Chrome/84.0.4147.89 Mobile Safari/537.36"
95.189.150.22 - - [22/Jul/2020:20:54:08 +0000] "GET /%D0%B2%D0%B7%D1%8F%D0%BB%D0%B8-%D0%BF%D0%B8%D1%80%D0%B0%D1%82%D1%8B-%D1%81%D1%83%D0%B4%D0%BD%D0%BE-%D0%BD%D0%B0-%D0%B0%D0%B1%D0%BE%D1%80%D0%B4%D0%B0%D0%B6/?p=4 HTTP/2.0" 200 14543 "https://baneks.site/%D0%B2%D0%B7%D1%8F%D0%BB%D0%B8-%D0%BF%D0%B8%D1%80%D0%B0%D1%82%D1%8B-%D1%81%D1%83%D0%B4%D0%BD%D0%BE-%D0%BD%D0%B0-%D0%B0%D0%B1%D0%BE%D1%80%D0%B4%D0%B0%D0%B6/?p=4" "Mozilla/5.0 (Linux; Android 10; Redmi Note 8 Pro) AppleWebKit/537.36 (KHTML, like Gecko) Chrome/84.0.4147.89 Mobile Safari/537.36" "-"
95.189.150.22 - - [22/Jul/2020:20:54:08 +0000] "GET /%D0%B2%D0%B7%D1%8F%D0%BB%D0%B8-%D0%BF%D0%B8%D1%80%D0%B0%D1%82%D1%8B-%D1%81%D1%83%D0%B4%D0%BD%D0%BE-%D0%BD%D0%B0-%D0%B0%D0%B1%D0%BE%D1%80%D0%B4%D0%B0%D0%B6/?p=4 HTTP/2.0" 200 14543 "https://baneks.site/%D0%B2%D0%B7%D1%8F%D0%BB%D0%B8-%D0%BF%D0%B8%D1%80%D0%B0%D1%82%D1%8B-%D1%81%D1%83%D0%B4%D0%BD%D0%BE-%D0%BD%D0%B0-%D0%B0%D0%B1%D0%BE%D1%80%D0%B4%D0%B0%D0%B6/?p=4" "Mozilla/5.0 (Linux; Android 10; Redmi Note 8 Pro) AppleWebKit/537.36 (KHTML, like Gecko) Chrome/84.0.4147.89 Mobile Safari/537.36"
85.115.248.91 - - [22/Jul/2020:20:54:11 +0000] "GET /%D0%B0%D0%BD%D0%B3%D0%BB%D0%B8%D0%B9%D1%81%D0%BA%D0%B8%D0%B9-%D0%BB%D0%BE%D1%80%D0%B4-%D0%B2%D1%8B%D0%BF%D0%BE%D0%BB%D0%BD%D0%B8%D0%B2-%D1%81%D1%83%D0%BF%D1%80%D1%83%D0%B6%D0%B5%D1%81%D0%BA%D0%B8%D0%B5-%D0%BE%D0%B1%D1%8F%D0%B7%D0%B0%D0%BD%D0%BD%D0%BE%D1%81%D1%82%D0%B8/ HTTP/2.0" 200 10930 "https://www.google.com/" "Mozilla/5.0 (Linux; Android 10; Redmi Note 9S) AppleWebKit/537.36 (KHTML, like Gecko) Chrome/83.0.4103.106 Mobile Safari/537.36" "-"
85.115.248.91 - - [22/Jul/2020:20:54:11 +0000] "GET /%D0%B0%D0%BD%D0%B3%D0%BB%D0%B8%D0%B9%D1%81%D0%BA%D0%B8%D0%B9-%D0%BB%D0%BE%D1%80%D0%B4-%D0%B2%D1%8B%D0%BF%D0%BE%D0%BB%D0%BD%D0%B8%D0%B2-%D1%81%D1%83%D0%BF%D1%80%D1%83%D0%B6%D0%B5%D1%81%D0%BA%D0%B8%D0%B5-%D0%BE%D0%B1%D1%8F%D0%B7%D0%B0%D0%BD%D0%BD%D0%BE%D1%81%D1%82%D0%B8/ HTTP/2.0" 200 10930 "https://www.google.com/" "Mozilla/5.0 (Linux; Android 10; Redmi Note 9S) AppleWebKit/537.36 (KHTML, like Gecko) Chrome/83.0.4103.106 Mobile Safari/537.36"
54.36.149.62 - - [22/Jul/2020:20:54:12 +0000] "GET /%D1%88%D0%B5%D1%81%D1%82%D1%8C%D0%B4%D0%B5%D1%81%D1%8F%D1%82-%D1%88%D0%B5%D1%81%D1%82%D1%8C-%D0%BB%D0%B5%D1%82-%D0%BF%D0%BE%D1%81%D0%BB%D0%B5-%D1%81%D0%BC%D0%B5%D1%80%D1%82%D0%B8-%D0%A1%D1%82%D0%B0%D0%BB%D0%B8%D0%BD%D0%B0/ HTTP/2.0" 200 13911 "-" "Mozilla/5.0 (compatible; AhrefsBot/6.1; +http://ahrefs.com/robot/)" "-"
54.36.149.62 - - [22/Jul/2020:20:54:12 +0000] "GET /%D1%88%D0%B5%D1%81%D1%82%D1%8C%D0%B4%D0%B5%D1%81%D1%8F%D1%82-%D1%88%D0%B5%D1%81%D1%82%D1%8C-%D0%BB%D0%B5%D1%82-%D0%BF%D0%BE%D1%81%D0%BB%D0%B5-%D1%81%D0%BC%D0%B5%D1%80%D1%82%D0%B8-%D0%A1%D1%82%D0%B0%D0%BB%D0%B8%D0%BD%D0%B0/ HTTP/2.0" 200 13911 "-" "Mozilla/5.0 (compatible; AhrefsBot/6.1; +http://ahrefs.com/robot/)"
85.115.248.91 - - [22/Jul/2020:20:54:12 +0000] "GET /%D0%B0%D0%BD%D0%B3%D0%BB%D0%B8%D0%B9%D1%81%D0%BA%D0%B8%D0%B9-%D0%BB%D0%BE%D1%80%D0%B4-%D0%B2%D1%8B%D0%BF%D0%BE%D0%BB%D0%BD%D0%B8%D0%B2-%D1%81%D1%83%D0%BF%D1%80%D1%83%D0%B6%D0%B5%D1%81%D0%BA%D0%B8%D0%B5-%D0%BE%D0%B1%D1%8F%D0%B7%D0%B0%D0%BD%D0%BD%D0%BE%D1%81%D1%82%D0%B8/ HTTP/2.0" 200 10930 "https://baneks.site/%D0%B0%D0%BD%D0%B3%D0%BB%D0%B8%D0%B9%D1%81%D0%BA%D0%B8%D0%B9-%D0%BB%D0%BE%D1%80%D0%B4-%D0%B2%D1%8B%D0%BF%D0%BE%D0%BB%D0%BD%D0%B8%D0%B2-%D1%81%D1%83%D0%BF%D1%80%D1%83%D0%B6%D0%B5%D1%81%D0%BA%D0%B8%D0%B5-%D0%BE%D0%B1%D1%8F%D0%B7%D0%B0%D0%BD%D0%BD%D0%BE%D1%81%D1%82%D0%B8/" "Mozilla/5.0 (Linux; Android 10; Redmi Note 9S) AppleWebKit/537.36 (KHTML, like Gecko) Chrome/83.0.4103.106 Mobile Safari/537.36" "-"
85.115.248.91 - - [22/Jul/2020:20:54:12 +0000] "GET /%D0%B0%D0%BD%D0%B3%D0%BB%D0%B8%D0%B9%D1%81%D0%BA%D0%B8%D0%B9-%D0%BB%D0%BE%D1%80%D0%B4-%D0%B2%D1%8B%D0%BF%D0%BE%D0%BB%D0%BD%D0%B8%D0%B2-%D1%81%D1%83%D0%BF%D1%80%D1%83%D0%B6%D0%B5%D1%81%D0%BA%D0%B8%D0%B5-%D0%BE%D0%B1%D1%8F%D0%B7%D0%B0%D0%BD%D0%BD%D0%BE%D1%81%D1%82%D0%B8/ HTTP/2.0" 200 10930 "https://baneks.site/%D0%B0%D0%BD%D0%B3%D0%BB%D0%B8%D0%B9%D1%81%D0%BA%D0%B8%D0%B9-%D0%BB%D0%BE%D1%80%D0%B4-%D0%B2%D1%8B%D0%BF%D0%BE%D0%BB%D0%BD%D0%B8%D0%B2-%D1%81%D1%83%D0%BF%D1%80%D1%83%D0%B6%D0%B5%D1%81%D0%BA%D0%B8%D0%B5-%D0%BE%D0%B1%D1%8F%D0%B7%D0%B0%D0%BD%D0%BD%D0%BE%D1%81%D1%82%D0%B8/" "Mozilla/5.0 (Linux; Android 10; Redmi Note 9S) AppleWebKit/537.36 (KHTML, like Gecko) Chrome/83.0.4103.106 Mobile Safari/537.36"
31.0.42.247 - - [22/Jul/2020:20:54:12 +0000] "GET /best/ HTTP/2.0" 200 15976 "https://www.google.com/" "Mozilla/5.0 (Linux; Android 9; Redmi 6) AppleWebKit/537.36 (KHTML, like Gecko) Chrome/84.0.4147.89 Mobile Safari/537.36" "-"
31.0.42.247 - - [22/Jul/2020:20:54:12 +0000] "GET /best/ HTTP/2.0" 200 15976 "https://www.google.com/" "Mozilla/5.0 (Linux; Android 9; Redmi 6) AppleWebKit/537.36 (KHTML, like Gecko) Chrome/84.0.4147.89 Mobile Safari/537.36"
31.0.42.247 - - [22/Jul/2020:20:54:14 +0000] "GET /best/ HTTP/2.0" 304 0 "https://baneks.site/best/" "Mozilla/5.0 (Linux; Android 9; Redmi 6) AppleWebKit/537.36 (KHTML, like Gecko) Chrome/84.0.4147.89 Mobile Safari/537.36" "-"
31.0.42.247 - - [22/Jul/2020:20:54:14 +0000] "GET /best/ HTTP/2.0" 304 0 "https://baneks.site/best/" "Mozilla/5.0 (Linux; Android 9; Redmi 6) AppleWebKit/537.36 (KHTML, like Gecko) Chrome/84.0.4147.89 Mobile Safari/537.36"
31.0.42.247 - - [22/Jul/2020:20:54:27 +0000] "GET /-%D0%BF%D0%B0%D0%BF%D0%B0-%D1%87%D1%82%D0%BE-%D1%82%D0%B0%D0%BA%D0%BE%D0%B5-%D0%BD%D0%B5%D0%BA%D0%BE%D0%BC%D0%BF%D0%B5%D1%82%D0%B5%D0%BD%D1%82%D0%BD%D0%BE%D1%81%D1%82%D1%8C-%D0%B8-%D0%B1%D0%B5%D0%B7%D1%80%D0%B0%D0%B7%D0%BB%D0%B8%D1%87%D0%B8%D0%B5/ HTTP/2.0" 200 13248 "https://baneks.site/best/" "Mozilla/5.0 (Linux; Android 9; Redmi 6) AppleWebKit/537.36 (KHTML, like Gecko) Chrome/84.0.4147.89 Mobile Safari/537.36" "-"
31.0.42.247 - - [22/Jul/2020:20:54:27 +0000] "GET /-%D0%BF%D0%B0%D0%BF%D0%B0-%D1%87%D1%82%D0%BE-%D1%82%D0%B0%D0%BA%D0%BE%D0%B5-%D0%BD%D0%B5%D0%BA%D0%BE%D0%BC%D0%BF%D0%B5%D1%82%D0%B5%D0%BD%D1%82%D0%BD%D0%BE%D1%81%D1%82%D1%8C-%D0%B8-%D0%B1%D0%B5%D0%B7%D1%80%D0%B0%D0%B7%D0%BB%D0%B8%D1%87%D0%B8%D0%B5/ HTTP/2.0" 200 13248 "https://baneks.site/best/" "Mozilla/5.0 (Linux; Android 9; Redmi 6) AppleWebKit/537.36 (KHTML, like Gecko) Chrome/84.0.4147.89 Mobile Safari/537.36"
31.0.42.247 - - [22/Jul/2020:20:54:29 +0000] "GET /-%D0%BF%D0%B0%D0%BF%D0%B0-%D1%87%D1%82%D0%BE-%D1%82%D0%B0%D0%BA%D0%BE%D0%B5-%D0%BD%D0%B5%D0%BA%D0%BE%D0%BC%D0%BF%D0%B5%D1%82%D0%B5%D0%BD%D1%82%D0%BD%D0%BE%D1%81%D1%82%D1%8C-%D0%B8-%D0%B1%D0%B5%D0%B7%D1%80%D0%B0%D0%B7%D0%BB%D0%B8%D1%87%D0%B8%D0%B5/ HTTP/2.0" 200 13248 "https://baneks.site/-%D0%BF%D0%B0%D0%BF%D0%B0-%D1%87%D1%82%D0%BE-%D1%82%D0%B0%D0%BA%D0%BE%D0%B5-%D0%BD%D0%B5%D0%BA%D0%BE%D0%BC%D0%BF%D0%B5%D1%82%D0%B5%D0%BD%D1%82%D0%BD%D0%BE%D1%81%D1%82%D1%8C-%D0%B8-%D0%B1%D0%B5%D0%B7%D1%80%D0%B0%D0%B7%D0%BB%D0%B8%D1%87%D0%B8%D0%B5/" "Mozilla/5.0 (Linux; Android 9; Redmi 6) AppleWebKit/537.36 (KHTML, like Gecko) Chrome/84.0.4147.89 Mobile Safari/537.36" "-"
31.0.42.247 - - [22/Jul/2020:20:54:29 +0000] "GET /-%D0%BF%D0%B0%D0%BF%D0%B0-%D1%87%D1%82%D0%BE-%D1%82%D0%B0%D0%BA%D0%BE%D0%B5-%D0%BD%D0%B5%D0%BA%D0%BE%D0%BC%D0%BF%D0%B5%D1%82%D0%B5%D0%BD%D1%82%D0%BD%D0%BE%D1%81%D1%82%D1%8C-%D0%B8-%D0%B1%D0%B5%D0%B7%D1%80%D0%B0%D0%B7%D0%BB%D0%B8%D1%87%D0%B8%D0%B5/ HTTP/2.0" 200 13248 "https://baneks.site/-%D0%BF%D0%B0%D0%BF%D0%B0-%D1%87%D1%82%D0%BE-%D1%82%D0%B0%D0%BA%D0%BE%D0%B5-%D0%BD%D0%B5%D0%BA%D0%BE%D0%BC%D0%BF%D0%B5%D1%82%D0%B5%D0%BD%D1%82%D0%BD%D0%BE%D1%81%D1%82%D1%8C-%D0%B8-%D0%B1%D0%B5%D0%B7%D1%80%D0%B0%D0%B7%D0%BB%D0%B8%D1%87%D0%B8%D0%B5/" "Mozilla/5.0 (Linux; Android 9; Redmi 6) AppleWebKit/537.36 (KHTML, like Gecko) Chrome/84.0.4147.89 Mobile Safari/537.36"
66.249.68.33 - - [22/Jul/2020:20:54:31 +0000] "GET /%D0%B7%D0%B0%D1%85%D0%BE%D1%82%D1%96%D0%BB%D0%B8-%D0%BC%D0%BE%D1%81%D0%BA%D0%B0%D0%BB%D1%96-%D1%81%D1%82%D0%B0%D1%82%D0%B8-%D1%83%D0%BA%D1%80%D0%B0%D1%97%D0%BD%D1%86%D1%8F%D0%BC%D0%B8/?p=2 HTTP/1.1" 200 15041 "-" "Mozilla/5.0 (compatible; Googlebot/2.1; +http://www.google.com/bot.html)" "-"
66.249.68.33 - - [22/Jul/2020:20:54:31 +0000] "GET /%D0%B7%D0%B0%D1%85%D0%BE%D1%82%D1%96%D0%BB%D0%B8-%D0%BC%D0%BE%D1%81%D0%BA%D0%B0%D0%BB%D1%96-%D1%81%D1%82%D0%B0%D1%82%D0%B8-%D1%83%D0%BA%D1%80%D0%B0%D1%97%D0%BD%D1%86%D1%8F%D0%BC%D0%B8/?p=2 HTTP/1.1" 200 15041 "-" "Mozilla/5.0 (compatible; Googlebot/2.1; +http://www.google.com/bot.html)"
31.131.104.19 - - [22/Jul/2020:20:54:38 +0000] "GET /%D1%83%D0%BA%D1%80%D0%B0%D0%BB%D0%B8-%D1%83-%D1%81%D0%BB%D0%BE%D0%BD%D0%B0-%D1%82%D1%80%D1%83%D1%81%D1%8B-%D0%B4%D0%BE%D0%BB%D0%B3%D0%BE-%D0%B8%D1%81%D0%BA%D0%B0%D0%BB%D0%B8-%D0%B2%D0%BE%D1%80%D0%B0-%D0%BD%D0%B5-%D0%BD%D0%B0%D1%88%D0%BB%D0%B8/ HTTP/2.0" 200 13347 "https://www.google.com/" "Mozilla/5.0 (iPhone; CPU iPhone OS 13_5 like Mac OS X) AppleWebKit/605.1.15 (KHTML, like Gecko) GSA/117.0.321844219 Mobile/15E148 Safari/604.1" "-"
31.131.104.19 - - [22/Jul/2020:20:54:38 +0000] "GET /%D1%83%D0%BA%D1%80%D0%B0%D0%BB%D0%B8-%D1%83-%D1%81%D0%BB%D0%BE%D0%BD%D0%B0-%D1%82%D1%80%D1%83%D1%81%D1%8B-%D0%B4%D0%BE%D0%BB%D0%B3%D0%BE-%D0%B8%D1%81%D0%BA%D0%B0%D0%BB%D0%B8-%D0%B2%D0%BE%D1%80%D0%B0-%D0%BD%D0%B5-%D0%BD%D0%B0%D1%88%D0%BB%D0%B8/ HTTP/2.0" 200 13347 "https://www.google.com/" "Mozilla/5.0 (iPhone; CPU iPhone OS 13_5 like Mac OS X) AppleWebKit/605.1.15 (KHTML, like Gecko) GSA/117.0.321844219 Mobile/15E148 Safari/604.1"
46.229.168.148 - - [22/Jul/2020:20:54:43 +0000] "GET /%D1%80%D0%B0%D0%B7%D0%B3%D0%BE%D0%B2%D0%BE%D1%80-%D0%BC%D0%B0%D1%82%D0%B5%D1%80%D0%B8-%D0%B8-%D1%81%D1%8B%D0%BD%D0%B0-%D0%B4%D0%B2%D0%B0%D1%87%D0%B5%D1%80%D0%B0-%D0%B2-%D0%BC%D0%B0%D0%B3%D0%B0%D0%B7%D0%B8%D0%BD%D0%B5-%D1%81%D1%8B%D0%BD%D0%BE%D0%BA-%D0%B0/ HTTP/1.1" 200 13304 "-" "Mozilla/5.0 (compatible; SemrushBot/6~bl; +http://www.semrush.com/bot.html)" "-"
46.229.168.148 - - [22/Jul/2020:20:54:43 +0000] "GET /%D1%80%D0%B0%D0%B7%D0%B3%D0%BE%D0%B2%D0%BE%D1%80-%D0%BC%D0%B0%D1%82%D0%B5%D1%80%D0%B8-%D0%B8-%D1%81%D1%8B%D0%BD%D0%B0-%D0%B4%D0%B2%D0%B0%D1%87%D0%B5%D1%80%D0%B0-%D0%B2-%D0%BC%D0%B0%D0%B3%D0%B0%D0%B7%D0%B8%D0%BD%D0%B5-%D1%81%D1%8B%D0%BD%D0%BE%D0%BA-%D0%B0/ HTTP/1.1" 200 13304 "-" "Mozilla/5.0 (compatible; SemrushBot/6~bl; +http://www.semrush.com/bot.html)"
176.59.139.56 - - [22/Jul/2020:20:54:46 +0000] "GET /%D0%BA%D0%B0%D0%BA-%D0%BD%D0%B0%D0%B7%D1%8B%D0%B2%D0%B0%D0%B5%D1%82%D1%81%D1%8F-%D1%82%D0%B8%D0%BF%D0%B0%D0%B6-%D0%BC%D1%83%D0%B6%D1%87%D0%B8%D0%BD%D1%8B-%D0%BA%D0%BE%D1%82%D0%BE%D1%80%D1%8B%D0%B9-%D0%B1%D1%8C%D0%B5%D1%82-%D0%B6%D0%B5%D0%BD%D1%83-%D0%B8/ HTTP/2.0" 200 10243 "-" "Mozilla/5.0 (Linux; Android 9; Neffos C7s) AppleWebKit/537.36 (KHTML, like Gecko) Chrome/84.0.4147.89 Mobile Safari/537.36" "-"
176.59.139.56 - - [22/Jul/2020:20:54:46 +0000] "GET /%D0%BA%D0%B0%D0%BA-%D0%BD%D0%B0%D0%B7%D1%8B%D0%B2%D0%B0%D0%B5%D1%82%D1%81%D1%8F-%D1%82%D0%B8%D0%BF%D0%B0%D0%B6-%D0%BC%D1%83%D0%B6%D1%87%D0%B8%D0%BD%D1%8B-%D0%BA%D0%BE%D1%82%D0%BE%D1%80%D1%8B%D0%B9-%D0%B1%D1%8C%D0%B5%D1%82-%D0%B6%D0%B5%D0%BD%D1%83-%D0%B8/ HTTP/2.0" 200 10243 "-" "Mozilla/5.0 (Linux; Android 9; Neffos C7s) AppleWebKit/537.36 (KHTML, like Gecko) Chrome/84.0.4147.89 Mobile Safari/537.36"
176.59.139.56 - - [22/Jul/2020:20:54:47 +0000] "GET /%D0%BA%D0%B0%D0%BA-%D0%BD%D0%B0%D0%B7%D1%8B%D0%B2%D0%B0%D0%B5%D1%82%D1%81%D1%8F-%D1%82%D0%B8%D0%BF%D0%B0%D0%B6-%D0%BC%D1%83%D0%B6%D1%87%D0%B8%D0%BD%D1%8B-%D0%BA%D0%BE%D1%82%D0%BE%D1%80%D1%8B%D0%B9-%D0%B1%D1%8C%D0%B5%D1%82-%D0%B6%D0%B5%D0%BD%D1%83-%D0%B8/ HTTP/2.0" 200 10243 "https://baneks.site/%D0%BA%D0%B0%D0%BA-%D0%BD%D0%B0%D0%B7%D1%8B%D0%B2%D0%B0%D0%B5%D1%82%D1%81%D1%8F-%D1%82%D0%B8%D0%BF%D0%B0%D0%B6-%D0%BC%D1%83%D0%B6%D1%87%D0%B8%D0%BD%D1%8B-%D0%BA%D0%BE%D1%82%D0%BE%D1%80%D1%8B%D0%B9-%D0%B1%D1%8C%D0%B5%D1%82-%D0%B6%D0%B5%D0%BD%D1%83-%D0%B8/" "Mozilla/5.0 (Linux; Android 9; Neffos C7s) AppleWebKit/537.36 (KHTML, like Gecko) Chrome/84.0.4147.89 Mobile Safari/537.36" "-"
176.59.139.56 - - [22/Jul/2020:20:54:47 +0000] "GET /%D0%BA%D0%B0%D0%BA-%D0%BD%D0%B0%D0%B7%D1%8B%D0%B2%D0%B0%D0%B5%D1%82%D1%81%D1%8F-%D1%82%D0%B8%D0%BF%D0%B0%D0%B6-%D0%BC%D1%83%D0%B6%D1%87%D0%B8%D0%BD%D1%8B-%D0%BA%D0%BE%D1%82%D0%BE%D1%80%D1%8B%D0%B9-%D0%B1%D1%8C%D0%B5%D1%82-%D0%B6%D0%B5%D0%BD%D1%83-%D0%B8/ HTTP/2.0" 200 10243 "https://baneks.site/%D0%BA%D0%B0%D0%BA-%D0%BD%D0%B0%D0%B7%D1%8B%D0%B2%D0%B0%D0%B5%D1%82%D1%81%D1%8F-%D1%82%D0%B8%D0%BF%D0%B0%D0%B6-%D0%BC%D1%83%D0%B6%D1%87%D0%B8%D0%BD%D1%8B-%D0%BA%D0%BE%D1%82%D0%BE%D1%80%D1%8B%D0%B9-%D0%B1%D1%8C%D0%B5%D1%82-%D0%B6%D0%B5%D0%BD%D1%83-%D0%B8/" "Mozilla/5.0 (Linux; Android 9; Neffos C7s) AppleWebKit/537.36 (KHTML, like Gecko) Chrome/84.0.4147.89 Mobile Safari/537.36"
31.131.104.19 - - [22/Jul/2020:20:54:49 +0000] "GET /%D1%83%D0%BA%D1%80%D0%B0%D0%BB%D0%B8-%D1%83-%D1%81%D0%BB%D0%BE%D0%BD%D0%B0-%D1%82%D1%80%D1%83%D1%81%D1%8B-%D0%B4%D0%BE%D0%BB%D0%B3%D0%BE-%D0%B8%D1%81%D0%BA%D0%B0%D0%BB%D0%B8-%D0%B2%D0%BE%D1%80%D0%B0-%D0%BD%D0%B5-%D0%BD%D0%B0%D1%88%D0%BB%D0%B8/ HTTP/2.0" 200 13347 "-" "Mozilla/5.0 (iPhone; CPU iPhone OS 13_5 like Mac OS X) AppleWebKit/605.1.15 (KHTML, like Gecko) GSA/117.0.321844219 Mobile/15E148 Safari/604.1" "-"
31.131.104.19 - - [22/Jul/2020:20:54:49 +0000] "GET /%D1%83%D0%BA%D1%80%D0%B0%D0%BB%D0%B8-%D1%83-%D1%81%D0%BB%D0%BE%D0%BD%D0%B0-%D1%82%D1%80%D1%83%D1%81%D1%8B-%D0%B4%D0%BE%D0%BB%D0%B3%D0%BE-%D0%B8%D1%81%D0%BA%D0%B0%D0%BB%D0%B8-%D0%B2%D0%BE%D1%80%D0%B0-%D0%BD%D0%B5-%D0%BD%D0%B0%D1%88%D0%BB%D0%B8/ HTTP/2.0" 200 13347 "-" "Mozilla/5.0 (iPhone; CPU iPhone OS 13_5 like Mac OS X) AppleWebKit/605.1.15 (KHTML, like Gecko) GSA/117.0.321844219 Mobile/15E148 Safari/604.1"
178.154.200.81 - - [22/Jul/2020:20:54:49 +0000] "GET /-%D0%BF%D0%B0%D0%BF%D0%B0-%D1%87%D1%82%D0%BE-%D1%82%D0%B0%D0%BA%D0%BE%D0%B5-%D0%BD%D0%B5%D0%BA%D0%BE%D0%BC%D0%BF%D0%B5%D1%82%D0%B5%D0%BD%D1%82%D0%BD%D0%BE%D1%81%D1%82%D1%8C-%D0%B8-%D0%B1%D0%B5%D0%B7%D1%80%D0%B0%D0%B7%D0%BB%D0%B8%D1%87%D0%B8%D0%B5/ HTTP/1.1" 200 13422 "-" "Mozilla/5.0 (compatible; YandexBot/3.0; +http://yandex.com/bots)" "-"
178.154.200.81 - - [22/Jul/2020:20:54:49 +0000] "GET /-%D0%BF%D0%B0%D0%BF%D0%B0-%D1%87%D1%82%D0%BE-%D1%82%D0%B0%D0%BA%D0%BE%D0%B5-%D0%BD%D0%B5%D0%BA%D0%BE%D0%BC%D0%BF%D0%B5%D1%82%D0%B5%D0%BD%D1%82%D0%BD%D0%BE%D1%81%D1%82%D1%8C-%D0%B8-%D0%B1%D0%B5%D0%B7%D1%80%D0%B0%D0%B7%D0%BB%D0%B8%D1%87%D0%B8%D0%B5/ HTTP/1.1" 200 13422 "-" "Mozilla/5.0 (compatible; YandexBot/3.0; +http://yandex.com/bots)"
176.59.139.56 - - [22/Jul/2020:20:54:50 +0000] "GET /random HTTP/2.0" 302 0 "https://baneks.site/%D0%BA%D0%B0%D0%BA-%D0%BD%D0%B0%D0%B7%D1%8B%D0%B2%D0%B0%D0%B5%D1%82%D1%81%D1%8F-%D1%82%D0%B8%D0%BF%D0%B0%D0%B6-%D0%BC%D1%83%D0%B6%D1%87%D0%B8%D0%BD%D1%8B-%D0%BA%D0%BE%D1%82%D0%BE%D1%80%D1%8B%D0%B9-%D0%B1%D1%8C%D0%B5%D1%82-%D0%B6%D0%B5%D0%BD%D1%83-%D0%B8/" "Mozilla/5.0 (Linux; Android 9; Neffos C7s) AppleWebKit/537.36 (KHTML, like Gecko) Chrome/84.0.4147.89 Mobile Safari/537.36" "-"
176.59.139.56 - - [22/Jul/2020:20:54:50 +0000] "GET /random HTTP/2.0" 302 0 "https://baneks.site/%D0%BA%D0%B0%D0%BA-%D0%BD%D0%B0%D0%B7%D1%8B%D0%B2%D0%B0%D0%B5%D1%82%D1%81%D1%8F-%D1%82%D0%B8%D0%BF%D0%B0%D0%B6-%D0%BC%D1%83%D0%B6%D1%87%D0%B8%D0%BD%D1%8B-%D0%BA%D0%BE%D1%82%D0%BE%D1%80%D1%8B%D0%B9-%D0%B1%D1%8C%D0%B5%D1%82-%D0%B6%D0%B5%D0%BD%D1%83-%D0%B8/" "Mozilla/5.0 (Linux; Android 9; Neffos C7s) AppleWebKit/537.36 (KHTML, like Gecko) Chrome/84.0.4147.89 Mobile Safari/537.36"
176.59.139.56 - - [22/Jul/2020:20:54:50 +0000] "GET /%D0%BC%D1%83%D0%B6%D0%B8%D0%BA-%D0%BE%D1%81%D1%82%D0%B0%D0%BD%D0%B0%D0%B2%D0%BB%D0%B8%D0%B2%D0%B0%D0%B5%D1%82-%D1%82%D0%B0%D0%BA%D1%81%D0%B8-%D0%BE%D1%82%D0%BA%D1%80%D1%8B%D0%B2%D0%B0%D1%8F-%D0%B4%D0%B2%D0%B5%D1%80%D1%8C/ HTTP/2.0" 200 13309 "https://baneks.site/%D0%BA%D0%B0%D0%BA-%D0%BD%D0%B0%D0%B7%D1%8B%D0%B2%D0%B0%D0%B5%D1%82%D1%81%D1%8F-%D1%82%D0%B8%D0%BF%D0%B0%D0%B6-%D0%BC%D1%83%D0%B6%D1%87%D0%B8%D0%BD%D1%8B-%D0%BA%D0%BE%D1%82%D0%BE%D1%80%D1%8B%D0%B9-%D0%B1%D1%8C%D0%B5%D1%82-%D0%B6%D0%B5%D0%BD%D1%83-%D0%B8/" "Mozilla/5.0 (Linux; Android 9; Neffos C7s) AppleWebKit/537.36 (KHTML, like Gecko) Chrome/84.0.4147.89 Mobile Safari/537.36" "-"
176.59.139.56 - - [22/Jul/2020:20:54:50 +0000] "GET /%D0%BC%D1%83%D0%B6%D0%B8%D0%BA-%D0%BE%D1%81%D1%82%D0%B0%D0%BD%D0%B0%D0%B2%D0%BB%D0%B8%D0%B2%D0%B0%D0%B5%D1%82-%D1%82%D0%B0%D0%BA%D1%81%D0%B8-%D0%BE%D1%82%D0%BA%D1%80%D1%8B%D0%B2%D0%B0%D1%8F-%D0%B4%D0%B2%D0%B5%D1%80%D1%8C/ HTTP/2.0" 200 13309 "https://baneks.site/%D0%BA%D0%B0%D0%BA-%D0%BD%D0%B0%D0%B7%D1%8B%D0%B2%D0%B0%D0%B5%D1%82%D1%81%D1%8F-%D1%82%D0%B8%D0%BF%D0%B0%D0%B6-%D0%BC%D1%83%D0%B6%D1%87%D0%B8%D0%BD%D1%8B-%D0%BA%D0%BE%D1%82%D0%BE%D1%80%D1%8B%D0%B9-%D0%B1%D1%8C%D0%B5%D1%82-%D0%B6%D0%B5%D0%BD%D1%83-%D0%B8/" "Mozilla/5.0 (Linux; Android 9; Neffos C7s) AppleWebKit/537.36 (KHTML, like Gecko) Chrome/84.0.4147.89 Mobile Safari/537.36"
176.59.139.56 - - [22/Jul/2020:20:54:51 +0000] "GET /%D0%BC%D1%83%D0%B6%D0%B8%D0%BA-%D0%BE%D1%81%D1%82%D0%B0%D0%BD%D0%B0%D0%B2%D0%BB%D0%B8%D0%B2%D0%B0%D0%B5%D1%82-%D1%82%D0%B0%D0%BA%D1%81%D0%B8-%D0%BE%D1%82%D0%BA%D1%80%D1%8B%D0%B2%D0%B0%D1%8F-%D0%B4%D0%B2%D0%B5%D1%80%D1%8C/ HTTP/2.0" 200 13309 "https://baneks.site/%D0%BC%D1%83%D0%B6%D0%B8%D0%BA-%D0%BE%D1%81%D1%82%D0%B0%D0%BD%D0%B0%D0%B2%D0%BB%D0%B8%D0%B2%D0%B0%D0%B5%D1%82-%D1%82%D0%B0%D0%BA%D1%81%D0%B8-%D0%BE%D1%82%D0%BA%D1%80%D1%8B%D0%B2%D0%B0%D1%8F-%D0%B4%D0%B2%D0%B5%D1%80%D1%8C/" "Mozilla/5.0 (Linux; Android 9; Neffos C7s) AppleWebKit/537.36 (KHTML, like Gecko) Chrome/84.0.4147.89 Mobile Safari/537.36" "-"
176.59.139.56 - - [22/Jul/2020:20:54:51 +0000] "GET /%D0%BC%D1%83%D0%B6%D0%B8%D0%BA-%D0%BE%D1%81%D1%82%D0%B0%D0%BD%D0%B0%D0%B2%D0%BB%D0%B8%D0%B2%D0%B0%D0%B5%D1%82-%D1%82%D0%B0%D0%BA%D1%81%D0%B8-%D0%BE%D1%82%D0%BA%D1%80%D1%8B%D0%B2%D0%B0%D1%8F-%D0%B4%D0%B2%D0%B5%D1%80%D1%8C/ HTTP/2.0" 200 13309 "https://baneks.site/%D0%BC%D1%83%D0%B6%D0%B8%D0%BA-%D0%BE%D1%81%D1%82%D0%B0%D0%BD%D0%B0%D0%B2%D0%BB%D0%B8%D0%B2%D0%B0%D0%B5%D1%82-%D1%82%D0%B0%D0%BA%D1%81%D0%B8-%D0%BE%D1%82%D0%BA%D1%80%D1%8B%D0%B2%D0%B0%D1%8F-%D0%B4%D0%B2%D0%B5%D1%80%D1%8C/" "Mozilla/5.0 (Linux; Android 9; Neffos C7s) AppleWebKit/537.36 (KHTML, like Gecko) Chrome/84.0.4147.89 Mobile Safari/537.36"
46.229.168.130 - - [22/Jul/2020:20:54:54 +0000] "GET /%D0%B8%D0%B4%D0%B5%D1%82-%D0%BC%D1%83%D0%B6%D0%B8%D0%BA-%D0%BF%D0%BE-%D0%BB%D0%B5%D1%81%D1%83-%D1%81%D1%82%D0%B5%D0%BC%D0%BD%D0%B5%D0%BB%D0%BE-%D1%83%D0%B6%D0%B5-%D0%B6%D1%80%D0%B0%D1%82%D1%8C-%D1%85%D0%BE%D1%87%D0%B5%D1%82/ HTTP/1.1" 200 15277 "-" "Mozilla/5.0 (compatible; SemrushBot/6~bl; +http://www.semrush.com/bot.html)" "-"
46.229.168.130 - - [22/Jul/2020:20:54:54 +0000] "GET /%D0%B8%D0%B4%D0%B5%D1%82-%D0%BC%D1%83%D0%B6%D0%B8%D0%BA-%D0%BF%D0%BE-%D0%BB%D0%B5%D1%81%D1%83-%D1%81%D1%82%D0%B5%D0%BC%D0%BD%D0%B5%D0%BB%D0%BE-%D1%83%D0%B6%D0%B5-%D0%B6%D1%80%D0%B0%D1%82%D1%8C-%D1%85%D0%BE%D1%87%D0%B5%D1%82/ HTTP/1.1" 200 15277 "-" "Mozilla/5.0 (compatible; SemrushBot/6~bl; +http://www.semrush.com/bot.html)"
46.56.220.34 - - [22/Jul/2020:20:54:57 +0000] "GET /%D1%83%D0%BC%D0%B8%D1%80%D0%B0%D0%B5%D1%82-%D1%81%D1%82%D0%B0%D1%80%D1%8B%D0%B9-%D0%BF%D0%B0%D1%81%D0%B5%D1%87%D0%BD%D0%B8%D0%BA-%D0%B2%D0%BE%D0%BA%D1%80%D1%83%D0%B3-%D0%BD%D0%B5%D0%B3%D0%BE-%D1%81%D0%BE%D0%B1%D1%80%D0%B0%D0%BB%D0%B0%D1%81%D1%8C-%D0%B2%D1%81%D1%8F/ HTTP/2.0" 200 10361 "https://www.google.com/" "Mozilla/5.0 (iPhone; CPU iPhone OS 13_5_1 like Mac OS X) AppleWebKit/605.1.15 (KHTML, like Gecko) Version/13.1.1 Mobile/15E148 Safari/604.1" "-"
46.56.220.34 - - [22/Jul/2020:20:54:57 +0000] "GET /%D1%83%D0%BC%D0%B8%D1%80%D0%B0%D0%B5%D1%82-%D1%81%D1%82%D0%B0%D1%80%D1%8B%D0%B9-%D0%BF%D0%B0%D1%81%D0%B5%D1%87%D0%BD%D0%B8%D0%BA-%D0%B2%D0%BE%D0%BA%D1%80%D1%83%D0%B3-%D0%BD%D0%B5%D0%B3%D0%BE-%D1%81%D0%BE%D0%B1%D1%80%D0%B0%D0%BB%D0%B0%D1%81%D1%8C-%D0%B2%D1%81%D1%8F/ HTTP/2.0" 200 10361 "https://www.google.com/" "Mozilla/5.0 (iPhone; CPU iPhone OS 13_5_1 like Mac OS X) AppleWebKit/605.1.15 (KHTML, like Gecko) Version/13.1.1 Mobile/15E148 Safari/604.1"
46.56.220.34 - - [22/Jul/2020:20:54:58 +0000] "GET /%D1%83%D0%BC%D0%B8%D1%80%D0%B0%D0%B5%D1%82-%D1%81%D1%82%D0%B0%D1%80%D1%8B%D0%B9-%D0%BF%D0%B0%D1%81%D0%B5%D1%87%D0%BD%D0%B8%D0%BA-%D0%B2%D0%BE%D0%BA%D1%80%D1%83%D0%B3-%D0%BD%D0%B5%D0%B3%D0%BE-%D1%81%D0%BE%D0%B1%D1%80%D0%B0%D0%BB%D0%B0%D1%81%D1%8C-%D0%B2%D1%81%D1%8F/ HTTP/2.0" 200 10361 "https://baneks.site/%D1%83%D0%BC%D0%B8%D1%80%D0%B0%D0%B5%D1%82-%D1%81%D1%82%D0%B0%D1%80%D1%8B%D0%B9-%D0%BF%D0%B0%D1%81%D0%B5%D1%87%D0%BD%D0%B8%D0%BA-%D0%B2%D0%BE%D0%BA%D1%80%D1%83%D0%B3-%D0%BD%D0%B5%D0%B3%D0%BE-%D1%81%D0%BE%D0%B1%D1%80%D0%B0%D0%BB%D0%B0%D1%81%D1%8C-%D0%B2%D1%81%D1%8F/" "Mozilla/5.0 (iPhone; CPU iPhone OS 13_5_1 like Mac OS X) AppleWebKit/605.1.15 (KHTML, like Gecko) Version/13.1.1 Mobile/15E148 Safari/604.1" "-"
46.56.220.34 - - [22/Jul/2020:20:54:58 +0000] "GET /%D1%83%D0%BC%D0%B8%D1%80%D0%B0%D0%B5%D1%82-%D1%81%D1%82%D0%B0%D1%80%D1%8B%D0%B9-%D0%BF%D0%B0%D1%81%D0%B5%D1%87%D0%BD%D0%B8%D0%BA-%D0%B2%D0%BE%D0%BA%D1%80%D1%83%D0%B3-%D0%BD%D0%B5%D0%B3%D0%BE-%D1%81%D0%BE%D0%B1%D1%80%D0%B0%D0%BB%D0%B0%D1%81%D1%8C-%D0%B2%D1%81%D1%8F/ HTTP/2.0" 200 10361 "https://baneks.site/%D1%83%D0%BC%D0%B8%D1%80%D0%B0%D0%B5%D1%82-%D1%81%D1%82%D0%B0%D1%80%D1%8B%D0%B9-%D0%BF%D0%B0%D1%81%D0%B5%D1%87%D0%BD%D0%B8%D0%BA-%D0%B2%D0%BE%D0%BA%D1%80%D1%83%D0%B3-%D0%BD%D0%B5%D0%B3%D0%BE-%D1%81%D0%BE%D0%B1%D1%80%D0%B0%D0%BB%D0%B0%D1%81%D1%8C-%D0%B2%D1%81%D1%8F/" "Mozilla/5.0 (iPhone; CPU iPhone OS 13_5_1 like Mac OS X) AppleWebKit/605.1.15 (KHTML, like Gecko) Version/13.1.1 Mobile/15E148 Safari/604.1"
176.59.139.56 - - [22/Jul/2020:20:54:58 +0000] "GET /random HTTP/2.0" 302 0 "https://baneks.site/%D0%BC%D1%83%D0%B6%D0%B8%D0%BA-%D0%BE%D1%81%D1%82%D0%B0%D0%BD%D0%B0%D0%B2%D0%BB%D0%B8%D0%B2%D0%B0%D0%B5%D1%82-%D1%82%D0%B0%D0%BA%D1%81%D0%B8-%D0%BE%D1%82%D0%BA%D1%80%D1%8B%D0%B2%D0%B0%D1%8F-%D0%B4%D0%B2%D0%B5%D1%80%D1%8C/" "Mozilla/5.0 (Linux; Android 9; Neffos C7s) AppleWebKit/537.36 (KHTML, like Gecko) Chrome/84.0.4147.89 Mobile Safari/537.36" "-"
176.59.139.56 - - [22/Jul/2020:20:54:58 +0000] "GET /random HTTP/2.0" 302 0 "https://baneks.site/%D0%BC%D1%83%D0%B6%D0%B8%D0%BA-%D0%BE%D1%81%D1%82%D0%B0%D0%BD%D0%B0%D0%B2%D0%BB%D0%B8%D0%B2%D0%B0%D0%B5%D1%82-%D1%82%D0%B0%D0%BA%D1%81%D0%B8-%D0%BE%D1%82%D0%BA%D1%80%D1%8B%D0%B2%D0%B0%D1%8F-%D0%B4%D0%B2%D0%B5%D1%80%D1%8C/" "Mozilla/5.0 (Linux; Android 9; Neffos C7s) AppleWebKit/537.36 (KHTML, like Gecko) Chrome/84.0.4147.89 Mobile Safari/537.36"
176.59.139.56 - - [22/Jul/2020:20:54:59 +0000] "GET /%D0%BF%D1%80%D0%B8%D0%B2%D0%BE%D0%B4%D1%8F%D1%82-%D0%B2-%D0%BA%D0%B0%D0%BC%D0%B5%D1%80%D1%83-%D0%BD%D0%BE%D0%B2%D0%BE%D0%B3%D0%BE-%D0%B7%D0%B0%D0%BA%D0%BB%D1%8E%D1%87%D0%B5%D0%BD%D0%BD%D0%BE%D0%B3%D0%BE-%D0%B7%D0%B5%D0%BA%D0%B8-%D1%81%D0%BC%D0%BE%D1%82%D1%80%D1%8F%D1%82/ HTTP/2.0" 200 15365 "https://baneks.site/%D0%BC%D1%83%D0%B6%D0%B8%D0%BA-%D0%BE%D1%81%D1%82%D0%B0%D0%BD%D0%B0%D0%B2%D0%BB%D0%B8%D0%B2%D0%B0%D0%B5%D1%82-%D1%82%D0%B0%D0%BA%D1%81%D0%B8-%D0%BE%D1%82%D0%BA%D1%80%D1%8B%D0%B2%D0%B0%D1%8F-%D0%B4%D0%B2%D0%B5%D1%80%D1%8C/" "Mozilla/5.0 (Linux; Android 9; Neffos C7s) AppleWebKit/537.36 (KHTML, like Gecko) Chrome/84.0.4147.89 Mobile Safari/537.36" "-"
176.59.139.56 - - [22/Jul/2020:20:54:59 +0000] "GET /%D0%BF%D1%80%D0%B8%D0%B2%D0%BE%D0%B4%D1%8F%D1%82-%D0%B2-%D0%BA%D0%B0%D0%BC%D0%B5%D1%80%D1%83-%D0%BD%D0%BE%D0%B2%D0%BE%D0%B3%D0%BE-%D0%B7%D0%B0%D0%BA%D0%BB%D1%8E%D1%87%D0%B5%D0%BD%D0%BD%D0%BE%D0%B3%D0%BE-%D0%B7%D0%B5%D0%BA%D0%B8-%D1%81%D0%BC%D0%BE%D1%82%D1%80%D1%8F%D1%82/ HTTP/2.0" 200 15365 "https://baneks.site/%D0%BC%D1%83%D0%B6%D0%B8%D0%BA-%D0%BE%D1%81%D1%82%D0%B0%D0%BD%D0%B0%D0%B2%D0%BB%D0%B8%D0%B2%D0%B0%D0%B5%D1%82-%D1%82%D0%B0%D0%BA%D1%81%D0%B8-%D0%BE%D1%82%D0%BA%D1%80%D1%8B%D0%B2%D0%B0%D1%8F-%D0%B4%D0%B2%D0%B5%D1%80%D1%8C/" "Mozilla/5.0 (Linux; Android 9; Neffos C7s) AppleWebKit/537.36 (KHTML, like Gecko) Chrome/84.0.4147.89 Mobile Safari/537.36"
178.154.200.81 - - [22/Jul/2020:20:54:59 +0000] "GET /%D1%82%D0%B0%D0%B4%D0%B6%D0%B8%D0%BA%D1%81%D0%BA%D0%B8%D0%B5-%D1%88%D0%BA%D0%BE%D0%BB%D1%8C%D0%BD%D0%B8%D0%BA%D0%B8-%D0%BF%D0%B8%D1%88%D1%83%D1%82-%D1%81%D0%BE%D1%87%D0%B8%D0%BD%D0%B5%D0%BD%D0%B8%D0%B5-%D0%BD%D0%B0-%D1%82%D0%B5%D0%BC%D1%83/ HTTP/1.1" 200 13065 "-" "Mozilla/5.0 (compatible; YandexBot/3.0; +http://yandex.com/bots)" "-"
178.154.200.81 - - [22/Jul/2020:20:54:59 +0000] "GET /%D1%82%D0%B0%D0%B4%D0%B6%D0%B8%D0%BA%D1%81%D0%BA%D0%B8%D0%B5-%D1%88%D0%BA%D0%BE%D0%BB%D1%8C%D0%BD%D0%B8%D0%BA%D0%B8-%D0%BF%D0%B8%D1%88%D1%83%D1%82-%D1%81%D0%BE%D1%87%D0%B8%D0%BD%D0%B5%D0%BD%D0%B8%D0%B5-%D0%BD%D0%B0-%D1%82%D0%B5%D0%BC%D1%83/ HTTP/1.1" 200 13065 "-" "Mozilla/5.0 (compatible; YandexBot/3.0; +http://yandex.com/bots)"
176.59.139.56 - - [22/Jul/2020:20:55:00 +0000] "GET /%D0%BF%D1%80%D0%B8%D0%B2%D0%BE%D0%B4%D1%8F%D1%82-%D0%B2-%D0%BA%D0%B0%D0%BC%D0%B5%D1%80%D1%83-%D0%BD%D0%BE%D0%B2%D0%BE%D0%B3%D0%BE-%D0%B7%D0%B0%D0%BA%D0%BB%D1%8E%D1%87%D0%B5%D0%BD%D0%BD%D0%BE%D0%B3%D0%BE-%D0%B7%D0%B5%D0%BA%D0%B8-%D1%81%D0%BC%D0%BE%D1%82%D1%80%D1%8F%D1%82/ HTTP/2.0" 200 15365 "https://baneks.site/%D0%BF%D1%80%D0%B8%D0%B2%D0%BE%D0%B4%D1%8F%D1%82-%D0%B2-%D0%BA%D0%B0%D0%BC%D0%B5%D1%80%D1%83-%D0%BD%D0%BE%D0%B2%D0%BE%D0%B3%D0%BE-%D0%B7%D0%B0%D0%BA%D0%BB%D1%8E%D1%87%D0%B5%D0%BD%D0%BD%D0%BE%D0%B3%D0%BE-%D0%B7%D0%B5%D0%BA%D0%B8-%D1%81%D0%BC%D0%BE%D1%82%D1%80%D1%8F%D1%82/" "Mozilla/5.0 (Linux; Android 9; Neffos C7s) AppleWebKit/537.36 (KHTML, like Gecko) Chrome/84.0.4147.89 Mobile Safari/537.36" "-"
176.59.139.56 - - [22/Jul/2020:20:55:00 +0000] "GET /%D0%BF%D1%80%D0%B8%D0%B2%D0%BE%D0%B4%D1%8F%D1%82-%D0%B2-%D0%BA%D0%B0%D0%BC%D0%B5%D1%80%D1%83-%D0%BD%D0%BE%D0%B2%D0%BE%D0%B3%D0%BE-%D0%B7%D0%B0%D0%BA%D0%BB%D1%8E%D1%87%D0%B5%D0%BD%D0%BD%D0%BE%D0%B3%D0%BE-%D0%B7%D0%B5%D0%BA%D0%B8-%D1%81%D0%BC%D0%BE%D1%82%D1%80%D1%8F%D1%82/ HTTP/2.0" 200 15365 "https://baneks.site/%D0%BF%D1%80%D0%B8%D0%B2%D0%BE%D0%B4%D1%8F%D1%82-%D0%B2-%D0%BA%D0%B0%D0%BC%D0%B5%D1%80%D1%83-%D0%BD%D0%BE%D0%B2%D0%BE%D0%B3%D0%BE-%D0%B7%D0%B0%D0%BA%D0%BB%D1%8E%D1%87%D0%B5%D0%BD%D0%BD%D0%BE%D0%B3%D0%BE-%D0%B7%D0%B5%D0%BA%D0%B8-%D1%81%D0%BC%D0%BE%D1%82%D1%80%D1%8F%D1%82/" "Mozilla/5.0 (Linux; Android 9; Neffos C7s) AppleWebKit/537.36 (KHTML, like Gecko) Chrome/84.0.4147.89 Mobile Safari/537.36"
31.0.42.247 - - [22/Jul/2020:20:55:09 +0000] "GET /best/ HTTP/2.0" 304 0 "https://www.google.com/" "Mozilla/5.0 (Linux; Android 9; Redmi 6) AppleWebKit/537.36 (KHTML, like Gecko) Chrome/84.0.4147.89 Mobile Safari/537.36" "-"
31.0.42.247 - - [22/Jul/2020:20:55:09 +0000] "GET /best/ HTTP/2.0" 304 0 "https://www.google.com/" "Mozilla/5.0 (Linux; Android 9; Redmi 6) AppleWebKit/537.36 (KHTML, like Gecko) Chrome/84.0.4147.89 Mobile Safari/537.36"
46.229.168.141 - - [22/Jul/2020:20:55:10 +0000] "GET /%D0%BF%D0%BE%D0%BF%D0%B0%D0%BB-%D1%87%D1%83%D0%BA%D1%87%D0%B0-%D0%BD%D0%B0-%D0%BE%D0%B1%D0%B5%D0%B4-%D0%BA-%D0%B3%D0%B5%D0%BE%D0%BB%D0%BE%D0%B3%D0%B0%D0%BC-%D1%82%D0%B5-%D1%83%D0%B3%D0%BE%D1%81%D1%82%D0%B8%D0%BB%D0%B8-%D0%B5%D0%B3%D0%BE/ HTTP/1.1" 200 14343 "-" "Mozilla/5.0 (compatible; SemrushBot/6~bl; +http://www.semrush.com/bot.html)" "-"
46.229.168.141 - - [22/Jul/2020:20:55:10 +0000] "GET /%D0%BF%D0%BE%D0%BF%D0%B0%D0%BB-%D1%87%D1%83%D0%BA%D1%87%D0%B0-%D0%BD%D0%B0-%D0%BE%D0%B1%D0%B5%D0%B4-%D0%BA-%D0%B3%D0%B5%D0%BE%D0%BB%D0%BE%D0%B3%D0%B0%D0%BC-%D1%82%D0%B5-%D1%83%D0%B3%D0%BE%D1%81%D1%82%D0%B8%D0%BB%D0%B8-%D0%B5%D0%B3%D0%BE/ HTTP/1.1" 200 14343 "-" "Mozilla/5.0 (compatible; SemrushBot/6~bl; +http://www.semrush.com/bot.html)"
54.36.149.62 - - [22/Jul/2020:20:55:11 +0000] "GET /tag/%D0%9B%D0%B5%D0%BD%D0%B8%D0%BD/?p=4 HTTP/2.0" 200 11612 "-" "Mozilla/5.0 (compatible; AhrefsBot/6.1; +http://ahrefs.com/robot/)" "-"
54.36.149.62 - - [22/Jul/2020:20:55:11 +0000] "GET /tag/%D0%9B%D0%B5%D0%BD%D0%B8%D0%BD/?p=4 HTTP/2.0" 200 11612 "-" "Mozilla/5.0 (compatible; AhrefsBot/6.1; +http://ahrefs.com/robot/)"
62.16.1.117 - - [22/Jul/2020:20:55:13 +0000] "GET /%D0%BF%D1%80%D0%BE%D1%81%D1%8B%D0%BF%D0%B0%D0%B5%D1%82%D1%81%D1%8F-%D0%BA%D0%B0%D0%BA-%D1%82%D0%BE-%D0%B7%D1%8F%D1%82%D1%8C-%D0%BD%D0%BE%D1%87%D1%8C%D1%8E-%D0%BF%D0%BE-%D0%BC%D0%B0%D0%BB%D0%BE%D0%B9-%D0%BD%D1%83%D0%B6%D0%B4%D0%B5/ HTTP/2.0" 200 14605 "https://www.google.com.ua/" "Mozilla/5.0 (iPhone; CPU iPhone OS 13_5_1 like Mac OS X) AppleWebKit/605.1.15 (KHTML, like Gecko) Version/13.1.1 Mobile/15E148 Safari/604.1" "-"
62.16.1.117 - - [22/Jul/2020:20:55:13 +0000] "GET /%D0%BF%D1%80%D0%BE%D1%81%D1%8B%D0%BF%D0%B0%D0%B5%D1%82%D1%81%D1%8F-%D0%BA%D0%B0%D0%BA-%D1%82%D0%BE-%D0%B7%D1%8F%D1%82%D1%8C-%D0%BD%D0%BE%D1%87%D1%8C%D1%8E-%D0%BF%D0%BE-%D0%BC%D0%B0%D0%BB%D0%BE%D0%B9-%D0%BD%D1%83%D0%B6%D0%B4%D0%B5/ HTTP/2.0" 200 14605 "https://www.google.com.ua/" "Mozilla/5.0 (iPhone; CPU iPhone OS 13_5_1 like Mac OS X) AppleWebKit/605.1.15 (KHTML, like Gecko) Version/13.1.1 Mobile/15E148 Safari/604.1"
62.16.1.117 - - [22/Jul/2020:20:55:14 +0000] "GET /%D0%BF%D1%80%D0%BE%D1%81%D1%8B%D0%BF%D0%B0%D0%B5%D1%82%D1%81%D1%8F-%D0%BA%D0%B0%D0%BA-%D1%82%D0%BE-%D0%B7%D1%8F%D1%82%D1%8C-%D0%BD%D0%BE%D1%87%D1%8C%D1%8E-%D0%BF%D0%BE-%D0%BC%D0%B0%D0%BB%D0%BE%D0%B9-%D0%BD%D1%83%D0%B6%D0%B4%D0%B5/ HTTP/2.0" 200 14605 "https://baneks.site/%D0%BF%D1%80%D0%BE%D1%81%D1%8B%D0%BF%D0%B0%D0%B5%D1%82%D1%81%D1%8F-%D0%BA%D0%B0%D0%BA-%D1%82%D0%BE-%D0%B7%D1%8F%D1%82%D1%8C-%D0%BD%D0%BE%D1%87%D1%8C%D1%8E-%D0%BF%D0%BE-%D0%BC%D0%B0%D0%BB%D0%BE%D0%B9-%D0%BD%D1%83%D0%B6%D0%B4%D0%B5/" "Mozilla/5.0 (iPhone; CPU iPhone OS 13_5_1 like Mac OS X) AppleWebKit/605.1.15 (KHTML, like Gecko) Version/13.1.1 Mobile/15E148 Safari/604.1" "-"
62.16.1.117 - - [22/Jul/2020:20:55:14 +0000] "GET /%D0%BF%D1%80%D0%BE%D1%81%D1%8B%D0%BF%D0%B0%D0%B5%D1%82%D1%81%D1%8F-%D0%BA%D0%B0%D0%BA-%D1%82%D0%BE-%D0%B7%D1%8F%D1%82%D1%8C-%D0%BD%D0%BE%D1%87%D1%8C%D1%8E-%D0%BF%D0%BE-%D0%BC%D0%B0%D0%BB%D0%BE%D0%B9-%D0%BD%D1%83%D0%B6%D0%B4%D0%B5/ HTTP/2.0" 200 14605 "https://baneks.site/%D0%BF%D1%80%D0%BE%D1%81%D1%8B%D0%BF%D0%B0%D0%B5%D1%82%D1%81%D1%8F-%D0%BA%D0%B0%D0%BA-%D1%82%D0%BE-%D0%B7%D1%8F%D1%82%D1%8C-%D0%BD%D0%BE%D1%87%D1%8C%D1%8E-%D0%BF%D0%BE-%D0%BC%D0%B0%D0%BB%D0%BE%D0%B9-%D0%BD%D1%83%D0%B6%D0%B4%D0%B5/" "Mozilla/5.0 (iPhone; CPU iPhone OS 13_5_1 like Mac OS X) AppleWebKit/605.1.15 (KHTML, like Gecko) Version/13.1.1 Mobile/15E148 Safari/604.1"
46.44.59.216 - - [22/Jul/2020:20:55:16 +0000] "GET /%D0%B6%D0%B5%D0%BD%D1%89%D0%B8%D0%BD%D0%B0-%D0%B8-%D0%B5%D1%91-%D0%BB%D1%8E%D0%B1%D0%BE%D0%B2%D0%BD%D0%B8%D0%BA-%D0%BD%D0%B0%D1%85%D0%BE%D0%B4%D0%B8%D0%BB%D0%B8%D1%81%D1%8C-%D0%B2-%D0%B4%D0%BE%D0%BC%D0%B5-%D0%BF%D0%BE%D0%BA%D0%B0-%D0%BC%D1%83%D0%B6/ HTTP/2.0" 200 15930 "https://away.vk.com/" "Mozilla/5.0 (Windows NT 10.0; Win64; x64) AppleWebKit/537.36 (KHTML, like Gecko) Chrome/83.0.4103.116 Safari/537.36 OPR/69.0.3686.77" "-"
46.44.59.216 - - [22/Jul/2020:20:55:16 +0000] "GET /%D0%B6%D0%B5%D0%BD%D1%89%D0%B8%D0%BD%D0%B0-%D0%B8-%D0%B5%D1%91-%D0%BB%D1%8E%D0%B1%D0%BE%D0%B2%D0%BD%D0%B8%D0%BA-%D0%BD%D0%B0%D1%85%D0%BE%D0%B4%D0%B8%D0%BB%D0%B8%D1%81%D1%8C-%D0%B2-%D0%B4%D0%BE%D0%BC%D0%B5-%D0%BF%D0%BE%D0%BA%D0%B0-%D0%BC%D1%83%D0%B6/ HTTP/2.0" 200 15930 "https://away.vk.com/" "Mozilla/5.0 (Windows NT 10.0; Win64; x64) AppleWebKit/537.36 (KHTML, like Gecko) Chrome/83.0.4103.116 Safari/537.36 OPR/69.0.3686.77"
46.44.59.216 - - [22/Jul/2020:20:55:19 +0000] "GET /%D0%B6%D0%B5%D0%BD%D1%89%D0%B8%D0%BD%D0%B0-%D0%B8-%D0%B5%D1%91-%D0%BB%D1%8E%D0%B1%D0%BE%D0%B2%D0%BD%D0%B8%D0%BA-%D0%BD%D0%B0%D1%85%D0%BE%D0%B4%D0%B8%D0%BB%D0%B8%D1%81%D1%8C-%D0%B2-%D0%B4%D0%BE%D0%BC%D0%B5-%D0%BF%D0%BE%D0%BA%D0%B0-%D0%BC%D1%83%D0%B6/ HTTP/2.0" 200 15930 "https://baneks.site/%D0%B6%D0%B5%D0%BD%D1%89%D0%B8%D0%BD%D0%B0-%D0%B8-%D0%B5%D1%91-%D0%BB%D1%8E%D0%B1%D0%BE%D0%B2%D0%BD%D0%B8%D0%BA-%D0%BD%D0%B0%D1%85%D0%BE%D0%B4%D0%B8%D0%BB%D0%B8%D1%81%D1%8C-%D0%B2-%D0%B4%D0%BE%D0%BC%D0%B5-%D0%BF%D0%BE%D0%BA%D0%B0-%D0%BC%D1%83%D0%B6/" "Mozilla/5.0 (Windows NT 10.0; Win64; x64) AppleWebKit/537.36 (KHTML, like Gecko) Chrome/83.0.4103.116 Safari/537.36 OPR/69.0.3686.77" "-"
46.44.59.216 - - [22/Jul/2020:20:55:19 +0000] "GET /%D0%B6%D0%B5%D0%BD%D1%89%D0%B8%D0%BD%D0%B0-%D0%B8-%D0%B5%D1%91-%D0%BB%D1%8E%D0%B1%D0%BE%D0%B2%D0%BD%D0%B8%D0%BA-%D0%BD%D0%B0%D1%85%D0%BE%D0%B4%D0%B8%D0%BB%D0%B8%D1%81%D1%8C-%D0%B2-%D0%B4%D0%BE%D0%BC%D0%B5-%D0%BF%D0%BE%D0%BA%D0%B0-%D0%BC%D1%83%D0%B6/ HTTP/2.0" 200 15930 "https://baneks.site/%D0%B6%D0%B5%D0%BD%D1%89%D0%B8%D0%BD%D0%B0-%D0%B8-%D0%B5%D1%91-%D0%BB%D1%8E%D0%B1%D0%BE%D0%B2%D0%BD%D0%B8%D0%BA-%D0%BD%D0%B0%D1%85%D0%BE%D0%B4%D0%B8%D0%BB%D0%B8%D1%81%D1%8C-%D0%B2-%D0%B4%D0%BE%D0%BC%D0%B5-%D0%BF%D0%BE%D0%BA%D0%B0-%D0%BC%D1%83%D0%B6/" "Mozilla/5.0 (Windows NT 10.0; Win64; x64) AppleWebKit/537.36 (KHTML, like Gecko) Chrome/83.0.4103.116 Safari/537.36 OPR/69.0.3686.77"
46.229.168.133 - - [22/Jul/2020:20:55:21 +0000] "GET /%D0%B7%D0%B0%D1%85%D0%BE%D0%B4%D0%B8%D1%82-%D0%B4%D0%B8%D0%BE%D0%B4-%D0%B2-%D0%B1%D0%B0%D1%80/?p=1 HTTP/1.1" 200 13463 "-" "Mozilla/5.0 (compatible; SemrushBot/6~bl; +http://www.semrush.com/bot.html)" "-"
46.229.168.133 - - [22/Jul/2020:20:55:21 +0000] "GET /%D0%B7%D0%B0%D1%85%D0%BE%D0%B4%D0%B8%D1%82-%D0%B4%D0%B8%D0%BE%D0%B4-%D0%B2-%D0%B1%D0%B0%D1%80/?p=1 HTTP/1.1" 200 13463 "-" "Mozilla/5.0 (compatible; SemrushBot/6~bl; +http://www.semrush.com/bot.html)"
66.249.68.33 - - [22/Jul/2020:20:55:32 +0000] "GET /%D0%BA-%D0%B2%D1%80%D0%B0%D1%87%D1%83-%D0%BF%D1%80%D0%B8%D1%85%D0%BE%D0%B4%D0%B8%D1%82-%D0%BC%D0%BE%D0%BB%D0%BE%D0%B4%D0%B0%D1%8F-%D0%B6%D0%B5%D0%BD%D1%89%D0%B8%D0%BD%D0%B0-%D0%B2%D1%81%D1%8F-%D0%B2-%D1%81%D0%B8%D0%BD%D1%8F%D0%BA%D0%B0%D1%85/?p=3 HTTP/1.1" 304 0 "-" "Mozilla/5.0 (compatible; Googlebot/2.1; +http://www.google.com/bot.html)" "-"
66.249.68.33 - - [22/Jul/2020:20:55:32 +0000] "GET /%D0%BA-%D0%B2%D1%80%D0%B0%D1%87%D1%83-%D0%BF%D1%80%D0%B8%D1%85%D0%BE%D0%B4%D0%B8%D1%82-%D0%BC%D0%BE%D0%BB%D0%BE%D0%B4%D0%B0%D1%8F-%D0%B6%D0%B5%D0%BD%D1%89%D0%B8%D0%BD%D0%B0-%D0%B2%D1%81%D1%8F-%D0%B2-%D1%81%D0%B8%D0%BD%D1%8F%D0%BA%D0%B0%D1%85/?p=3 HTTP/1.1" 304 0 "-" "Mozilla/5.0 (compatible; Googlebot/2.1; +http://www.google.com/bot.html)"
188.163.20.119 - - [22/Jul/2020:20:55:32 +0000] "GET /%D0%B0%D0%BC%D0%B5%D1%80%D0%B8%D0%BA%D0%B0-%D0%BF%D0%B0%D1%80%D0%B8%D0%BA%D0%BC%D0%B0%D1%85%D0%B5%D1%80%D1%81%D0%BA%D0%B0%D1%8F-%D0%BF%D0%B0%D1%80%D0%B8%D1%85%D0%BC%D0%B0%D1%85%D0%B5%D1%80-%D1%81%D1%82%D1%80%D0%B8%D0%B6%D1%91%D1%82-%D0%BA%D0%BB%D0%B8%D0%B5%D0%BD%D1%82%D0%B0/ HTTP/2.0" 200 18653 "https://baneks.site/best/" "Mozilla/5.0 (iPhone; CPU iPhone OS 13_5 like Mac OS X) AppleWebKit/605.1.15 (KHTML, like Gecko) CriOS/84.0.4147.71 Mobile/15E148 Safari/604.1" "-"
188.163.20.119 - - [22/Jul/2020:20:55:32 +0000] "GET /%D0%B0%D0%BC%D0%B5%D1%80%D0%B8%D0%BA%D0%B0-%D0%BF%D0%B0%D1%80%D0%B8%D0%BA%D0%BC%D0%B0%D1%85%D0%B5%D1%80%D1%81%D0%BA%D0%B0%D1%8F-%D0%BF%D0%B0%D1%80%D0%B8%D1%85%D0%BC%D0%B0%D1%85%D0%B5%D1%80-%D1%81%D1%82%D1%80%D0%B8%D0%B6%D1%91%D1%82-%D0%BA%D0%BB%D0%B8%D0%B5%D0%BD%D1%82%D0%B0/ HTTP/2.0" 200 18653 "https://baneks.site/best/" "Mozilla/5.0 (iPhone; CPU iPhone OS 13_5 like Mac OS X) AppleWebKit/605.1.15 (KHTML, like Gecko) CriOS/84.0.4147.71 Mobile/15E148 Safari/604.1"
46.229.168.144 - - [22/Jul/2020:20:55:33 +0000] "GET /%D0%BC%D0%B0%D0%BB%D1%8C%D1%87%D0%B8%D0%BA-%D0%B4%D0%B5%D0%B2%D0%BE%D1%87%D0%BA%D0%B5-%D0%B2-%D0%B4%D0%B5%D1%82%D1%81%D0%BA%D0%BE%D0%BC-%D1%81%D0%B0%D0%B4%D0%B8%D0%BA%D0%B5-%D0%B7%D0%B0%D1%81%D1%83%D0%BD%D1%83%D0%BB-%D0%BF%D0%B0%D0%BB%D0%B5%D1%86-%D0%B2/ HTTP/1.1" 200 15367 "-" "Mozilla/5.0 (compatible; SemrushBot/6~bl; +http://www.semrush.com/bot.html)" "-"
46.229.168.144 - - [22/Jul/2020:20:55:33 +0000] "GET /%D0%BC%D0%B0%D0%BB%D1%8C%D1%87%D0%B8%D0%BA-%D0%B4%D0%B5%D0%B2%D0%BE%D1%87%D0%BA%D0%B5-%D0%B2-%D0%B4%D0%B5%D1%82%D1%81%D0%BA%D0%BE%D0%BC-%D1%81%D0%B0%D0%B4%D0%B8%D0%BA%D0%B5-%D0%B7%D0%B0%D1%81%D1%83%D0%BD%D1%83%D0%BB-%D0%BF%D0%B0%D0%BB%D0%B5%D1%86-%D0%B2/ HTTP/1.1" 200 15367 "-" "Mozilla/5.0 (compatible; SemrushBot/6~bl; +http://www.semrush.com/bot.html)"
95.220.220.208 - - [22/Jul/2020:20:55:34 +0000] "GET /tag/%D1%84%D0%B5%D0%BC%D0%B8%D0%BD%D0%B8%D1%81%D1%82%D0%BA%D0%B0 HTTP/2.0" 301 0 "https://baneks.site/best/?p=10" "Mozilla/5.0 (Windows NT 6.1; Win64; x64) AppleWebKit/537.36 (KHTML, like Gecko) Chrome/83.0.4103.106 YaBrowser/20.7.1.70 Yowser/2.5 Safari/537.36" "-"
95.220.220.208 - - [22/Jul/2020:20:55:34 +0000] "GET /tag/%D1%84%D0%B5%D0%BC%D0%B8%D0%BD%D0%B8%D1%81%D1%82%D0%BA%D0%B0 HTTP/2.0" 301 0 "https://baneks.site/best/?p=10" "Mozilla/5.0 (Windows NT 6.1; Win64; x64) AppleWebKit/537.36 (KHTML, like Gecko) Chrome/83.0.4103.106 YaBrowser/20.7.1.70 Yowser/2.5 Safari/537.36"
95.220.220.208 - - [22/Jul/2020:20:55:34 +0000] "GET /tag/%D1%84%D0%B5%D0%BC%D0%B8%D0%BD%D0%B8%D1%81%D1%82%D0%BA%D0%B0/ HTTP/2.0" 200 10984 "https://baneks.site/best/?p=10" "Mozilla/5.0 (Windows NT 6.1; Win64; x64) AppleWebKit/537.36 (KHTML, like Gecko) Chrome/83.0.4103.106 YaBrowser/20.7.1.70 Yowser/2.5 Safari/537.36" "-"
95.220.220.208 - - [22/Jul/2020:20:55:34 +0000] "GET /tag/%D1%84%D0%B5%D0%BC%D0%B8%D0%BD%D0%B8%D1%81%D1%82%D0%BA%D0%B0/ HTTP/2.0" 200 10984 "https://baneks.site/best/?p=10" "Mozilla/5.0 (Windows NT 6.1; Win64; x64) AppleWebKit/537.36 (KHTML, like Gecko) Chrome/83.0.4103.106 YaBrowser/20.7.1.70 Yowser/2.5 Safari/537.36"
178.154.200.81 - - [22/Jul/2020:20:55:36 +0000] "GET /%D0%BC%D1%83%D0%B6%D0%B8%D0%BA-%D0%B8%D0%B4%D0%B5%D1%82-%D1%81-%D0%B3%D1%83%D1%81%D0%B5%D0%BC-%D0%BD%D0%B0-%D0%BF%D0%BE%D0%B2%D0%BE%D0%B4%D0%BA%D0%B5-%D0%BF%D0%BE-%D0%9D%D0%B5%D0%B2%D1%81%D0%BA%D0%BE%D0%BC%D1%83-%D0%BF%D0%BE%D0%B4%D1%85%D0%BE%D0%B4%D0%B8%D1%82/ HTTP/1.1" 200 13350 "-" "Mozilla/5.0 (compatible; YandexBot/3.0; +http://yandex.com/bots)" "-"
178.154.200.81 - - [22/Jul/2020:20:55:36 +0000] "GET /%D0%BC%D1%83%D0%B6%D0%B8%D0%BA-%D0%B8%D0%B4%D0%B5%D1%82-%D1%81-%D0%B3%D1%83%D1%81%D0%B5%D0%BC-%D0%BD%D0%B0-%D0%BF%D0%BE%D0%B2%D0%BE%D0%B4%D0%BA%D0%B5-%D0%BF%D0%BE-%D0%9D%D0%B5%D0%B2%D1%81%D0%BA%D0%BE%D0%BC%D1%83-%D0%BF%D0%BE%D0%B4%D1%85%D0%BE%D0%B4%D0%B8%D1%82/ HTTP/1.1" 200 13350 "-" "Mozilla/5.0 (compatible; YandexBot/3.0; +http://yandex.com/bots)"
217.30.65.230 - - [22/Jul/2020:20:55:38 +0000] "GET /%D0%BC%D1%83%D0%B6%D0%B8%D0%BA-%D0%B5%D0%B1%D0%B5%D1%82-%D0%B1%D0%B0%D0%B1%D1%83-%D0%B1%D0%B0%D0%B1%D0%B0-%D0%BD%D0%B0-7%D0%BE%D0%BC-%D0%BD%D0%B5%D0%B1%D0%B5-%D0%BE%D1%82-%D1%81%D1%87%D0%B0%D1%81%D1%82%D1%8C%D1%8F/?p=2 HTTP/2.0" 200 14675 "https://www.google.com/" "Mozilla/5.0 (Windows NT 6.1; Win64; x64) AppleWebKit/537.36 (KHTML, like Gecko) Chrome/83.0.4103.116 Safari/537.36" "-"
217.30.65.230 - - [22/Jul/2020:20:55:38 +0000] "GET /%D0%BC%D1%83%D0%B6%D0%B8%D0%BA-%D0%B5%D0%B1%D0%B5%D1%82-%D0%B1%D0%B0%D0%B1%D1%83-%D0%B1%D0%B0%D0%B1%D0%B0-%D0%BD%D0%B0-7%D0%BE%D0%BC-%D0%BD%D0%B5%D0%B1%D0%B5-%D0%BE%D1%82-%D1%81%D1%87%D0%B0%D1%81%D1%82%D1%8C%D1%8F/?p=2 HTTP/2.0" 200 14675 "https://www.google.com/" "Mozilla/5.0 (Windows NT 6.1; Win64; x64) AppleWebKit/537.36 (KHTML, like Gecko) Chrome/83.0.4103.116 Safari/537.36"
178.154.200.81 - - [22/Jul/2020:20:55:38 +0000] "GET /best/ HTTP/1.1" 200 16146 "-" "Mozilla/5.0 (compatible; YandexBot/3.0; +http://yandex.com/bots)" "-"
178.154.200.81 - - [22/Jul/2020:20:55:38 +0000] "GET /best/ HTTP/1.1" 200 16146 "-" "Mozilla/5.0 (compatible; YandexBot/3.0; +http://yandex.com/bots)"
217.30.65.230 - - [22/Jul/2020:20:55:41 +0000] "GET /%D0%BC%D1%83%D0%B6%D0%B8%D0%BA-%D0%B5%D0%B1%D0%B5%D1%82-%D0%B1%D0%B0%D0%B1%D1%83-%D0%B1%D0%B0%D0%B1%D0%B0-%D0%BD%D0%B0-7%D0%BE%D0%BC-%D0%BD%D0%B5%D0%B1%D0%B5-%D0%BE%D1%82-%D1%81%D1%87%D0%B0%D1%81%D1%82%D1%8C%D1%8F/?p=2 HTTP/2.0" 200 15241 "https://baneks.site/%D0%BC%D1%83%D0%B6%D0%B8%D0%BA-%D0%B5%D0%B1%D0%B5%D1%82-%D0%B1%D0%B0%D0%B1%D1%83-%D0%B1%D0%B0%D0%B1%D0%B0-%D0%BD%D0%B0-7%D0%BE%D0%BC-%D0%BD%D0%B5%D0%B1%D0%B5-%D0%BE%D1%82-%D1%81%D1%87%D0%B0%D1%81%D1%82%D1%8C%D1%8F/?p=2" "Mozilla/5.0 (Windows NT 6.1; Win64; x64) AppleWebKit/537.36 (KHTML, like Gecko) Chrome/83.0.4103.116 Safari/537.36" "-"
217.30.65.230 - - [22/Jul/2020:20:55:41 +0000] "GET /%D0%BC%D1%83%D0%B6%D0%B8%D0%BA-%D0%B5%D0%B1%D0%B5%D1%82-%D0%B1%D0%B0%D0%B1%D1%83-%D0%B1%D0%B0%D0%B1%D0%B0-%D0%BD%D0%B0-7%D0%BE%D0%BC-%D0%BD%D0%B5%D0%B1%D0%B5-%D0%BE%D1%82-%D1%81%D1%87%D0%B0%D1%81%D1%82%D1%8C%D1%8F/?p=2 HTTP/2.0" 200 15241 "https://baneks.site/%D0%BC%D1%83%D0%B6%D0%B8%D0%BA-%D0%B5%D0%B1%D0%B5%D1%82-%D0%B1%D0%B0%D0%B1%D1%83-%D0%B1%D0%B0%D0%B1%D0%B0-%D0%BD%D0%B0-7%D0%BE%D0%BC-%D0%BD%D0%B5%D0%B1%D0%B5-%D0%BE%D1%82-%D1%81%D1%87%D0%B0%D1%81%D1%82%D1%8C%D1%8F/?p=2" "Mozilla/5.0 (Windows NT 6.1; Win64; x64) AppleWebKit/537.36 (KHTML, like Gecko) Chrome/83.0.4103.116 Safari/537.36"
178.154.200.81 - - [22/Jul/2020:20:55:42 +0000] "GET /%D0%BF%D1%80%D0%B8%D1%85%D0%BE%D0%B4%D0%B8%D1%82-%D0%BC%D1%83%D0%B6%D0%B8%D0%BA-%D0%BA-%D0%9B%D0%9E%D0%A0%D1%83-%D0%B4%D0%BE%D0%BA%D1%82%D0%BE%D1%80-%D1%83-%D0%BC%D0%B5%D0%BD%D1%8F-%D0%BF%D1%80%D0%BE%D0%B1%D0%BB%D0%B5%D0%BC%D0%B0/?p=3 HTTP/1.1" 200 13966 "-" "Mozilla/5.0 (compatible; YandexBot/3.0; +http://yandex.com/bots)" "-"
178.154.200.81 - - [22/Jul/2020:20:55:42 +0000] "GET /%D0%BF%D1%80%D0%B8%D1%85%D0%BE%D0%B4%D0%B8%D1%82-%D0%BC%D1%83%D0%B6%D0%B8%D0%BA-%D0%BA-%D0%9B%D0%9E%D0%A0%D1%83-%D0%B4%D0%BE%D0%BA%D1%82%D0%BE%D1%80-%D1%83-%D0%BC%D0%B5%D0%BD%D1%8F-%D0%BF%D1%80%D0%BE%D0%B1%D0%BB%D0%B5%D0%BC%D0%B0/?p=3 HTTP/1.1" 200 13966 "-" "Mozilla/5.0 (compatible; YandexBot/3.0; +http://yandex.com/bots)"
31.0.42.247 - - [22/Jul/2020:20:55:46 +0000] "GET /%D0%BA%D1%80%D1%83%D1%82%D0%BE%D0%B9-%D0%B4%D0%B6%D0%B0%D0%B7%D0%BE%D0%B2%D1%8B%D0%B9-%D0%B1%D0%B0%D1%80-%D0%BF%D1%80%D0%BE%D0%B2%D0%BE%D0%B4%D0%B8%D1%82-%D0%BA%D0%BE%D0%BD%D0%BA%D1%83%D1%80%D1%81/ HTTP/2.0" 200 15098 "https://baneks.site/best/" "Mozilla/5.0 (Linux; Android 9; Redmi 6) AppleWebKit/537.36 (KHTML, like Gecko) Chrome/84.0.4147.89 Mobile Safari/537.36" "-"
31.0.42.247 - - [22/Jul/2020:20:55:46 +0000] "GET /%D0%BA%D1%80%D1%83%D1%82%D0%BE%D0%B9-%D0%B4%D0%B6%D0%B0%D0%B7%D0%BE%D0%B2%D1%8B%D0%B9-%D0%B1%D0%B0%D1%80-%D0%BF%D1%80%D0%BE%D0%B2%D0%BE%D0%B4%D0%B8%D1%82-%D0%BA%D0%BE%D0%BD%D0%BA%D1%83%D1%80%D1%81/ HTTP/2.0" 200 15098 "https://baneks.site/best/" "Mozilla/5.0 (Linux; Android 9; Redmi 6) AppleWebKit/537.36 (KHTML, like Gecko) Chrome/84.0.4147.89 Mobile Safari/537.36"
46.229.168.132 - - [22/Jul/2020:20:55:47 +0000] "GET /%D0%BE%D0%B1%D1%89%D0%B5%D1%81%D1%82%D0%B2%D0%BE-%D0%BA%D0%BE%D0%BD%D0%B5%D1%87%D0%BD%D0%BE-%D0%BA%D0%B0%D1%82%D0%B8%D1%82%D1%81%D1%8F-%D0%B2-%D0%BD%D0%B8%D0%BA%D1%83%D0%B4%D0%B0-%D1%81%D0%B5%D0%B3%D0%BE%D0%B4%D0%BD%D1%8F-%D0%B2/?p=2 HTTP/1.1" 200 11247 "-" "Mozilla/5.0 (compatible; SemrushBot/6~bl; +http://www.semrush.com/bot.html)" "-"
46.229.168.132 - - [22/Jul/2020:20:55:47 +0000] "GET /%D0%BE%D0%B1%D1%89%D0%B5%D1%81%D1%82%D0%B2%D0%BE-%D0%BA%D0%BE%D0%BD%D0%B5%D1%87%D0%BD%D0%BE-%D0%BA%D0%B0%D1%82%D0%B8%D1%82%D1%81%D1%8F-%D0%B2-%D0%BD%D0%B8%D0%BA%D1%83%D0%B4%D0%B0-%D1%81%D0%B5%D0%B3%D0%BE%D0%B4%D0%BD%D1%8F-%D0%B2/?p=2 HTTP/1.1" 200 11247 "-" "Mozilla/5.0 (compatible; SemrushBot/6~bl; +http://www.semrush.com/bot.html)"
31.0.42.247 - - [22/Jul/2020:20:55:47 +0000] "GET /%D0%BA%D1%80%D1%83%D1%82%D0%BE%D0%B9-%D0%B4%D0%B6%D0%B0%D0%B7%D0%BE%D0%B2%D1%8B%D0%B9-%D0%B1%D0%B0%D1%80-%D0%BF%D1%80%D0%BE%D0%B2%D0%BE%D0%B4%D0%B8%D1%82-%D0%BA%D0%BE%D0%BD%D0%BA%D1%83%D1%80%D1%81/ HTTP/2.0" 200 15098 "https://baneks.site/%D0%BA%D1%80%D1%83%D1%82%D0%BE%D0%B9-%D0%B4%D0%B6%D0%B0%D0%B7%D0%BE%D0%B2%D1%8B%D0%B9-%D0%B1%D0%B0%D1%80-%D0%BF%D1%80%D0%BE%D0%B2%D0%BE%D0%B4%D0%B8%D1%82-%D0%BA%D0%BE%D0%BD%D0%BA%D1%83%D1%80%D1%81/" "Mozilla/5.0 (Linux; Android 9; Redmi 6) AppleWebKit/537.36 (KHTML, like Gecko) Chrome/84.0.4147.89 Mobile Safari/537.36" "-"
31.0.42.247 - - [22/Jul/2020:20:55:47 +0000] "GET /%D0%BA%D1%80%D1%83%D1%82%D0%BE%D0%B9-%D0%B4%D0%B6%D0%B0%D0%B7%D0%BE%D0%B2%D1%8B%D0%B9-%D0%B1%D0%B0%D1%80-%D0%BF%D1%80%D0%BE%D0%B2%D0%BE%D0%B4%D0%B8%D1%82-%D0%BA%D0%BE%D0%BD%D0%BA%D1%83%D1%80%D1%81/ HTTP/2.0" 200 15098 "https://baneks.site/%D0%BA%D1%80%D1%83%D1%82%D0%BE%D0%B9-%D0%B4%D0%B6%D0%B0%D0%B7%D0%BE%D0%B2%D1%8B%D0%B9-%D0%B1%D0%B0%D1%80-%D0%BF%D1%80%D0%BE%D0%B2%D0%BE%D0%B4%D0%B8%D1%82-%D0%BA%D0%BE%D0%BD%D0%BA%D1%83%D1%80%D1%81/" "Mozilla/5.0 (Linux; Android 9; Redmi 6) AppleWebKit/537.36 (KHTML, like Gecko) Chrome/84.0.4147.89 Mobile Safari/537.36"
46.229.168.139 - - [22/Jul/2020:20:55:59 +0000] "GET /%D1%81%D0%B8%D0%B4%D0%B8%D1%82-%D0%B1%D0%B0%D0%B1%D1%83%D1%88%D0%BA%D0%B0-%D0%BD%D0%B0-%D0%BB%D0%B0%D0%B2%D0%BE%D1%87%D0%BA%D0%B5-%D0%BA-%D0%BD%D0%B5%D0%B9-%D0%BF%D0%BE%D0%B4%D1%85%D0%BE%D0%B4%D0%B8%D1%82-%D0%9C%D1%8D%D0%B4%D0%B4%D0%B8%D1%81%D0%BE%D0%BD-%D0%B8/?p=3 HTTP/1.1" 200 13050 "-" "Mozilla/5.0 (compatible; SemrushBot/6~bl; +http://www.semrush.com/bot.html)" "-"
46.229.168.139 - - [22/Jul/2020:20:55:59 +0000] "GET /%D1%81%D0%B8%D0%B4%D0%B8%D1%82-%D0%B1%D0%B0%D0%B1%D1%83%D1%88%D0%BA%D0%B0-%D0%BD%D0%B0-%D0%BB%D0%B0%D0%B2%D0%BE%D1%87%D0%BA%D0%B5-%D0%BA-%D0%BD%D0%B5%D0%B9-%D0%BF%D0%BE%D0%B4%D1%85%D0%BE%D0%B4%D0%B8%D1%82-%D0%9C%D1%8D%D0%B4%D0%B4%D0%B8%D1%81%D0%BE%D0%BD-%D0%B8/?p=3 HTTP/1.1" 200 13050 "-" "Mozilla/5.0 (compatible; SemrushBot/6~bl; +http://www.semrush.com/bot.html)"
188.208.122.93 - - [22/Jul/2020:20:56:01 +0000] "GET /%D0%B8%D0%B4%D1%83%D1%82-%D0%BF%D0%BE-%D0%BB%D0%B5%D1%81%D1%83-%D0%B4%D1%8E%D0%B9%D0%BC%D0%BE%D0%B2%D0%BE%D1%87%D0%BA%D0%B0-%D0%B1%D0%B5%D0%BB%D0%BE%D1%81%D0%BD%D0%B5%D0%B6%D0%BA%D0%B0-%D0%B8-%D1%85%D1%83%D0%B5%D1%81%D0%BE%D1%81/?p=3 HTTP/2.0" 200 13542 "https://www.google.it/" "Mozilla/5.0 (iPhone; CPU iPhone OS 13_5_1 like Mac OS X) AppleWebKit/605.1.15 (KHTML, like Gecko) Version/13.1.1 Mobile/15E148 Safari/604.1" "-"
188.208.122.93 - - [22/Jul/2020:20:56:01 +0000] "GET /%D0%B8%D0%B4%D1%83%D1%82-%D0%BF%D0%BE-%D0%BB%D0%B5%D1%81%D1%83-%D0%B4%D1%8E%D0%B9%D0%BC%D0%BE%D0%B2%D0%BE%D1%87%D0%BA%D0%B0-%D0%B1%D0%B5%D0%BB%D0%BE%D1%81%D0%BD%D0%B5%D0%B6%D0%BA%D0%B0-%D0%B8-%D1%85%D1%83%D0%B5%D1%81%D0%BE%D1%81/?p=3 HTTP/2.0" 200 13542 "https://www.google.it/" "Mozilla/5.0 (iPhone; CPU iPhone OS 13_5_1 like Mac OS X) AppleWebKit/605.1.15 (KHTML, like Gecko) Version/13.1.1 Mobile/15E148 Safari/604.1"
66.249.68.62 - - [22/Jul/2020:20:56:02 +0000] "GET /%D0%B2%D1%81%D1%82%D1%80%D0%B5%D1%87%D0%B0%D1%8E%D1%82%D1%81%D1%8F-%D0%B4%D0%B2%D0%B0-%D0%BA%D0%BE%D0%BB%D1%85%D0%BE%D0%B7%D0%BD%D0%B8%D0%BA%D0%B0-%D1%82%D1%8B-%D1%87%D1%91-%D1%82%D0%B0%D0%BA%D0%BE%D0%B9-%D0%B3%D1%80%D1%83%D1%81%D1%82%D0%BD%D1%8B%D0%B9/?p=1 HTTP/1.1" 200 14043 "-" "Mozilla/5.0 (Linux; Android 6.0.1; Nexus 5X Build/MMB29P) AppleWebKit/537.36 (KHTML, like Gecko) Chrome/80.0.3987.92 Mobile Safari/537.36 (compatible; Googlebot/2.1; +http://www.google.com/bot.html)" "-"
