18.217.223.118 - - [19/Jul/2020:07:14:55 +0000] "GET / HTTP/1.1" 301 178 "-" "Mozilla/5.0 (Windows NT 6.1; WOW64; Trident/7.0; rv:11.0) like Gecko" "-"
18.217.223.118 - - [19/Jul/2020:07:14:55 +0000] "GET / HTTP/1.1" 301 178 "-" "Mozilla/5.0 (Windows NT 6.1; WOW64; Trident/7.0; rv:11.0) like Gecko"
80.82.70.140 - - [19/Jul/2020:07:31:03 +0000] "GET / HTTP/1.1" 503 206 "http://77.244.214.49:80/left.html" "Mozilla/5.0 (X11; Ubuntu; Linux x86_64; rv:77.0) Gecko/20100101 Firefox/77.0" "-"
80.82.70.140 - - [19/Jul/2020:07:31:03 +0000] "GET / HTTP/1.1" 503 206 "http://77.244.214.49:80/left.html" "Mozilla/5.0 (X11; Ubuntu; Linux x86_64; rv:77.0) Gecko/20100101 Firefox/77.0"
176.193.24.191 - - [19/Jul/2020:07:41:29 +0000] "GET / HTTP/2.0" 200 5042 "-" "Mozilla/5.0 (X11; Linux x86_64) AppleWebKit/537.36 (KHTML, like Gecko) Chrome/81.0.4044.138 Safari/537.36" "-"
176.193.24.191 - - [19/Jul/2020:07:41:29 +0000] "GET / HTTP/2.0" 200 5042 "-" "Mozilla/5.0 (X11; Linux x86_64) AppleWebKit/537.36 (KHTML, like Gecko) Chrome/81.0.4044.138 Safari/537.36"
176.193.24.191 - - [19/Jul/2020:07:41:30 +0000] "GET / HTTP/2.0" 304 0 "https://baneks.site/" "Mozilla/5.0 (X11; Linux x86_64) AppleWebKit/537.36 (KHTML, like Gecko) Chrome/81.0.4044.138 Safari/537.36" "-"
176.193.24.191 - - [19/Jul/2020:07:41:30 +0000] "GET / HTTP/2.0" 304 0 "https://baneks.site/" "Mozilla/5.0 (X11; Linux x86_64) AppleWebKit/537.36 (KHTML, like Gecko) Chrome/81.0.4044.138 Safari/537.36"
176.193.24.191 - - [19/Jul/2020:07:41:32 +0000] "GET /new/ HTTP/2.0" 200 15716 "https://baneks.site/" "Mozilla/5.0 (X11; Linux x86_64) AppleWebKit/537.36 (KHTML, like Gecko) Chrome/81.0.4044.138 Safari/537.36" "-"
176.193.24.191 - - [19/Jul/2020:07:41:32 +0000] "GET /new/ HTTP/2.0" 200 15716 "https://baneks.site/" "Mozilla/5.0 (X11; Linux x86_64) AppleWebKit/537.36 (KHTML, like Gecko) Chrome/81.0.4044.138 Safari/537.36"
46.229.168.142 - - [19/Jul/2020:07:41:35 +0000] "GET /%D0%BE%D0%B4%D0%BD%D0%B0%D0%B6%D0%B4%D1%8B-%D1%81%D1%82%D1%83%D0%B4%D0%B5%D0%BD%D1%82-%D1%81%D0%BF%D1%80%D0%BE%D1%81%D0%B8%D0%BB-%D1%83-%D0%94%D0%B8%D1%82%D0%BC%D0%B0%D1%80%D0%B0-%D0%AD%D0%BB%D1%8C%D1%8F%D1%88%D0%B5%D0%B2%D0%B8%D1%87%D0%B0/ HTTP/1.1" 200 8302 "-" "Mozilla/5.0 (compatible; SemrushBot/6~bl; +http://www.semrush.com/bot.html)" "-"
46.229.168.142 - - [19/Jul/2020:07:41:35 +0000] "GET /%D0%BE%D0%B4%D0%BD%D0%B0%D0%B6%D0%B4%D1%8B-%D1%81%D1%82%D1%83%D0%B4%D0%B5%D0%BD%D1%82-%D1%81%D0%BF%D1%80%D0%BE%D1%81%D0%B8%D0%BB-%D1%83-%D0%94%D0%B8%D1%82%D0%BC%D0%B0%D1%80%D0%B0-%D0%AD%D0%BB%D1%8C%D1%8F%D1%88%D0%B5%D0%B2%D0%B8%D1%87%D0%B0/ HTTP/1.1" 200 8302 "-" "Mozilla/5.0 (compatible; SemrushBot/6~bl; +http://www.semrush.com/bot.html)"
176.193.24.191 - - [19/Jul/2020:07:41:35 +0000] "GET /admin HTTP/2.0" 301 0 "-" "Mozilla/5.0 (X11; Linux x86_64) AppleWebKit/537.36 (KHTML, like Gecko) Chrome/81.0.4044.138 Safari/537.36" "-"
176.193.24.191 - - [19/Jul/2020:07:41:35 +0000] "GET /admin HTTP/2.0" 301 0 "-" "Mozilla/5.0 (X11; Linux x86_64) AppleWebKit/537.36 (KHTML, like Gecko) Chrome/81.0.4044.138 Safari/537.36"
176.193.24.191 - - [19/Jul/2020:07:41:35 +0000] "GET /admin/ HTTP/2.0" 302 0 "-" "Mozilla/5.0 (X11; Linux x86_64) AppleWebKit/537.36 (KHTML, like Gecko) Chrome/81.0.4044.138 Safari/537.36" "-"
176.193.24.191 - - [19/Jul/2020:07:41:35 +0000] "GET /admin/ HTTP/2.0" 302 0 "-" "Mozilla/5.0 (X11; Linux x86_64) AppleWebKit/537.36 (KHTML, like Gecko) Chrome/81.0.4044.138 Safari/537.36"
176.193.24.191 - - [19/Jul/2020:07:41:35 +0000] "GET /admin/login/?next=/admin/ HTTP/2.0" 200 723 "-" "Mozilla/5.0 (X11; Linux x86_64) AppleWebKit/537.36 (KHTML, like Gecko) Chrome/81.0.4044.138 Safari/537.36" "-"
176.193.24.191 - - [19/Jul/2020:07:41:35 +0000] "GET /admin/login/?next=/admin/ HTTP/2.0" 200 723 "-" "Mozilla/5.0 (X11; Linux x86_64) AppleWebKit/537.36 (KHTML, like Gecko) Chrome/81.0.4044.138 Safari/537.36"
176.193.24.191 - - [19/Jul/2020:07:41:37 +0000] "POST /admin/login/?next=/admin/ HTTP/2.0" 302 0 "https://baneks.site/admin/login/?next=/admin/" "Mozilla/5.0 (X11; Linux x86_64) AppleWebKit/537.36 (KHTML, like Gecko) Chrome/81.0.4044.138 Safari/537.36" "-"
176.193.24.191 - - [19/Jul/2020:07:41:37 +0000] "POST /admin/login/?next=/admin/ HTTP/2.0" 302 0 "https://baneks.site/admin/login/?next=/admin/" "Mozilla/5.0 (X11; Linux x86_64) AppleWebKit/537.36 (KHTML, like Gecko) Chrome/81.0.4044.138 Safari/537.36"
176.193.24.191 - - [19/Jul/2020:07:41:37 +0000] "GET /admin/ HTTP/2.0" 200 2920 "https://baneks.site/admin/login/?next=/admin/" "Mozilla/5.0 (X11; Linux x86_64) AppleWebKit/537.36 (KHTML, like Gecko) Chrome/81.0.4044.138 Safari/537.36" "-"
176.193.24.191 - - [19/Jul/2020:07:41:37 +0000] "GET /admin/ HTTP/2.0" 200 2920 "https://baneks.site/admin/login/?next=/admin/" "Mozilla/5.0 (X11; Linux x86_64) AppleWebKit/537.36 (KHTML, like Gecko) Chrome/81.0.4044.138 Safari/537.36"
31.185.12.31 - - [19/Jul/2020:07:41:39 +0000] "GET /%D0%BE%D0%BB%D0%B8%D0%BC%D0%BF%D0%B8%D0%B0%D0%B4%D0%B0-80-%D0%B2-%D0%A1%D0%A1%D0%A1%D0%A0-%D0%91%D1%80%D0%B5%D0%B6%D0%BD%D0%B5%D0%B2-%D0%BF%D0%B5%D1%80%D0%B5%D0%B4-%D1%81%D1%82%D0%B0%D0%B4%D0%B8%D0%BE%D0%BD%D0%BE%D0%BC-%D1%87%D0%B8%D1%82%D0%B0%D0%B5%D1%82/ HTTP/2.0" 200 13214 "https://www.google.com/" "Mozilla/5.0 (Windows NT 10.0; Win64; x64) AppleWebKit/537.36 (KHTML, like Gecko) Chrome/84.0.4147.89 Safari/537.36" "-"
31.185.12.31 - - [19/Jul/2020:07:41:39 +0000] "GET /%D0%BE%D0%BB%D0%B8%D0%BC%D0%BF%D0%B8%D0%B0%D0%B4%D0%B0-80-%D0%B2-%D0%A1%D0%A1%D0%A1%D0%A0-%D0%91%D1%80%D0%B5%D0%B6%D0%BD%D0%B5%D0%B2-%D0%BF%D0%B5%D1%80%D0%B5%D0%B4-%D1%81%D1%82%D0%B0%D0%B4%D0%B8%D0%BE%D0%BD%D0%BE%D0%BC-%D1%87%D0%B8%D1%82%D0%B0%D0%B5%D1%82/ HTTP/2.0" 200 13214 "https://www.google.com/" "Mozilla/5.0 (Windows NT 10.0; Win64; x64) AppleWebKit/537.36 (KHTML, like Gecko) Chrome/84.0.4147.89 Safari/537.36"
31.185.12.31 - - [19/Jul/2020:07:41:41 +0000] "GET /%D0%BE%D0%BB%D0%B8%D0%BC%D0%BF%D0%B8%D0%B0%D0%B4%D0%B0-80-%D0%B2-%D0%A1%D0%A1%D0%A1%D0%A0-%D0%91%D1%80%D0%B5%D0%B6%D0%BD%D0%B5%D0%B2-%D0%BF%D0%B5%D1%80%D0%B5%D0%B4-%D1%81%D1%82%D0%B0%D0%B4%D0%B8%D0%BE%D0%BD%D0%BE%D0%BC-%D1%87%D0%B8%D1%82%D0%B0%D0%B5%D1%82/ HTTP/2.0" 200 13214 "https://baneks.site/%D0%BE%D0%BB%D0%B8%D0%BC%D0%BF%D0%B8%D0%B0%D0%B4%D0%B0-80-%D0%B2-%D0%A1%D0%A1%D0%A1%D0%A0-%D0%91%D1%80%D0%B5%D0%B6%D0%BD%D0%B5%D0%B2-%D0%BF%D0%B5%D1%80%D0%B5%D0%B4-%D1%81%D1%82%D0%B0%D0%B4%D0%B8%D0%BE%D0%BD%D0%BE%D0%BC-%D1%87%D0%B8%D1%82%D0%B0%D0%B5%D1%82/" "Mozilla/5.0 (Windows NT 10.0; Win64; x64) AppleWebKit/537.36 (KHTML, like Gecko) Chrome/84.0.4147.89 Safari/537.36" "-"
31.185.12.31 - - [19/Jul/2020:07:41:41 +0000] "GET /%D0%BE%D0%BB%D0%B8%D0%BC%D0%BF%D0%B8%D0%B0%D0%B4%D0%B0-80-%D0%B2-%D0%A1%D0%A1%D0%A1%D0%A0-%D0%91%D1%80%D0%B5%D0%B6%D0%BD%D0%B5%D0%B2-%D0%BF%D0%B5%D1%80%D0%B5%D0%B4-%D1%81%D1%82%D0%B0%D0%B4%D0%B8%D0%BE%D0%BD%D0%BE%D0%BC-%D1%87%D0%B8%D1%82%D0%B0%D0%B5%D1%82/ HTTP/2.0" 200 13214 "https://baneks.site/%D0%BE%D0%BB%D0%B8%D0%BC%D0%BF%D0%B8%D0%B0%D0%B4%D0%B0-80-%D0%B2-%D0%A1%D0%A1%D0%A1%D0%A0-%D0%91%D1%80%D0%B5%D0%B6%D0%BD%D0%B5%D0%B2-%D0%BF%D0%B5%D1%80%D0%B5%D0%B4-%D1%81%D1%82%D0%B0%D0%B4%D0%B8%D0%BE%D0%BD%D0%BE%D0%BC-%D1%87%D0%B8%D1%82%D0%B0%D0%B5%D1%82/" "Mozilla/5.0 (Windows NT 10.0; Win64; x64) AppleWebKit/537.36 (KHTML, like Gecko) Chrome/84.0.4147.89 Safari/537.36"
46.229.168.151 - - [19/Jul/2020:07:41:50 +0000] "GET /%D1%82%D1%80%D0%B8-%D0%B1%D0%BE%D0%B3%D0%B0%D1%82%D1%8B%D1%80%D1%8F-%D0%BF%D0%BE%D1%88%D0%BB%D0%B8-%D0%B1%D0%B8%D1%82%D1%8C-%D0%97%D0%BC%D0%B5%D1%8F-%D0%93%D0%BE%D1%80%D1%8B%D0%BD%D1%8B%D1%87%D0%B0-%D0%BF%D0%BE%D0%B4%D1%85%D0%BE%D0%B4%D1%8F%D1%82-%D0%BA/?p=2 HTTP/1.1" 200 8548 "-" "Mozilla/5.0 (compatible; SemrushBot/6~bl; +http://www.semrush.com/bot.html)" "-"
46.229.168.151 - - [19/Jul/2020:07:41:50 +0000] "GET /%D1%82%D1%80%D0%B8-%D0%B1%D0%BE%D0%B3%D0%B0%D1%82%D1%8B%D1%80%D1%8F-%D0%BF%D0%BE%D1%88%D0%BB%D0%B8-%D0%B1%D0%B8%D1%82%D1%8C-%D0%97%D0%BC%D0%B5%D1%8F-%D0%93%D0%BE%D1%80%D1%8B%D0%BD%D1%8B%D1%87%D0%B0-%D0%BF%D0%BE%D0%B4%D1%85%D0%BE%D0%B4%D1%8F%D1%82-%D0%BA/?p=2 HTTP/1.1" 200 8548 "-" "Mozilla/5.0 (compatible; SemrushBot/6~bl; +http://www.semrush.com/bot.html)"
91.147.28.171 - - [19/Jul/2020:07:41:56 +0000] "GET /%D0%B4%D0%B0-%D0%B0%D0%BB%D1%91-%D0%B4%D0%B0-%D0%B4%D0%B0-%D0%BD%D1%83-%D0%BA%D0%B0%D0%BA-%D1%82%D0%B0%D0%BC-%D1%81-%D0%B4%D0%B5%D0%BD%D1%8C%D0%B3%D0%B0%D0%BC%D0%B8/ HTTP/2.0" 200 15456 "https://www.google.com/" "Mozilla/5.0 (Linux; Android 10; SM-A505FN) AppleWebKit/537.36 (KHTML, like Gecko) Chrome/83.0.4103.106 Mobile Safari/537.36" "-"
91.147.28.171 - - [19/Jul/2020:07:41:56 +0000] "GET /%D0%B4%D0%B0-%D0%B0%D0%BB%D1%91-%D0%B4%D0%B0-%D0%B4%D0%B0-%D0%BD%D1%83-%D0%BA%D0%B0%D0%BA-%D1%82%D0%B0%D0%BC-%D1%81-%D0%B4%D0%B5%D0%BD%D1%8C%D0%B3%D0%B0%D0%BC%D0%B8/ HTTP/2.0" 200 15456 "https://www.google.com/" "Mozilla/5.0 (Linux; Android 10; SM-A505FN) AppleWebKit/537.36 (KHTML, like Gecko) Chrome/83.0.4103.106 Mobile Safari/537.36"
176.193.24.191 - - [19/Jul/2020:07:41:56 +0000] "GET /admin/jokes/joke/ HTTP/2.0" 200 9103 "https://baneks.site/admin/" "Mozilla/5.0 (X11; Linux x86_64) AppleWebKit/537.36 (KHTML, like Gecko) Chrome/81.0.4044.138 Safari/537.36" "-"
176.193.24.191 - - [19/Jul/2020:07:41:56 +0000] "GET /admin/jokes/joke/ HTTP/2.0" 200 9103 "https://baneks.site/admin/" "Mozilla/5.0 (X11; Linux x86_64) AppleWebKit/537.36 (KHTML, like Gecko) Chrome/81.0.4044.138 Safari/537.36"
176.193.24.191 - - [19/Jul/2020:07:41:56 +0000] "GET /admin/jsi18n/ HTTP/2.0" 200 3619 "https://baneks.site/admin/jokes/joke/" "Mozilla/5.0 (X11; Linux x86_64) AppleWebKit/537.36 (KHTML, like Gecko) Chrome/81.0.4044.138 Safari/537.36" "-"
176.193.24.191 - - [19/Jul/2020:07:41:56 +0000] "GET /admin/jsi18n/ HTTP/2.0" 200 3619 "https://baneks.site/admin/jokes/joke/" "Mozilla/5.0 (X11; Linux x86_64) AppleWebKit/537.36 (KHTML, like Gecko) Chrome/81.0.4044.138 Safari/537.36"
91.147.28.171 - - [19/Jul/2020:07:41:59 +0000] "GET /%D0%B4%D0%B0-%D0%B0%D0%BB%D1%91-%D0%B4%D0%B0-%D0%B4%D0%B0-%D0%BD%D1%83-%D0%BA%D0%B0%D0%BA-%D1%82%D0%B0%D0%BC-%D1%81-%D0%B4%D0%B5%D0%BD%D1%8C%D0%B3%D0%B0%D0%BC%D0%B8/ HTTP/2.0" 200 15349 "https://baneks.site/%D0%B4%D0%B0-%D0%B0%D0%BB%D1%91-%D0%B4%D0%B0-%D0%B4%D0%B0-%D0%BD%D1%83-%D0%BA%D0%B0%D0%BA-%D1%82%D0%B0%D0%BC-%D1%81-%D0%B4%D0%B5%D0%BD%D1%8C%D0%B3%D0%B0%D0%BC%D0%B8/" "Mozilla/5.0 (Linux; Android 10; SM-A505FN) AppleWebKit/537.36 (KHTML, like Gecko) Chrome/83.0.4103.106 Mobile Safari/537.36" "-"
91.147.28.171 - - [19/Jul/2020:07:41:59 +0000] "GET /%D0%B4%D0%B0-%D0%B0%D0%BB%D1%91-%D0%B4%D0%B0-%D0%B4%D0%B0-%D0%BD%D1%83-%D0%BA%D0%B0%D0%BA-%D1%82%D0%B0%D0%BC-%D1%81-%D0%B4%D0%B5%D0%BD%D1%8C%D0%B3%D0%B0%D0%BC%D0%B8/ HTTP/2.0" 200 15349 "https://baneks.site/%D0%B4%D0%B0-%D0%B0%D0%BB%D1%91-%D0%B4%D0%B0-%D0%B4%D0%B0-%D0%BD%D1%83-%D0%BA%D0%B0%D0%BA-%D1%82%D0%B0%D0%BC-%D1%81-%D0%B4%D0%B5%D0%BD%D1%8C%D0%B3%D0%B0%D0%BC%D0%B8/" "Mozilla/5.0 (Linux; Android 10; SM-A505FN) AppleWebKit/537.36 (KHTML, like Gecko) Chrome/83.0.4103.106 Mobile Safari/537.36"
62.210.188.218 - - [19/Jul/2020:07:41:59 +0000] "GET /tag/%D0%90%D0%9A%D0%91 HTTP/1.1" 301 0 "-" "Mozilla/5.0 (compatible; Barkrowler/0.9; +https://babbar.tech/crawler)" "-"
62.210.188.218 - - [19/Jul/2020:07:41:59 +0000] "GET /tag/%D0%90%D0%9A%D0%91 HTTP/1.1" 301 0 "-" "Mozilla/5.0 (compatible; Barkrowler/0.9; +https://babbar.tech/crawler)"
62.210.188.218 - - [19/Jul/2020:07:42:00 +0000] "GET /tag/%D0%90%D0%9A%D0%91/ HTTP/1.1" 200 11117 "-" "Mozilla/5.0 (compatible; Barkrowler/0.9; +https://babbar.tech/crawler)" "-"
62.210.188.218 - - [19/Jul/2020:07:42:00 +0000] "GET /tag/%D0%90%D0%9A%D0%91/ HTTP/1.1" 200 11117 "-" "Mozilla/5.0 (compatible; Barkrowler/0.9; +https://babbar.tech/crawler)"
62.210.188.218 - - [19/Jul/2020:07:42:00 +0000] "GET /tag/%D0%90%D0%9A%D0%91 HTTP/1.1" 301 0 "-" "Mozilla/5.0 (compatible; Barkrowler/0.9; +https://babbar.tech/crawler)" "-"
62.210.188.218 - - [19/Jul/2020:07:42:00 +0000] "GET /tag/%D0%90%D0%9A%D0%91 HTTP/1.1" 301 0 "-" "Mozilla/5.0 (compatible; Barkrowler/0.9; +https://babbar.tech/crawler)"
108.61.215.179 - - [19/Jul/2020:07:42:21 +0000] "GET / HTTP/1.1" 200 4615 "-" "Mozilla/5.0 (Windows NT 6.2; WOW64) AppleWebKit/537.4 (KHTML, like Gecko) Chrome/98 Safari/537.4 (StatusCake)" "-"
108.61.215.179 - - [19/Jul/2020:07:42:21 +0000] "GET / HTTP/1.1" 200 4615 "-" "Mozilla/5.0 (Windows NT 6.2; WOW64) AppleWebKit/537.4 (KHTML, like Gecko) Chrome/98 Safari/537.4 (StatusCake)"
46.101.74.251 - - [19/Jul/2020:07:42:25 +0000] "GET / HTTP/1.1" 200 4615 "-" "Mozilla/5.0 (Windows NT 6.2; WOW64) AppleWebKit/537.4 (KHTML, like Gecko) Chrome/98 Safari/537.4 (StatusCake)" "-"
46.101.74.251 - - [19/Jul/2020:07:42:25 +0000] "GET / HTTP/1.1" 200 4615 "-" "Mozilla/5.0 (Windows NT 6.2; WOW64) AppleWebKit/537.4 (KHTML, like Gecko) Chrome/98 Safari/537.4 (StatusCake)"
176.59.98.98 - - [19/Jul/2020:07:42:25 +0000] "GET /%D0%B4%D0%B2%D0%B0-%D0%BC%D1%83%D0%B6%D0%B8%D0%BA%D0%B0-%D0%B2%D1%81%D1%82%D1%80%D0%B5%D1%87%D0%B0%D1%8E%D1%82%D1%81%D1%8F-%D0%B2-%D0%B1%D0%B0%D0%BD%D0%B5-%D0%BF%D1%80%D0%B8%D1%87%D0%B5%D0%BC-%D1%83-%D0%BE%D0%B4%D0%BD%D0%BE%D0%B3%D0%BE-%D1%87%D0%BB%D0%B5%D0%BD/ HTTP/2.0" 200 13797 "https://www.google.com/" "Mozilla/5.0 (Linux; Android 9; LLD-L31) AppleWebKit/537.36 (KHTML, like Gecko) Chrome/79.0.3945.116 Mobile Safari/537.36" "-"
176.59.98.98 - - [19/Jul/2020:07:42:25 +0000] "GET /%D0%B4%D0%B2%D0%B0-%D0%BC%D1%83%D0%B6%D0%B8%D0%BA%D0%B0-%D0%B2%D1%81%D1%82%D1%80%D0%B5%D1%87%D0%B0%D1%8E%D1%82%D1%81%D1%8F-%D0%B2-%D0%B1%D0%B0%D0%BD%D0%B5-%D0%BF%D1%80%D0%B8%D1%87%D0%B5%D0%BC-%D1%83-%D0%BE%D0%B4%D0%BD%D0%BE%D0%B3%D0%BE-%D1%87%D0%BB%D0%B5%D0%BD/ HTTP/2.0" 200 13797 "https://www.google.com/" "Mozilla/5.0 (Linux; Android 9; LLD-L31) AppleWebKit/537.36 (KHTML, like Gecko) Chrome/79.0.3945.116 Mobile Safari/537.36"
176.59.98.98 - - [19/Jul/2020:07:42:32 +0000] "GET /%D0%B4%D0%B2%D0%B0-%D0%BC%D1%83%D0%B6%D0%B8%D0%BA%D0%B0-%D0%B2%D1%81%D1%82%D1%80%D0%B5%D1%87%D0%B0%D1%8E%D1%82%D1%81%D1%8F-%D0%B2-%D0%B1%D0%B0%D0%BD%D0%B5-%D0%BF%D1%80%D0%B8%D1%87%D0%B5%D0%BC-%D1%83-%D0%BE%D0%B4%D0%BD%D0%BE%D0%B3%D0%BE-%D1%87%D0%BB%D0%B5%D0%BD/ HTTP/2.0" 200 13797 "https://baneks.site/%D0%B4%D0%B2%D0%B0-%D0%BC%D1%83%D0%B6%D0%B8%D0%BA%D0%B0-%D0%B2%D1%81%D1%82%D1%80%D0%B5%D1%87%D0%B0%D1%8E%D1%82%D1%81%D1%8F-%D0%B2-%D0%B1%D0%B0%D0%BD%D0%B5-%D0%BF%D1%80%D0%B8%D1%87%D0%B5%D0%BC-%D1%83-%D0%BE%D0%B4%D0%BD%D0%BE%D0%B3%D0%BE-%D1%87%D0%BB%D0%B5%D0%BD/" "Mozilla/5.0 (Linux; Android 9; LLD-L31) AppleWebKit/537.36 (KHTML, like Gecko) Chrome/79.0.3945.116 Mobile Safari/537.36" "-"
176.59.98.98 - - [19/Jul/2020:07:42:32 +0000] "GET /%D0%B4%D0%B2%D0%B0-%D0%BC%D1%83%D0%B6%D0%B8%D0%BA%D0%B0-%D0%B2%D1%81%D1%82%D1%80%D0%B5%D1%87%D0%B0%D1%8E%D1%82%D1%81%D1%8F-%D0%B2-%D0%B1%D0%B0%D0%BD%D0%B5-%D0%BF%D1%80%D0%B8%D1%87%D0%B5%D0%BC-%D1%83-%D0%BE%D0%B4%D0%BD%D0%BE%D0%B3%D0%BE-%D1%87%D0%BB%D0%B5%D0%BD/ HTTP/2.0" 200 13797 "https://baneks.site/%D0%B4%D0%B2%D0%B0-%D0%BC%D1%83%D0%B6%D0%B8%D0%BA%D0%B0-%D0%B2%D1%81%D1%82%D1%80%D0%B5%D1%87%D0%B0%D1%8E%D1%82%D1%81%D1%8F-%D0%B2-%D0%B1%D0%B0%D0%BD%D0%B5-%D0%BF%D1%80%D0%B8%D1%87%D0%B5%D0%BC-%D1%83-%D0%BE%D0%B4%D0%BD%D0%BE%D0%B3%D0%BE-%D1%87%D0%BB%D0%B5%D0%BD/" "Mozilla/5.0 (Linux; Android 9; LLD-L31) AppleWebKit/537.36 (KHTML, like Gecko) Chrome/79.0.3945.116 Mobile Safari/537.36"
46.118.123.84 - - [19/Jul/2020:07:42:34 +0000] "GET /%D0%B2%D1%81%D1%82%D1%80%D0%B5%D1%82%D0%B8%D0%BB%D0%B8%D1%81%D1%8C-%D1%82%D1%80%D0%B8-%D0%BE%D1%85%D0%BE%D1%82%D0%BD%D0%B8%D0%BA%D0%B0-%D0%B8-%D1%85%D0%B2%D0%B0%D0%BB%D1%8F%D1%82%D1%81%D1%8F-%D1%81%D0%B2%D0%BE%D0%B8%D0%BC%D0%B8/ HTTP/1.1" 301 162 "https://gcup.ru/" "Mozilla/4.0 (compatible; MSIE 6.0; Windows NT 5.1; .NET CLR 1.1.4322; Alexa Toolbar; (R1 1.5))" "-"
46.118.123.84 - - [19/Jul/2020:07:42:34 +0000] "GET /%D0%B2%D1%81%D1%82%D1%80%D0%B5%D1%82%D0%B8%D0%BB%D0%B8%D1%81%D1%8C-%D1%82%D1%80%D0%B8-%D0%BE%D1%85%D0%BE%D1%82%D0%BD%D0%B8%D0%BA%D0%B0-%D0%B8-%D1%85%D0%B2%D0%B0%D0%BB%D1%8F%D1%82%D1%81%D1%8F-%D1%81%D0%B2%D0%BE%D0%B8%D0%BC%D0%B8/ HTTP/1.1" 301 162 "https://gcup.ru/" "Mozilla/4.0 (compatible; MSIE 6.0; Windows NT 5.1; .NET CLR 1.1.4322; Alexa Toolbar; (R1 1.5))"
46.118.123.84 - - [19/Jul/2020:07:42:34 +0000] "GET /%D0%B2%D1%81%D1%82%D1%80%D0%B5%D1%82%D0%B8%D0%BB%D0%B8%D1%81%D1%8C-%D1%82%D1%80%D0%B8-%D0%BE%D1%85%D0%BE%D1%82%D0%BD%D0%B8%D0%BA%D0%B0-%D0%B8-%D1%85%D0%B2%D0%B0%D0%BB%D1%8F%D1%82%D1%81%D1%8F-%D1%81%D0%B2%D0%BE%D0%B8%D0%BC%D0%B8/ HTTP/1.1" 301 162 "https://gcup.ru/" "Mozilla/4.0 (compatible; MSIE 6.0; Windows NT 5.1; .NET CLR 1.1.4322; Alexa Toolbar; (R1 1.5))" "-"
46.118.123.84 - - [19/Jul/2020:07:42:34 +0000] "GET /%D0%B2%D1%81%D1%82%D1%80%D0%B5%D1%82%D0%B8%D0%BB%D0%B8%D1%81%D1%8C-%D1%82%D1%80%D0%B8-%D0%BE%D1%85%D0%BE%D1%82%D0%BD%D0%B8%D0%BA%D0%B0-%D0%B8-%D1%85%D0%B2%D0%B0%D0%BB%D1%8F%D1%82%D1%81%D1%8F-%D1%81%D0%B2%D0%BE%D0%B8%D0%BC%D0%B8/ HTTP/1.1" 301 162 "https://gcup.ru/" "Mozilla/4.0 (compatible; MSIE 6.0; Windows NT 5.1; .NET CLR 1.1.4322; Alexa Toolbar; (R1 1.5))"
66.249.68.36 - - [19/Jul/2020:07:42:34 +0000] "GET /tag/%D0%B2%D0%BE%D0%BB%D0%BA/?p=8 HTTP/1.1" 200 11292 "-" "Mozilla/5.0 (compatible; Googlebot/2.1; +http://www.google.com/bot.html)" "-"
66.249.68.36 - - [19/Jul/2020:07:42:34 +0000] "GET /tag/%D0%B2%D0%BE%D0%BB%D0%BA/?p=8 HTTP/1.1" 200 11292 "-" "Mozilla/5.0 (compatible; Googlebot/2.1; +http://www.google.com/bot.html)"
46.118.123.84 - - [19/Jul/2020:07:42:34 +0000] "GET /%D0%B2%D1%81%D1%82%D1%80%D0%B5%D1%82%D0%B8%D0%BB%D0%B8%D1%81%D1%8C-%D1%82%D1%80%D0%B8-%D0%BE%D1%85%D0%BE%D1%82%D0%BD%D0%B8%D0%BA%D0%B0-%D0%B8-%D1%85%D0%B2%D0%B0%D0%BB%D1%8F%D1%82%D1%81%D1%8F-%D1%81%D0%B2%D0%BE%D0%B8%D0%BC%D0%B8/ HTTP/1.1" 301 162 "https://gcup.ru/" "Mozilla/4.0 (compatible; MSIE 6.0; Windows NT 5.1; .NET CLR 1.1.4322; Alexa Toolbar; (R1 1.5))" "-"
46.118.123.84 - - [19/Jul/2020:07:42:34 +0000] "GET /%D0%B2%D1%81%D1%82%D1%80%D0%B5%D1%82%D0%B8%D0%BB%D0%B8%D1%81%D1%8C-%D1%82%D1%80%D0%B8-%D0%BE%D1%85%D0%BE%D1%82%D0%BD%D0%B8%D0%BA%D0%B0-%D0%B8-%D1%85%D0%B2%D0%B0%D0%BB%D1%8F%D1%82%D1%81%D1%8F-%D1%81%D0%B2%D0%BE%D0%B8%D0%BC%D0%B8/ HTTP/1.1" 301 162 "https://gcup.ru/" "Mozilla/4.0 (compatible; MSIE 6.0; Windows NT 5.1; .NET CLR 1.1.4322; Alexa Toolbar; (R1 1.5))"
194.44.99.49 - - [19/Jul/2020:07:42:36 +0000] "GET /%D0%BD%D0%B0-%D0%B7%D0%B0%D0%BD%D1%8F%D1%82%D0%B8%D1%8F%D1%85-%D0%BF%D0%BE-%D0%B0%D1%80%D1%82%D0%B8%D0%BB%D0%BB%D0%B5%D1%80%D0%B8%D0%B9%D1%81%D0%BA%D0%BE%D0%B9-%D1%81%D1%82%D1%80%D0%B5%D0%BB%D1%8C%D0%B1%D0%B5/ HTTP/2.0" 200 12998 "https://www.google.com/" "Mozilla/5.0 (Linux; Android 7.1.2; Redmi 4A) AppleWebKit/537.36 (KHTML, like Gecko) Chrome/83.0.4103.106 Mobile Safari/537.36" "-"
194.44.99.49 - - [19/Jul/2020:07:42:36 +0000] "GET /%D0%BD%D0%B0-%D0%B7%D0%B0%D0%BD%D1%8F%D1%82%D0%B8%D1%8F%D1%85-%D0%BF%D0%BE-%D0%B0%D1%80%D1%82%D0%B8%D0%BB%D0%BB%D0%B5%D1%80%D0%B8%D0%B9%D1%81%D0%BA%D0%BE%D0%B9-%D1%81%D1%82%D1%80%D0%B5%D0%BB%D1%8C%D0%B1%D0%B5/ HTTP/2.0" 200 12998 "https://www.google.com/" "Mozilla/5.0 (Linux; Android 7.1.2; Redmi 4A) AppleWebKit/537.36 (KHTML, like Gecko) Chrome/83.0.4103.106 Mobile Safari/537.36"
46.229.168.130 - - [19/Jul/2020:07:42:38 +0000] "GET /%D0%94%D0%B8%D0%BC%D0%B0-%D0%BD%D1%83-%D0%B2%D0%BE%D0%BE%D0%B1%D1%89%D0%B5-%D1%82%D0%BE-%D1%8F-%D0%B7%D0%BD%D0%B0%D1%8E-%D0%B0%D0%BD%D0%B3%D0%BB%D0%B8%D0%B9%D1%81%D0%BA%D0%B8%D0%B9-%D0%BD%D0%B0-%D1%83%D1%80%D0%BE%D0%B2%D0%BD%D0%B5/?p=2 HTTP/1.1" 200 9904 "-" "Mozilla/5.0 (compatible; SemrushBot/6~bl; +http://www.semrush.com/bot.html)" "-"
46.229.168.130 - - [19/Jul/2020:07:42:38 +0000] "GET /%D0%94%D0%B8%D0%BC%D0%B0-%D0%BD%D1%83-%D0%B2%D0%BE%D0%BE%D0%B1%D1%89%D0%B5-%D1%82%D0%BE-%D1%8F-%D0%B7%D0%BD%D0%B0%D1%8E-%D0%B0%D0%BD%D0%B3%D0%BB%D0%B8%D0%B9%D1%81%D0%BA%D0%B8%D0%B9-%D0%BD%D0%B0-%D1%83%D1%80%D0%BE%D0%B2%D0%BD%D0%B5/?p=2 HTTP/1.1" 200 9904 "-" "Mozilla/5.0 (compatible; SemrushBot/6~bl; +http://www.semrush.com/bot.html)"
188.170.77.123 - - [19/Jul/2020:07:42:45 +0000] "GET /%D1%81%D0%BF%D0%BE%D1%80%D1%8F%D1%82-%D0%BA%D0%B0%D0%BA-%D1%82%D0%BE-%D1%80%D1%83%D1%81%D1%81%D0%BA%D0%B8%D0%B9-%D0%B8-%D1%83%D0%BA%D1%80%D0%B0%D0%B8%D0%BD%D0%B5%D1%86/ HTTP/2.0" 200 13649 "https://www.google.com/" "Mozilla/5.0 (Linux; Android 9; LLD-L31) AppleWebKit/537.36 (KHTML, like Gecko) Chrome/83.0.4103.106 Mobile Safari/537.36" "-"
188.170.77.123 - - [19/Jul/2020:07:42:45 +0000] "GET /%D1%81%D0%BF%D0%BE%D1%80%D1%8F%D1%82-%D0%BA%D0%B0%D0%BA-%D1%82%D0%BE-%D1%80%D1%83%D1%81%D1%81%D0%BA%D0%B8%D0%B9-%D0%B8-%D1%83%D0%BA%D1%80%D0%B0%D0%B8%D0%BD%D0%B5%D1%86/ HTTP/2.0" 200 13649 "https://www.google.com/" "Mozilla/5.0 (Linux; Android 9; LLD-L31) AppleWebKit/537.36 (KHTML, like Gecko) Chrome/83.0.4103.106 Mobile Safari/537.36"
176.193.24.191 - - [19/Jul/2020:07:42:45 +0000] "GET /admin/ HTTP/2.0" 200 2921 "https://baneks.site/admin/jokes/joke/" "Mozilla/5.0 (X11; Linux x86_64) AppleWebKit/537.36 (KHTML, like Gecko) Chrome/81.0.4044.138 Safari/537.36" "-"
176.193.24.191 - - [19/Jul/2020:07:42:45 +0000] "GET /admin/ HTTP/2.0" 200 2921 "https://baneks.site/admin/jokes/joke/" "Mozilla/5.0 (X11; Linux x86_64) AppleWebKit/537.36 (KHTML, like Gecko) Chrome/81.0.4044.138 Safari/537.36"
188.170.77.123 - - [19/Jul/2020:07:42:46 +0000] "GET /%D1%81%D0%BF%D0%BE%D1%80%D1%8F%D1%82-%D0%BA%D0%B0%D0%BA-%D1%82%D0%BE-%D1%80%D1%83%D1%81%D1%81%D0%BA%D0%B8%D0%B9-%D0%B8-%D1%83%D0%BA%D1%80%D0%B0%D0%B8%D0%BD%D0%B5%D1%86/ HTTP/2.0" 200 13649 "https://baneks.site/%D1%81%D0%BF%D0%BE%D1%80%D1%8F%D1%82-%D0%BA%D0%B0%D0%BA-%D1%82%D0%BE-%D1%80%D1%83%D1%81%D1%81%D0%BA%D0%B8%D0%B9-%D0%B8-%D1%83%D0%BA%D1%80%D0%B0%D0%B8%D0%BD%D0%B5%D1%86/" "Mozilla/5.0 (Linux; Android 9; LLD-L31) AppleWebKit/537.36 (KHTML, like Gecko) Chrome/83.0.4103.106 Mobile Safari/537.36" "-"
188.170.77.123 - - [19/Jul/2020:07:42:46 +0000] "GET /%D1%81%D0%BF%D0%BE%D1%80%D1%8F%D1%82-%D0%BA%D0%B0%D0%BA-%D1%82%D0%BE-%D1%80%D1%83%D1%81%D1%81%D0%BA%D0%B8%D0%B9-%D0%B8-%D1%83%D0%BA%D1%80%D0%B0%D0%B8%D0%BD%D0%B5%D1%86/ HTTP/2.0" 200 13649 "https://baneks.site/%D1%81%D0%BF%D0%BE%D1%80%D1%8F%D1%82-%D0%BA%D0%B0%D0%BA-%D1%82%D0%BE-%D1%80%D1%83%D1%81%D1%81%D0%BA%D0%B8%D0%B9-%D0%B8-%D1%83%D0%BA%D1%80%D0%B0%D0%B8%D0%BD%D0%B5%D1%86/" "Mozilla/5.0 (Linux; Android 9; LLD-L31) AppleWebKit/537.36 (KHTML, like Gecko) Chrome/83.0.4103.106 Mobile Safari/537.36"
46.229.168.129 - - [19/Jul/2020:07:42:51 +0000] "GET /%D0%BF%D1%8F%D1%82%D0%B8%D0%BB%D0%B5%D1%82%D0%BD%D1%8F%D1%8F-%D0%B4%D0%B5%D0%B2%D0%BE%D1%87%D0%BA%D0%B0-%D0%BE%D1%82%D1%86%D1%83-%D0%BF%D0%B0%D0%BF%D0%B0-%D0%B4%D0%B0%D0%B9-%D0%BC%D0%BD%D0%B5-20-%D0%B5%D0%B2%D1%80%D0%BE-%D0%B8-%D1%8F/?p=2 HTTP/1.1" 200 9307 "-" "Mozilla/5.0 (compatible; SemrushBot/6~bl; +http://www.semrush.com/bot.html)" "-"
46.229.168.129 - - [19/Jul/2020:07:42:51 +0000] "GET /%D0%BF%D1%8F%D1%82%D0%B8%D0%BB%D0%B5%D1%82%D0%BD%D1%8F%D1%8F-%D0%B4%D0%B5%D0%B2%D0%BE%D1%87%D0%BA%D0%B0-%D0%BE%D1%82%D1%86%D1%83-%D0%BF%D0%B0%D0%BF%D0%B0-%D0%B4%D0%B0%D0%B9-%D0%BC%D0%BD%D0%B5-20-%D0%B5%D0%B2%D1%80%D0%BE-%D0%B8-%D1%8F/?p=2 HTTP/1.1" 200 9307 "-" "Mozilla/5.0 (compatible; SemrushBot/6~bl; +http://www.semrush.com/bot.html)"
89.247.97.237 - - [19/Jul/2020:07:42:55 +0000] "GET /%D1%81-%D0%BE%D0%BA%D1%80%D0%B0%D0%B8%D0%BD%D1%8B-%D0%9C%D0%BE%D0%BD%D0%B3%D0%BE%D0%BB%D0%B8%D0%B8-%D0%BF%D1%80%D0%B8%D0%B1%D1%8B%D0%BB-%D0%B2-%D1%81%D1%82%D0%BE%D0%BB%D0%B8%D1%86%D1%83-%D1%81%D0%BA%D0%BE%D1%82%D0%BE%D0%B2%D0%BE%D0%B4-%D1%81%D0%B5%D0%BB-%D0%B2/ HTTP/2.0" 200 13883 "-" "Mozilla/5.0 (Windows NT 10.0; Win64; x64) AppleWebKit/537.36 (KHTML, like Gecko) Chrome/83.0.4103.116 Safari/537.36" "-"
89.247.97.237 - - [19/Jul/2020:07:42:55 +0000] "GET /%D1%81-%D0%BE%D0%BA%D1%80%D0%B0%D0%B8%D0%BD%D1%8B-%D0%9C%D0%BE%D0%BD%D0%B3%D0%BE%D0%BB%D0%B8%D0%B8-%D0%BF%D1%80%D0%B8%D0%B1%D1%8B%D0%BB-%D0%B2-%D1%81%D1%82%D0%BE%D0%BB%D0%B8%D1%86%D1%83-%D1%81%D0%BA%D0%BE%D1%82%D0%BE%D0%B2%D0%BE%D0%B4-%D1%81%D0%B5%D0%BB-%D0%B2/ HTTP/2.0" 200 13883 "-" "Mozilla/5.0 (Windows NT 10.0; Win64; x64) AppleWebKit/537.36 (KHTML, like Gecko) Chrome/83.0.4103.116 Safari/537.36"
176.193.24.191 - - [19/Jul/2020:07:42:58 +0000] "GET /admin/ HTTP/2.0" 200 2920 "https://baneks.site/admin/jokes/joke/" "Mozilla/5.0 (X11; Linux x86_64) AppleWebKit/537.36 (KHTML, like Gecko) Chrome/81.0.4044.138 Safari/537.36" "-"
176.193.24.191 - - [19/Jul/2020:07:42:58 +0000] "GET /admin/ HTTP/2.0" 200 2920 "https://baneks.site/admin/jokes/joke/" "Mozilla/5.0 (X11; Linux x86_64) AppleWebKit/537.36 (KHTML, like Gecko) Chrome/81.0.4044.138 Safari/537.36"
46.229.168.137 - - [19/Jul/2020:07:43:02 +0000] "GET /%D0%B2-%D0%B4%D0%B5%D1%82%D1%81%D1%82%D0%B2%D0%B5-%D1%8F-%D1%83%D0%B2%D0%BB%D0%B5%D0%BA%D0%B0%D0%BB%D1%81%D1%8F-%D1%84%D0%BE%D1%82%D0%BE%D0%B3%D1%80%D0%B0%D1%84%D0%B8%D0%B5%D0%B9-%D0%BF%D0%BE%D1%82%D0%BE%D0%BC/ HTTP/1.1" 200 12109 "-" "Mozilla/5.0 (compatible; SemrushBot/6~bl; +http://www.semrush.com/bot.html)" "-"
46.229.168.137 - - [19/Jul/2020:07:43:02 +0000] "GET /%D0%B2-%D0%B4%D0%B5%D1%82%D1%81%D1%82%D0%B2%D0%B5-%D1%8F-%D1%83%D0%B2%D0%BB%D0%B5%D0%BA%D0%B0%D0%BB%D1%81%D1%8F-%D1%84%D0%BE%D1%82%D0%BE%D0%B3%D1%80%D0%B0%D1%84%D0%B8%D0%B5%D0%B9-%D0%BF%D0%BE%D1%82%D0%BE%D0%BC/ HTTP/1.1" 200 12109 "-" "Mozilla/5.0 (compatible; SemrushBot/6~bl; +http://www.semrush.com/bot.html)"
62.210.188.218 - - [19/Jul/2020:07:43:05 +0000] "GET /tag/%D0%B2%D1%80%D0%B0%D1%87 HTTP/1.1" 301 0 "-" "Mozilla/5.0 (compatible; Barkrowler/0.9; +https://babbar.tech/crawler)" "-"
62.210.188.218 - - [19/Jul/2020:07:43:05 +0000] "GET /tag/%D0%B2%D1%80%D0%B0%D1%87 HTTP/1.1" 301 0 "-" "Mozilla/5.0 (compatible; Barkrowler/0.9; +https://babbar.tech/crawler)"
62.210.188.218 - - [19/Jul/2020:07:43:06 +0000] "GET /tag/%D0%B2%D1%80%D0%B0%D1%87/ HTTP/1.1" 200 11289 "-" "Mozilla/5.0 (compatible; Barkrowler/0.9; +https://babbar.tech/crawler)" "-"
62.210.188.218 - - [19/Jul/2020:07:43:06 +0000] "GET /tag/%D0%B2%D1%80%D0%B0%D1%87/ HTTP/1.1" 200 11289 "-" "Mozilla/5.0 (compatible; Barkrowler/0.9; +https://babbar.tech/crawler)"
62.210.188.218 - - [19/Jul/2020:07:43:06 +0000] "GET /tag/%D0%B2%D1%80%D0%B0%D1%87 HTTP/1.1" 301 0 "-" "Mozilla/5.0 (compatible; Barkrowler/0.9; +https://babbar.tech/crawler)" "-"
62.210.188.218 - - [19/Jul/2020:07:43:06 +0000] "GET /tag/%D0%B2%D1%80%D0%B0%D1%87 HTTP/1.1" 301 0 "-" "Mozilla/5.0 (compatible; Barkrowler/0.9; +https://babbar.tech/crawler)"
176.193.24.191 - - [19/Jul/2020:07:43:22 +0000] "POST /admin/jokes/scrape/ HTTP/2.0" 302 0 "https://baneks.site/admin/" "Mozilla/5.0 (X11; Linux x86_64) AppleWebKit/537.36 (KHTML, like Gecko) Chrome/81.0.4044.138 Safari/537.36" "-"
176.193.24.191 - - [19/Jul/2020:07:43:22 +0000] "POST /admin/jokes/scrape/ HTTP/2.0" 302 0 "https://baneks.site/admin/" "Mozilla/5.0 (X11; Linux x86_64) AppleWebKit/537.36 (KHTML, like Gecko) Chrome/81.0.4044.138 Safari/537.36"
176.193.24.191 - - [19/Jul/2020:07:43:22 +0000] "GET /admin/ HTTP/2.0" 200 2958 "https://baneks.site/admin/" "Mozilla/5.0 (X11; Linux x86_64) AppleWebKit/537.36 (KHTML, like Gecko) Chrome/81.0.4044.138 Safari/537.36" "-"
176.193.24.191 - - [19/Jul/2020:07:43:22 +0000] "GET /admin/ HTTP/2.0" 200 2958 "https://baneks.site/admin/" "Mozilla/5.0 (X11; Linux x86_64) AppleWebKit/537.36 (KHTML, like Gecko) Chrome/81.0.4044.138 Safari/537.36"
114.119.163.44 - - [19/Jul/2020:07:43:31 +0000] "GET /%D0%BF%D0%B0%D1%80%D0%B5%D0%BD%D1%8C-%D0%BA%D0%B0%D0%B6%D0%B4%D1%8B%D0%B9-%D0%B4%D0%B5%D0%BD%D1%8C-%D0%BF%D0%B5%D1%80%D0%B5%D0%B4-%D1%81%D0%BD%D0%BE%D0%BC-%D0%BF%D0%B8%D1%81%D0%B0%D0%BB-%D1%81%D0%B2%D0%BE%D0%B5%D0%B9-%D0%BB%D1%8E%D0%B1%D0%B8%D0%BC%D0%BE%D0%B9-?p=5 HTTP/1.1" 301 0 "-" "Mozilla/5.0 (Linux; Android 7.0;) AppleWebKit/537.36 (KHTML, like Gecko) Mobile Safari/537.36 (compatible; PetalBot;+https://aspiegel.com/petalbot)" "-"
114.119.163.44 - - [19/Jul/2020:07:43:31 +0000] "GET /%D0%BF%D0%B0%D1%80%D0%B5%D0%BD%D1%8C-%D0%BA%D0%B0%D0%B6%D0%B4%D1%8B%D0%B9-%D0%B4%D0%B5%D0%BD%D1%8C-%D0%BF%D0%B5%D1%80%D0%B5%D0%B4-%D1%81%D0%BD%D0%BE%D0%BC-%D0%BF%D0%B8%D1%81%D0%B0%D0%BB-%D1%81%D0%B2%D0%BE%D0%B5%D0%B9-%D0%BB%D1%8E%D0%B1%D0%B8%D0%BC%D0%BE%D0%B9-?p=5 HTTP/1.1" 301 0 "-" "Mozilla/5.0 (Linux; Android 7.0;) AppleWebKit/537.36 (KHTML, like Gecko) Mobile Safari/537.36 (compatible; PetalBot;+https://aspiegel.com/petalbot)"
176.193.24.191 - - [19/Jul/2020:07:43:32 +0000] "GET /admin/jokes/joke/ HTTP/2.0" 200 8419 "https://baneks.site/admin/" "Mozilla/5.0 (X11; Linux x86_64) AppleWebKit/537.36 (KHTML, like Gecko) Chrome/81.0.4044.138 Safari/537.36" "-"
176.193.24.191 - - [19/Jul/2020:07:43:32 +0000] "GET /admin/jokes/joke/ HTTP/2.0" 200 8419 "https://baneks.site/admin/" "Mozilla/5.0 (X11; Linux x86_64) AppleWebKit/537.36 (KHTML, like Gecko) Chrome/81.0.4044.138 Safari/537.36"
114.119.163.44 - - [19/Jul/2020:07:43:32 +0000] "GET /%D0%BF%D0%B0%D1%80%D0%B5%D0%BD%D1%8C-%D0%BA%D0%B0%D0%B6%D0%B4%D1%8B%D0%B9-%D0%B4%D0%B5%D0%BD%D1%8C-%D0%BF%D0%B5%D1%80%D0%B5%D0%B4-%D1%81%D0%BD%D0%BE%D0%BC-%D0%BF%D0%B8%D1%81%D0%B0%D0%BB-%D1%81%D0%B2%D0%BE%D0%B5%D0%B9-%D0%BB%D1%8E%D0%B1%D0%B8%D0%BC%D0%BE%D0%B9-/?p=5 HTTP/1.1" 200 13552 "-" "Mozilla/5.0 (Linux; Android 7.0;) AppleWebKit/537.36 (KHTML, like Gecko) Mobile Safari/537.36 (compatible; PetalBot;+https://aspiegel.com/petalbot)" "-"
114.119.163.44 - - [19/Jul/2020:07:43:32 +0000] "GET /%D0%BF%D0%B0%D1%80%D0%B5%D0%BD%D1%8C-%D0%BA%D0%B0%D0%B6%D0%B4%D1%8B%D0%B9-%D0%B4%D0%B5%D0%BD%D1%8C-%D0%BF%D0%B5%D1%80%D0%B5%D0%B4-%D1%81%D0%BD%D0%BE%D0%BC-%D0%BF%D0%B8%D1%81%D0%B0%D0%BB-%D1%81%D0%B2%D0%BE%D0%B5%D0%B9-%D0%BB%D1%8E%D0%B1%D0%B8%D0%BC%D0%BE%D0%B9-/?p=5 HTTP/1.1" 200 13552 "-" "Mozilla/5.0 (Linux; Android 7.0;) AppleWebKit/537.36 (KHTML, like Gecko) Mobile Safari/537.36 (compatible; PetalBot;+https://aspiegel.com/petalbot)"
31.132.176.11 - - [19/Jul/2020:07:43:39 +0000] "GET /%D1%83-%D0%BC%D1%83%D0%B6%D0%B8%D0%BA%D0%B0-%D0%B1%D1%8B%D0%BB%D0%B0-%D1%84%D0%B0%D0%BC%D0%B8%D0%BB%D0%B8%D1%8F-%D0%9F%D0%B5%D1%80%D0%B4%D1%83%D0%BD%D0%BE%D0%B2-%D1%80%D0%B5%D1%88%D0%B8%D0%BB-%D0%BF%D0%BE%D0%BC%D0%B5%D0%BD%D1%8F%D1%82%D1%8C/?p=2 HTTP/2.0" 200 13950 "https://www.google.ru/" "Mozilla/5.0 (iPhone; CPU iPhone OS 13_5_1 like Mac OS X) AppleWebKit/605.1.15 (KHTML, like Gecko) Version/13.1.1 Mobile/15E148 Safari/604.1" "-"
31.132.176.11 - - [19/Jul/2020:07:43:39 +0000] "GET /%D1%83-%D0%BC%D1%83%D0%B6%D0%B8%D0%BA%D0%B0-%D0%B1%D1%8B%D0%BB%D0%B0-%D1%84%D0%B0%D0%BC%D0%B8%D0%BB%D0%B8%D1%8F-%D0%9F%D0%B5%D1%80%D0%B4%D1%83%D0%BD%D0%BE%D0%B2-%D1%80%D0%B5%D1%88%D0%B8%D0%BB-%D0%BF%D0%BE%D0%BC%D0%B5%D0%BD%D1%8F%D1%82%D1%8C/?p=2 HTTP/2.0" 200 13950 "https://www.google.ru/" "Mozilla/5.0 (iPhone; CPU iPhone OS 13_5_1 like Mac OS X) AppleWebKit/605.1.15 (KHTML, like Gecko) Version/13.1.1 Mobile/15E148 Safari/604.1"
31.132.176.11 - - [19/Jul/2020:07:43:40 +0000] "GET /%D1%83-%D0%BC%D1%83%D0%B6%D0%B8%D0%BA%D0%B0-%D0%B1%D1%8B%D0%BB%D0%B0-%D1%84%D0%B0%D0%BC%D0%B8%D0%BB%D0%B8%D1%8F-%D0%9F%D0%B5%D1%80%D0%B4%D1%83%D0%BD%D0%BE%D0%B2-%D1%80%D0%B5%D1%88%D0%B8%D0%BB-%D0%BF%D0%BE%D0%BC%D0%B5%D0%BD%D1%8F%D1%82%D1%8C/?p=2 HTTP/2.0" 200 13465 "https://baneks.site/%D1%83-%D0%BC%D1%83%D0%B6%D0%B8%D0%BA%D0%B0-%D0%B1%D1%8B%D0%BB%D0%B0-%D1%84%D0%B0%D0%BC%D0%B8%D0%BB%D0%B8%D1%8F-%D0%9F%D0%B5%D1%80%D0%B4%D1%83%D0%BD%D0%BE%D0%B2-%D1%80%D0%B5%D1%88%D0%B8%D0%BB-%D0%BF%D0%BE%D0%BC%D0%B5%D0%BD%D1%8F%D1%82%D1%8C/?p=2" "Mozilla/5.0 (iPhone; CPU iPhone OS 13_5_1 like Mac OS X) AppleWebKit/605.1.15 (KHTML, like Gecko) Version/13.1.1 Mobile/15E148 Safari/604.1" "-"
31.132.176.11 - - [19/Jul/2020:07:43:40 +0000] "GET /%D1%83-%D0%BC%D1%83%D0%B6%D0%B8%D0%BA%D0%B0-%D0%B1%D1%8B%D0%BB%D0%B0-%D1%84%D0%B0%D0%BC%D0%B8%D0%BB%D0%B8%D1%8F-%D0%9F%D0%B5%D1%80%D0%B4%D1%83%D0%BD%D0%BE%D0%B2-%D1%80%D0%B5%D1%88%D0%B8%D0%BB-%D0%BF%D0%BE%D0%BC%D0%B5%D0%BD%D1%8F%D1%82%D1%8C/?p=2 HTTP/2.0" 200 13465 "https://baneks.site/%D1%83-%D0%BC%D1%83%D0%B6%D0%B8%D0%BA%D0%B0-%D0%B1%D1%8B%D0%BB%D0%B0-%D1%84%D0%B0%D0%BC%D0%B8%D0%BB%D0%B8%D1%8F-%D0%9F%D0%B5%D1%80%D0%B4%D1%83%D0%BD%D0%BE%D0%B2-%D1%80%D0%B5%D1%88%D0%B8%D0%BB-%D0%BF%D0%BE%D0%BC%D0%B5%D0%BD%D1%8F%D1%82%D1%8C/?p=2" "Mozilla/5.0 (iPhone; CPU iPhone OS 13_5_1 like Mac OS X) AppleWebKit/605.1.15 (KHTML, like Gecko) Version/13.1.1 Mobile/15E148 Safari/604.1"
176.193.24.191 - - [19/Jul/2020:07:43:40 +0000] "GET /admin/jokes/joke/?p=1 HTTP/2.0" 200 9134 "https://baneks.site/admin/jokes/joke/" "Mozilla/5.0 (X11; Linux x86_64) AppleWebKit/537.36 (KHTML, like Gecko) Chrome/81.0.4044.138 Safari/537.36" "-"
176.193.24.191 - - [19/Jul/2020:07:43:40 +0000] "GET /admin/jokes/joke/?p=1 HTTP/2.0" 200 9134 "https://baneks.site/admin/jokes/joke/" "Mozilla/5.0 (X11; Linux x86_64) AppleWebKit/537.36 (KHTML, like Gecko) Chrome/81.0.4044.138 Safari/537.36"
176.193.24.191 - - [19/Jul/2020:07:43:51 +0000] "GET /admin/jokes/joke/?p=0 HTTP/2.0" 200 8418 "https://baneks.site/admin/jokes/joke/?p=1" "Mozilla/5.0 (X11; Linux x86_64) AppleWebKit/537.36 (KHTML, like Gecko) Chrome/81.0.4044.138 Safari/537.36" "-"
176.193.24.191 - - [19/Jul/2020:07:43:51 +0000] "GET /admin/jokes/joke/?p=0 HTTP/2.0" 200 8418 "https://baneks.site/admin/jokes/joke/?p=1" "Mozilla/5.0 (X11; Linux x86_64) AppleWebKit/537.36 (KHTML, like Gecko) Chrome/81.0.4044.138 Safari/537.36"
46.229.168.142 - - [19/Jul/2020:07:43:55 +0000] "GET /%D0%BF%D0%BE%D0%BF%D0%B0%D0%BB%D0%B8-%D0%BA%D0%B0%D0%BA%D1%82%D0%BE-%D0%B2-%D0%BF%D0%BB%D0%B5%D0%BD-%D0%BA-%D1%82%D1%83%D0%B7%D0%B5%D0%BC%D1%86%D0%B0%D0%BC-%D0%B0%D0%BD%D0%B3%D0%BB%D0%B8%D1%87%D0%B0%D0%BD%D0%B8%D0%BD-%D0%B8%D1%80%D0%BB%D0%B0%D0%BD%D0%B4%D0%B5%D1%86/ HTTP/1.1" 200 15493 "-" "Mozilla/5.0 (compatible; SemrushBot/6~bl; +http://www.semrush.com/bot.html)" "-"
46.229.168.142 - - [19/Jul/2020:07:43:55 +0000] "GET /%D0%BF%D0%BE%D0%BF%D0%B0%D0%BB%D0%B8-%D0%BA%D0%B0%D0%BA%D1%82%D0%BE-%D0%B2-%D0%BF%D0%BB%D0%B5%D0%BD-%D0%BA-%D1%82%D1%83%D0%B7%D0%B5%D0%BC%D1%86%D0%B0%D0%BC-%D0%B0%D0%BD%D0%B3%D0%BB%D0%B8%D1%87%D0%B0%D0%BD%D0%B8%D0%BD-%D0%B8%D1%80%D0%BB%D0%B0%D0%BD%D0%B4%D0%B5%D1%86/ HTTP/1.1" 200 15493 "-" "Mozilla/5.0 (compatible; SemrushBot/6~bl; +http://www.semrush.com/bot.html)"
157.55.39.147 - - [19/Jul/2020:07:44:04 +0000] "GET /%D0%BA%D0%BE%D0%BD%D1%84%D0%B5%D1%80%D0%B0%D0%BD%D1%81%D1%8C%D0%B5-%D0%B2%D1%8B%D1%85%D0%BE%D0%B4%D0%B8%D1%82-%D0%BD%D0%B0-%D1%81%D1%86%D0%B5%D0%BD%D1%83/?p=3 HTTP/1.1" 200 8697 "-" "Mozilla/5.0 (compatible; bingbot/2.0; +http://www.bing.com/bingbot.htm)" "-"
157.55.39.147 - - [19/Jul/2020:07:44:04 +0000] "GET /%D0%BA%D0%BE%D0%BD%D1%84%D0%B5%D1%80%D0%B0%D0%BD%D1%81%D1%8C%D0%B5-%D0%B2%D1%8B%D1%85%D0%BE%D0%B4%D0%B8%D1%82-%D0%BD%D0%B0-%D1%81%D1%86%D0%B5%D0%BD%D1%83/?p=3 HTTP/1.1" 200 8697 "-" "Mozilla/5.0 (compatible; bingbot/2.0; +http://www.bing.com/bingbot.htm)"
46.188.124.121 - - [19/Jul/2020:07:44:09 +0000] "GET /%D0%BC%D0%BE%D1%85-%D0%BF%D0%BE%D0%BC%D0%BE%D0%B3-%D0%B3%D1%80%D1%83%D0%BF%D0%BF%D0%B5-%D0%B3%D1%80%D0%B8%D0%B1%D0%BD%D0%B8%D0%BA%D0%BE%D0%B2-%D0%BD%D0%B5-%D0%BF%D0%BE%D1%82%D0%B5%D1%80%D1%8F%D1%82%D1%8C%D1%81%D1%8F-%D0%B2-%D0%BB%D0%B5%D1%81%D1%83/?p=2 HTTP/2.0" 200 12876 "https://www.google.com/" "Mozilla/5.0 (Windows NT 10.0; Win64; x64) AppleWebKit/537.36 (KHTML, like Gecko) Chrome/83.0.4103.116 Safari/537.36" "-"
46.188.124.121 - - [19/Jul/2020:07:44:09 +0000] "GET /%D0%BC%D0%BE%D1%85-%D0%BF%D0%BE%D0%BC%D0%BE%D0%B3-%D0%B3%D1%80%D1%83%D0%BF%D0%BF%D0%B5-%D0%B3%D1%80%D0%B8%D0%B1%D0%BD%D0%B8%D0%BA%D0%BE%D0%B2-%D0%BD%D0%B5-%D0%BF%D0%BE%D1%82%D0%B5%D1%80%D1%8F%D1%82%D1%8C%D1%81%D1%8F-%D0%B2-%D0%BB%D0%B5%D1%81%D1%83/?p=2 HTTP/2.0" 200 12876 "https://www.google.com/" "Mozilla/5.0 (Windows NT 10.0; Win64; x64) AppleWebKit/537.36 (KHTML, like Gecko) Chrome/83.0.4103.116 Safari/537.36"
46.229.168.130 - - [19/Jul/2020:07:44:10 +0000] "GET /-%D1%82%D1%8B-%D0%BA%D0%BE%D0%B3%D0%B4%D0%B0-%D0%BF%D0%BE%D1%86%D0%B5%D0%BB%D0%BE%D0%B2%D0%B0%D0%BB%D1%81%D1%8F-%D0%B2-%D0%BF%D0%B5%D1%80%D0%B2%D1%8B%D0%B9-%D1%80%D0%B0%D0%B7-%D0%B2-%D0%B4%D0%B5%D1%81%D1%8F%D1%82%D1%8C-%D0%BB%D0%B5%D1%82/?p=2 HTTP/1.1" 200 9664 "-" "Mozilla/5.0 (compatible; SemrushBot/6~bl; +http://www.semrush.com/bot.html)" "-"
46.229.168.130 - - [19/Jul/2020:07:44:10 +0000] "GET /-%D1%82%D1%8B-%D0%BA%D0%BE%D0%B3%D0%B4%D0%B0-%D0%BF%D0%BE%D1%86%D0%B5%D0%BB%D0%BE%D0%B2%D0%B0%D0%BB%D1%81%D1%8F-%D0%B2-%D0%BF%D0%B5%D1%80%D0%B2%D1%8B%D0%B9-%D1%80%D0%B0%D0%B7-%D0%B2-%D0%B4%D0%B5%D1%81%D1%8F%D1%82%D1%8C-%D0%BB%D0%B5%D1%82/?p=2 HTTP/1.1" 200 9664 "-" "Mozilla/5.0 (compatible; SemrushBot/6~bl; +http://www.semrush.com/bot.html)"
62.210.188.218 - - [19/Jul/2020:07:44:13 +0000] "GET /tag/%D0%B6%D0%B5%D0%BD%D0%B0/ HTTP/1.1" 200 11259 "-" "Mozilla/5.0 (compatible; Barkrowler/0.9; +https://babbar.tech/crawler)" "-"
62.210.188.218 - - [19/Jul/2020:07:44:13 +0000] "GET /tag/%D0%B6%D0%B5%D0%BD%D0%B0/ HTTP/1.1" 200 11259 "-" "Mozilla/5.0 (compatible; Barkrowler/0.9; +https://babbar.tech/crawler)"
46.188.124.121 - - [19/Jul/2020:07:44:15 +0000] "GET /%D0%BC%D0%BE%D1%85-%D0%BF%D0%BE%D0%BC%D0%BE%D0%B3-%D0%B3%D1%80%D1%83%D0%BF%D0%BF%D0%B5-%D0%B3%D1%80%D0%B8%D0%B1%D0%BD%D0%B8%D0%BA%D0%BE%D0%B2-%D0%BD%D0%B5-%D0%BF%D0%BE%D1%82%D0%B5%D1%80%D1%8F%D1%82%D1%8C%D1%81%D1%8F-%D0%B2-%D0%BB%D0%B5%D1%81%D1%83/?p=2 HTTP/2.0" 200 12876 "https://baneks.site/%D0%BC%D0%BE%D1%85-%D0%BF%D0%BE%D0%BC%D0%BE%D0%B3-%D0%B3%D1%80%D1%83%D0%BF%D0%BF%D0%B5-%D0%B3%D1%80%D0%B8%D0%B1%D0%BD%D0%B8%D0%BA%D0%BE%D0%B2-%D0%BD%D0%B5-%D0%BF%D0%BE%D1%82%D0%B5%D1%80%D1%8F%D1%82%D1%8C%D1%81%D1%8F-%D0%B2-%D0%BB%D0%B5%D1%81%D1%83/?p=2" "Mozilla/5.0 (Windows NT 10.0; Win64; x64) AppleWebKit/537.36 (KHTML, like Gecko) Chrome/83.0.4103.116 Safari/537.36" "-"
46.188.124.121 - - [19/Jul/2020:07:44:15 +0000] "GET /%D0%BC%D0%BE%D1%85-%D0%BF%D0%BE%D0%BC%D0%BE%D0%B3-%D0%B3%D1%80%D1%83%D0%BF%D0%BF%D0%B5-%D0%B3%D1%80%D0%B8%D0%B1%D0%BD%D0%B8%D0%BA%D0%BE%D0%B2-%D0%BD%D0%B5-%D0%BF%D0%BE%D1%82%D0%B5%D1%80%D1%8F%D1%82%D1%8C%D1%81%D1%8F-%D0%B2-%D0%BB%D0%B5%D1%81%D1%83/?p=2 HTTP/2.0" 200 12876 "https://baneks.site/%D0%BC%D0%BE%D1%85-%D0%BF%D0%BE%D0%BC%D0%BE%D0%B3-%D0%B3%D1%80%D1%83%D0%BF%D0%BF%D0%B5-%D0%B3%D1%80%D0%B8%D0%B1%D0%BD%D0%B8%D0%BA%D0%BE%D0%B2-%D0%BD%D0%B5-%D0%BF%D0%BE%D1%82%D0%B5%D1%80%D1%8F%D1%82%D1%8C%D1%81%D1%8F-%D0%B2-%D0%BB%D0%B5%D1%81%D1%83/?p=2" "Mozilla/5.0 (Windows NT 10.0; Win64; x64) AppleWebKit/537.36 (KHTML, like Gecko) Chrome/83.0.4103.116 Safari/537.36"
46.229.168.162 - - [19/Jul/2020:07:44:21 +0000] "GET /%D1%83%D1%87%D0%B8%D1%82%D0%B5%D0%BB%D1%8C%D0%BD%D0%B8%D1%86%D0%B0-%D0%B2-%D1%88%D0%BA%D0%BE%D0%BB%D0%B5-%D0%BD%D0%B0-%D1%83%D1%80%D0%BE%D0%BA%D0%B5-%D1%80%D1%83%D1%81%D1%81%D0%BA%D0%BE%D0%B3%D0%BE/ HTTP/1.1" 200 13312 "-" "Mozilla/5.0 (compatible; SemrushBot/6~bl; +http://www.semrush.com/bot.html)" "-"
46.229.168.162 - - [19/Jul/2020:07:44:21 +0000] "GET /%D1%83%D1%87%D0%B8%D1%82%D0%B5%D0%BB%D1%8C%D0%BD%D0%B8%D1%86%D0%B0-%D0%B2-%D1%88%D0%BA%D0%BE%D0%BB%D0%B5-%D0%BD%D0%B0-%D1%83%D1%80%D0%BE%D0%BA%D0%B5-%D1%80%D1%83%D1%81%D1%81%D0%BA%D0%BE%D0%B3%D0%BE/ HTTP/1.1" 200 13312 "-" "Mozilla/5.0 (compatible; SemrushBot/6~bl; +http://www.semrush.com/bot.html)"
176.193.24.191 - - [19/Jul/2020:07:44:22 +0000] "GET /admin/jokes/joke/25780/change/?_changelist_filters=p%3D0 HTTP/2.0" 200 12518 "https://baneks.site/admin/jokes/joke/?p=0" "Mozilla/5.0 (X11; Linux x86_64) AppleWebKit/537.36 (KHTML, like Gecko) Chrome/81.0.4044.138 Safari/537.36" "-"
176.193.24.191 - - [19/Jul/2020:07:44:22 +0000] "GET /admin/jokes/joke/25780/change/?_changelist_filters=p%3D0 HTTP/2.0" 200 12518 "https://baneks.site/admin/jokes/joke/?p=0" "Mozilla/5.0 (X11; Linux x86_64) AppleWebKit/537.36 (KHTML, like Gecko) Chrome/81.0.4044.138 Safari/537.36"
66.249.68.36 - - [19/Jul/2020:07:44:22 +0000] "GET /%D0%B0%D0%BD%D0%B5%D0%BA%D0%B8-%D0%BF%D1%80%D0%BE-%D0%BF%D0%B8%D0%B0%D0%BD%D0%B8%D1%81%D1%82%D0%BE%D0%B2/ HTTP/1.1" 200 13417 "-" "Mozilla/5.0 (compatible; Googlebot/2.1; +http://www.google.com/bot.html)" "-"
66.249.68.36 - - [19/Jul/2020:07:44:22 +0000] "GET /%D0%B0%D0%BD%D0%B5%D0%BA%D0%B8-%D0%BF%D1%80%D0%BE-%D0%BF%D0%B8%D0%B0%D0%BD%D0%B8%D1%81%D1%82%D0%BE%D0%B2/ HTTP/1.1" 200 13417 "-" "Mozilla/5.0 (compatible; Googlebot/2.1; +http://www.google.com/bot.html)"
46.229.168.143 - - [19/Jul/2020:07:44:33 +0000] "GET /%D0%B4%D0%B2%D0%B0-%D0%BD%D0%B5%D0%B3%D1%80%D0%B0-%D1%80%D0%B0%D0%B7%D0%B3%D0%BE%D0%B2%D0%B0%D1%80%D0%B8%D0%B2%D0%B0%D1%8E%D1%82-%D0%B2-%D0%B1%D0%B0%D1%80%D0%B5-%D1%82%D1%8B-%D0%BD%D0%B5-%D0%B7%D0%B0%D0%BC%D0%B5%D1%87%D0%B0%D0%BB/?p=1 HTTP/1.1" 200 13480 "-" "Mozilla/5.0 (compatible; SemrushBot/6~bl; +http://www.semrush.com/bot.html)" "-"
46.229.168.143 - - [19/Jul/2020:07:44:33 +0000] "GET /%D0%B4%D0%B2%D0%B0-%D0%BD%D0%B5%D0%B3%D1%80%D0%B0-%D1%80%D0%B0%D0%B7%D0%B3%D0%BE%D0%B2%D0%B0%D1%80%D0%B8%D0%B2%D0%B0%D1%8E%D1%82-%D0%B2-%D0%B1%D0%B0%D1%80%D0%B5-%D1%82%D1%8B-%D0%BD%D0%B5-%D0%B7%D0%B0%D0%BC%D0%B5%D1%87%D0%B0%D0%BB/?p=1 HTTP/1.1" 200 13480 "-" "Mozilla/5.0 (compatible; SemrushBot/6~bl; +http://www.semrush.com/bot.html)"
46.229.168.148 - - [19/Jul/2020:07:44:49 +0000] "GET /%D0%98%D0%B2%D0%B0%D0%BD-%D0%B4%D1%83%D1%80%D0%B0%D0%BA-%D1%82%D1%8B-%D0%BA%D1%83%D0%B4%D0%B0-%D0%B2-%D1%87%D0%B8%D1%81%D1%82%D0%BE-%D0%BF%D0%BE%D0%BB%D0%B5-%D0%BF%D1%83%D1%89%D1%83-%D1%81%D1%82%D1%80%D0%B5%D0%BB%D1%83/?p=3 HTTP/1.1" 200 9201 "-" "Mozilla/5.0 (compatible; SemrushBot/6~bl; +http://www.semrush.com/bot.html)" "-"
46.229.168.148 - - [19/Jul/2020:07:44:49 +0000] "GET /%D0%98%D0%B2%D0%B0%D0%BD-%D0%B4%D1%83%D1%80%D0%B0%D0%BA-%D1%82%D1%8B-%D0%BA%D1%83%D0%B4%D0%B0-%D0%B2-%D1%87%D0%B8%D1%81%D1%82%D0%BE-%D0%BF%D0%BE%D0%BB%D0%B5-%D0%BF%D1%83%D1%89%D1%83-%D1%81%D1%82%D1%80%D0%B5%D0%BB%D1%83/?p=3 HTTP/1.1" 200 9201 "-" "Mozilla/5.0 (compatible; SemrushBot/6~bl; +http://www.semrush.com/bot.html)"
46.229.168.148 - - [19/Jul/2020:07:45:13 +0000] "GET /-%D0%9D%D0%B0%D1%81%D1%82%D1%8C-%D0%B0-%D1%82%D1%8B-%D1%81%D0%BB%D1%8B%D1%88%D0%B0%D0%BB%D0%B0-%D0%BF%D1%80%D0%BE-%D0%BA%D0%BB%D0%BE%D1%83%D0%BD%D0%B0-%D0%B2%D0%BE%D0%B7%D0%BB%D0%B5-%D0%BC%D0%B0%D0%BA%D0%B4%D0%BE%D0%BD%D0%B0%D0%BB%D0%B4%D1%81%D0%B0/?p=1 HTTP/1.1" 200 12760 "-" "Mozilla/5.0 (compatible; SemrushBot/6~bl; +http://www.semrush.com/bot.html)" "-"
46.229.168.148 - - [19/Jul/2020:07:45:13 +0000] "GET /-%D0%9D%D0%B0%D1%81%D1%82%D1%8C-%D0%B0-%D1%82%D1%8B-%D1%81%D0%BB%D1%8B%D1%88%D0%B0%D0%BB%D0%B0-%D0%BF%D1%80%D0%BE-%D0%BA%D0%BB%D0%BE%D1%83%D0%BD%D0%B0-%D0%B2%D0%BE%D0%B7%D0%BB%D0%B5-%D0%BC%D0%B0%D0%BA%D0%B4%D0%BE%D0%BD%D0%B0%D0%BB%D0%B4%D1%81%D0%B0/?p=1 HTTP/1.1" 200 12760 "-" "Mozilla/5.0 (compatible; SemrushBot/6~bl; +http://www.semrush.com/bot.html)"
83.234.123.14 - - [19/Jul/2020:07:45:16 +0000] "GET /%D0%BF%D1%80%D0%B8%D1%88%D0%B5%D0%BB-%D0%B2-%D1%80%D0%B5%D1%81%D1%82%D0%BE%D1%80%D0%B0%D0%BD-%D1%8F%D0%BF%D0%BE%D0%BD%D0%B5%D1%86-%D0%BD%D0%B8-%D1%81%D0%BB%D0%BE%D0%B2%D0%B0-%D0%BF%D0%BE-%D1%80%D1%83%D1%81%D1%81%D0%BA%D0%B8/ HTTP/1.1" 301 162 "http://baneks.site/" "Mozilla/5.0 (Macintosh; Intel Mac OS X 10_6_8) AppleWebKit/535.19 (KHTML, like Gecko) Chrome/18.0.1025.166 Safari/535.19" "-"
83.234.123.14 - - [19/Jul/2020:07:45:16 +0000] "GET /%D0%BF%D1%80%D0%B8%D1%88%D0%B5%D0%BB-%D0%B2-%D1%80%D0%B5%D1%81%D1%82%D0%BE%D1%80%D0%B0%D0%BD-%D1%8F%D0%BF%D0%BE%D0%BD%D0%B5%D1%86-%D0%BD%D0%B8-%D1%81%D0%BB%D0%BE%D0%B2%D0%B0-%D0%BF%D0%BE-%D1%80%D1%83%D1%81%D1%81%D0%BA%D0%B8/ HTTP/1.1" 301 162 "http://baneks.site/" "Mozilla/5.0 (Macintosh; Intel Mac OS X 10_6_8) AppleWebKit/535.19 (KHTML, like Gecko) Chrome/18.0.1025.166 Safari/535.19"
83.234.123.14 - - [19/Jul/2020:07:45:17 +0000] "GET /%D0%BF%D1%80%D0%B8%D1%88%D0%B5%D0%BB-%D0%B2-%D1%80%D0%B5%D1%81%D1%82%D0%BE%D1%80%D0%B0%D0%BD-%D1%8F%D0%BF%D0%BE%D0%BD%D0%B5%D1%86-%D0%BD%D0%B8-%D1%81%D0%BB%D0%BE%D0%B2%D0%B0-%D0%BF%D0%BE-%D1%80%D1%83%D1%81%D1%81%D0%BA%D0%B8/ HTTP/1.1" 200 63919 "http://baneks.site/%D0%BF%D1%80%D0%B8%D1%88%D0%B5%D0%BB-%D0%B2-%D1%80%D0%B5%D1%81%D1%82%D0%BE%D1%80%D0%B0%D0%BD-%D1%8F%D0%BF%D0%BE%D0%BD%D0%B5%D1%86-%D0%BD%D0%B8-%D1%81%D0%BB%D0%BE%D0%B2%D0%B0-%D0%BF%D0%BE-%D1%80%D1%83%D1%81%D1%81%D0%BA%D0%B8/" "Mozilla/5.0 (Macintosh; Intel Mac OS X 10_6_8) AppleWebKit/535.19 (KHTML, like Gecko) Chrome/18.0.1025.166 Safari/535.19" "-"
83.234.123.14 - - [19/Jul/2020:07:45:17 +0000] "GET /%D0%BF%D1%80%D0%B8%D1%88%D0%B5%D0%BB-%D0%B2-%D1%80%D0%B5%D1%81%D1%82%D0%BE%D1%80%D0%B0%D0%BD-%D1%8F%D0%BF%D0%BE%D0%BD%D0%B5%D1%86-%D0%BD%D0%B8-%D1%81%D0%BB%D0%BE%D0%B2%D0%B0-%D0%BF%D0%BE-%D1%80%D1%83%D1%81%D1%81%D0%BA%D0%B8/ HTTP/1.1" 200 63919 "http://baneks.site/%D0%BF%D1%80%D0%B8%D1%88%D0%B5%D0%BB-%D0%B2-%D1%80%D0%B5%D1%81%D1%82%D0%BE%D1%80%D0%B0%D0%BD-%D1%8F%D0%BF%D0%BE%D0%BD%D0%B5%D1%86-%D0%BD%D0%B8-%D1%81%D0%BB%D0%BE%D0%B2%D0%B0-%D0%BF%D0%BE-%D1%80%D1%83%D1%81%D1%81%D0%BA%D0%B8/" "Mozilla/5.0 (Macintosh; Intel Mac OS X 10_6_8) AppleWebKit/535.19 (KHTML, like Gecko) Chrome/18.0.1025.166 Safari/535.19"
62.210.188.218 - - [19/Jul/2020:07:45:19 +0000] "GET /tag/%D0%B1%D0%BE%D0%BC%D0%B6 HTTP/1.1" 301 0 "-" "Mozilla/5.0 (compatible; Barkrowler/0.9; +https://babbar.tech/crawler)" "-"
62.210.188.218 - - [19/Jul/2020:07:45:19 +0000] "GET /tag/%D0%B1%D0%BE%D0%BC%D0%B6 HTTP/1.1" 301 0 "-" "Mozilla/5.0 (compatible; Barkrowler/0.9; +https://babbar.tech/crawler)"
62.210.188.218 - - [19/Jul/2020:07:45:19 +0000] "GET /tag/%D0%B1%D0%BE%D0%BC%D0%B6/ HTTP/1.1" 200 11097 "-" "Mozilla/5.0 (compatible; Barkrowler/0.9; +https://babbar.tech/crawler)" "-"
62.210.188.218 - - [19/Jul/2020:07:45:19 +0000] "GET /tag/%D0%B1%D0%BE%D0%BC%D0%B6/ HTTP/1.1" 200 11097 "-" "Mozilla/5.0 (compatible; Barkrowler/0.9; +https://babbar.tech/crawler)"
62.210.188.218 - - [19/Jul/2020:07:45:19 +0000] "GET /tag/%D0%B1%D0%BE%D0%BC%D0%B6 HTTP/1.1" 301 0 "-" "Mozilla/5.0 (compatible; Barkrowler/0.9; +https://babbar.tech/crawler)" "-"
62.210.188.218 - - [19/Jul/2020:07:45:19 +0000] "GET /tag/%D0%B1%D0%BE%D0%BC%D0%B6 HTTP/1.1" 301 0 "-" "Mozilla/5.0 (compatible; Barkrowler/0.9; +https://babbar.tech/crawler)"
46.229.168.143 - - [19/Jul/2020:07:45:27 +0000] "GET /-%D0%B4%D0%B5%D0%B2%D1%83%D1%88%D0%BA%D0%B0-%D0%B2%D1%8B-%D0%BB%D1%8E%D0%B1%D0%B8%D1%82%D0%B5-%D0%B2%D0%B5%D1%82%D0%B5%D1%80-%D0%BB%D1%8E%D0%B1%D0%BB%D1%8E-%D1%82%D0%BE%D0%B3%D0%B4%D0%B0-%D1%8F/?p=2 HTTP/1.1" 200 12919 "-" "Mozilla/5.0 (compatible; SemrushBot/6~bl; +http://www.semrush.com/bot.html)" "-"
46.229.168.143 - - [19/Jul/2020:07:45:27 +0000] "GET /-%D0%B4%D0%B5%D0%B2%D1%83%D1%88%D0%BA%D0%B0-%D0%B2%D1%8B-%D0%BB%D1%8E%D0%B1%D0%B8%D1%82%D0%B5-%D0%B2%D0%B5%D1%82%D0%B5%D1%80-%D0%BB%D1%8E%D0%B1%D0%BB%D1%8E-%D1%82%D0%BE%D0%B3%D0%B4%D0%B0-%D1%8F/?p=2 HTTP/1.1" 200 12919 "-" "Mozilla/5.0 (compatible; SemrushBot/6~bl; +http://www.semrush.com/bot.html)"
46.229.168.139 - - [19/Jul/2020:07:45:39 +0000] "GET /%D1%88%D0%BA%D0%BE%D0%BB%D0%B0-%D0%BC%D0%BB%D0%B0%D0%B4%D1%88%D0%B8%D0%B5-%D0%BA%D0%BB%D0%B0%D1%81%D1%81%D1%8B-%D1%83%D1%80%D0%BE%D0%BA-%D0%BC%D0%B0%D1%82%D0%B5%D0%BC%D0%B0%D1%82%D0%B8%D0%BA%D0%B8/?p=1 HTTP/1.1" 200 14674 "-" "Mozilla/5.0 (compatible; SemrushBot/6~bl; +http://www.semrush.com/bot.html)" "-"
46.229.168.139 - - [19/Jul/2020:07:45:39 +0000] "GET /%D1%88%D0%BA%D0%BE%D0%BB%D0%B0-%D0%BC%D0%BB%D0%B0%D0%B4%D1%88%D0%B8%D0%B5-%D0%BA%D0%BB%D0%B0%D1%81%D1%81%D1%8B-%D1%83%D1%80%D0%BE%D0%BA-%D0%BC%D0%B0%D1%82%D0%B5%D0%BC%D0%B0%D1%82%D0%B8%D0%BA%D0%B8/?p=1 HTTP/1.1" 200 14674 "-" "Mozilla/5.0 (compatible; SemrushBot/6~bl; +http://www.semrush.com/bot.html)"
194.44.99.49 - - [19/Jul/2020:07:45:43 +0000] "GET /%D0%BD%D0%B0-%D0%B7%D0%B0%D0%BD%D1%8F%D1%82%D0%B8%D1%8F%D1%85-%D0%BF%D0%BE-%D0%B0%D1%80%D1%82%D0%B8%D0%BB%D0%BB%D0%B5%D1%80%D0%B8%D0%B9%D1%81%D0%BA%D0%BE%D0%B9-%D1%81%D1%82%D1%80%D0%B5%D0%BB%D1%8C%D0%B1%D0%B5/ HTTP/2.0" 200 12998 "https://baneks.site/%D0%BD%D0%B0-%D0%B7%D0%B0%D0%BD%D1%8F%D1%82%D0%B8%D1%8F%D1%85-%D0%BF%D0%BE-%D0%B0%D1%80%D1%82%D0%B8%D0%BB%D0%BB%D0%B5%D1%80%D0%B8%D0%B9%D1%81%D0%BA%D0%BE%D0%B9-%D1%81%D1%82%D1%80%D0%B5%D0%BB%D1%8C%D0%B1%D0%B5/" "Mozilla/5.0 (Linux; Android 7.1.2; Redmi 4A) AppleWebKit/537.36 (KHTML, like Gecko) Chrome/83.0.4103.106 Mobile Safari/537.36" "-"
194.44.99.49 - - [19/Jul/2020:07:45:43 +0000] "GET /%D0%BD%D0%B0-%D0%B7%D0%B0%D0%BD%D1%8F%D1%82%D0%B8%D1%8F%D1%85-%D0%BF%D0%BE-%D0%B0%D1%80%D1%82%D0%B8%D0%BB%D0%BB%D0%B5%D1%80%D0%B8%D0%B9%D1%81%D0%BA%D0%BE%D0%B9-%D1%81%D1%82%D1%80%D0%B5%D0%BB%D1%8C%D0%B1%D0%B5/ HTTP/2.0" 200 12998 "https://baneks.site/%D0%BD%D0%B0-%D0%B7%D0%B0%D0%BD%D1%8F%D1%82%D0%B8%D1%8F%D1%85-%D0%BF%D0%BE-%D0%B0%D1%80%D1%82%D0%B8%D0%BB%D0%BB%D0%B5%D1%80%D0%B8%D0%B9%D1%81%D0%BA%D0%BE%D0%B9-%D1%81%D1%82%D1%80%D0%B5%D0%BB%D1%8C%D0%B1%D0%B5/" "Mozilla/5.0 (Linux; Android 7.1.2; Redmi 4A) AppleWebKit/537.36 (KHTML, like Gecko) Chrome/83.0.4103.106 Mobile Safari/537.36"
176.193.24.191 - - [19/Jul/2020:07:45:57 +0000] "POST /admin/jokes/joke/25780/change/?_changelist_filters=p%3D0 HTTP/2.0" 302 0 "https://baneks.site/admin/jokes/joke/25780/change/?_changelist_filters=p%3D0" "Mozilla/5.0 (X11; Linux x86_64) AppleWebKit/537.36 (KHTML, like Gecko) Chrome/81.0.4044.138 Safari/537.36" "-"
176.193.24.191 - - [19/Jul/2020:07:45:57 +0000] "POST /admin/jokes/joke/25780/change/?_changelist_filters=p%3D0 HTTP/2.0" 302 0 "https://baneks.site/admin/jokes/joke/25780/change/?_changelist_filters=p%3D0" "Mozilla/5.0 (X11; Linux x86_64) AppleWebKit/537.36 (KHTML, like Gecko) Chrome/81.0.4044.138 Safari/537.36"
176.193.24.191 - - [19/Jul/2020:07:45:58 +0000] "GET /admin/jokes/joke/25781/change/ HTTP/2.0" 200 7807 "https://baneks.site/admin/jokes/joke/25780/change/?_changelist_filters=p%3D0" "Mozilla/5.0 (X11; Linux x86_64) AppleWebKit/537.36 (KHTML, like Gecko) Chrome/81.0.4044.138 Safari/537.36" "-"
176.193.24.191 - - [19/Jul/2020:07:45:58 +0000] "GET /admin/jokes/joke/25781/change/ HTTP/2.0" 200 7807 "https://baneks.site/admin/jokes/joke/25780/change/?_changelist_filters=p%3D0" "Mozilla/5.0 (X11; Linux x86_64) AppleWebKit/537.36 (KHTML, like Gecko) Chrome/81.0.4044.138 Safari/537.36"
213.87.160.217 - - [19/Jul/2020:07:46:00 +0000] "GET /%D0%B7%D0%B0%D1%85%D0%BE%D0%B4%D0%B8%D1%82-%D0%BC%D1%83%D0%B6%D0%B8%D0%BA-%D0%B2-%D0%B3%D1%80%D1%83%D0%B7%D0%B8%D0%BD%D1%81%D0%BA%D0%B8%D0%B9-%D1%80%D0%B5%D1%81%D1%82%D0%BE%D1%80%D0%B0%D0%BD-%D0%BF%D1%80%D0%BE%D1%81%D0%BC%D0%BE%D1%82%D1%80%D0%B5%D0%BB/ HTTP/2.0" 200 13242 "https://www.google.ru/" "Mozilla/5.0 (iPhone; CPU iPhone OS 13_5_1 like Mac OS X) AppleWebKit/605.1.15 (KHTML, like Gecko) Version/13.1.1 Mobile/15E148 Safari/604.1" "-"
