37.204.166.22 - - [19/Jul/2020:07:50:07 +0000] "GET /%D1%81%D1%82%D0%B0%D1%80%D1%8B%D0%B9-%D0%BA%D0%BE%D0%BD%D1%83%D0%BD%D0%B3-%D0%BA%D0%BE%D1%80%D0%BE%D0%BB%D1%8C-%D0%B2%D0%B8%D0%BA%D0%B8%D0%BD%D0%B3%D0%BE%D0%B2-%D1%81%D1%82%D0%BE%D0%B8%D1%82-%D0%BD%D0%B0-%D1%81%D0%BA%D0%B0%D0%BB%D0%B5/?p=2 HTTP/2.0" 200 12079 "https://baneks.site/%D1%81%D1%82%D0%B0%D1%80%D1%8B%D0%B9-%D0%BA%D0%BE%D0%BD%D1%83%D0%BD%D0%B3-%D0%BA%D0%BE%D1%80%D0%BE%D0%BB%D1%8C-%D0%B2%D0%B8%D0%BA%D0%B8%D0%BD%D0%B3%D0%BE%D0%B2-%D1%81%D1%82%D0%BE%D0%B8%D1%82-%D0%BD%D0%B0-%D1%81%D0%BA%D0%B0%D0%BB%D0%B5/?p=2" "Mozilla/5.0 (Linux; Android 10; Pixel 3a) AppleWebKit/537.36 (KHTML, like Gecko) Chrome/83.0.4103.106 Mobile Safari/537.36"
5.76.142.65 - - [19/Jul/2020:07:50:09 +0000] "GET /%D0%BA%D0%BE%D0%B3%D0%B4%D0%B0-%D1%82%D0%B5%D0%B1%D1%8F/?p=2 HTTP/2.0" 200 12562 "https://baneks.site/%D0%BA%D0%BE%D0%B3%D0%B4%D0%B0-%D1%82%D0%B5%D0%B1%D1%8F/" "Mozilla/5.0 (Windows NT 6.3; Win64; x64) AppleWebKit/537.36 (KHTML, like Gecko) Chrome/84.0.4147.89 Safari/537.36" "-"
5.76.142.65 - - [19/Jul/2020:07:50:09 +0000] "GET /%D0%BA%D0%BE%D0%B3%D0%B4%D0%B0-%D1%82%D0%B5%D0%B1%D1%8F/?p=2 HTTP/2.0" 200 12562 "https://baneks.site/%D0%BA%D0%BE%D0%B3%D0%B4%D0%B0-%D1%82%D0%B5%D0%B1%D1%8F/" "Mozilla/5.0 (Windows NT 6.3; Win64; x64) AppleWebKit/537.36 (KHTML, like Gecko) Chrome/84.0.4147.89 Safari/537.36"
5.76.142.65 - - [19/Jul/2020:07:50:10 +0000] "GET /%D0%BA%D0%BE%D0%B3%D0%B4%D0%B0-%D1%82%D0%B5%D0%B1%D1%8F/?p=2 HTTP/2.0" 200 12562 "https://baneks.site/%D0%BA%D0%BE%D0%B3%D0%B4%D0%B0-%D1%82%D0%B5%D0%B1%D1%8F/?p=2" "Mozilla/5.0 (Windows NT 6.3; Win64; x64) AppleWebKit/537.36 (KHTML, like Gecko) Chrome/84.0.4147.89 Safari/537.36" "-"
5.76.142.65 - - [19/Jul/2020:07:50:10 +0000] "GET /%D0%BA%D0%BE%D0%B3%D0%B4%D0%B0-%D1%82%D0%B5%D0%B1%D1%8F/?p=2 HTTP/2.0" 200 12562 "https://baneks.site/%D0%BA%D0%BE%D0%B3%D0%B4%D0%B0-%D1%82%D0%B5%D0%B1%D1%8F/?p=2" "Mozilla/5.0 (Windows NT 6.3; Win64; x64) AppleWebKit/537.36 (KHTML, like Gecko) Chrome/84.0.4147.89 Safari/537.36"
178.154.200.81 - - [19/Jul/2020:07:50:11 +0000] "GET /-%D0%BA%D0%B0%D0%BA%D1%83%D1%8E-%D0%BB%D1%83%D1%87%D1%88%D0%B5-%D0%B8%D0%BC%D0%B5%D1%82%D1%8C-%D0%B6%D0%B5%D0%BD%D1%83-%D1%81%D1%82%D1%80%D0%B0%D1%88%D0%BD%D1%83%D1%8E-%D0%BD%D0%BE-%D0%B2%D0%B5%D1%80%D0%BD%D1%83%D1%8E-%D0%B8%D0%BB%D0%B8/ HTTP/1.1" 200 12399 "-" "Mozilla/5.0 (compatible; YandexBot/3.0; +http://yandex.com/bots)" "-"
178.154.200.81 - - [19/Jul/2020:07:50:11 +0000] "GET /-%D0%BA%D0%B0%D0%BA%D1%83%D1%8E-%D0%BB%D1%83%D1%87%D1%88%D0%B5-%D0%B8%D0%BC%D0%B5%D1%82%D1%8C-%D0%B6%D0%B5%D0%BD%D1%83-%D1%81%D1%82%D1%80%D0%B0%D1%88%D0%BD%D1%83%D1%8E-%D0%BD%D0%BE-%D0%B2%D0%B5%D1%80%D0%BD%D1%83%D1%8E-%D0%B8%D0%BB%D0%B8/ HTTP/1.1" 200 12399 "-" "Mozilla/5.0 (compatible; YandexBot/3.0; +http://yandex.com/bots)"
5.76.142.65 - - [19/Jul/2020:07:50:16 +0000] "GET /%D0%BA%D0%BE%D0%B3%D0%B4%D0%B0-%D1%82%D0%B5%D0%B1%D1%8F/?p=3 HTTP/2.0" 200 8992 "https://baneks.site/%D0%BA%D0%BE%D0%B3%D0%B4%D0%B0-%D1%82%D0%B5%D0%B1%D1%8F/?p=2" "Mozilla/5.0 (Windows NT 6.3; Win64; x64) AppleWebKit/537.36 (KHTML, like Gecko) Chrome/84.0.4147.89 Safari/537.36" "-"
5.76.142.65 - - [19/Jul/2020:07:50:16 +0000] "GET /%D0%BA%D0%BE%D0%B3%D0%B4%D0%B0-%D1%82%D0%B5%D0%B1%D1%8F/?p=3 HTTP/2.0" 200 8992 "https://baneks.site/%D0%BA%D0%BE%D0%B3%D0%B4%D0%B0-%D1%82%D0%B5%D0%B1%D1%8F/?p=2" "Mozilla/5.0 (Windows NT 6.3; Win64; x64) AppleWebKit/537.36 (KHTML, like Gecko) Chrome/84.0.4147.89 Safari/537.36"
5.76.142.65 - - [19/Jul/2020:07:50:17 +0000] "GET /%D0%BA%D0%BE%D0%B3%D0%B4%D0%B0-%D1%82%D0%B5%D0%B1%D1%8F/?p=3 HTTP/2.0" 200 8992 "https://baneks.site/%D0%BA%D0%BE%D0%B3%D0%B4%D0%B0-%D1%82%D0%B5%D0%B1%D1%8F/?p=3" "Mozilla/5.0 (Windows NT 6.3; Win64; x64) AppleWebKit/537.36 (KHTML, like Gecko) Chrome/84.0.4147.89 Safari/537.36" "-"
5.76.142.65 - - [19/Jul/2020:07:50:17 +0000] "GET /%D0%BA%D0%BE%D0%B3%D0%B4%D0%B0-%D1%82%D0%B5%D0%B1%D1%8F/?p=3 HTTP/2.0" 200 8992 "https://baneks.site/%D0%BA%D0%BE%D0%B3%D0%B4%D0%B0-%D1%82%D0%B5%D0%B1%D1%8F/?p=3" "Mozilla/5.0 (Windows NT 6.3; Win64; x64) AppleWebKit/537.36 (KHTML, like Gecko) Chrome/84.0.4147.89 Safari/537.36"
46.229.168.129 - - [19/Jul/2020:07:50:23 +0000] "GET /%D0%BD%D0%B0-%D0%B8%D0%BD%D1%81%D1%82%D0%B5-%D0%B3%D0%B5%D0%B9%D1%82%D0%B0-%D0%BC%D0%B8%D0%BD%D1%83%D1%81%D0%BE%D0%B2%D1%8B%D0%B9-%D1%85%D1%83%D1%80%D1%80%D0%B8%D0%BA/ HTTP/1.1" 200 12790 "-" "Mozilla/5.0 (compatible; SemrushBot/6~bl; +http://www.semrush.com/bot.html)" "-"
46.229.168.129 - - [19/Jul/2020:07:50:23 +0000] "GET /%D0%BD%D0%B0-%D0%B8%D0%BD%D1%81%D1%82%D0%B5-%D0%B3%D0%B5%D0%B9%D1%82%D0%B0-%D0%BC%D0%B8%D0%BD%D1%83%D1%81%D0%BE%D0%B2%D1%8B%D0%B9-%D1%85%D1%83%D1%80%D1%80%D0%B8%D0%BA/ HTTP/1.1" 200 12790 "-" "Mozilla/5.0 (compatible; SemrushBot/6~bl; +http://www.semrush.com/bot.html)"
178.154.200.81 - - [19/Jul/2020:07:50:23 +0000] "GET /%D1%83-%D0%98%D0%B3%D0%BE%D1%80%D1%8F-%D0%BD%D0%B5-%D0%B1%D1%8B%D0%BB%D0%BE-%D0%B1%D0%B0%D0%B1%D1%83%D1%88%D0%BA%D0%B8-%D0%BF%D0%BE%D1%8D%D1%82%D0%BE%D0%BC%D1%83-%D0%BB%D0%B5%D1%82%D0%BE%D0%BC-%D1%80%D0%BE%D0%B4%D0%B8%D1%82%D0%B5%D0%BB%D0%B8/ HTTP/1.1" 200 12545 "-" "Mozilla/5.0 (compatible; YandexBot/3.0; +http://yandex.com/bots)" "-"
178.154.200.81 - - [19/Jul/2020:07:50:23 +0000] "GET /%D1%83-%D0%98%D0%B3%D0%BE%D1%80%D1%8F-%D0%BD%D0%B5-%D0%B1%D1%8B%D0%BB%D0%BE-%D0%B1%D0%B0%D0%B1%D1%83%D1%88%D0%BA%D0%B8-%D0%BF%D0%BE%D1%8D%D1%82%D0%BE%D0%BC%D1%83-%D0%BB%D0%B5%D1%82%D0%BE%D0%BC-%D1%80%D0%BE%D0%B4%D0%B8%D1%82%D0%B5%D0%BB%D0%B8/ HTTP/1.1" 200 12545 "-" "Mozilla/5.0 (compatible; YandexBot/3.0; +http://yandex.com/bots)"
178.154.200.81 - - [19/Jul/2020:07:50:26 +0000] "GET /%D1%81%D1%82%D0%BE%D0%B8%D1%82-%D0%BA%D0%B0%D0%BA-%D1%82%D0%BE-%D0%9B%D0%B5%D0%BE%D0%BD%D0%B8%D0%B4-%D0%98%D0%BB%D1%8C%D0%B8%D1%87-%D0%91%D1%80%D0%B5%D0%B6%D0%BD%D0%B5%D0%B2-%D0%BD%D0%B0-%D0%B1%D0%B0%D0%BB%D0%BA%D0%BE%D0%BD%D0%B5-%D0%B2%D0%B4%D1%80%D1%83%D0%B3/ HTTP/1.1" 200 13131 "-" "Mozilla/5.0 (compatible; YandexBot/3.0; +http://yandex.com/bots)" "-"
178.154.200.81 - - [19/Jul/2020:07:50:26 +0000] "GET /%D1%81%D1%82%D0%BE%D0%B8%D1%82-%D0%BA%D0%B0%D0%BA-%D1%82%D0%BE-%D0%9B%D0%B5%D0%BE%D0%BD%D0%B8%D0%B4-%D0%98%D0%BB%D1%8C%D0%B8%D1%87-%D0%91%D1%80%D0%B5%D0%B6%D0%BD%D0%B5%D0%B2-%D0%BD%D0%B0-%D0%B1%D0%B0%D0%BB%D0%BA%D0%BE%D0%BD%D0%B5-%D0%B2%D0%B4%D1%80%D1%83%D0%B3/ HTTP/1.1" 200 13131 "-" "Mozilla/5.0 (compatible; YandexBot/3.0; +http://yandex.com/bots)"
178.154.200.81 - - [19/Jul/2020:07:50:28 +0000] "GET /%D0%B4%D0%BE%D0%B6%D0%B8%D0%BB%D0%B0-%D0%BE%D0%B4%D0%BD%D0%B0-%D1%81%D1%82%D0%B0%D1%80%D1%83%D1%88%D0%BA%D0%B0-%D0%B4%D0%BE-90-%D0%BB%D0%B5%D1%82-%D1%81%D1%82%D0%B0%D1%80%D0%B0%D1%8F-%D0%B4%D1%80%D1%8F%D1%85%D0%BB%D0%B0%D1%8F-%D0%B4%D0%B0-%D0%B8/ HTTP/1.1" 200 16639 "-" "Mozilla/5.0 (compatible; YandexBot/3.0; +http://yandex.com/bots)" "-"
178.154.200.81 - - [19/Jul/2020:07:50:28 +0000] "GET /%D0%B4%D0%BE%D0%B6%D0%B8%D0%BB%D0%B0-%D0%BE%D0%B4%D0%BD%D0%B0-%D1%81%D1%82%D0%B0%D1%80%D1%83%D1%88%D0%BA%D0%B0-%D0%B4%D0%BE-90-%D0%BB%D0%B5%D1%82-%D1%81%D1%82%D0%B0%D1%80%D0%B0%D1%8F-%D0%B4%D1%80%D1%8F%D1%85%D0%BB%D0%B0%D1%8F-%D0%B4%D0%B0-%D0%B8/ HTTP/1.1" 200 16639 "-" "Mozilla/5.0 (compatible; YandexBot/3.0; +http://yandex.com/bots)"
46.229.168.138 - - [19/Jul/2020:07:50:37 +0000] "GET /%D0%B0%D0%B2%D1%81%D1%82%D1%80%D0%B0%D0%BB%D0%B8%D0%B9%D1%81%D0%BA%D0%B8%D0%B9-%D0%B0%D0%BD%D0%B5%D0%BA%D0%B4%D0%BE%D1%82-%D0%BA%D1%83%D0%BF%D0%B8%D0%BB-%D0%BC%D1%83%D0%B6%D0%B8%D0%BA-%D1%88%D0%BB%D1%8F%D0%BF%D1%83-%D0%B0-%D0%BE%D0%BD%D0%B0/?p=1 HTTP/1.1" 200 12879 "-" "Mozilla/5.0 (compatible; SemrushBot/6~bl; +http://www.semrush.com/bot.html)" "-"
46.229.168.138 - - [19/Jul/2020:07:50:37 +0000] "GET /%D0%B0%D0%B2%D1%81%D1%82%D1%80%D0%B0%D0%BB%D0%B8%D0%B9%D1%81%D0%BA%D0%B8%D0%B9-%D0%B0%D0%BD%D0%B5%D0%BA%D0%B4%D0%BE%D1%82-%D0%BA%D1%83%D0%BF%D0%B8%D0%BB-%D0%BC%D1%83%D0%B6%D0%B8%D0%BA-%D1%88%D0%BB%D1%8F%D0%BF%D1%83-%D0%B0-%D0%BE%D0%BD%D0%B0/?p=1 HTTP/1.1" 200 12879 "-" "Mozilla/5.0 (compatible; SemrushBot/6~bl; +http://www.semrush.com/bot.html)"
66.249.68.62 - - [19/Jul/2020:07:50:38 +0000] "GET /%D0%BE%D0%B1%D1%89%D0%B0%D0%B3%D0%B0-%D0%BE%D0%B4%D0%B8%D0%BD-%D0%B8%D0%B7-%D0%B6%D0%B8%D0%BB%D1%8C%D1%86%D0%BE%D0%B2-%D0%BF%D0%BE%D0%B2%D0%B0%D0%B4%D0%B8%D0%BB%D1%81%D1%8F-%D0%BE%D0%B1%D1%81%D1%81%D1%8B%D0%BA%D0%B0%D1%82%D1%8C/ HTTP/1.1" 304 0 "-" "Mozilla/5.0 (Linux; Android 6.0.1; Nexus 5X Build/MMB29P) AppleWebKit/537.36 (KHTML, like Gecko) Chrome/80.0.3987.92 Mobile Safari/537.36 (compatible; Googlebot/2.1; +http://www.google.com/bot.html)" "-"
66.249.68.62 - - [19/Jul/2020:07:50:38 +0000] "GET /%D0%BE%D0%B1%D1%89%D0%B0%D0%B3%D0%B0-%D0%BE%D0%B4%D0%B8%D0%BD-%D0%B8%D0%B7-%D0%B6%D0%B8%D0%BB%D1%8C%D1%86%D0%BE%D0%B2-%D0%BF%D0%BE%D0%B2%D0%B0%D0%B4%D0%B8%D0%BB%D1%81%D1%8F-%D0%BE%D0%B1%D1%81%D1%81%D1%8B%D0%BA%D0%B0%D1%82%D1%8C/ HTTP/1.1" 304 0 "-" "Mozilla/5.0 (Linux; Android 6.0.1; Nexus 5X Build/MMB29P) AppleWebKit/537.36 (KHTML, like Gecko) Chrome/80.0.3987.92 Mobile Safari/537.36 (compatible; Googlebot/2.1; +http://www.google.com/bot.html)"
91.78.86.199 - - [19/Jul/2020:07:50:44 +0000] "GET /%D0%BD%D0%B0-%D1%81%D0%BE%D0%B1%D0%B5%D1%81%D0%B5%D0%B4%D0%BE%D0%B2%D0%B0%D0%BD%D0%B8%D0%B8-%D0%B0-%D1%83-%D0%B2%D0%B0%D1%81-%D0%B5%D1%81%D1%82%D1%8C-%D0%BA%D0%B0%D0%BA%D0%BE%D0%B5-%D0%BD%D0%B8%D0%B1%D1%83%D0%B4%D1%8C-%D1%85%D0%BE%D0%B1%D0%B1%D0%B8/?p=2 HTTP/2.0" 200 13634 "https://yandex.ru/" "Mozilla/5.0 (Windows NT 6.1; Win64; x64) AppleWebKit/537.36 (KHTML, like Gecko) Chrome/83.0.4103.116 Safari/537.36 OPR/69.0.3686.77" "-"
91.78.86.199 - - [19/Jul/2020:07:50:44 +0000] "GET /%D0%BD%D0%B0-%D1%81%D0%BE%D0%B1%D0%B5%D1%81%D0%B5%D0%B4%D0%BE%D0%B2%D0%B0%D0%BD%D0%B8%D0%B8-%D0%B0-%D1%83-%D0%B2%D0%B0%D1%81-%D0%B5%D1%81%D1%82%D1%8C-%D0%BA%D0%B0%D0%BA%D0%BE%D0%B5-%D0%BD%D0%B8%D0%B1%D1%83%D0%B4%D1%8C-%D1%85%D0%BE%D0%B1%D0%B1%D0%B8/?p=2 HTTP/2.0" 200 13634 "https://yandex.ru/" "Mozilla/5.0 (Windows NT 6.1; Win64; x64) AppleWebKit/537.36 (KHTML, like Gecko) Chrome/83.0.4103.116 Safari/537.36 OPR/69.0.3686.77"
91.78.86.199 - - [19/Jul/2020:07:50:45 +0000] "GET /%D0%BD%D0%B0-%D1%81%D0%BE%D0%B1%D0%B5%D1%81%D0%B5%D0%B4%D0%BE%D0%B2%D0%B0%D0%BD%D0%B8%D0%B8-%D0%B0-%D1%83-%D0%B2%D0%B0%D1%81-%D0%B5%D1%81%D1%82%D1%8C-%D0%BA%D0%B0%D0%BA%D0%BE%D0%B5-%D0%BD%D0%B8%D0%B1%D1%83%D0%B4%D1%8C-%D1%85%D0%BE%D0%B1%D0%B1%D0%B8/?p=2 HTTP/2.0" 200 13634 "https://baneks.site/%D0%BD%D0%B0-%D1%81%D0%BE%D0%B1%D0%B5%D1%81%D0%B5%D0%B4%D0%BE%D0%B2%D0%B0%D0%BD%D0%B8%D0%B8-%D0%B0-%D1%83-%D0%B2%D0%B0%D1%81-%D0%B5%D1%81%D1%82%D1%8C-%D0%BA%D0%B0%D0%BA%D0%BE%D0%B5-%D0%BD%D0%B8%D0%B1%D1%83%D0%B4%D1%8C-%D1%85%D0%BE%D0%B1%D0%B1%D0%B8/?p=2" "Mozilla/5.0 (Windows NT 6.1; Win64; x64) AppleWebKit/537.36 (KHTML, like Gecko) Chrome/83.0.4103.116 Safari/537.36 OPR/69.0.3686.77" "-"
91.78.86.199 - - [19/Jul/2020:07:50:45 +0000] "GET /%D0%BD%D0%B0-%D1%81%D0%BE%D0%B1%D0%B5%D1%81%D0%B5%D0%B4%D0%BE%D0%B2%D0%B0%D0%BD%D0%B8%D0%B8-%D0%B0-%D1%83-%D0%B2%D0%B0%D1%81-%D0%B5%D1%81%D1%82%D1%8C-%D0%BA%D0%B0%D0%BA%D0%BE%D0%B5-%D0%BD%D0%B8%D0%B1%D1%83%D0%B4%D1%8C-%D1%85%D0%BE%D0%B1%D0%B1%D0%B8/?p=2 HTTP/2.0" 200 13634 "https://baneks.site/%D0%BD%D0%B0-%D1%81%D0%BE%D0%B1%D0%B5%D1%81%D0%B5%D0%B4%D0%BE%D0%B2%D0%B0%D0%BD%D0%B8%D0%B8-%D0%B0-%D1%83-%D0%B2%D0%B0%D1%81-%D0%B5%D1%81%D1%82%D1%8C-%D0%BA%D0%B0%D0%BA%D0%BE%D0%B5-%D0%BD%D0%B8%D0%B1%D1%83%D0%B4%D1%8C-%D1%85%D0%BE%D0%B1%D0%B1%D0%B8/?p=2" "Mozilla/5.0 (Windows NT 6.1; Win64; x64) AppleWebKit/537.36 (KHTML, like Gecko) Chrome/83.0.4103.116 Safari/537.36 OPR/69.0.3686.77"
178.154.200.81 - - [19/Jul/2020:07:50:48 +0000] "GET /%D1%80%D0%B5%D1%88%D0%B8%D0%BB%D0%B8-%D0%BC%D1%83%D0%B6-%D1%81-%D0%B6%D0%B5%D0%BD%D0%BE%D0%B9-%D0%BF%D0%BE%D0%B9%D1%82%D0%B8-%D1%83%D1%87%D0%B8%D1%82%D1%8C%D1%81%D1%8F-%D0%B2-%D0%B3%D0%BE%D0%BB%D1%8C%D1%84-%D0%B8%D0%B3p%D0%B0%D1%82%D1%8C/ HTTP/1.1" 200 13421 "-" "Mozilla/5.0 (compatible; YandexBot/3.0; +http://yandex.com/bots)" "-"
178.154.200.81 - - [19/Jul/2020:07:50:48 +0000] "GET /%D1%80%D0%B5%D1%88%D0%B8%D0%BB%D0%B8-%D0%BC%D1%83%D0%B6-%D1%81-%D0%B6%D0%B5%D0%BD%D0%BE%D0%B9-%D0%BF%D0%BE%D0%B9%D1%82%D0%B8-%D1%83%D1%87%D0%B8%D1%82%D1%8C%D1%81%D1%8F-%D0%B2-%D0%B3%D0%BE%D0%BB%D1%8C%D1%84-%D0%B8%D0%B3p%D0%B0%D1%82%D1%8C/ HTTP/1.1" 200 13421 "-" "Mozilla/5.0 (compatible; YandexBot/3.0; +http://yandex.com/bots)"
46.229.168.137 - - [19/Jul/2020:07:50:54 +0000] "GET /%D0%BA%D1%80%D0%BE%D0%BA%D0%BE%D0%B4%D0%B8%D0%BB-%D0%93%D0%B5%D0%BD%D0%B0-%D0%BE%D1%82%D0%BF%D1%80%D0%B0%D0%B2%D0%BB%D1%8F%D0%B5%D1%82-%D0%A7%D0%B5%D0%B1%D1%83%D1%80%D0%B0%D1%88%D0%BA%D1%83-%D0%B2-%D0%BC%D0%B0%D0%B3%D0%B0%D0%B7%D0%B8%D0%BD/?p=2 HTTP/1.1" 200 12936 "-" "Mozilla/5.0 (compatible; SemrushBot/6~bl; +http://www.semrush.com/bot.html)" "-"
46.229.168.137 - - [19/Jul/2020:07:50:54 +0000] "GET /%D0%BA%D1%80%D0%BE%D0%BA%D0%BE%D0%B4%D0%B8%D0%BB-%D0%93%D0%B5%D0%BD%D0%B0-%D0%BE%D1%82%D0%BF%D1%80%D0%B0%D0%B2%D0%BB%D1%8F%D0%B5%D1%82-%D0%A7%D0%B5%D0%B1%D1%83%D1%80%D0%B0%D1%88%D0%BA%D1%83-%D0%B2-%D0%BC%D0%B0%D0%B3%D0%B0%D0%B7%D0%B8%D0%BD/?p=2 HTTP/1.1" 200 12936 "-" "Mozilla/5.0 (compatible; SemrushBot/6~bl; +http://www.semrush.com/bot.html)"
176.193.24.191 - - [19/Jul/2020:07:51:04 +0000] "POST /admin/jokes/joke/25784/change/ HTTP/2.0" 302 0 "https://baneks.site/admin/jokes/joke/25784/change/" "Mozilla/5.0 (X11; Linux x86_64) AppleWebKit/537.36 (KHTML, like Gecko) Chrome/81.0.4044.138 Safari/537.36" "-"
176.193.24.191 - - [19/Jul/2020:07:51:04 +0000] "POST /admin/jokes/joke/25784/change/ HTTP/2.0" 302 0 "https://baneks.site/admin/jokes/joke/25784/change/" "Mozilla/5.0 (X11; Linux x86_64) AppleWebKit/537.36 (KHTML, like Gecko) Chrome/81.0.4044.138 Safari/537.36"
176.193.24.191 - - [19/Jul/2020:07:51:05 +0000] "GET /admin/jokes/joke/25785/change/ HTTP/2.0" 200 5556 "https://baneks.site/admin/jokes/joke/25784/change/" "Mozilla/5.0 (X11; Linux x86_64) AppleWebKit/537.36 (KHTML, like Gecko) Chrome/81.0.4044.138 Safari/537.36" "-"
176.193.24.191 - - [19/Jul/2020:07:51:05 +0000] "GET /admin/jokes/joke/25785/change/ HTTP/2.0" 200 5556 "https://baneks.site/admin/jokes/joke/25784/change/" "Mozilla/5.0 (X11; Linux x86_64) AppleWebKit/537.36 (KHTML, like Gecko) Chrome/81.0.4044.138 Safari/537.36"
46.229.168.140 - - [19/Jul/2020:07:51:08 +0000] "GET /ave-maria-%D0%B0-%D0%BC%D0%BE%D0%B6%D0%BD%D0%BE-%D0%B2%D0%BE%D1%82-%D0%B1%D0%B5%D0%B7-%D1%8D%D1%82%D0%BE%D0%B3%D0%BE-%D0%B2%D0%B0%D1%88%D0%B5%D0%B3%D0%BE/ HTTP/1.1" 200 13101 "-" "Mozilla/5.0 (compatible; SemrushBot/6~bl; +http://www.semrush.com/bot.html)" "-"
46.229.168.140 - - [19/Jul/2020:07:51:08 +0000] "GET /ave-maria-%D0%B0-%D0%BC%D0%BE%D0%B6%D0%BD%D0%BE-%D0%B2%D0%BE%D1%82-%D0%B1%D0%B5%D0%B7-%D1%8D%D1%82%D0%BE%D0%B3%D0%BE-%D0%B2%D0%B0%D1%88%D0%B5%D0%B3%D0%BE/ HTTP/1.1" 200 13101 "-" "Mozilla/5.0 (compatible; SemrushBot/6~bl; +http://www.semrush.com/bot.html)"
91.230.25.118 - - [19/Jul/2020:07:51:09 +0000] "GET /%D0%BF%D0%B8%D1%80%D0%B0%D1%82%D1%81%D0%BA%D0%B8%D0%B9-%D0%BA%D0%BE%D1%80%D0%B0%D0%B1%D0%BB%D1%8C-%D0%B7%D0%B0%D1%85%D0%B2%D0%B0%D1%82%D0%B8%D0%BB-%D1%82%D0%BE%D1%80%D0%B3%D0%BE%D0%B2%D1%8B%D0%B9-%D0%BB%D0%B0%D0%B9%D0%BD%D0%B5%D1%80/ HTTP/2.0" 200 13804 "https://baneks.site/tag/%D0%BF%D0%B8%D1%80%D0%B0%D1%82/" "Mozilla/5.0 (Linux; Android 9; Redmi Note 7) AppleWebKit/537.36 (KHTML, like Gecko) Chrome/83.0.4103.106 Mobile Safari/537.36" "-"
91.230.25.118 - - [19/Jul/2020:07:51:09 +0000] "GET /%D0%BF%D0%B8%D1%80%D0%B0%D1%82%D1%81%D0%BA%D0%B8%D0%B9-%D0%BA%D0%BE%D1%80%D0%B0%D0%B1%D0%BB%D1%8C-%D0%B7%D0%B0%D1%85%D0%B2%D0%B0%D1%82%D0%B8%D0%BB-%D1%82%D0%BE%D1%80%D0%B3%D0%BE%D0%B2%D1%8B%D0%B9-%D0%BB%D0%B0%D0%B9%D0%BD%D0%B5%D1%80/ HTTP/2.0" 200 13804 "https://baneks.site/tag/%D0%BF%D0%B8%D1%80%D0%B0%D1%82/" "Mozilla/5.0 (Linux; Android 9; Redmi Note 7) AppleWebKit/537.36 (KHTML, like Gecko) Chrome/83.0.4103.106 Mobile Safari/537.36"
66.249.68.62 - - [19/Jul/2020:07:51:22 +0000] "GET /%D1%81%D0%B8%D0%B4%D1%8F%D1%82-%D1%87%D0%B5%D1%82%D1%8B%D1%80%D0%B5-%D0%B1%D0%B0%D0%B1%D1%83%D1%88%D0%BA%D0%B8-%D1%80%D0%B0%D0%B7%D0%B3%D0%BE%D0%B2%D0%B0%D1%80%D0%B8%D0%B2%D0%B0%D1%8E%D1%82/ HTTP/1.1" 200 14044 "-" "Mozilla/5.0 (compatible; Googlebot/2.1; +http://www.google.com/bot.html)" "-"
66.249.68.62 - - [19/Jul/2020:07:51:22 +0000] "GET /%D1%81%D0%B8%D0%B4%D1%8F%D1%82-%D1%87%D0%B5%D1%82%D1%8B%D1%80%D0%B5-%D0%B1%D0%B0%D0%B1%D1%83%D1%88%D0%BA%D0%B8-%D1%80%D0%B0%D0%B7%D0%B3%D0%BE%D0%B2%D0%B0%D1%80%D0%B8%D0%B2%D0%B0%D1%8E%D1%82/ HTTP/1.1" 200 14044 "-" "Mozilla/5.0 (compatible; Googlebot/2.1; +http://www.google.com/bot.html)"
46.229.168.142 - - [19/Jul/2020:07:51:40 +0000] "GET /tag/%D1%81%D1%8B%D0%BD/?p=2 HTTP/1.1" 200 11225 "-" "Mozilla/5.0 (compatible; SemrushBot/6~bl; +http://www.semrush.com/bot.html)" "-"
46.229.168.142 - - [19/Jul/2020:07:51:40 +0000] "GET /tag/%D1%81%D1%8B%D0%BD/?p=2 HTTP/1.1" 200 11225 "-" "Mozilla/5.0 (compatible; SemrushBot/6~bl; +http://www.semrush.com/bot.html)"
95.90.226.22 - - [19/Jul/2020:07:51:43 +0000] "GET /%D0%B0%D0%BD%D0%B5%D0%BA%D0%B8-%D0%BF%D1%80%D0%BE-%D0%B1%D0%B0%D1%81%D0%B8%D1%81%D1%82%D0%BE%D0%B2/?p=2 HTTP/2.0" 200 13611 "https://www.google.com/search?q=%D0%B1%D0%B0%D1%81%D0%B8%D1%81%D1%82++%D0%B2%D0%B0%D0%B3%D0%B8%D0%BD%D0%B0+%D1%81%D1%85%D0%BB%D0%BE%D0%BF%D1%8B%D0%B2%D0%B0%D0%B5%D1%82%D1%81%D1%8F&ie=utf-8&oe=utf-8&client=firefox-b-m" "Mozilla/5.0 (Android 9; Mobile; rv:68.0) Gecko/68.0 Firefox/68.0" "-"
95.90.226.22 - - [19/Jul/2020:07:51:43 +0000] "GET /%D0%B0%D0%BD%D0%B5%D0%BA%D0%B8-%D0%BF%D1%80%D0%BE-%D0%B1%D0%B0%D1%81%D0%B8%D1%81%D1%82%D0%BE%D0%B2/?p=2 HTTP/2.0" 200 13611 "https://www.google.com/search?q=%D0%B1%D0%B0%D1%81%D0%B8%D1%81%D1%82++%D0%B2%D0%B0%D0%B3%D0%B8%D0%BD%D0%B0+%D1%81%D1%85%D0%BB%D0%BE%D0%BF%D1%8B%D0%B2%D0%B0%D0%B5%D1%82%D1%81%D1%8F&ie=utf-8&oe=utf-8&client=firefox-b-m" "Mozilla/5.0 (Android 9; Mobile; rv:68.0) Gecko/68.0 Firefox/68.0"
46.229.168.146 - - [19/Jul/2020:07:51:51 +0000] "GET /-%D1%82%D1%8B-%D1%81-%D0%9E%D0%BC%D1%81%D0%BA%D0%B0-%D1%8F-%D1%81-%D0%A2%D0%BE%D0%BC%D1%81%D0%BA%D0%B0-%D0%B0-%D0%BA%D0%B0%D0%BA%D0%B0%D1%8F-%D1%80%D0%B0%D0%B7%D0%BD%D0%B8%D1%86%D0%B0/ HTTP/1.1" 200 13103 "-" "Mozilla/5.0 (compatible; SemrushBot/6~bl; +http://www.semrush.com/bot.html)" "-"
46.229.168.146 - - [19/Jul/2020:07:51:51 +0000] "GET /-%D1%82%D1%8B-%D1%81-%D0%9E%D0%BC%D1%81%D0%BA%D0%B0-%D1%8F-%D1%81-%D0%A2%D0%BE%D0%BC%D1%81%D0%BA%D0%B0-%D0%B0-%D0%BA%D0%B0%D0%BA%D0%B0%D1%8F-%D1%80%D0%B0%D0%B7%D0%BD%D0%B8%D1%86%D0%B0/ HTTP/1.1" 200 13103 "-" "Mozilla/5.0 (compatible; SemrushBot/6~bl; +http://www.semrush.com/bot.html)"
207.46.13.35 - - [19/Jul/2020:07:51:59 +0000] "GET /%D1%85%D0%BE%D1%87%D1%83-%D0%B1%D1%8B%D1%82%D1%8C-%D1%81%D1%82%D0%BE%D0%BB%D0%B1%D0%BE%D0%B2%D0%BE%D0%B9-%D0%B4%D0%B2%D0%BE%D1%80%D1%8F%D0%BD%D0%BA%D0%BE%D0%B9-%D0%BA%D1%80%D0%B8%D1%87%D0%B0%D0%BB%D0%B0-%D1%81%D1%82%D0%B0%D1%80%D1%83%D1%85%D0%B0-%D0%BD%D0%BE/ HTTP/1.1" 200 13552 "-" "Mozilla/5.0 (compatible; bingbot/2.0; +http://www.bing.com/bingbot.htm)" "-"
207.46.13.35 - - [19/Jul/2020:07:51:59 +0000] "GET /%D1%85%D0%BE%D1%87%D1%83-%D0%B1%D1%8B%D1%82%D1%8C-%D1%81%D1%82%D0%BE%D0%BB%D0%B1%D0%BE%D0%B2%D0%BE%D0%B9-%D0%B4%D0%B2%D0%BE%D1%80%D1%8F%D0%BD%D0%BA%D0%BE%D0%B9-%D0%BA%D1%80%D0%B8%D1%87%D0%B0%D0%BB%D0%B0-%D1%81%D1%82%D0%B0%D1%80%D1%83%D1%85%D0%B0-%D0%BD%D0%BE/ HTTP/1.1" 200 13552 "-" "Mozilla/5.0 (compatible; bingbot/2.0; +http://www.bing.com/bingbot.htm)"
216.244.66.248 - - [19/Jul/2020:07:51:59 +0000] "GET /%D0%92%D0%B0%D0%BB%D0%B5%D1%80%D0%B0-%D0%B6%D0%B5%D0%BD%D0%B0%D1%82-%D0%BD%D0%B0-%D0%BE%D0%B4%D0%BD%D0%BE%D0%B9-%D0%B8%D0%B7-%D1%81%D0%B5%D1%81%D1%82%D0%B5%D1%80-%D0%B1%D0%BB%D0%B8%D0%B7%D0%BD%D1%8F%D1%88%D0%B5%D0%BA/?p=2 HTTP/1.1" 200 68130 "-" "Mozilla/5.0 (compatible; DotBot/1.1; http://www.opensiteexplorer.org/dotbot, help@moz.com)" "-"
216.244.66.248 - - [19/Jul/2020:07:51:59 +0000] "GET /%D0%92%D0%B0%D0%BB%D0%B5%D1%80%D0%B0-%D0%B6%D0%B5%D0%BD%D0%B0%D1%82-%D0%BD%D0%B0-%D0%BE%D0%B4%D0%BD%D0%BE%D0%B9-%D0%B8%D0%B7-%D1%81%D0%B5%D1%81%D1%82%D0%B5%D1%80-%D0%B1%D0%BB%D0%B8%D0%B7%D0%BD%D1%8F%D1%88%D0%B5%D0%BA/?p=2 HTTP/1.1" 200 68130 "-" "Mozilla/5.0 (compatible; DotBot/1.1; http://www.opensiteexplorer.org/dotbot, help@moz.com)"
66.249.68.33 - - [19/Jul/2020:07:52:07 +0000] "GET /%D0%9C%D0%BE%D1%81%D0%BA%D0%B2%D0%B0-90-%D0%B5-%D0%B3%D0%BE%D0%B4%D1%8B-%D0%9A%D1%80%D0%B0%D1%81%D0%BD%D0%B0%D1%8F-%D0%BF%D0%BB%D0%BE%D1%89%D0%B0%D0%B4%D1%8C-%D0%B2%D1%81%D1%8F-%D0%B7%D0%B0%D0%BF%D0%BE%D0%BB%D0%BD%D0%B5%D0%BD%D0%BD%D0%B0%D1%8F/?p=1 HTTP/1.1" 200 14466 "-" "Mozilla/5.0 (Linux; Android 6.0.1; Nexus 5X Build/MMB29P) AppleWebKit/537.36 (KHTML, like Gecko) Chrome/80.0.3987.92 Mobile Safari/537.36 (compatible; Googlebot/2.1; +http://www.google.com/bot.html)" "-"
66.249.68.33 - - [19/Jul/2020:07:52:07 +0000] "GET /%D0%9C%D0%BE%D1%81%D0%BA%D0%B2%D0%B0-90-%D0%B5-%D0%B3%D0%BE%D0%B4%D1%8B-%D0%9A%D1%80%D0%B0%D1%81%D0%BD%D0%B0%D1%8F-%D0%BF%D0%BB%D0%BE%D1%89%D0%B0%D0%B4%D1%8C-%D0%B2%D1%81%D1%8F-%D0%B7%D0%B0%D0%BF%D0%BE%D0%BB%D0%BD%D0%B5%D0%BD%D0%BD%D0%B0%D1%8F/?p=1 HTTP/1.1" 200 14466 "-" "Mozilla/5.0 (Linux; Android 6.0.1; Nexus 5X Build/MMB29P) AppleWebKit/537.36 (KHTML, like Gecko) Chrome/80.0.3987.92 Mobile Safari/537.36 (compatible; Googlebot/2.1; +http://www.google.com/bot.html)"
46.229.168.142 - - [19/Jul/2020:07:52:08 +0000] "GET /%D0%BC%D1%83%D0%B6-%D1%81-%D0%B6%D0%B5%D0%BD%D0%BE%D0%B9-%D0%BF%D1%80%D0%BE%D0%B6%D0%B8%D0%BB-15-%D0%BB%D0%B5%D1%82-%D0%B8-%D0%B3%D0%BE%D0%B2%D0%BE%D1%80%D0%B8%D1%82-%D1%81%D0%B4%D0%B5%D0%BB%D0%B0%D0%B9-%D0%BC%D0%B8%D0%BD%D0%B5%D1%82/?p=1 HTTP/1.1" 200 13291 "-" "Mozilla/5.0 (compatible; SemrushBot/6~bl; +http://www.semrush.com/bot.html)" "-"
46.229.168.142 - - [19/Jul/2020:07:52:08 +0000] "GET /%D0%BC%D1%83%D0%B6-%D1%81-%D0%B6%D0%B5%D0%BD%D0%BE%D0%B9-%D0%BF%D1%80%D0%BE%D0%B6%D0%B8%D0%BB-15-%D0%BB%D0%B5%D1%82-%D0%B8-%D0%B3%D0%BE%D0%B2%D0%BE%D1%80%D0%B8%D1%82-%D1%81%D0%B4%D0%B5%D0%BB%D0%B0%D0%B9-%D0%BC%D0%B8%D0%BD%D0%B5%D1%82/?p=1 HTTP/1.1" 200 13291 "-" "Mozilla/5.0 (compatible; SemrushBot/6~bl; +http://www.semrush.com/bot.html)"
176.59.50.64 - - [19/Jul/2020:07:52:16 +0000] "GET /-%D0%B7%D0%B4%D1%80%D0%B0%D0%B2%D1%81%D1%82%D0%B2%D1%83%D0%B9%D1%82%D0%B5-%D1%8D%D1%82%D0%BE-%D0%BA%D0%B2%D0%B0%D1%80%D1%82%D0%B8%D1%80%D0%B0-%D0%AD%D0%B4%D0%B8%D1%82%D1%8B-%D0%9F%D1%8C%D0%B5%D1%85%D0%B8/ HTTP/2.0" 200 12587 "https://yandex.ru/" "Mozilla/5.0 (Linux; arm_64; Android 8.0.0; ZB555KL) AppleWebKit/537.36 (KHTML, like Gecko) Chrome/81.0.4044.138 YaBrowser/20.6.2.104.00 SA/1 Mobile Safari/537.36" "-"
176.59.50.64 - - [19/Jul/2020:07:52:16 +0000] "GET /-%D0%B7%D0%B4%D1%80%D0%B0%D0%B2%D1%81%D1%82%D0%B2%D1%83%D0%B9%D1%82%D0%B5-%D1%8D%D1%82%D0%BE-%D0%BA%D0%B2%D0%B0%D1%80%D1%82%D0%B8%D1%80%D0%B0-%D0%AD%D0%B4%D0%B8%D1%82%D1%8B-%D0%9F%D1%8C%D0%B5%D1%85%D0%B8/ HTTP/2.0" 200 12587 "https://yandex.ru/" "Mozilla/5.0 (Linux; arm_64; Android 8.0.0; ZB555KL) AppleWebKit/537.36 (KHTML, like Gecko) Chrome/81.0.4044.138 YaBrowser/20.6.2.104.00 SA/1 Mobile Safari/537.36"
176.59.50.64 - - [19/Jul/2020:07:52:18 +0000] "GET /-%D0%B7%D0%B4%D1%80%D0%B0%D0%B2%D1%81%D1%82%D0%B2%D1%83%D0%B9%D1%82%D0%B5-%D1%8D%D1%82%D0%BE-%D0%BA%D0%B2%D0%B0%D1%80%D1%82%D0%B8%D1%80%D0%B0-%D0%AD%D0%B4%D0%B8%D1%82%D1%8B-%D0%9F%D1%8C%D0%B5%D1%85%D0%B8/ HTTP/2.0" 200 12587 "https://baneks.site/-%D0%B7%D0%B4%D1%80%D0%B0%D0%B2%D1%81%D1%82%D0%B2%D1%83%D0%B9%D1%82%D0%B5-%D1%8D%D1%82%D0%BE-%D0%BA%D0%B2%D0%B0%D1%80%D1%82%D0%B8%D1%80%D0%B0-%D0%AD%D0%B4%D0%B8%D1%82%D1%8B-%D0%9F%D1%8C%D0%B5%D1%85%D0%B8/" "Mozilla/5.0 (Linux; arm_64; Android 8.0.0; ZB555KL) AppleWebKit/537.36 (KHTML, like Gecko) Chrome/81.0.4044.138 YaBrowser/20.6.2.104.00 SA/1 Mobile Safari/537.36" "-"
176.59.50.64 - - [19/Jul/2020:07:52:18 +0000] "GET /-%D0%B7%D0%B4%D1%80%D0%B0%D0%B2%D1%81%D1%82%D0%B2%D1%83%D0%B9%D1%82%D0%B5-%D1%8D%D1%82%D0%BE-%D0%BA%D0%B2%D0%B0%D1%80%D1%82%D0%B8%D1%80%D0%B0-%D0%AD%D0%B4%D0%B8%D1%82%D1%8B-%D0%9F%D1%8C%D0%B5%D1%85%D0%B8/ HTTP/2.0" 200 12587 "https://baneks.site/-%D0%B7%D0%B4%D1%80%D0%B0%D0%B2%D1%81%D1%82%D0%B2%D1%83%D0%B9%D1%82%D0%B5-%D1%8D%D1%82%D0%BE-%D0%BA%D0%B2%D0%B0%D1%80%D1%82%D0%B8%D1%80%D0%B0-%D0%AD%D0%B4%D0%B8%D1%82%D1%8B-%D0%9F%D1%8C%D0%B5%D1%85%D0%B8/" "Mozilla/5.0 (Linux; arm_64; Android 8.0.0; ZB555KL) AppleWebKit/537.36 (KHTML, like Gecko) Chrome/81.0.4044.138 YaBrowser/20.6.2.104.00 SA/1 Mobile Safari/537.36"
66.249.68.62 - - [19/Jul/2020:07:52:25 +0000] "GET /%D0%B4%D0%BE%D1%87%D0%BA%D0%B0-%D1%81%D0%BF%D1%80%D0%B0%D1%88%D0%B8%D0%B2%D0%B0%D0%B5%D1%82-%D1%83-%D0%BC%D0%B0%D0%BC%D1%8B-%D1%81%D0%BA%D0%B0%D0%B6%D0%B8-%D0%BF%D0%BE%D1%87%D0%B5%D0%BC%D1%83-%D1%83-%D0%BC%D0%BE%D0%B5%D0%B3%D0%BE-%D0%B1%D1%80%D0%B0%D1%82%D0%B0/ HTTP/1.1" 304 0 "-" "Mozilla/5.0 (Linux; Android 6.0.1; Nexus 5X Build/MMB29P) AppleWebKit/537.36 (KHTML, like Gecko) Chrome/80.0.3987.92 Mobile Safari/537.36 (compatible; Googlebot/2.1; +http://www.google.com/bot.html)" "-"
66.249.68.62 - - [19/Jul/2020:07:52:25 +0000] "GET /%D0%B4%D0%BE%D1%87%D0%BA%D0%B0-%D1%81%D0%BF%D1%80%D0%B0%D1%88%D0%B8%D0%B2%D0%B0%D0%B5%D1%82-%D1%83-%D0%BC%D0%B0%D0%BC%D1%8B-%D1%81%D0%BA%D0%B0%D0%B6%D0%B8-%D0%BF%D0%BE%D1%87%D0%B5%D0%BC%D1%83-%D1%83-%D0%BC%D0%BE%D0%B5%D0%B3%D0%BE-%D0%B1%D1%80%D0%B0%D1%82%D0%B0/ HTTP/1.1" 304 0 "-" "Mozilla/5.0 (Linux; Android 6.0.1; Nexus 5X Build/MMB29P) AppleWebKit/537.36 (KHTML, like Gecko) Chrome/80.0.3987.92 Mobile Safari/537.36 (compatible; Googlebot/2.1; +http://www.google.com/bot.html)"
176.193.24.191 - - [19/Jul/2020:07:52:27 +0000] "POST /admin/jokes/joke/25785/change/ HTTP/2.0" 302 0 "https://baneks.site/admin/jokes/joke/25785/change/" "Mozilla/5.0 (X11; Linux x86_64) AppleWebKit/537.36 (KHTML, like Gecko) Chrome/81.0.4044.138 Safari/537.36" "-"
176.193.24.191 - - [19/Jul/2020:07:52:27 +0000] "POST /admin/jokes/joke/25785/change/ HTTP/2.0" 302 0 "https://baneks.site/admin/jokes/joke/25785/change/" "Mozilla/5.0 (X11; Linux x86_64) AppleWebKit/537.36 (KHTML, like Gecko) Chrome/81.0.4044.138 Safari/537.36"
176.193.24.191 - - [19/Jul/2020:07:52:28 +0000] "GET /admin/jokes/joke/25786/change/ HTTP/2.0" 200 9611 "https://baneks.site/admin/jokes/joke/25785/change/" "Mozilla/5.0 (X11; Linux x86_64) AppleWebKit/537.36 (KHTML, like Gecko) Chrome/81.0.4044.138 Safari/537.36" "-"
176.193.24.191 - - [19/Jul/2020:07:52:28 +0000] "GET /admin/jokes/joke/25786/change/ HTTP/2.0" 200 9611 "https://baneks.site/admin/jokes/joke/25785/change/" "Mozilla/5.0 (X11; Linux x86_64) AppleWebKit/537.36 (KHTML, like Gecko) Chrome/81.0.4044.138 Safari/537.36"
178.154.200.81 - - [19/Jul/2020:07:52:28 +0000] "GET /-%D0%B7%D0%B4%D1%80%D0%B0%D0%B2%D1%81%D1%82%D0%B2%D1%83%D0%B9%D1%82%D0%B5-%D1%8D%D1%82%D0%BE-%D0%BA%D0%B2%D0%B0%D1%80%D1%82%D0%B8%D1%80%D0%B0-%D0%AD%D0%B4%D0%B8%D1%82%D1%8B-%D0%9F%D1%8C%D0%B5%D1%85%D0%B8/ HTTP/1.1" 200 12423 "-" "Mozilla/5.0 (compatible; YandexBot/3.0; +http://yandex.com/bots)" "-"
178.154.200.81 - - [19/Jul/2020:07:52:28 +0000] "GET /-%D0%B7%D0%B4%D1%80%D0%B0%D0%B2%D1%81%D1%82%D0%B2%D1%83%D0%B9%D1%82%D0%B5-%D1%8D%D1%82%D0%BE-%D0%BA%D0%B2%D0%B0%D1%80%D1%82%D0%B8%D1%80%D0%B0-%D0%AD%D0%B4%D0%B8%D1%82%D1%8B-%D0%9F%D1%8C%D0%B5%D1%85%D0%B8/ HTTP/1.1" 200 12423 "-" "Mozilla/5.0 (compatible; YandexBot/3.0; +http://yandex.com/bots)"
46.229.168.162 - - [19/Jul/2020:07:52:33 +0000] "GET /%D0%B0%D0%BD%D0%B5%D0%BA%D0%B4%D0%BE%D1%82%D1%8B-%D0%B4%D0%BE%D0%BB%D0%B6%D0%BD%D1%8B-%D0%B1%D1%8B%D1%82%D1%8C-%D0%BA%D0%B0%D0%BA-%D0%B6%D0%B5%D0%BD%D1%81%D0%BA%D0%BE%D0%B5-%D0%BD%D0%B8%D0%B6%D0%BD%D0%B5%D0%B5-%D0%B1%D0%B5%D0%BB%D1%8C%D0%B5/ HTTP/1.1" 200 13000 "-" "Mozilla/5.0 (compatible; SemrushBot/6~bl; +http://www.semrush.com/bot.html)" "-"
46.229.168.162 - - [19/Jul/2020:07:52:33 +0000] "GET /%D0%B0%D0%BD%D0%B5%D0%BA%D0%B4%D0%BE%D1%82%D1%8B-%D0%B4%D0%BE%D0%BB%D0%B6%D0%BD%D1%8B-%D0%B1%D1%8B%D1%82%D1%8C-%D0%BA%D0%B0%D0%BA-%D0%B6%D0%B5%D0%BD%D1%81%D0%BA%D0%BE%D0%B5-%D0%BD%D0%B8%D0%B6%D0%BD%D0%B5%D0%B5-%D0%B1%D0%B5%D0%BB%D1%8C%D0%B5/ HTTP/1.1" 200 13000 "-" "Mozilla/5.0 (compatible; SemrushBot/6~bl; +http://www.semrush.com/bot.html)"
45.32.145.79 - - [19/Jul/2020:07:52:35 +0000] "GET / HTTP/1.1" 200 4615 "-" "Mozilla/5.0 (Windows NT 6.2; WOW64) AppleWebKit/537.4 (KHTML, like Gecko) Chrome/98 Safari/537.4 (StatusCake)" "-"
45.32.145.79 - - [19/Jul/2020:07:52:35 +0000] "GET / HTTP/1.1" 200 4615 "-" "Mozilla/5.0 (Windows NT 6.2; WOW64) AppleWebKit/537.4 (KHTML, like Gecko) Chrome/98 Safari/537.4 (StatusCake)"
216.244.66.248 - - [19/Jul/2020:07:52:41 +0000] "GET /%D0%B2%D1%8B%D1%85%D0%BE%D0%B4%D1%8F%D1%82-%D0%B1%D0%BB%D0%BE%D1%85%D0%B8-%D0%B8%D0%B7-%D1%80%D0%B5%D1%81%D1%82%D0%BE%D1%80%D0%B0%D0%BD%D0%B0-%D0%BE%D0%B4%D0%BD%D0%B0-%D0%B4%D1%80%D1%83%D0%B3%D0%BE%D0%B9-%D0%B3%D0%BE%D0%B2%D0%BE%D1%80%D0%B8%D1%82/?p=2 HTTP/1.1" 200 30457 "-" "Mozilla/5.0 (compatible; DotBot/1.1; http://www.opensiteexplorer.org/dotbot, help@moz.com)" "-"
216.244.66.248 - - [19/Jul/2020:07:52:41 +0000] "GET /%D0%B2%D1%8B%D1%85%D0%BE%D0%B4%D1%8F%D1%82-%D0%B1%D0%BB%D0%BE%D1%85%D0%B8-%D0%B8%D0%B7-%D1%80%D0%B5%D1%81%D1%82%D0%BE%D1%80%D0%B0%D0%BD%D0%B0-%D0%BE%D0%B4%D0%BD%D0%B0-%D0%B4%D1%80%D1%83%D0%B3%D0%BE%D0%B9-%D0%B3%D0%BE%D0%B2%D0%BE%D1%80%D0%B8%D1%82/?p=2 HTTP/1.1" 200 30457 "-" "Mozilla/5.0 (compatible; DotBot/1.1; http://www.opensiteexplorer.org/dotbot, help@moz.com)"
178.154.200.81 - - [19/Jul/2020:07:52:42 +0000] "GET /-%D0%B7%D0%B4%D1%80%D0%B0%D0%B2%D1%81%D1%82%D0%B2%D1%83%D0%B9%D1%82%D0%B5-%D1%8D%D1%82%D0%BE-%D0%BA%D0%B2%D0%B0%D1%80%D1%82%D0%B8%D1%80%D0%B0-%D0%AD%D0%B4%D0%B8%D1%82%D1%8B-%D0%9F%D1%8C%D0%B5%D1%85%D0%B8/ HTTP/1.1" 200 12423 "-" "Mozilla/5.0 (compatible; YandexBot/3.0; +http://yandex.com/bots)" "-"
178.154.200.81 - - [19/Jul/2020:07:52:42 +0000] "GET /-%D0%B7%D0%B4%D1%80%D0%B0%D0%B2%D1%81%D1%82%D0%B2%D1%83%D0%B9%D1%82%D0%B5-%D1%8D%D1%82%D0%BE-%D0%BA%D0%B2%D0%B0%D1%80%D1%82%D0%B8%D1%80%D0%B0-%D0%AD%D0%B4%D0%B8%D1%82%D1%8B-%D0%9F%D1%8C%D0%B5%D1%85%D0%B8/ HTTP/1.1" 200 12423 "-" "Mozilla/5.0 (compatible; YandexBot/3.0; +http://yandex.com/bots)"
114.119.165.126 - - [19/Jul/2020:07:53:03 +0000] "GET /%D0%B0%D0%BD%D0%B3%D0%BB%D0%B8%D0%B9%D1%81%D0%BA%D0%B8%D0%B9-%D0%BA%D0%BE%D1%80%D0%BE%D0%BB%D1%8C-%D0%A0%D0%B8%D1%87%D0%B0%D1%80%D0%B4-%D0%9B%D1%8C%D0%B2%D0%B8%D0%BD%D0%BE%D0%B5-%D0%A1%D0%B5%D1%80%D0%B4%D1%86%D0%B5 HTTP/1.1" 301 0 "-" "Mozilla/5.0 (Linux; Android 7.0;) AppleWebKit/537.36 (KHTML, like Gecko) Mobile Safari/537.36 (compatible; PetalBot;+https://aspiegel.com/petalbot)" "-"
114.119.165.126 - - [19/Jul/2020:07:53:03 +0000] "GET /%D0%B0%D0%BD%D0%B3%D0%BB%D0%B8%D0%B9%D1%81%D0%BA%D0%B8%D0%B9-%D0%BA%D0%BE%D1%80%D0%BE%D0%BB%D1%8C-%D0%A0%D0%B8%D1%87%D0%B0%D1%80%D0%B4-%D0%9B%D1%8C%D0%B2%D0%B8%D0%BD%D0%BE%D0%B5-%D0%A1%D0%B5%D1%80%D0%B4%D1%86%D0%B5 HTTP/1.1" 301 0 "-" "Mozilla/5.0 (Linux; Android 7.0;) AppleWebKit/537.36 (KHTML, like Gecko) Mobile Safari/537.36 (compatible; PetalBot;+https://aspiegel.com/petalbot)"
114.119.165.126 - - [19/Jul/2020:07:53:04 +0000] "GET /%D0%B0%D0%BD%D0%B3%D0%BB%D0%B8%D0%B9%D1%81%D0%BA%D0%B8%D0%B9-%D0%BA%D0%BE%D1%80%D0%BE%D0%BB%D1%8C-%D0%A0%D0%B8%D1%87%D0%B0%D1%80%D0%B4-%D0%9B%D1%8C%D0%B2%D0%B8%D0%BD%D0%BE%D0%B5-%D0%A1%D0%B5%D1%80%D0%B4%D1%86%D0%B5/ HTTP/1.1" 200 14886 "-" "Mozilla/5.0 (Linux; Android 7.0;) AppleWebKit/537.36 (KHTML, like Gecko) Mobile Safari/537.36 (compatible; PetalBot;+https://aspiegel.com/petalbot)" "-"
114.119.165.126 - - [19/Jul/2020:07:53:04 +0000] "GET /%D0%B0%D0%BD%D0%B3%D0%BB%D0%B8%D0%B9%D1%81%D0%BA%D0%B8%D0%B9-%D0%BA%D0%BE%D1%80%D0%BE%D0%BB%D1%8C-%D0%A0%D0%B8%D1%87%D0%B0%D1%80%D0%B4-%D0%9B%D1%8C%D0%B2%D0%B8%D0%BD%D0%BE%D0%B5-%D0%A1%D0%B5%D1%80%D0%B4%D1%86%D0%B5/ HTTP/1.1" 200 14886 "-" "Mozilla/5.0 (Linux; Android 7.0;) AppleWebKit/537.36 (KHTML, like Gecko) Mobile Safari/537.36 (compatible; PetalBot;+https://aspiegel.com/petalbot)"
46.229.168.140 - - [19/Jul/2020:07:53:04 +0000] "GET /%D1%8D%D0%BB%D0%B5%D0%BA%D1%82%D1%80%D0%B8%D0%BA-%D0%B8%D0%BD%D1%82%D1%80%D0%BE%D0%B2%D0%B5%D1%80%D1%82/?p=2 HTTP/1.1" 200 9868 "-" "Mozilla/5.0 (compatible; SemrushBot/6~bl; +http://www.semrush.com/bot.html)" "-"
46.229.168.140 - - [19/Jul/2020:07:53:04 +0000] "GET /%D1%8D%D0%BB%D0%B5%D0%BA%D1%82%D1%80%D0%B8%D0%BA-%D0%B8%D0%BD%D1%82%D1%80%D0%BE%D0%B2%D0%B5%D1%80%D1%82/?p=2 HTTP/1.1" 200 9868 "-" "Mozilla/5.0 (compatible; SemrushBot/6~bl; +http://www.semrush.com/bot.html)"
178.154.200.81 - - [19/Jul/2020:07:53:05 +0000] "GET /%D1%81%D0%B5%D0%BB%D0%BE-%D1%85%D0%B0%D1%82%D0%B0-%D0%B2-%D0%BF%D0%BE%D1%81%D1%82%D0%B5%D0%BB%D0%B8-%D0%BB%D0%B5%D0%B6%D0%B0%D1%82-%D0%B4%D0%B2%D0%BE%D0%B5-%D0%BE%D0%BD%D0%B0-%D0%9C%D1%8B%D0%BA%D0%BE%D0%BB%D0%B0-%D0%B0-%D0%B7%D0%B0%D1%81%D1%83%D0%BD%D1%8C/?p=3 HTTP/1.1" 200 12412 "-" "Mozilla/5.0 (compatible; YandexBot/3.0; +http://yandex.com/bots)" "-"
178.154.200.81 - - [19/Jul/2020:07:53:05 +0000] "GET /%D1%81%D0%B5%D0%BB%D0%BE-%D1%85%D0%B0%D1%82%D0%B0-%D0%B2-%D0%BF%D0%BE%D1%81%D1%82%D0%B5%D0%BB%D0%B8-%D0%BB%D0%B5%D0%B6%D0%B0%D1%82-%D0%B4%D0%B2%D0%BE%D0%B5-%D0%BE%D0%BD%D0%B0-%D0%9C%D1%8B%D0%BA%D0%BE%D0%BB%D0%B0-%D0%B0-%D0%B7%D0%B0%D1%81%D1%83%D0%BD%D1%8C/?p=3 HTTP/1.1" 200 12412 "-" "Mozilla/5.0 (compatible; YandexBot/3.0; +http://yandex.com/bots)"
178.154.200.81 - - [19/Jul/2020:07:53:14 +0000] "GET /-%D0%B4%D0%BE%D1%80%D0%BE%D0%B3%D0%BE%D0%B9-%D0%BD%D0%B0%D0%B4%D0%BE-%D0%BF%D0%BE%D0%BC%D1%8B%D1%82%D1%8C-%D0%BF%D0%BE%D1%81%D1%83%D0%B4%D1%83-%D0%B3%D0%B4%D0%B5-%D1%83-%D0%BD%D0%B0%D1%81-%D1%82%D1%80%D1%8F%D0%BF%D0%BA%D0%B0/?p=1 HTTP/1.1" 200 12759 "-" "Mozilla/5.0 (compatible; YandexBot/3.0; +http://yandex.com/bots)" "-"
178.154.200.81 - - [19/Jul/2020:07:53:14 +0000] "GET /-%D0%B4%D0%BE%D1%80%D0%BE%D0%B3%D0%BE%D0%B9-%D0%BD%D0%B0%D0%B4%D0%BE-%D0%BF%D0%BE%D0%BC%D1%8B%D1%82%D1%8C-%D0%BF%D0%BE%D1%81%D1%83%D0%B4%D1%83-%D0%B3%D0%B4%D0%B5-%D1%83-%D0%BD%D0%B0%D1%81-%D1%82%D1%80%D1%8F%D0%BF%D0%BA%D0%B0/?p=1 HTTP/1.1" 200 12759 "-" "Mozilla/5.0 (compatible; YandexBot/3.0; +http://yandex.com/bots)"
66.249.68.33 - - [19/Jul/2020:07:53:19 +0000] "GET /%D0%BE%D0%B4%D0%B8%D0%BD-%D0%BC%D0%B0%D0%BB%D1%8C%D1%87%D0%B8%D0%BA-%D1%80%D0%BE%D0%B4%D0%B8%D0%BB%D1%81%D1%8F-%D1%81-%D0%B3%D0%B0%D0%B9%D0%BA%D0%BE%D0%B9-%D0%B2%D0%BC%D0%B5%D1%81%D1%82%D0%BE-%D0%BF%D1%83%D0%BF%D0%BA%D0%B0/ HTTP/1.1" 304 0 "-" "Mozilla/5.0 (Linux; Android 6.0.1; Nexus 5X Build/MMB29P) AppleWebKit/537.36 (KHTML, like Gecko) Chrome/80.0.3987.92 Mobile Safari/537.36 (compatible; Googlebot/2.1; +http://www.google.com/bot.html)" "-"
66.249.68.33 - - [19/Jul/2020:07:53:19 +0000] "GET /%D0%BE%D0%B4%D0%B8%D0%BD-%D0%BC%D0%B0%D0%BB%D1%8C%D1%87%D0%B8%D0%BA-%D1%80%D0%BE%D0%B4%D0%B8%D0%BB%D1%81%D1%8F-%D1%81-%D0%B3%D0%B0%D0%B9%D0%BA%D0%BE%D0%B9-%D0%B2%D0%BC%D0%B5%D1%81%D1%82%D0%BE-%D0%BF%D1%83%D0%BF%D0%BA%D0%B0/ HTTP/1.1" 304 0 "-" "Mozilla/5.0 (Linux; Android 6.0.1; Nexus 5X Build/MMB29P) AppleWebKit/537.36 (KHTML, like Gecko) Chrome/80.0.3987.92 Mobile Safari/537.36 (compatible; Googlebot/2.1; +http://www.google.com/bot.html)"
176.193.24.191 - - [19/Jul/2020:07:53:21 +0000] "POST /admin/jokes/joke/25786/change/ HTTP/2.0" 302 0 "https://baneks.site/admin/jokes/joke/25786/change/" "Mozilla/5.0 (X11; Linux x86_64) AppleWebKit/537.36 (KHTML, like Gecko) Chrome/81.0.4044.138 Safari/537.36" "-"
176.193.24.191 - - [19/Jul/2020:07:53:21 +0000] "POST /admin/jokes/joke/25786/change/ HTTP/2.0" 302 0 "https://baneks.site/admin/jokes/joke/25786/change/" "Mozilla/5.0 (X11; Linux x86_64) AppleWebKit/537.36 (KHTML, like Gecko) Chrome/81.0.4044.138 Safari/537.36"
176.193.24.191 - - [19/Jul/2020:07:53:21 +0000] "GET /admin/jokes/joke/25787/change/ HTTP/2.0" 200 8734 "https://baneks.site/admin/jokes/joke/25786/change/" "Mozilla/5.0 (X11; Linux x86_64) AppleWebKit/537.36 (KHTML, like Gecko) Chrome/81.0.4044.138 Safari/537.36" "-"
176.193.24.191 - - [19/Jul/2020:07:53:21 +0000] "GET /admin/jokes/joke/25787/change/ HTTP/2.0" 200 8734 "https://baneks.site/admin/jokes/joke/25786/change/" "Mozilla/5.0 (X11; Linux x86_64) AppleWebKit/537.36 (KHTML, like Gecko) Chrome/81.0.4044.138 Safari/537.36"
176.193.24.191 - - [19/Jul/2020:07:53:25 +0000] "POST /admin/jokes/joke/25787/change/ HTTP/2.0" 200 8791 "https://baneks.site/admin/jokes/joke/25787/change/" "Mozilla/5.0 (X11; Linux x86_64) AppleWebKit/537.36 (KHTML, like Gecko) Chrome/81.0.4044.138 Safari/537.36" "-"
176.193.24.191 - - [19/Jul/2020:07:53:25 +0000] "POST /admin/jokes/joke/25787/change/ HTTP/2.0" 200 8791 "https://baneks.site/admin/jokes/joke/25787/change/" "Mozilla/5.0 (X11; Linux x86_64) AppleWebKit/537.36 (KHTML, like Gecko) Chrome/81.0.4044.138 Safari/537.36"
46.229.168.137 - - [19/Jul/2020:07:53:27 +0000] "GET /%D0%BA%D0%B0%D0%BA-%D0%BF%D1%80%D0%B0%D0%B2%D0%B8%D0%BB%D1%8C%D0%BD%D0%BE-%D0%BC%D0%B5%D1%80%D0%B8%D1%82%D1%8C-%D1%87%D0%BB%D0%B5%D0%BD-%D1%87%D1%82%D0%BE%D0%B1%D1%8B/?p=2 HTTP/1.1" 200 12726 "-" "Mozilla/5.0 (compatible; SemrushBot/6~bl; +http://www.semrush.com/bot.html)" "-"
46.229.168.137 - - [19/Jul/2020:07:53:27 +0000] "GET /%D0%BA%D0%B0%D0%BA-%D0%BF%D1%80%D0%B0%D0%B2%D0%B8%D0%BB%D1%8C%D0%BD%D0%BE-%D0%BC%D0%B5%D1%80%D0%B8%D1%82%D1%8C-%D1%87%D0%BB%D0%B5%D0%BD-%D1%87%D1%82%D0%BE%D0%B1%D1%8B/?p=2 HTTP/1.1" 200 12726 "-" "Mozilla/5.0 (compatible; SemrushBot/6~bl; +http://www.semrush.com/bot.html)"
176.193.24.191 - - [19/Jul/2020:07:53:29 +0000] "POST /admin/jokes/joke/25787/change/ HTTP/2.0" 302 0 "https://baneks.site/admin/jokes/joke/25787/change/" "Mozilla/5.0 (X11; Linux x86_64) AppleWebKit/537.36 (KHTML, like Gecko) Chrome/81.0.4044.138 Safari/537.36" "-"
176.193.24.191 - - [19/Jul/2020:07:53:29 +0000] "POST /admin/jokes/joke/25787/change/ HTTP/2.0" 302 0 "https://baneks.site/admin/jokes/joke/25787/change/" "Mozilla/5.0 (X11; Linux x86_64) AppleWebKit/537.36 (KHTML, like Gecko) Chrome/81.0.4044.138 Safari/537.36"
176.193.24.191 - - [19/Jul/2020:07:53:29 +0000] "GET /admin/jokes/joke/25788/change/ HTTP/2.0" 200 8242 "https://baneks.site/admin/jokes/joke/25787/change/" "Mozilla/5.0 (X11; Linux x86_64) AppleWebKit/537.36 (KHTML, like Gecko) Chrome/81.0.4044.138 Safari/537.36" "-"
176.193.24.191 - - [19/Jul/2020:07:53:29 +0000] "GET /admin/jokes/joke/25788/change/ HTTP/2.0" 200 8242 "https://baneks.site/admin/jokes/joke/25787/change/" "Mozilla/5.0 (X11; Linux x86_64) AppleWebKit/537.36 (KHTML, like Gecko) Chrome/81.0.4044.138 Safari/537.36"
213.87.160.217 - - [19/Jul/2020:07:53:30 +0000] "GET /%D0%BA%D0%BB%D0%B8%D1%88%D0%B5-%D0%B4%D0%BB%D1%8F-%D0%BF%D0%BE%D0%B4%D0%BF%D0%B8%D1%81%D1%87%D0%B8%D0%BA%D0%BE%D0%B2-%D0%B0%D0%BA%D0%B1/?p=3 HTTP/2.0" 200 14536 "https://www.google.ru/" "Mozilla/5.0 (iPhone; CPU iPhone OS 13_5_1 like Mac OS X) AppleWebKit/605.1.15 (KHTML, like Gecko) Version/13.1.1 Mobile/15E148 Safari/604.1" "-"
213.87.160.217 - - [19/Jul/2020:07:53:30 +0000] "GET /%D0%BA%D0%BB%D0%B8%D1%88%D0%B5-%D0%B4%D0%BB%D1%8F-%D0%BF%D0%BE%D0%B4%D0%BF%D0%B8%D1%81%D1%87%D0%B8%D0%BA%D0%BE%D0%B2-%D0%B0%D0%BA%D0%B1/?p=3 HTTP/2.0" 200 14536 "https://www.google.ru/" "Mozilla/5.0 (iPhone; CPU iPhone OS 13_5_1 like Mac OS X) AppleWebKit/605.1.15 (KHTML, like Gecko) Version/13.1.1 Mobile/15E148 Safari/604.1"
213.87.160.217 - - [19/Jul/2020:07:53:31 +0000] "GET /%D0%BA%D0%BB%D0%B8%D1%88%D0%B5-%D0%B4%D0%BB%D1%8F-%D0%BF%D0%BE%D0%B4%D0%BF%D0%B8%D1%81%D1%87%D0%B8%D0%BA%D0%BE%D0%B2-%D0%B0%D0%BA%D0%B1/?p=3 HTTP/2.0" 200 14536 "https://baneks.site/%D0%BA%D0%BB%D0%B8%D1%88%D0%B5-%D0%B4%D0%BB%D1%8F-%D0%BF%D0%BE%D0%B4%D0%BF%D0%B8%D1%81%D1%87%D0%B8%D0%BA%D0%BE%D0%B2-%D0%B0%D0%BA%D0%B1/?p=3" "Mozilla/5.0 (iPhone; CPU iPhone OS 13_5_1 like Mac OS X) AppleWebKit/605.1.15 (KHTML, like Gecko) Version/13.1.1 Mobile/15E148 Safari/604.1" "-"
213.87.160.217 - - [19/Jul/2020:07:53:31 +0000] "GET /%D0%BA%D0%BB%D0%B8%D1%88%D0%B5-%D0%B4%D0%BB%D1%8F-%D0%BF%D0%BE%D0%B4%D0%BF%D0%B8%D1%81%D1%87%D0%B8%D0%BA%D0%BE%D0%B2-%D0%B0%D0%BA%D0%B1/?p=3 HTTP/2.0" 200 14536 "https://baneks.site/%D0%BA%D0%BB%D0%B8%D1%88%D0%B5-%D0%B4%D0%BB%D1%8F-%D0%BF%D0%BE%D0%B4%D0%BF%D0%B8%D1%81%D1%87%D0%B8%D0%BA%D0%BE%D0%B2-%D0%B0%D0%BA%D0%B1/?p=3" "Mozilla/5.0 (iPhone; CPU iPhone OS 13_5_1 like Mac OS X) AppleWebKit/605.1.15 (KHTML, like Gecko) Version/13.1.1 Mobile/15E148 Safari/604.1"
172.58.92.218 - - [19/Jul/2020:07:53:31 +0000] "GET /%D0%BB%D0%B5%D1%82%D0%B8%D1%82-%D0%BF%D0%B8%D0%B7%D0%B4%D0%B5%D1%86-%D0%B2%D0%B4%D1%80%D1%83%D0%B3-%D0%B2%D0%B8%D0%B4%D0%B8%D1%82-%D0%B5%D0%BB%D1%8C-%D1%81%D1%82%D0%BE%D0%B8%D1%82/?p=3 HTTP/2.0" 200 13815 "https://www.google.com/" "Mozilla/5.0 (iPhone; CPU iPhone OS 13_5 like Mac OS X) AppleWebKit/605.1.15 (KHTML, like Gecko) CriOS/83.0.4103.88 Mobile/15E148 Safari/604.1" "-"
172.58.92.218 - - [19/Jul/2020:07:53:31 +0000] "GET /%D0%BB%D0%B5%D1%82%D0%B8%D1%82-%D0%BF%D0%B8%D0%B7%D0%B4%D0%B5%D1%86-%D0%B2%D0%B4%D1%80%D1%83%D0%B3-%D0%B2%D0%B8%D0%B4%D0%B8%D1%82-%D0%B5%D0%BB%D1%8C-%D1%81%D1%82%D0%BE%D0%B8%D1%82/?p=3 HTTP/2.0" 200 13815 "https://www.google.com/" "Mozilla/5.0 (iPhone; CPU iPhone OS 13_5 like Mac OS X) AppleWebKit/605.1.15 (KHTML, like Gecko) CriOS/83.0.4103.88 Mobile/15E148 Safari/604.1"
172.58.92.218 - - [19/Jul/2020:07:53:35 +0000] "GET /%D0%BB%D0%B5%D1%82%D0%B8%D1%82-%D0%BF%D0%B8%D0%B7%D0%B4%D0%B5%D1%86-%D0%B2%D0%B4%D1%80%D1%83%D0%B3-%D0%B2%D0%B8%D0%B4%D0%B8%D1%82-%D0%B5%D0%BB%D1%8C-%D1%81%D1%82%D0%BE%D0%B8%D1%82/?p=3 HTTP/2.0" 200 13815 "https://baneks.site/%D0%BB%D0%B5%D1%82%D0%B8%D1%82-%D0%BF%D0%B8%D0%B7%D0%B4%D0%B5%D1%86-%D0%B2%D0%B4%D1%80%D1%83%D0%B3-%D0%B2%D0%B8%D0%B4%D0%B8%D1%82-%D0%B5%D0%BB%D1%8C-%D1%81%D1%82%D0%BE%D0%B8%D1%82/?p=3" "Mozilla/5.0 (iPhone; CPU iPhone OS 13_5 like Mac OS X) AppleWebKit/605.1.15 (KHTML, like Gecko) CriOS/83.0.4103.88 Mobile/15E148 Safari/604.1" "-"
172.58.92.218 - - [19/Jul/2020:07:53:35 +0000] "GET /%D0%BB%D0%B5%D1%82%D0%B8%D1%82-%D0%BF%D0%B8%D0%B7%D0%B4%D0%B5%D1%86-%D0%B2%D0%B4%D1%80%D1%83%D0%B3-%D0%B2%D0%B8%D0%B4%D0%B8%D1%82-%D0%B5%D0%BB%D1%8C-%D1%81%D1%82%D0%BE%D0%B8%D1%82/?p=3 HTTP/2.0" 200 13815 "https://baneks.site/%D0%BB%D0%B5%D1%82%D0%B8%D1%82-%D0%BF%D0%B8%D0%B7%D0%B4%D0%B5%D1%86-%D0%B2%D0%B4%D1%80%D1%83%D0%B3-%D0%B2%D0%B8%D0%B4%D0%B8%D1%82-%D0%B5%D0%BB%D1%8C-%D1%81%D1%82%D0%BE%D0%B8%D1%82/?p=3" "Mozilla/5.0 (iPhone; CPU iPhone OS 13_5 like Mac OS X) AppleWebKit/605.1.15 (KHTML, like Gecko) CriOS/83.0.4103.88 Mobile/15E148 Safari/604.1"
176.59.129.176 - - [19/Jul/2020:07:53:45 +0000] "GET /%D1%80%D1%83%D1%81%D0%B0%D0%BB%D0%BA%D0%B0-%D1%81%D0%B5%D0%BB%D0%B0-%D0%BD%D0%B0-%D1%88%D0%BF%D0%B0%D0%B3%D0%B0%D1%82/ HTTP/2.0" 200 11686 "https://yandex.ru/" "Mozilla/5.0 (Linux; arm; Android 8.1.0; Redmi 6) AppleWebKit/537.36 (KHTML, like Gecko) Chrome/81.0.4044.138 YaBrowser/20.6.2.104.00 SA/2 Mobile Safari/537.36" "-"
176.59.129.176 - - [19/Jul/2020:07:53:45 +0000] "GET /%D1%80%D1%83%D1%81%D0%B0%D0%BB%D0%BA%D0%B0-%D1%81%D0%B5%D0%BB%D0%B0-%D0%BD%D0%B0-%D1%88%D0%BF%D0%B0%D0%B3%D0%B0%D1%82/ HTTP/2.0" 200 11686 "https://yandex.ru/" "Mozilla/5.0 (Linux; arm; Android 8.1.0; Redmi 6) AppleWebKit/537.36 (KHTML, like Gecko) Chrome/81.0.4044.138 YaBrowser/20.6.2.104.00 SA/2 Mobile Safari/537.36"
213.87.150.122 - - [19/Jul/2020:07:53:51 +0000] "GET /%D1%81%D1%82%D0%BE%D1%8F%D1%82-%D0%BF%D0%B0%D1%81%D1%81%D0%B0%D0%B6%D0%B8%D1%80%D1%8B-%D0%B2-%D0%B0%D1%8D%D1%80%D0%BE%D0%BF%D0%BE%D1%80%D1%82%D1%83-%D0%BF%D0%BE%D1%81%D0%B0%D0%B4%D0%BE%D1%87%D0%BD%D1%8B%D0%B9-%D0%B4%D0%BE%D1%81%D0%BC%D0%BE%D1%82%D1%80/?p=4 HTTP/2.0" 200 15578 "https://www.google.com/" "Mozilla/5.0 (iPhone; CPU iPhone OS 12_2 like Mac OS X) AppleWebKit/605.1.15 (KHTML, like Gecko) GSA/82.1.267240167 Mobile/15E148 Safari/605.1" "-"
213.87.150.122 - - [19/Jul/2020:07:53:51 +0000] "GET /%D1%81%D1%82%D0%BE%D1%8F%D1%82-%D0%BF%D0%B0%D1%81%D1%81%D0%B0%D0%B6%D0%B8%D1%80%D1%8B-%D0%B2-%D0%B0%D1%8D%D1%80%D0%BE%D0%BF%D0%BE%D1%80%D1%82%D1%83-%D0%BF%D0%BE%D1%81%D0%B0%D0%B4%D0%BE%D1%87%D0%BD%D1%8B%D0%B9-%D0%B4%D0%BE%D1%81%D0%BC%D0%BE%D1%82%D1%80/?p=4 HTTP/2.0" 200 15578 "https://www.google.com/" "Mozilla/5.0 (iPhone; CPU iPhone OS 12_2 like Mac OS X) AppleWebKit/605.1.15 (KHTML, like Gecko) GSA/82.1.267240167 Mobile/15E148 Safari/605.1"
213.87.150.122 - - [19/Jul/2020:07:53:53 +0000] "GET /%D1%81%D1%82%D0%BE%D1%8F%D1%82-%D0%BF%D0%B0%D1%81%D1%81%D0%B0%D0%B6%D0%B8%D1%80%D1%8B-%D0%B2-%D0%B0%D1%8D%D1%80%D0%BE%D0%BF%D0%BE%D1%80%D1%82%D1%83-%D0%BF%D0%BE%D1%81%D0%B0%D0%B4%D0%BE%D1%87%D0%BD%D1%8B%D0%B9-%D0%B4%D0%BE%D1%81%D0%BC%D0%BE%D1%82%D1%80/?p=4 HTTP/2.0" 200 15578 "https://baneks.site/%D1%81%D1%82%D0%BE%D1%8F%D1%82-%D0%BF%D0%B0%D1%81%D1%81%D0%B0%D0%B6%D0%B8%D1%80%D1%8B-%D0%B2-%D0%B0%D1%8D%D1%80%D0%BE%D0%BF%D0%BE%D1%80%D1%82%D1%83-%D0%BF%D0%BE%D1%81%D0%B0%D0%B4%D0%BE%D1%87%D0%BD%D1%8B%D0%B9-%D0%B4%D0%BE%D1%81%D0%BC%D0%BE%D1%82%D1%80/?p=4" "Mozilla/5.0 (iPhone; CPU iPhone OS 12_2 like Mac OS X) AppleWebKit/605.1.15 (KHTML, like Gecko) GSA/82.1.267240167 Mobile/15E148 Safari/605.1" "-"
213.87.150.122 - - [19/Jul/2020:07:53:53 +0000] "GET /%D1%81%D1%82%D0%BE%D1%8F%D1%82-%D0%BF%D0%B0%D1%81%D1%81%D0%B0%D0%B6%D0%B8%D1%80%D1%8B-%D0%B2-%D0%B0%D1%8D%D1%80%D0%BE%D0%BF%D0%BE%D1%80%D1%82%D1%83-%D0%BF%D0%BE%D1%81%D0%B0%D0%B4%D0%BE%D1%87%D0%BD%D1%8B%D0%B9-%D0%B4%D0%BE%D1%81%D0%BC%D0%BE%D1%82%D1%80/?p=4 HTTP/2.0" 200 15578 "https://baneks.site/%D1%81%D1%82%D0%BE%D1%8F%D1%82-%D0%BF%D0%B0%D1%81%D1%81%D0%B0%D0%B6%D0%B8%D1%80%D1%8B-%D0%B2-%D0%B0%D1%8D%D1%80%D0%BE%D0%BF%D0%BE%D1%80%D1%82%D1%83-%D0%BF%D0%BE%D1%81%D0%B0%D0%B4%D0%BE%D1%87%D0%BD%D1%8B%D0%B9-%D0%B4%D0%BE%D1%81%D0%BC%D0%BE%D1%82%D1%80/?p=4" "Mozilla/5.0 (iPhone; CPU iPhone OS 12_2 like Mac OS X) AppleWebKit/605.1.15 (KHTML, like Gecko) GSA/82.1.267240167 Mobile/15E148 Safari/605.1"
178.154.200.81 - - [19/Jul/2020:07:53:59 +0000] "GET /%D1%80%D1%83%D1%81%D0%B0%D0%BB%D0%BA%D0%B0-%D1%81%D0%B5%D0%BB%D0%B0-%D0%BD%D0%B0-%D1%88%D0%BF%D0%B0%D0%B3%D0%B0%D1%82/ HTTP/1.1" 200 11844 "-" "Mozilla/5.0 (compatible; YandexBot/3.0; +http://yandex.com/bots)" "-"
178.154.200.81 - - [19/Jul/2020:07:53:59 +0000] "GET /%D1%80%D1%83%D1%81%D0%B0%D0%BB%D0%BA%D0%B0-%D1%81%D0%B5%D0%BB%D0%B0-%D0%BD%D0%B0-%D1%88%D0%BF%D0%B0%D0%B3%D0%B0%D1%82/ HTTP/1.1" 200 11844 "-" "Mozilla/5.0 (compatible; YandexBot/3.0; +http://yandex.com/bots)"
193.143.64.223 - - [19/Jul/2020:07:54:00 +0000] "GET /19-%D0%B2%D0%B5%D0%BA-%D0%A0%D0%BE%D1%81%D1%81%D0%B8%D1%8F-%D0%BF%D0%BE%D0%B5%D0%B7%D0%B4-%D0%9C%D0%BE%D1%81%D0%BA%D0%B2%D0%B0-%D0%A1%D0%B0%D0%BD%D0%BA%D1%82-%D0%9F%D0%B5%D1%82%D0%B5%D1%80%D0%B1%D1%83%D1%80%D0%B3/?p=3 HTTP/2.0" 200 13583 "https://www.google.com/" "Mozilla/5.0 (Linux; Android 10; HMA-L29) AppleWebKit/537.36 (KHTML, like Gecko) Chrome/84.0.4147.89 Mobile Safari/537.36" "-"
193.143.64.223 - - [19/Jul/2020:07:54:00 +0000] "GET /19-%D0%B2%D0%B5%D0%BA-%D0%A0%D0%BE%D1%81%D1%81%D0%B8%D1%8F-%D0%BF%D0%BE%D0%B5%D0%B7%D0%B4-%D0%9C%D0%BE%D1%81%D0%BA%D0%B2%D0%B0-%D0%A1%D0%B0%D0%BD%D0%BA%D1%82-%D0%9F%D0%B5%D1%82%D0%B5%D1%80%D0%B1%D1%83%D1%80%D0%B3/?p=3 HTTP/2.0" 200 13583 "https://www.google.com/" "Mozilla/5.0 (Linux; Android 10; HMA-L29) AppleWebKit/537.36 (KHTML, like Gecko) Chrome/84.0.4147.89 Mobile Safari/537.36"
193.143.64.223 - - [19/Jul/2020:07:54:01 +0000] "GET /19-%D0%B2%D0%B5%D0%BA-%D0%A0%D0%BE%D1%81%D1%81%D0%B8%D1%8F-%D0%BF%D0%BE%D0%B5%D0%B7%D0%B4-%D0%9C%D0%BE%D1%81%D0%BA%D0%B2%D0%B0-%D0%A1%D0%B0%D0%BD%D0%BA%D1%82-%D0%9F%D0%B5%D1%82%D0%B5%D1%80%D0%B1%D1%83%D1%80%D0%B3/?p=3 HTTP/2.0" 200 13583 "https://baneks.site/19-%D0%B2%D0%B5%D0%BA-%D0%A0%D0%BE%D1%81%D1%81%D0%B8%D1%8F-%D0%BF%D0%BE%D0%B5%D0%B7%D0%B4-%D0%9C%D0%BE%D1%81%D0%BA%D0%B2%D0%B0-%D0%A1%D0%B0%D0%BD%D0%BA%D1%82-%D0%9F%D0%B5%D1%82%D0%B5%D1%80%D0%B1%D1%83%D1%80%D0%B3/?p=3" "Mozilla/5.0 (Linux; Android 10; HMA-L29) AppleWebKit/537.36 (KHTML, like Gecko) Chrome/84.0.4147.89 Mobile Safari/537.36" "-"
193.143.64.223 - - [19/Jul/2020:07:54:01 +0000] "GET /19-%D0%B2%D0%B5%D0%BA-%D0%A0%D0%BE%D1%81%D1%81%D0%B8%D1%8F-%D0%BF%D0%BE%D0%B5%D0%B7%D0%B4-%D0%9C%D0%BE%D1%81%D0%BA%D0%B2%D0%B0-%D0%A1%D0%B0%D0%BD%D0%BA%D1%82-%D0%9F%D0%B5%D1%82%D0%B5%D1%80%D0%B1%D1%83%D1%80%D0%B3/?p=3 HTTP/2.0" 200 13583 "https://baneks.site/19-%D0%B2%D0%B5%D0%BA-%D0%A0%D0%BE%D1%81%D1%81%D0%B8%D1%8F-%D0%BF%D0%BE%D0%B5%D0%B7%D0%B4-%D0%9C%D0%BE%D1%81%D0%BA%D0%B2%D0%B0-%D0%A1%D0%B0%D0%BD%D0%BA%D1%82-%D0%9F%D0%B5%D1%82%D0%B5%D1%80%D0%B1%D1%83%D1%80%D0%B3/?p=3" "Mozilla/5.0 (Linux; Android 10; HMA-L29) AppleWebKit/537.36 (KHTML, like Gecko) Chrome/84.0.4147.89 Mobile Safari/537.36"
66.249.68.36 - - [19/Jul/2020:07:54:13 +0000] "GET /%D0%B2-%D1%86%D0%B8%D1%80%D0%BA%D0%B5-%D0%B0-%D1%81%D0%B5%D0%B9%D1%87%D0%B0%D1%81-%D0%B2%D1%8B-%D1%83%D0%B2%D0%B8%D0%B4%D0%B5%D1%82%D0%B5-%D0%BD%D0%BE%D0%BC%D0%B5%D1%80-%D0%BB%D0%B5%D1%82%D0%B0%D1%8E%D1%89%D0%B8%D0%B5/ HTTP/1.1" 304 0 "-" "Mozilla/5.0 (Linux; Android 6.0.1; Nexus 5X Build/MMB29P) AppleWebKit/537.36 (KHTML, like Gecko) Chrome/80.0.3987.92 Mobile Safari/537.36 (compatible; Googlebot/2.1; +http://www.google.com/bot.html)" "-"
66.249.68.36 - - [19/Jul/2020:07:54:13 +0000] "GET /%D0%B2-%D1%86%D0%B8%D1%80%D0%BA%D0%B5-%D0%B0-%D1%81%D0%B5%D0%B9%D1%87%D0%B0%D1%81-%D0%B2%D1%8B-%D1%83%D0%B2%D0%B8%D0%B4%D0%B5%D1%82%D0%B5-%D0%BD%D0%BE%D0%BC%D0%B5%D1%80-%D0%BB%D0%B5%D1%82%D0%B0%D1%8E%D1%89%D0%B8%D0%B5/ HTTP/1.1" 304 0 "-" "Mozilla/5.0 (Linux; Android 6.0.1; Nexus 5X Build/MMB29P) AppleWebKit/537.36 (KHTML, like Gecko) Chrome/80.0.3987.92 Mobile Safari/537.36 (compatible; Googlebot/2.1; +http://www.google.com/bot.html)"
178.154.200.81 - - [19/Jul/2020:07:54:14 +0000] "GET /%D0%B2-%D0%BF%D0%BE%D0%B4%D1%8A%D0%B5%D0%B7%D0%B4%D0%B5-%D0%BE%D0%BD-%D0%B8-%D0%BE%D0%BD%D0%B0-%D0%B4%D0%BE%D1%80%D0%BE%D0%B3%D0%BE%D0%B9-%D0%B2%D1%8B%D0%BA%D1%80%D1%83%D1%82%D0%B8-%D0%BB%D0%B0%D0%BC%D0%BF%D0%BE%D1%87%D0%BA%D1%83-%D1%8F/?p=2 HTTP/1.1" 200 10191 "-" "Mozilla/5.0 (compatible; YandexBot/3.0; +http://yandex.com/bots)" "-"
178.154.200.81 - - [19/Jul/2020:07:54:14 +0000] "GET /%D0%B2-%D0%BF%D0%BE%D0%B4%D1%8A%D0%B5%D0%B7%D0%B4%D0%B5-%D0%BE%D0%BD-%D0%B8-%D0%BE%D0%BD%D0%B0-%D0%B4%D0%BE%D1%80%D0%BE%D0%B3%D0%BE%D0%B9-%D0%B2%D1%8B%D0%BA%D1%80%D1%83%D1%82%D0%B8-%D0%BB%D0%B0%D0%BC%D0%BF%D0%BE%D1%87%D0%BA%D1%83-%D1%8F/?p=2 HTTP/1.1" 200 10191 "-" "Mozilla/5.0 (compatible; YandexBot/3.0; +http://yandex.com/bots)"
