109.252.32.52 - - [19/Jul/2020:07:56:15 +0000] "GET /%D1%80%D0%BE%D0%B4%D0%B8%D1%82%D0%B5%D0%BB%D0%B5%D0%B9-%D0%B4%D0%BE%D0%BC%D0%B0-%D0%BD%D0%B5%D1%82-%D0%B4%D0%B5%D0%B2%D1%83%D1%88%D0%BA%D0%B0-%D0%BF%D1%80%D0%B8%D0%B2%D0%B5%D0%BB%D0%B0-%D0%BF%D0%B0%D1%80%D0%BD%D1%8F-%D0%BF%D0%BE%D0%BF%D0%B8%D0%BB%D0%B8/?p=2 HTTP/2.0" 200 14186 "https://baneks.site/%D1%80%D0%BE%D0%B4%D0%B8%D1%82%D0%B5%D0%BB%D0%B5%D0%B9-%D0%B4%D0%BE%D0%BC%D0%B0-%D0%BD%D0%B5%D1%82-%D0%B4%D0%B5%D0%B2%D1%83%D1%88%D0%BA%D0%B0-%D0%BF%D1%80%D0%B8%D0%B2%D0%B5%D0%BB%D0%B0-%D0%BF%D0%B0%D1%80%D0%BD%D1%8F-%D0%BF%D0%BE%D0%BF%D0%B8%D0%BB%D0%B8/?p=2" "Mozilla/5.0 (Windows NT 10.0; Win64; x64) AppleWebKit/537.36 (KHTML, like Gecko) Chrome/84.0.4147.89 Safari/537.36" "-"
109.252.32.52 - - [19/Jul/2020:07:56:15 +0000] "GET /%D1%80%D0%BE%D0%B4%D0%B8%D1%82%D0%B5%D0%BB%D0%B5%D0%B9-%D0%B4%D0%BE%D0%BC%D0%B0-%D0%BD%D0%B5%D1%82-%D0%B4%D0%B5%D0%B2%D1%83%D1%88%D0%BA%D0%B0-%D0%BF%D1%80%D0%B8%D0%B2%D0%B5%D0%BB%D0%B0-%D0%BF%D0%B0%D1%80%D0%BD%D1%8F-%D0%BF%D0%BE%D0%BF%D0%B8%D0%BB%D0%B8/?p=2 HTTP/2.0" 200 14186 "https://baneks.site/%D1%80%D0%BE%D0%B4%D0%B8%D1%82%D0%B5%D0%BB%D0%B5%D0%B9-%D0%B4%D0%BE%D0%BC%D0%B0-%D0%BD%D0%B5%D1%82-%D0%B4%D0%B5%D0%B2%D1%83%D1%88%D0%BA%D0%B0-%D0%BF%D1%80%D0%B8%D0%B2%D0%B5%D0%BB%D0%B0-%D0%BF%D0%B0%D1%80%D0%BD%D1%8F-%D0%BF%D0%BE%D0%BF%D0%B8%D0%BB%D0%B8/?p=2" "Mozilla/5.0 (Windows NT 10.0; Win64; x64) AppleWebKit/537.36 (KHTML, like Gecko) Chrome/84.0.4147.89 Safari/537.36"
121.210.51.245 - - [19/Jul/2020:07:56:15 +0000] "GET /%D0%BF%D0%BE%D0%BB%D0%B5%D1%82%D0%B5%D0%BB-%D0%BF%D0%BE%D0%BF%D1%83%D0%B3%D0%B0%D0%B9-%D0%9A%D0%B5%D1%88%D0%B0-%D0%BF%D0%BE-%D1%81%D0%B2%D0%B5%D1%82%D1%83-%D0%BD%D0%BE%D0%B2%D1%8B%D1%85-%D1%81%D0%BB%D0%BE%D0%B2-%D0%BD%D0%B0%D0%B1%D1%80%D0%B0%D1%82%D1%8C%D1%81%D1%8F/ HTTP/1.1" 200 14212 "https://baneks.site/%D0%BF%D0%BE%D0%BB%D0%B5%D1%82%D0%B5%D0%BB-%D0%BF%D0%BE%D0%BF%D1%83%D0%B3%D0%B0%D0%B9-%D0%9A%D0%B5%D1%88%D0%B0-%D0%BF%D0%BE-%D1%81%D0%B2%D0%B5%D1%82%D1%83-%D0%BD%D0%BE%D0%B2%D1%8B%D1%85-%D1%81%D0%BB%D0%BE%D0%B2-%D0%BD%D0%B0%D0%B1%D1%80%D0%B0%D1%82%D1%8C%D1%81%D1%8F/" "Mozilla/5.0 (iPad; CPU OS 8_1_2 like Mac OS X) AppleWebKit/600.1.4 (KHTML, like Gecko) Version/8.0 Mobile/12B440 Safari/600.1.4" "-"
121.210.51.245 - - [19/Jul/2020:07:56:15 +0000] "GET /%D0%BF%D0%BE%D0%BB%D0%B5%D1%82%D0%B5%D0%BB-%D0%BF%D0%BE%D0%BF%D1%83%D0%B3%D0%B0%D0%B9-%D0%9A%D0%B5%D1%88%D0%B0-%D0%BF%D0%BE-%D1%81%D0%B2%D0%B5%D1%82%D1%83-%D0%BD%D0%BE%D0%B2%D1%8B%D1%85-%D1%81%D0%BB%D0%BE%D0%B2-%D0%BD%D0%B0%D0%B1%D1%80%D0%B0%D1%82%D1%8C%D1%81%D1%8F/ HTTP/1.1" 200 14212 "https://baneks.site/%D0%BF%D0%BE%D0%BB%D0%B5%D1%82%D0%B5%D0%BB-%D0%BF%D0%BE%D0%BF%D1%83%D0%B3%D0%B0%D0%B9-%D0%9A%D0%B5%D1%88%D0%B0-%D0%BF%D0%BE-%D1%81%D0%B2%D0%B5%D1%82%D1%83-%D0%BD%D0%BE%D0%B2%D1%8B%D1%85-%D1%81%D0%BB%D0%BE%D0%B2-%D0%BD%D0%B0%D0%B1%D1%80%D0%B0%D1%82%D1%8C%D1%81%D1%8F/" "Mozilla/5.0 (iPad; CPU OS 8_1_2 like Mac OS X) AppleWebKit/600.1.4 (KHTML, like Gecko) Version/8.0 Mobile/12B440 Safari/600.1.4"
178.154.200.81 - - [19/Jul/2020:07:56:16 +0000] "GET /%D1%83-%D0%BC%D0%B5%D0%BD%D1%8F-%D0%B5%D1%81%D1%82%D1%8C-%D1%85%D0%BE%D1%80%D0%BE%D1%88%D0%B0%D1%8F-%D0%B8-%D0%BF%D0%BB%D0%BE%D1%85%D0%B0%D1%8F-%D0%BD%D0%BE%D0%B2%D0%BE%D1%81%D1%82%D1%8C-%D1%8F-%D0%BF%D0%BE%D0%BF%D1%8B%D1%82%D0%B0%D1%8E%D1%81%D1%8C/ HTTP/1.1" 200 10183 "-" "Mozilla/5.0 (compatible; YandexBot/3.0; +http://yandex.com/bots)" "-"
178.154.200.81 - - [19/Jul/2020:07:56:16 +0000] "GET /%D1%83-%D0%BC%D0%B5%D0%BD%D1%8F-%D0%B5%D1%81%D1%82%D1%8C-%D1%85%D0%BE%D1%80%D0%BE%D1%88%D0%B0%D1%8F-%D0%B8-%D0%BF%D0%BB%D0%BE%D1%85%D0%B0%D1%8F-%D0%BD%D0%BE%D0%B2%D0%BE%D1%81%D1%82%D1%8C-%D1%8F-%D0%BF%D0%BE%D0%BF%D1%8B%D1%82%D0%B0%D1%8E%D1%81%D1%8C/ HTTP/1.1" 200 10183 "-" "Mozilla/5.0 (compatible; YandexBot/3.0; +http://yandex.com/bots)"
176.193.24.191 - - [19/Jul/2020:07:56:17 +0000] "GET /admin/jokes/joke/?published__exact=1&q=%D0%A5%D0%BE%D1%87%D1%83+%D0%B6%D0%B8%D1%82%D1%8C+%D0%B2 HTTP/2.0" 200 9596 "https://baneks.site/admin/jokes/joke/?q=%D0%A5%D0%BE%D1%87%D1%83+%D0%B6%D0%B8%D1%82%D1%8C+%D0%B2" "Mozilla/5.0 (X11; Linux x86_64) AppleWebKit/537.36 (KHTML, like Gecko) Chrome/81.0.4044.138 Safari/537.36" "-"
176.193.24.191 - - [19/Jul/2020:07:56:17 +0000] "GET /admin/jokes/joke/?published__exact=1&q=%D0%A5%D0%BE%D1%87%D1%83+%D0%B6%D0%B8%D1%82%D1%8C+%D0%B2 HTTP/2.0" 200 9596 "https://baneks.site/admin/jokes/joke/?q=%D0%A5%D0%BE%D1%87%D1%83+%D0%B6%D0%B8%D1%82%D1%8C+%D0%B2" "Mozilla/5.0 (X11; Linux x86_64) AppleWebKit/537.36 (KHTML, like Gecko) Chrome/81.0.4044.138 Safari/537.36"
178.154.200.81 - - [19/Jul/2020:07:56:19 +0000] "GET /%D0%BF%D0%BE%D1%81%D0%BF%D0%BE%D1%80%D0%B8%D0%BB%D0%B8-%D0%9A%D0%B0%D1%80%D1%82%D0%B5%D1%80-%D1%81-%D0%91%D1%80%D0%B5%D0%B6%D0%BD%D0%B5%D0%B2%D1%8B%D0%BC-%D0%B2-%D0%BA%D0%B0%D0%BA%D0%BE%D0%B9-%D1%81%D1%82%D1%80%D0%B0%D0%BD%D0%B5-%D1%87%D0%B0%D1%89%D0%B5/ HTTP/1.1" 200 14908 "-" "Mozilla/5.0 (compatible; YandexBot/3.0; +http://yandex.com/bots)" "-"
178.154.200.81 - - [19/Jul/2020:07:56:19 +0000] "GET /%D0%BF%D0%BE%D1%81%D0%BF%D0%BE%D1%80%D0%B8%D0%BB%D0%B8-%D0%9A%D0%B0%D1%80%D1%82%D0%B5%D1%80-%D1%81-%D0%91%D1%80%D0%B5%D0%B6%D0%BD%D0%B5%D0%B2%D1%8B%D0%BC-%D0%B2-%D0%BA%D0%B0%D0%BA%D0%BE%D0%B9-%D1%81%D1%82%D1%80%D0%B0%D0%BD%D0%B5-%D1%87%D0%B0%D1%89%D0%B5/ HTTP/1.1" 200 14908 "-" "Mozilla/5.0 (compatible; YandexBot/3.0; +http://yandex.com/bots)"
178.154.200.81 - - [19/Jul/2020:07:56:20 +0000] "GET /%D1%87%D0%B5%D0%B3%D0%BE-%D1%82%D0%B0%D0%BA%D0%BE%D0%B9-%D0%B3%D1%80%D1%83%D1%81%D1%82%D0%BD%D1%8B%D0%B9-%D1%82%D1%8B-%D1%82%D0%BE%D0%BB%D1%8C%D0%BA%D0%BE-%D1%87%D1%82%D0%BE-%D0%BF%D1%8B%D1%80%D0%BD%D1%83%D0%BB-%D0%BC%D0%B5%D0%BD%D1%8F/ HTTP/1.1" 200 13300 "-" "Mozilla/5.0 (compatible; YandexBot/3.0; +http://yandex.com/bots)" "-"
178.154.200.81 - - [19/Jul/2020:07:56:20 +0000] "GET /%D1%87%D0%B5%D0%B3%D0%BE-%D1%82%D0%B0%D0%BA%D0%BE%D0%B9-%D0%B3%D1%80%D1%83%D1%81%D1%82%D0%BD%D1%8B%D0%B9-%D1%82%D1%8B-%D1%82%D0%BE%D0%BB%D1%8C%D0%BA%D0%BE-%D1%87%D1%82%D0%BE-%D0%BF%D1%8B%D1%80%D0%BD%D1%83%D0%BB-%D0%BC%D0%B5%D0%BD%D1%8F/ HTTP/1.1" 200 13300 "-" "Mozilla/5.0 (compatible; YandexBot/3.0; +http://yandex.com/bots)"
46.229.168.133 - - [19/Jul/2020:07:56:21 +0000] "GET /%D0%B0%D1%80%D0%B0%D0%B1-%D1%81-%D0%B4%D0%BE%D1%87%D0%B5%D1%80%D1%8C%D1%8E-%D0%B5%D0%B4%D1%83%D1%82-%D0%B2%D0%B5%D1%80%D1%85%D0%BE%D0%BC-%D0%BD%D0%B0-%D0%B2%D0%B5%D1%80%D0%B1%D0%BB%D1%8E%D0%B4%D0%B5-%D0%B2%D0%B4%D1%80%D1%83%D0%B3-%D0%B2%D0%B4%D0%B0%D0%BB%D0%B8/ HTTP/1.1" 200 10033 "-" "Mozilla/5.0 (compatible; SemrushBot/6~bl; +http://www.semrush.com/bot.html)" "-"
46.229.168.133 - - [19/Jul/2020:07:56:21 +0000] "GET /%D0%B0%D1%80%D0%B0%D0%B1-%D1%81-%D0%B4%D0%BE%D1%87%D0%B5%D1%80%D1%8C%D1%8E-%D0%B5%D0%B4%D1%83%D1%82-%D0%B2%D0%B5%D1%80%D1%85%D0%BE%D0%BC-%D0%BD%D0%B0-%D0%B2%D0%B5%D1%80%D0%B1%D0%BB%D1%8E%D0%B4%D0%B5-%D0%B2%D0%B4%D1%80%D1%83%D0%B3-%D0%B2%D0%B4%D0%B0%D0%BB%D0%B8/ HTTP/1.1" 200 10033 "-" "Mozilla/5.0 (compatible; SemrushBot/6~bl; +http://www.semrush.com/bot.html)"
176.193.24.191 - - [19/Jul/2020:07:56:21 +0000] "GET /admin/jokes/joke/16003/change/?_changelist_filters=published__exact%3D1%26q%3D%25D0%25A5%25D0%25BE%25D1%2587%25D1%2583%2B%25D0%25B6%25D0%25B8%25D1%2582%25D1%258C%2B%25D0%25B2 HTTP/2.0" 200 21190 "https://baneks.site/admin/jokes/joke/?published__exact=1&q=%D0%A5%D0%BE%D1%87%D1%83+%D0%B6%D0%B8%D1%82%D1%8C+%D0%B2" "Mozilla/5.0 (X11; Linux x86_64) AppleWebKit/537.36 (KHTML, like Gecko) Chrome/81.0.4044.138 Safari/537.36" "-"
176.193.24.191 - - [19/Jul/2020:07:56:21 +0000] "GET /admin/jokes/joke/16003/change/?_changelist_filters=published__exact%3D1%26q%3D%25D0%25A5%25D0%25BE%25D1%2587%25D1%2583%2B%25D0%25B6%25D0%25B8%25D1%2582%25D1%258C%2B%25D0%25B2 HTTP/2.0" 200 21190 "https://baneks.site/admin/jokes/joke/?published__exact=1&q=%D0%A5%D0%BE%D1%87%D1%83+%D0%B6%D0%B8%D1%82%D1%8C+%D0%B2" "Mozilla/5.0 (X11; Linux x86_64) AppleWebKit/537.36 (KHTML, like Gecko) Chrome/81.0.4044.138 Safari/537.36"
178.154.200.81 - - [19/Jul/2020:07:56:23 +0000] "GET /%D1%8F-%D1%82%D0%B0%D0%BA-%D0%B4%D0%B0%D0%B2%D0%BD%D0%BE-%D0%BD%D0%B5-%D0%B7%D0%B0%D0%BD%D0%B8%D0%BC%D0%B0%D0%BB%D1%81%D1%8F-%D1%81%D0%B5%D0%BA%D1%81%D0%BE%D0%BC/ HTTP/1.1" 200 12850 "-" "Mozilla/5.0 (compatible; YandexBot/3.0; +http://yandex.com/bots)" "-"
178.154.200.81 - - [19/Jul/2020:07:56:23 +0000] "GET /%D1%8F-%D1%82%D0%B0%D0%BA-%D0%B4%D0%B0%D0%B2%D0%BD%D0%BE-%D0%BD%D0%B5-%D0%B7%D0%B0%D0%BD%D0%B8%D0%BC%D0%B0%D0%BB%D1%81%D1%8F-%D1%81%D0%B5%D0%BA%D1%81%D0%BE%D0%BC/ HTTP/1.1" 200 12850 "-" "Mozilla/5.0 (compatible; YandexBot/3.0; +http://yandex.com/bots)"
178.154.200.81 - - [19/Jul/2020:07:56:27 +0000] "GET /%D1%87%D1%82%D0%BE-%D1%81%D0%B4%D0%B5%D0%BB%D0%B0%D0%BB-%D0%B4%D0%B0%D0%B3%D0%B5%D1%81%D1%82%D0%B0%D0%BD%D0%B5%D1%86-%D1%81-%D0%BC%D0%B0%D1%88%D0%B8%D0%BD%D0%BE%D0%B9-%D0%B2%D1%80%D0%B5%D0%BC%D0%B5%D0%BD%D0%B8/?p=3 HTTP/1.1" 200 13352 "-" "Mozilla/5.0 (compatible; YandexBot/3.0; +http://yandex.com/bots)" "-"
178.154.200.81 - - [19/Jul/2020:07:56:27 +0000] "GET /%D1%87%D1%82%D0%BE-%D1%81%D0%B4%D0%B5%D0%BB%D0%B0%D0%BB-%D0%B4%D0%B0%D0%B3%D0%B5%D1%81%D1%82%D0%B0%D0%BD%D0%B5%D1%86-%D1%81-%D0%BC%D0%B0%D1%88%D0%B8%D0%BD%D0%BE%D0%B9-%D0%B2%D1%80%D0%B5%D0%BC%D0%B5%D0%BD%D0%B8/?p=3 HTTP/1.1" 200 13352 "-" "Mozilla/5.0 (compatible; YandexBot/3.0; +http://yandex.com/bots)"
37.113.167.223 - - [19/Jul/2020:07:56:32 +0000] "GET /%D1%88%D0%B5%D0%BB-%D0%B1%D0%BE%D1%86%D0%BC%D0%B0%D0%BD-%D0%BF%D0%B1D8BE-%D0%BF%D0%B0%D0%BB%D1%83%D0%B1%D0%B5-%D0%B8-%D1%83%D0%BF%D0%B0%D0%BB%D0%BE-%D0%B2%D0%B5%D0%B4%D1%80%D0%BE-%D0%B1%D0%BE%D1%86%D0%BC%D0%B0%D0%BD%D1%83/ HTTP/1.0" 404 11726 "https://baneks.site/%D1%88%D0%B5%D0%BB-%D0%B1%D0%BE%D1%86%D0%BC%D0%B0%D0%BD-%D0%BF%D0%B1D8BE-%D0%BF%D0%B0%D0%BB%D1%83%D0%B1%D0%B5-%D0%B8-%D1%83%D0%BF%D0%B0%D0%BB%D0%BE-%D0%B2%D0%B5%D0%B4%D1%80%D0%BE-%D0%B1%D0%BE%D1%86%D0%BC%D0%B0%D0%BD%D1%83/" "Mozilla/5.0 (Windows NT 10.0; Win64; x64) AppleWebKit/537.36 (KHTML, like Gecko) Chrome/66.0.3359.170 Safari/537.36 OPR/53.0.2907.99" "-"
37.113.167.223 - - [19/Jul/2020:07:56:32 +0000] "GET /%D1%88%D0%B5%D0%BB-%D0%B1%D0%BE%D1%86%D0%BC%D0%B0%D0%BD-%D0%BF%D0%B1D8BE-%D0%BF%D0%B0%D0%BB%D1%83%D0%B1%D0%B5-%D0%B8-%D1%83%D0%BF%D0%B0%D0%BB%D0%BE-%D0%B2%D0%B5%D0%B4%D1%80%D0%BE-%D0%B1%D0%BE%D1%86%D0%BC%D0%B0%D0%BD%D1%83/ HTTP/1.0" 404 11726 "https://baneks.site/%D1%88%D0%B5%D0%BB-%D0%B1%D0%BE%D1%86%D0%BC%D0%B0%D0%BD-%D0%BF%D0%B1D8BE-%D0%BF%D0%B0%D0%BB%D1%83%D0%B1%D0%B5-%D0%B8-%D1%83%D0%BF%D0%B0%D0%BB%D0%BE-%D0%B2%D0%B5%D0%B4%D1%80%D0%BE-%D0%B1%D0%BE%D1%86%D0%BC%D0%B0%D0%BD%D1%83/" "Mozilla/5.0 (Windows NT 10.0; Win64; x64) AppleWebKit/537.36 (KHTML, like Gecko) Chrome/66.0.3359.170 Safari/537.36 OPR/53.0.2907.99"
37.113.167.223 - - [19/Jul/2020:07:56:33 +0000] "GET /%d1%88%d0%b5%d0%bb-%d0%b1%d0%be%d1%86%d0%bc%d0%b0%d0%bd-%d0%bf%d0%b1d8be-%d0%bf%d0%b0%d0%bb%d1%83%d0%b1%d0%b5-%d0%b8-%d1%83%d0%bf%d0%b0%d0%bb%d0%be-%d0%b2%d0%b5%d0%b4%d1%80%d0%be-%d0%b1%d0%be%d1%86%d0%bc%d0%b0%d0%bd%d1%83/ HTTP/1.0" 404 11726 "https://baneks.site/%d1%88%d0%b5%d0%bb-%d0%b1%d0%be%d1%86%d0%bc%d0%b0%d0%bd-%d0%bf%d0%b1d8be-%d0%bf%d0%b0%d0%bb%d1%83%d0%b1%d0%b5-%d0%b8-%d1%83%d0%bf%d0%b0%d0%bb%d0%be-%d0%b2%d0%b5%d0%b4%d1%80%d0%be-%d0%b1%d0%be%d1%86%d0%bc%d0%b0%d0%bd%d1%83/" "Mozilla/5.0 (Windows NT 10.0; Win64; x64) AppleWebKit/537.36 (KHTML, like Gecko) Chrome/66.0.3359.170 Safari/537.36 OPR/53.0.2907.99" "-"
37.113.167.223 - - [19/Jul/2020:07:56:33 +0000] "GET /%d1%88%d0%b5%d0%bb-%d0%b1%d0%be%d1%86%d0%bc%d0%b0%d0%bd-%d0%bf%d0%b1d8be-%d0%bf%d0%b0%d0%bb%d1%83%d0%b1%d0%b5-%d0%b8-%d1%83%d0%bf%d0%b0%d0%bb%d0%be-%d0%b2%d0%b5%d0%b4%d1%80%d0%be-%d0%b1%d0%be%d1%86%d0%bc%d0%b0%d0%bd%d1%83/ HTTP/1.0" 404 11726 "https://baneks.site/%d1%88%d0%b5%d0%bb-%d0%b1%d0%be%d1%86%d0%bc%d0%b0%d0%bd-%d0%bf%d0%b1d8be-%d0%bf%d0%b0%d0%bb%d1%83%d0%b1%d0%b5-%d0%b8-%d1%83%d0%bf%d0%b0%d0%bb%d0%be-%d0%b2%d0%b5%d0%b4%d1%80%d0%be-%d0%b1%d0%be%d1%86%d0%bc%d0%b0%d0%bd%d1%83/" "Mozilla/5.0 (Windows NT 10.0; Win64; x64) AppleWebKit/537.36 (KHTML, like Gecko) Chrome/66.0.3359.170 Safari/537.36 OPR/53.0.2907.99"
37.113.167.223 - - [19/Jul/2020:07:56:33 +0000] "GET / HTTP/1.0" 200 12486 "https://baneks.site/" "Mozilla/5.0 (Windows NT 10.0; Win64; x64) AppleWebKit/537.36 (KHTML, like Gecko) Chrome/66.0.3359.170 Safari/537.36 OPR/53.0.2907.99" "-"
37.113.167.223 - - [19/Jul/2020:07:56:33 +0000] "GET / HTTP/1.0" 200 12486 "https://baneks.site/" "Mozilla/5.0 (Windows NT 10.0; Win64; x64) AppleWebKit/537.36 (KHTML, like Gecko) Chrome/66.0.3359.170 Safari/537.36 OPR/53.0.2907.99"
66.249.68.33 - - [19/Jul/2020:07:56:54 +0000] "GET /%D0%BF%D1%80%D0%B8%D1%85%D0%BE%D0%B4%D0%B8%D1%82%D1%8C-%D1%87%D0%BE%D0%BB%D0%BE%D0%B2i%D0%BA-%D0%B4%D0%BE-%D0%BB%D1%96%D0%BA%D0%B0%D1%80%D1%8F-%D0%B4%D0%BE%D0%BA%D1%82%D0%BE%D1%80-%D1%83-%D0%BC%D0%B5%D0%BD%D0%B5-%D0%B1%D0%BE%D0%BB%D0%B8%D1%82%D1%8C/?p=2 HTTP/1.1" 200 9263 "-" "Mozilla/5.0 (Linux; Android 6.0.1; Nexus 5X Build/MMB29P) AppleWebKit/537.36 (KHTML, like Gecko) Chrome/80.0.3987.92 Mobile Safari/537.36 (compatible; Googlebot/2.1; +http://www.google.com/bot.html)" "-"
66.249.68.33 - - [19/Jul/2020:07:56:54 +0000] "GET /%D0%BF%D1%80%D0%B8%D1%85%D0%BE%D0%B4%D0%B8%D1%82%D1%8C-%D1%87%D0%BE%D0%BB%D0%BE%D0%B2i%D0%BA-%D0%B4%D0%BE-%D0%BB%D1%96%D0%BA%D0%B0%D1%80%D1%8F-%D0%B4%D0%BE%D0%BA%D1%82%D0%BE%D1%80-%D1%83-%D0%BC%D0%B5%D0%BD%D0%B5-%D0%B1%D0%BE%D0%BB%D0%B8%D1%82%D1%8C/?p=2 HTTP/1.1" 200 9263 "-" "Mozilla/5.0 (Linux; Android 6.0.1; Nexus 5X Build/MMB29P) AppleWebKit/537.36 (KHTML, like Gecko) Chrome/80.0.3987.92 Mobile Safari/537.36 (compatible; Googlebot/2.1; +http://www.google.com/bot.html)"
178.154.200.81 - - [19/Jul/2020:07:56:54 +0000] "GET /%D0%B2-%D1%80%D0%B5%D1%81%D1%82%D0%BE%D1%80%D0%B0%D0%BD%D0%B5-%D0%B2%D1%8B-%D0%B4%D0%BE%D0%BB%D0%BB%D0%B0%D1%80%D1%8B-%D0%BF%D1%80%D0%B8%D0%BD%D0%B8%D0%BC%D0%B0%D0%B5%D1%82%D0%B5-%D0%B4%D0%B0/?p=3 HTTP/1.1" 200 11448 "-" "Mozilla/5.0 (compatible; YandexBot/3.0; +http://yandex.com/bots)" "-"
178.154.200.81 - - [19/Jul/2020:07:56:54 +0000] "GET /%D0%B2-%D1%80%D0%B5%D1%81%D1%82%D0%BE%D1%80%D0%B0%D0%BD%D0%B5-%D0%B2%D1%8B-%D0%B4%D0%BE%D0%BB%D0%BB%D0%B0%D1%80%D1%8B-%D0%BF%D1%80%D0%B8%D0%BD%D0%B8%D0%BC%D0%B0%D0%B5%D1%82%D0%B5-%D0%B4%D0%B0/?p=3 HTTP/1.1" 200 11448 "-" "Mozilla/5.0 (compatible; YandexBot/3.0; +http://yandex.com/bots)"
121.210.51.245 - - [19/Jul/2020:07:56:56 +0000] "GET /random HTTP/1.1" 302 0 "https://baneks.site/%D0%BF%D0%BE%D0%BB%D0%B5%D1%82%D0%B5%D0%BB-%D0%BF%D0%BE%D0%BF%D1%83%D0%B3%D0%B0%D0%B9-%D0%9A%D0%B5%D1%88%D0%B0-%D0%BF%D0%BE-%D1%81%D0%B2%D0%B5%D1%82%D1%83-%D0%BD%D0%BE%D0%B2%D1%8B%D1%85-%D1%81%D0%BB%D0%BE%D0%B2-%D0%BD%D0%B0%D0%B1%D1%80%D0%B0%D1%82%D1%8C%D1%81%D1%8F/" "Mozilla/5.0 (iPad; CPU OS 8_1_2 like Mac OS X) AppleWebKit/600.1.4 (KHTML, like Gecko) Version/8.0 Mobile/12B440 Safari/600.1.4" "-"
121.210.51.245 - - [19/Jul/2020:07:56:56 +0000] "GET /random HTTP/1.1" 302 0 "https://baneks.site/%D0%BF%D0%BE%D0%BB%D0%B5%D1%82%D0%B5%D0%BB-%D0%BF%D0%BE%D0%BF%D1%83%D0%B3%D0%B0%D0%B9-%D0%9A%D0%B5%D1%88%D0%B0-%D0%BF%D0%BE-%D1%81%D0%B2%D0%B5%D1%82%D1%83-%D0%BD%D0%BE%D0%B2%D1%8B%D1%85-%D1%81%D0%BB%D0%BE%D0%B2-%D0%BD%D0%B0%D0%B1%D1%80%D0%B0%D1%82%D1%8C%D1%81%D1%8F/" "Mozilla/5.0 (iPad; CPU OS 8_1_2 like Mac OS X) AppleWebKit/600.1.4 (KHTML, like Gecko) Version/8.0 Mobile/12B440 Safari/600.1.4"
121.210.51.245 - - [19/Jul/2020:07:56:57 +0000] "GET /%D0%BC%D1%83%D0%B6%D0%B8%D0%BA-%D0%BF%D1%80%D0%B8%D1%88%D1%91%D0%BB-%D0%B4%D0%BE%D0%BC%D0%BE%D0%B9-%D0%B8-%D0%B3%D0%BE%D0%B2%D0%BE%D1%80%D0%B8%D1%82-%D0%B6%D0%B5%D0%BD%D0%B5-%D0%BD%D0%BE%D0%B2%D1%8B%D0%B5-%D1%80%D1%83%D1%81%D1%81%D0%BA%D0%B8%D0%B5/ HTTP/1.1" 200 13755 "https://baneks.site/%D0%BF%D0%BE%D0%BB%D0%B5%D1%82%D0%B5%D0%BB-%D0%BF%D0%BE%D0%BF%D1%83%D0%B3%D0%B0%D0%B9-%D0%9A%D0%B5%D1%88%D0%B0-%D0%BF%D0%BE-%D1%81%D0%B2%D0%B5%D1%82%D1%83-%D0%BD%D0%BE%D0%B2%D1%8B%D1%85-%D1%81%D0%BB%D0%BE%D0%B2-%D0%BD%D0%B0%D0%B1%D1%80%D0%B0%D1%82%D1%8C%D1%81%D1%8F/" "Mozilla/5.0 (iPad; CPU OS 8_1_2 like Mac OS X) AppleWebKit/600.1.4 (KHTML, like Gecko) Version/8.0 Mobile/12B440 Safari/600.1.4" "-"
121.210.51.245 - - [19/Jul/2020:07:56:57 +0000] "GET /%D0%BC%D1%83%D0%B6%D0%B8%D0%BA-%D0%BF%D1%80%D0%B8%D1%88%D1%91%D0%BB-%D0%B4%D0%BE%D0%BC%D0%BE%D0%B9-%D0%B8-%D0%B3%D0%BE%D0%B2%D0%BE%D1%80%D0%B8%D1%82-%D0%B6%D0%B5%D0%BD%D0%B5-%D0%BD%D0%BE%D0%B2%D1%8B%D0%B5-%D1%80%D1%83%D1%81%D1%81%D0%BA%D0%B8%D0%B5/ HTTP/1.1" 200 13755 "https://baneks.site/%D0%BF%D0%BE%D0%BB%D0%B5%D1%82%D0%B5%D0%BB-%D0%BF%D0%BE%D0%BF%D1%83%D0%B3%D0%B0%D0%B9-%D0%9A%D0%B5%D1%88%D0%B0-%D0%BF%D0%BE-%D1%81%D0%B2%D0%B5%D1%82%D1%83-%D0%BD%D0%BE%D0%B2%D1%8B%D1%85-%D1%81%D0%BB%D0%BE%D0%B2-%D0%BD%D0%B0%D0%B1%D1%80%D0%B0%D1%82%D1%8C%D1%81%D1%8F/" "Mozilla/5.0 (iPad; CPU OS 8_1_2 like Mac OS X) AppleWebKit/600.1.4 (KHTML, like Gecko) Version/8.0 Mobile/12B440 Safari/600.1.4"
178.154.200.81 - - [19/Jul/2020:07:56:57 +0000] "GET /%D1%80%D0%BE%D1%81%D1%81%D0%B8%D0%B9%D1%81%D0%BA%D0%B0%D1%8F-%D0%B3%D0%BB%D1%83%D0%B1%D0%B8%D0%BD%D0%BA%D0%B0-%D0%BF%D0%BE%D0%B2%D0%B8%D0%BD%D1%86%D0%B8%D0%B0%D0%BB%D1%8C%D0%BD%D1%8B%D0%B9-%D0%B3%D0%BE%D1%80%D0%BE%D0%B4%D0%B8%D1%88%D0%BA%D0%BE/?p=3 HTTP/1.1" 200 16324 "-" "Mozilla/5.0 (compatible; YandexBot/3.0; +http://yandex.com/bots)" "-"
178.154.200.81 - - [19/Jul/2020:07:56:57 +0000] "GET /%D1%80%D0%BE%D1%81%D1%81%D0%B8%D0%B9%D1%81%D0%BA%D0%B0%D1%8F-%D0%B3%D0%BB%D1%83%D0%B1%D0%B8%D0%BD%D0%BA%D0%B0-%D0%BF%D0%BE%D0%B2%D0%B8%D0%BD%D1%86%D0%B8%D0%B0%D0%BB%D1%8C%D0%BD%D1%8B%D0%B9-%D0%B3%D0%BE%D1%80%D0%BE%D0%B4%D0%B8%D1%88%D0%BA%D0%BE/?p=3 HTTP/1.1" 200 16324 "-" "Mozilla/5.0 (compatible; YandexBot/3.0; +http://yandex.com/bots)"
121.210.51.245 - - [19/Jul/2020:07:56:59 +0000] "GET /%D0%BC%D1%83%D0%B6%D0%B8%D0%BA-%D0%BF%D1%80%D0%B8%D1%88%D1%91%D0%BB-%D0%B4%D0%BE%D0%BC%D0%BE%D0%B9-%D0%B8-%D0%B3%D0%BE%D0%B2%D0%BE%D1%80%D0%B8%D1%82-%D0%B6%D0%B5%D0%BD%D0%B5-%D0%BD%D0%BE%D0%B2%D1%8B%D0%B5-%D1%80%D1%83%D1%81%D1%81%D0%BA%D0%B8%D0%B5/ HTTP/1.1" 200 13755 "https://baneks.site/%D0%BC%D1%83%D0%B6%D0%B8%D0%BA-%D0%BF%D1%80%D0%B8%D1%88%D1%91%D0%BB-%D0%B4%D0%BE%D0%BC%D0%BE%D0%B9-%D0%B8-%D0%B3%D0%BE%D0%B2%D0%BE%D1%80%D0%B8%D1%82-%D0%B6%D0%B5%D0%BD%D0%B5-%D0%BD%D0%BE%D0%B2%D1%8B%D0%B5-%D1%80%D1%83%D1%81%D1%81%D0%BA%D0%B8%D0%B5/" "Mozilla/5.0 (iPad; CPU OS 8_1_2 like Mac OS X) AppleWebKit/600.1.4 (KHTML, like Gecko) Version/8.0 Mobile/12B440 Safari/600.1.4" "-"
121.210.51.245 - - [19/Jul/2020:07:56:59 +0000] "GET /%D0%BC%D1%83%D0%B6%D0%B8%D0%BA-%D0%BF%D1%80%D0%B8%D1%88%D1%91%D0%BB-%D0%B4%D0%BE%D0%BC%D0%BE%D0%B9-%D0%B8-%D0%B3%D0%BE%D0%B2%D0%BE%D1%80%D0%B8%D1%82-%D0%B6%D0%B5%D0%BD%D0%B5-%D0%BD%D0%BE%D0%B2%D1%8B%D0%B5-%D1%80%D1%83%D1%81%D1%81%D0%BA%D0%B8%D0%B5/ HTTP/1.1" 200 13755 "https://baneks.site/%D0%BC%D1%83%D0%B6%D0%B8%D0%BA-%D0%BF%D1%80%D0%B8%D1%88%D1%91%D0%BB-%D0%B4%D0%BE%D0%BC%D0%BE%D0%B9-%D0%B8-%D0%B3%D0%BE%D0%B2%D0%BE%D1%80%D0%B8%D1%82-%D0%B6%D0%B5%D0%BD%D0%B5-%D0%BD%D0%BE%D0%B2%D1%8B%D0%B5-%D1%80%D1%83%D1%81%D1%81%D0%BA%D0%B8%D0%B5/" "Mozilla/5.0 (iPad; CPU OS 8_1_2 like Mac OS X) AppleWebKit/600.1.4 (KHTML, like Gecko) Version/8.0 Mobile/12B440 Safari/600.1.4"
46.229.168.153 - - [19/Jul/2020:07:57:00 +0000] "GET /%D0%B3%D0%B5%D0%BD%D0%B5%D1%80%D0%B0%D0%BB-%D1%81-%D0%BF%D1%80%D0%BE%D0%B2%D0%B5%D1%80%D0%BA%D0%BE%D0%B9-%D0%B2-%D1%87%D0%B0%D1%81%D1%82%D0%B8-%D0%B7%D0%B0%D1%85%D0%BE%D0%B4%D0%B8%D1%82-%D0%B2-%D1%81%D0%BE%D0%BB%D0%B4%D0%B0%D1%82%D1%81%D0%BA%D1%83%D1%8E/?p=2 HTTP/1.1" 200 10527 "-" "Mozilla/5.0 (compatible; SemrushBot/6~bl; +http://www.semrush.com/bot.html)" "-"
46.229.168.153 - - [19/Jul/2020:07:57:00 +0000] "GET /%D0%B3%D0%B5%D0%BD%D0%B5%D1%80%D0%B0%D0%BB-%D1%81-%D0%BF%D1%80%D0%BE%D0%B2%D0%B5%D1%80%D0%BA%D0%BE%D0%B9-%D0%B2-%D1%87%D0%B0%D1%81%D1%82%D0%B8-%D0%B7%D0%B0%D1%85%D0%BE%D0%B4%D0%B8%D1%82-%D0%B2-%D1%81%D0%BE%D0%BB%D0%B4%D0%B0%D1%82%D1%81%D0%BA%D1%83%D1%8E/?p=2 HTTP/1.1" 200 10527 "-" "Mozilla/5.0 (compatible; SemrushBot/6~bl; +http://www.semrush.com/bot.html)"
176.59.145.52 - - [19/Jul/2020:07:57:03 +0000] "GET /%D0%BF%D0%BE%D1%81%D0%B5%D1%82%D0%B8%D1%82%D0%B5%D0%BB%D1%8C-%D0%B7%D0%B4%D1%80%D0%B0%D0%B2%D1%81%D1%82%D0%B2%D1%83%D0%B9%D1%82%D0%B5-%D0%B4%D0%BE%D0%BA%D1%82%D0%BE%D1%80-%D1%83-%D0%BC%D0%B5%D0%BD%D1%8F-%D0%BF%D1%80%D0%BE%D0%B1%D0%BB%D0%B5%D0%BC%D1%8B/ HTTP/2.0" 200 16146 "https://www.google.com/" "Mozilla/5.0 (iPhone; CPU iPhone OS 13_4 like Mac OS X) AppleWebKit/605.1.15 (KHTML, like Gecko) GSA/107.0.310639584 Mobile/15E148 Safari/604.1" "-"
176.59.145.52 - - [19/Jul/2020:07:57:03 +0000] "GET /%D0%BF%D0%BE%D1%81%D0%B5%D1%82%D0%B8%D1%82%D0%B5%D0%BB%D1%8C-%D0%B7%D0%B4%D1%80%D0%B0%D0%B2%D1%81%D1%82%D0%B2%D1%83%D0%B9%D1%82%D0%B5-%D0%B4%D0%BE%D0%BA%D1%82%D0%BE%D1%80-%D1%83-%D0%BC%D0%B5%D0%BD%D1%8F-%D0%BF%D1%80%D0%BE%D0%B1%D0%BB%D0%B5%D0%BC%D1%8B/ HTTP/2.0" 200 16146 "https://www.google.com/" "Mozilla/5.0 (iPhone; CPU iPhone OS 13_4 like Mac OS X) AppleWebKit/605.1.15 (KHTML, like Gecko) GSA/107.0.310639584 Mobile/15E148 Safari/604.1"
176.59.145.52 - - [19/Jul/2020:07:57:06 +0000] "GET /%D0%BF%D0%BE%D1%81%D0%B5%D1%82%D0%B8%D1%82%D0%B5%D0%BB%D1%8C-%D0%B7%D0%B4%D1%80%D0%B0%D0%B2%D1%81%D1%82%D0%B2%D1%83%D0%B9%D1%82%D0%B5-%D0%B4%D0%BE%D0%BA%D1%82%D0%BE%D1%80-%D1%83-%D0%BC%D0%B5%D0%BD%D1%8F-%D0%BF%D1%80%D0%BE%D0%B1%D0%BB%D0%B5%D0%BC%D1%8B/ HTTP/2.0" 200 16146 "https://baneks.site/%D0%BF%D0%BE%D1%81%D0%B5%D1%82%D0%B8%D1%82%D0%B5%D0%BB%D1%8C-%D0%B7%D0%B4%D1%80%D0%B0%D0%B2%D1%81%D1%82%D0%B2%D1%83%D0%B9%D1%82%D0%B5-%D0%B4%D0%BE%D0%BA%D1%82%D0%BE%D1%80-%D1%83-%D0%BC%D0%B5%D0%BD%D1%8F-%D0%BF%D1%80%D0%BE%D0%B1%D0%BB%D0%B5%D0%BC%D1%8B/" "Mozilla/5.0 (iPhone; CPU iPhone OS 13_4 like Mac OS X) AppleWebKit/605.1.15 (KHTML, like Gecko) GSA/107.0.310639584 Mobile/15E148 Safari/604.1" "-"
176.59.145.52 - - [19/Jul/2020:07:57:06 +0000] "GET /%D0%BF%D0%BE%D1%81%D0%B5%D1%82%D0%B8%D1%82%D0%B5%D0%BB%D1%8C-%D0%B7%D0%B4%D1%80%D0%B0%D0%B2%D1%81%D1%82%D0%B2%D1%83%D0%B9%D1%82%D0%B5-%D0%B4%D0%BE%D0%BA%D1%82%D0%BE%D1%80-%D1%83-%D0%BC%D0%B5%D0%BD%D1%8F-%D0%BF%D1%80%D0%BE%D0%B1%D0%BB%D0%B5%D0%BC%D1%8B/ HTTP/2.0" 200 16146 "https://baneks.site/%D0%BF%D0%BE%D1%81%D0%B5%D1%82%D0%B8%D1%82%D0%B5%D0%BB%D1%8C-%D0%B7%D0%B4%D1%80%D0%B0%D0%B2%D1%81%D1%82%D0%B2%D1%83%D0%B9%D1%82%D0%B5-%D0%B4%D0%BE%D0%BA%D1%82%D0%BE%D1%80-%D1%83-%D0%BC%D0%B5%D0%BD%D1%8F-%D0%BF%D1%80%D0%BE%D0%B1%D0%BB%D0%B5%D0%BC%D1%8B/" "Mozilla/5.0 (iPhone; CPU iPhone OS 13_4 like Mac OS X) AppleWebKit/605.1.15 (KHTML, like Gecko) GSA/107.0.310639584 Mobile/15E148 Safari/604.1"
121.210.51.245 - - [19/Jul/2020:07:57:13 +0000] "GET /random HTTP/1.1" 302 0 "https://baneks.site/%D0%BC%D1%83%D0%B6%D0%B8%D0%BA-%D0%BF%D1%80%D0%B8%D1%88%D1%91%D0%BB-%D0%B4%D0%BE%D0%BC%D0%BE%D0%B9-%D0%B8-%D0%B3%D0%BE%D0%B2%D0%BE%D1%80%D0%B8%D1%82-%D0%B6%D0%B5%D0%BD%D0%B5-%D0%BD%D0%BE%D0%B2%D1%8B%D0%B5-%D1%80%D1%83%D1%81%D1%81%D0%BA%D0%B8%D0%B5/" "Mozilla/5.0 (iPad; CPU OS 8_1_2 like Mac OS X) AppleWebKit/600.1.4 (KHTML, like Gecko) Version/8.0 Mobile/12B440 Safari/600.1.4" "-"
121.210.51.245 - - [19/Jul/2020:07:57:13 +0000] "GET /random HTTP/1.1" 302 0 "https://baneks.site/%D0%BC%D1%83%D0%B6%D0%B8%D0%BA-%D0%BF%D1%80%D0%B8%D1%88%D1%91%D0%BB-%D0%B4%D0%BE%D0%BC%D0%BE%D0%B9-%D0%B8-%D0%B3%D0%BE%D0%B2%D0%BE%D1%80%D0%B8%D1%82-%D0%B6%D0%B5%D0%BD%D0%B5-%D0%BD%D0%BE%D0%B2%D1%8B%D0%B5-%D1%80%D1%83%D1%81%D1%81%D0%BA%D0%B8%D0%B5/" "Mozilla/5.0 (iPad; CPU OS 8_1_2 like Mac OS X) AppleWebKit/600.1.4 (KHTML, like Gecko) Version/8.0 Mobile/12B440 Safari/600.1.4"
176.59.145.52 - - [19/Jul/2020:07:57:13 +0000] "GET /%D0%BF%D0%BE%D1%81%D0%B5%D1%82%D0%B8%D1%82%D0%B5%D0%BB%D1%8C-%D0%B7%D0%B4%D1%80%D0%B0%D0%B2%D1%81%D1%82%D0%B2%D1%83%D0%B9%D1%82%D0%B5-%D0%B4%D0%BE%D0%BA%D1%82%D0%BE%D1%80-%D1%83-%D0%BC%D0%B5%D0%BD%D1%8F-%D0%BF%D1%80%D0%BE%D0%B1%D0%BB%D0%B5%D0%BC%D1%8B/? HTTP/2.0" 200 16146 "https://baneks.site/%D0%BF%D0%BE%D1%81%D0%B5%D1%82%D0%B8%D1%82%D0%B5%D0%BB%D1%8C-%D0%B7%D0%B4%D1%80%D0%B0%D0%B2%D1%81%D1%82%D0%B2%D1%83%D0%B9%D1%82%D0%B5-%D0%B4%D0%BE%D0%BA%D1%82%D0%BE%D1%80-%D1%83-%D0%BC%D0%B5%D0%BD%D1%8F-%D0%BF%D1%80%D0%BE%D0%B1%D0%BB%D0%B5%D0%BC%D1%8B/" "Mozilla/5.0 (iPhone; CPU iPhone OS 13_4 like Mac OS X) AppleWebKit/605.1.15 (KHTML, like Gecko) GSA/107.0.310639584 Mobile/15E148 Safari/604.1" "-"
176.59.145.52 - - [19/Jul/2020:07:57:13 +0000] "GET /%D0%BF%D0%BE%D1%81%D0%B5%D1%82%D0%B8%D1%82%D0%B5%D0%BB%D1%8C-%D0%B7%D0%B4%D1%80%D0%B0%D0%B2%D1%81%D1%82%D0%B2%D1%83%D0%B9%D1%82%D0%B5-%D0%B4%D0%BE%D0%BA%D1%82%D0%BE%D1%80-%D1%83-%D0%BC%D0%B5%D0%BD%D1%8F-%D0%BF%D1%80%D0%BE%D0%B1%D0%BB%D0%B5%D0%BC%D1%8B/? HTTP/2.0" 200 16146 "https://baneks.site/%D0%BF%D0%BE%D1%81%D0%B5%D1%82%D0%B8%D1%82%D0%B5%D0%BB%D1%8C-%D0%B7%D0%B4%D1%80%D0%B0%D0%B2%D1%81%D1%82%D0%B2%D1%83%D0%B9%D1%82%D0%B5-%D0%B4%D0%BE%D0%BA%D1%82%D0%BE%D1%80-%D1%83-%D0%BC%D0%B5%D0%BD%D1%8F-%D0%BF%D1%80%D0%BE%D0%B1%D0%BB%D0%B5%D0%BC%D1%8B/" "Mozilla/5.0 (iPhone; CPU iPhone OS 13_4 like Mac OS X) AppleWebKit/605.1.15 (KHTML, like Gecko) GSA/107.0.310639584 Mobile/15E148 Safari/604.1"
121.210.51.245 - - [19/Jul/2020:07:57:13 +0000] "GET /%D0%B3%D1%80%D1%83%D0%B7%D0%B8%D0%BD%D1%81%D0%BA%D0%B0%D1%8F-%D1%81%D0%BA%D0%B0%D0%B7%D0%BA%D0%B0-%D0%BF%D1%80%D0%BE-%D0%BA%D1%83%D0%B2%D1%88%D0%B8%D0%BD-%D0%B1%D1%8B%D0%BB-%D0%BE%D0%B4%D0%B8%D0%BD-%D0%BA%D1%83%D0%B2%D1%88%D0%B8%D0%BD/ HTTP/1.1" 200 15962 "https://baneks.site/%D0%BC%D1%83%D0%B6%D0%B8%D0%BA-%D0%BF%D1%80%D0%B8%D1%88%D1%91%D0%BB-%D0%B4%D0%BE%D0%BC%D0%BE%D0%B9-%D0%B8-%D0%B3%D0%BE%D0%B2%D0%BE%D1%80%D0%B8%D1%82-%D0%B6%D0%B5%D0%BD%D0%B5-%D0%BD%D0%BE%D0%B2%D1%8B%D0%B5-%D1%80%D1%83%D1%81%D1%81%D0%BA%D0%B8%D0%B5/" "Mozilla/5.0 (iPad; CPU OS 8_1_2 like Mac OS X) AppleWebKit/600.1.4 (KHTML, like Gecko) Version/8.0 Mobile/12B440 Safari/600.1.4" "-"
121.210.51.245 - - [19/Jul/2020:07:57:13 +0000] "GET /%D0%B3%D1%80%D1%83%D0%B7%D0%B8%D0%BD%D1%81%D0%BA%D0%B0%D1%8F-%D1%81%D0%BA%D0%B0%D0%B7%D0%BA%D0%B0-%D0%BF%D1%80%D0%BE-%D0%BA%D1%83%D0%B2%D1%88%D0%B8%D0%BD-%D0%B1%D1%8B%D0%BB-%D0%BE%D0%B4%D0%B8%D0%BD-%D0%BA%D1%83%D0%B2%D1%88%D0%B8%D0%BD/ HTTP/1.1" 200 15962 "https://baneks.site/%D0%BC%D1%83%D0%B6%D0%B8%D0%BA-%D0%BF%D1%80%D0%B8%D1%88%D1%91%D0%BB-%D0%B4%D0%BE%D0%BC%D0%BE%D0%B9-%D0%B8-%D0%B3%D0%BE%D0%B2%D0%BE%D1%80%D0%B8%D1%82-%D0%B6%D0%B5%D0%BD%D0%B5-%D0%BD%D0%BE%D0%B2%D1%8B%D0%B5-%D1%80%D1%83%D1%81%D1%81%D0%BA%D0%B8%D0%B5/" "Mozilla/5.0 (iPad; CPU OS 8_1_2 like Mac OS X) AppleWebKit/600.1.4 (KHTML, like Gecko) Version/8.0 Mobile/12B440 Safari/600.1.4"
176.59.145.52 - - [19/Jul/2020:07:57:14 +0000] "GET /%D0%BF%D0%BE%D1%81%D0%B5%D1%82%D0%B8%D1%82%D0%B5%D0%BB%D1%8C-%D0%B7%D0%B4%D1%80%D0%B0%D0%B2%D1%81%D1%82%D0%B2%D1%83%D0%B9%D1%82%D0%B5-%D0%B4%D0%BE%D0%BA%D1%82%D0%BE%D1%80-%D1%83-%D0%BC%D0%B5%D0%BD%D1%8F-%D0%BF%D1%80%D0%BE%D0%B1%D0%BB%D0%B5%D0%BC%D1%8B/? HTTP/2.0" 200 16146 "https://baneks.site/%D0%BF%D0%BE%D1%81%D0%B5%D1%82%D0%B8%D1%82%D0%B5%D0%BB%D1%8C-%D0%B7%D0%B4%D1%80%D0%B0%D0%B2%D1%81%D1%82%D0%B2%D1%83%D0%B9%D1%82%D0%B5-%D0%B4%D0%BE%D0%BA%D1%82%D0%BE%D1%80-%D1%83-%D0%BC%D0%B5%D0%BD%D1%8F-%D0%BF%D1%80%D0%BE%D0%B1%D0%BB%D0%B5%D0%BC%D1%8B/?" "Mozilla/5.0 (iPhone; CPU iPhone OS 13_4 like Mac OS X) AppleWebKit/605.1.15 (KHTML, like Gecko) GSA/107.0.310639584 Mobile/15E148 Safari/604.1" "-"
176.59.145.52 - - [19/Jul/2020:07:57:14 +0000] "GET /%D0%BF%D0%BE%D1%81%D0%B5%D1%82%D0%B8%D1%82%D0%B5%D0%BB%D1%8C-%D0%B7%D0%B4%D1%80%D0%B0%D0%B2%D1%81%D1%82%D0%B2%D1%83%D0%B9%D1%82%D0%B5-%D0%B4%D0%BE%D0%BA%D1%82%D0%BE%D1%80-%D1%83-%D0%BC%D0%B5%D0%BD%D1%8F-%D0%BF%D1%80%D0%BE%D0%B1%D0%BB%D0%B5%D0%BC%D1%8B/? HTTP/2.0" 200 16146 "https://baneks.site/%D0%BF%D0%BE%D1%81%D0%B5%D1%82%D0%B8%D1%82%D0%B5%D0%BB%D1%8C-%D0%B7%D0%B4%D1%80%D0%B0%D0%B2%D1%81%D1%82%D0%B2%D1%83%D0%B9%D1%82%D0%B5-%D0%B4%D0%BE%D0%BA%D1%82%D0%BE%D1%80-%D1%83-%D0%BC%D0%B5%D0%BD%D1%8F-%D0%BF%D1%80%D0%BE%D0%B1%D0%BB%D0%B5%D0%BC%D1%8B/?" "Mozilla/5.0 (iPhone; CPU iPhone OS 13_4 like Mac OS X) AppleWebKit/605.1.15 (KHTML, like Gecko) GSA/107.0.310639584 Mobile/15E148 Safari/604.1"
121.210.51.245 - - [19/Jul/2020:07:57:15 +0000] "GET /%D0%B3%D1%80%D1%83%D0%B7%D0%B8%D0%BD%D1%81%D0%BA%D0%B0%D1%8F-%D1%81%D0%BA%D0%B0%D0%B7%D0%BA%D0%B0-%D0%BF%D1%80%D0%BE-%D0%BA%D1%83%D0%B2%D1%88%D0%B8%D0%BD-%D0%B1%D1%8B%D0%BB-%D0%BE%D0%B4%D0%B8%D0%BD-%D0%BA%D1%83%D0%B2%D1%88%D0%B8%D0%BD/ HTTP/1.1" 200 15962 "https://baneks.site/%D0%B3%D1%80%D1%83%D0%B7%D0%B8%D0%BD%D1%81%D0%BA%D0%B0%D1%8F-%D1%81%D0%BA%D0%B0%D0%B7%D0%BA%D0%B0-%D0%BF%D1%80%D0%BE-%D0%BA%D1%83%D0%B2%D1%88%D0%B8%D0%BD-%D0%B1%D1%8B%D0%BB-%D0%BE%D0%B4%D0%B8%D0%BD-%D0%BA%D1%83%D0%B2%D1%88%D0%B8%D0%BD/" "Mozilla/5.0 (iPad; CPU OS 8_1_2 like Mac OS X) AppleWebKit/600.1.4 (KHTML, like Gecko) Version/8.0 Mobile/12B440 Safari/600.1.4" "-"
121.210.51.245 - - [19/Jul/2020:07:57:15 +0000] "GET /%D0%B3%D1%80%D1%83%D0%B7%D0%B8%D0%BD%D1%81%D0%BA%D0%B0%D1%8F-%D1%81%D0%BA%D0%B0%D0%B7%D0%BA%D0%B0-%D0%BF%D1%80%D0%BE-%D0%BA%D1%83%D0%B2%D1%88%D0%B8%D0%BD-%D0%B1%D1%8B%D0%BB-%D0%BE%D0%B4%D0%B8%D0%BD-%D0%BA%D1%83%D0%B2%D1%88%D0%B8%D0%BD/ HTTP/1.1" 200 15962 "https://baneks.site/%D0%B3%D1%80%D1%83%D0%B7%D0%B8%D0%BD%D1%81%D0%BA%D0%B0%D1%8F-%D1%81%D0%BA%D0%B0%D0%B7%D0%BA%D0%B0-%D0%BF%D1%80%D0%BE-%D0%BA%D1%83%D0%B2%D1%88%D0%B8%D0%BD-%D0%B1%D1%8B%D0%BB-%D0%BE%D0%B4%D0%B8%D0%BD-%D0%BA%D1%83%D0%B2%D1%88%D0%B8%D0%BD/" "Mozilla/5.0 (iPad; CPU OS 8_1_2 like Mac OS X) AppleWebKit/600.1.4 (KHTML, like Gecko) Version/8.0 Mobile/12B440 Safari/600.1.4"
46.229.168.142 - - [19/Jul/2020:07:57:15 +0000] "GET /%D0%B0%D0%BD%D0%B5%D0%BA%D0%B4%D0%BE%D1%82%D1%8B-%D0%BF%D1%80%D0%BE-%D0%B1%D0%B0%D0%B9%D0%BA%D0%B5%D1%80%D0%BE%D0%B2/ HTTP/1.1" 200 13900 "-" "Mozilla/5.0 (compatible; SemrushBot/6~bl; +http://www.semrush.com/bot.html)" "-"
46.229.168.142 - - [19/Jul/2020:07:57:15 +0000] "GET /%D0%B0%D0%BD%D0%B5%D0%BA%D0%B4%D0%BE%D1%82%D1%8B-%D0%BF%D1%80%D0%BE-%D0%B1%D0%B0%D0%B9%D0%BA%D0%B5%D1%80%D0%BE%D0%B2/ HTTP/1.1" 200 13900 "-" "Mozilla/5.0 (compatible; SemrushBot/6~bl; +http://www.semrush.com/bot.html)"
176.193.24.191 - - [19/Jul/2020:07:57:32 +0000] "POST /admin/jokes/joke/25790/change/ HTTP/2.0" 302 0 "https://baneks.site/admin/jokes/joke/25790/change/" "Mozilla/5.0 (X11; Linux x86_64) AppleWebKit/537.36 (KHTML, like Gecko) Chrome/81.0.4044.138 Safari/537.36" "-"
176.193.24.191 - - [19/Jul/2020:07:57:32 +0000] "POST /admin/jokes/joke/25790/change/ HTTP/2.0" 302 0 "https://baneks.site/admin/jokes/joke/25790/change/" "Mozilla/5.0 (X11; Linux x86_64) AppleWebKit/537.36 (KHTML, like Gecko) Chrome/81.0.4044.138 Safari/537.36"
176.193.24.191 - - [19/Jul/2020:07:57:33 +0000] "GET /admin/jokes/joke/25791/change/ HTTP/2.0" 200 7298 "https://baneks.site/admin/jokes/joke/25790/change/" "Mozilla/5.0 (X11; Linux x86_64) AppleWebKit/537.36 (KHTML, like Gecko) Chrome/81.0.4044.138 Safari/537.36" "-"
176.193.24.191 - - [19/Jul/2020:07:57:33 +0000] "GET /admin/jokes/joke/25791/change/ HTTP/2.0" 200 7298 "https://baneks.site/admin/jokes/joke/25790/change/" "Mozilla/5.0 (X11; Linux x86_64) AppleWebKit/537.36 (KHTML, like Gecko) Chrome/81.0.4044.138 Safari/537.36"
46.229.168.154 - - [19/Jul/2020:07:57:38 +0000] "GET /%D0%B5%D0%B4%D1%83%D1%82-%D0%92%D0%B0%D1%81%D0%B8%D0%BB%D0%B8%D0%B9-%D0%98%D0%B2%D0%B0%D0%BD%D0%BE%D0%B2%D0%B8%D1%87-%D0%B8-%D0%9F%D0%B5%D1%82%D1%8C%D0%BA%D0%B0-%D0%BD%D0%B0-%D0%BC%D0%B0%D1%88%D0%B8%D0%BD%D0%B5-%D0%B2%D0%B8%D0%B4%D1%8F%D1%82/?p=1 HTTP/1.1" 200 13852 "-" "Mozilla/5.0 (compatible; SemrushBot/6~bl; +http://www.semrush.com/bot.html)" "-"
46.229.168.154 - - [19/Jul/2020:07:57:38 +0000] "GET /%D0%B5%D0%B4%D1%83%D1%82-%D0%92%D0%B0%D1%81%D0%B8%D0%BB%D0%B8%D0%B9-%D0%98%D0%B2%D0%B0%D0%BD%D0%BE%D0%B2%D0%B8%D1%87-%D0%B8-%D0%9F%D0%B5%D1%82%D1%8C%D0%BA%D0%B0-%D0%BD%D0%B0-%D0%BC%D0%B0%D1%88%D0%B8%D0%BD%D0%B5-%D0%B2%D0%B8%D0%B4%D1%8F%D1%82/?p=1 HTTP/1.1" 200 13852 "-" "Mozilla/5.0 (compatible; SemrushBot/6~bl; +http://www.semrush.com/bot.html)"
138.68.24.207 - - [19/Jul/2020:07:57:39 +0000] "GET / HTTP/1.1" 200 4615 "-" "Mozilla/5.0 (Windows NT 6.2; WOW64) AppleWebKit/537.4 (KHTML, like Gecko) Chrome/98 Safari/537.4 (StatusCake)" "-"
138.68.24.207 - - [19/Jul/2020:07:57:39 +0000] "GET / HTTP/1.1" 200 4615 "-" "Mozilla/5.0 (Windows NT 6.2; WOW64) AppleWebKit/537.4 (KHTML, like Gecko) Chrome/98 Safari/537.4 (StatusCake)"
66.249.68.62 - - [19/Jul/2020:07:57:48 +0000] "GET /%D0%B7%D0%B0%D1%85%D0%BE%D1%82%D1%96%D0%BB%D0%B8-%D0%BC%D0%BE%D1%81%D0%BA%D0%B0%D0%BB%D1%96-%D1%81%D1%82%D0%B0%D1%82%D0%B8-%D1%83%D0%BA%D1%80%D0%B0%D1%97%D0%BD%D1%86%D1%8F%D0%BC%D0%B8/?p=2 HTTP/1.1" 304 0 "-" "Mozilla/5.0 (Linux; Android 6.0.1; Nexus 5X Build/MMB29P) AppleWebKit/537.36 (KHTML, like Gecko) Chrome/80.0.3987.92 Mobile Safari/537.36 (compatible; Googlebot/2.1; +http://www.google.com/bot.html)" "-"
66.249.68.62 - - [19/Jul/2020:07:57:48 +0000] "GET /%D0%B7%D0%B0%D1%85%D0%BE%D1%82%D1%96%D0%BB%D0%B8-%D0%BC%D0%BE%D1%81%D0%BA%D0%B0%D0%BB%D1%96-%D1%81%D1%82%D0%B0%D1%82%D0%B8-%D1%83%D0%BA%D1%80%D0%B0%D1%97%D0%BD%D1%86%D1%8F%D0%BC%D0%B8/?p=2 HTTP/1.1" 304 0 "-" "Mozilla/5.0 (Linux; Android 6.0.1; Nexus 5X Build/MMB29P) AppleWebKit/537.36 (KHTML, like Gecko) Chrome/80.0.3987.92 Mobile Safari/537.36 (compatible; Googlebot/2.1; +http://www.google.com/bot.html)"
114.119.162.241 - - [19/Jul/2020:07:57:48 +0000] "GET /%D1%81%D0%BE%D0%B2%D0%B5%D1%82%D1%81%D0%BA%D0%B8%D0%B5-%D0%B2%D1%80%D0%B5%D0%BC%D0%B5%D0%BD%D0%B0-%D0%B6%D0%B5%D0%BD%D1%89%D0%B8%D0%BD%D0%B0-%D0%B7%D0%B0%D1%85%D0%BE%D0%B4%D0%B8%D1%82-%D0%B2-%D0%BF%D1%80%D0%BE%D0%B4%D1%83%D0%BA%D1%82%D0%BE%D0%B2%D1%8B%D0%B9 HTTP/1.1" 301 0 "-" "Mozilla/5.0 (Linux; Android 7.0;) AppleWebKit/537.36 (KHTML, like Gecko) Mobile Safari/537.36 (compatible; PetalBot;+https://aspiegel.com/petalbot)" "-"
114.119.162.241 - - [19/Jul/2020:07:57:48 +0000] "GET /%D1%81%D0%BE%D0%B2%D0%B5%D1%82%D1%81%D0%BA%D0%B8%D0%B5-%D0%B2%D1%80%D0%B5%D0%BC%D0%B5%D0%BD%D0%B0-%D0%B6%D0%B5%D0%BD%D1%89%D0%B8%D0%BD%D0%B0-%D0%B7%D0%B0%D1%85%D0%BE%D0%B4%D0%B8%D1%82-%D0%B2-%D0%BF%D1%80%D0%BE%D0%B4%D1%83%D0%BA%D1%82%D0%BE%D0%B2%D1%8B%D0%B9 HTTP/1.1" 301 0 "-" "Mozilla/5.0 (Linux; Android 7.0;) AppleWebKit/537.36 (KHTML, like Gecko) Mobile Safari/537.36 (compatible; PetalBot;+https://aspiegel.com/petalbot)"
114.119.162.241 - - [19/Jul/2020:07:57:50 +0000] "GET /%D1%81%D0%BE%D0%B2%D0%B5%D1%82%D1%81%D0%BA%D0%B8%D0%B5-%D0%B2%D1%80%D0%B5%D0%BC%D0%B5%D0%BD%D0%B0-%D0%B6%D0%B5%D0%BD%D1%89%D0%B8%D0%BD%D0%B0-%D0%B7%D0%B0%D1%85%D0%BE%D0%B4%D0%B8%D1%82-%D0%B2-%D0%BF%D1%80%D0%BE%D0%B4%D1%83%D0%BA%D1%82%D0%BE%D0%B2%D1%8B%D0%B9/ HTTP/1.1" 200 14733 "-" "Mozilla/5.0 (Linux; Android 7.0;) AppleWebKit/537.36 (KHTML, like Gecko) Mobile Safari/537.36 (compatible; PetalBot;+https://aspiegel.com/petalbot)" "-"
114.119.162.241 - - [19/Jul/2020:07:57:50 +0000] "GET /%D1%81%D0%BE%D0%B2%D0%B5%D1%82%D1%81%D0%BA%D0%B8%D0%B5-%D0%B2%D1%80%D0%B5%D0%BC%D0%B5%D0%BD%D0%B0-%D0%B6%D0%B5%D0%BD%D1%89%D0%B8%D0%BD%D0%B0-%D0%B7%D0%B0%D1%85%D0%BE%D0%B4%D0%B8%D1%82-%D0%B2-%D0%BF%D1%80%D0%BE%D0%B4%D1%83%D0%BA%D1%82%D0%BE%D0%B2%D1%8B%D0%B9/ HTTP/1.1" 200 14733 "-" "Mozilla/5.0 (Linux; Android 7.0;) AppleWebKit/537.36 (KHTML, like Gecko) Mobile Safari/537.36 (compatible; PetalBot;+https://aspiegel.com/petalbot)"
46.229.168.140 - - [19/Jul/2020:07:57:54 +0000] "GET /tag/%D0%B4%D0%B5%D0%B2%D1%83%D1%88%D0%BA%D0%B0/?p=13 HTTP/1.1" 200 11679 "-" "Mozilla/5.0 (compatible; SemrushBot/6~bl; +http://www.semrush.com/bot.html)" "-"
46.229.168.140 - - [19/Jul/2020:07:57:54 +0000] "GET /tag/%D0%B4%D0%B5%D0%B2%D1%83%D1%88%D0%BA%D0%B0/?p=13 HTTP/1.1" 200 11679 "-" "Mozilla/5.0 (compatible; SemrushBot/6~bl; +http://www.semrush.com/bot.html)"
178.154.200.81 - - [19/Jul/2020:07:57:56 +0000] "GET /%D0%BF%D0%BE%D1%81%D0%B5%D1%82%D0%B8%D1%82%D0%B5%D0%BB%D1%8C-%D0%B7%D0%B4%D1%80%D0%B0%D0%B2%D1%81%D1%82%D0%B2%D1%83%D0%B9%D1%82%D0%B5-%D0%B4%D0%BE%D0%BA%D1%82%D0%BE%D1%80-%D1%83-%D0%BC%D0%B5%D0%BD%D1%8F-%D0%BF%D1%80%D0%BE%D0%B1%D0%BB%D0%B5%D0%BC%D1%8B/? HTTP/1.1" 200 16493 "-" "Mozilla/5.0 (compatible; YandexBot/3.0; +http://yandex.com/bots)" "-"
178.154.200.81 - - [19/Jul/2020:07:57:56 +0000] "GET /%D0%BF%D0%BE%D1%81%D0%B5%D1%82%D0%B8%D1%82%D0%B5%D0%BB%D1%8C-%D0%B7%D0%B4%D1%80%D0%B0%D0%B2%D1%81%D1%82%D0%B2%D1%83%D0%B9%D1%82%D0%B5-%D0%B4%D0%BE%D0%BA%D1%82%D0%BE%D1%80-%D1%83-%D0%BC%D0%B5%D0%BD%D1%8F-%D0%BF%D1%80%D0%BE%D0%B1%D0%BB%D0%B5%D0%BC%D1%8B/? HTTP/1.1" 200 16493 "-" "Mozilla/5.0 (compatible; YandexBot/3.0; +http://yandex.com/bots)"
178.154.200.81 - - [19/Jul/2020:07:57:59 +0000] "GET /%D0%B2%D0%BE%D0%B7%D0%BB%D0%B5-%D0%B4%D0%BE%D0%BC%D0%B0-%D0%BF%D1%80%D0%BE%D1%81%D0%B2%D0%B5%D1%82%D0%BB%D0%B5%D0%BD%D0%BD%D0%BE%D0%B3%D0%BE-%D0%B3%D0%BE%D1%80%D0%BD%D0%BE%D0%B3%D0%BE-%D0%B4%D0%B0%D0%BE%D1%81%D0%B0/?p=3 HTTP/1.1" 200 9533 "-" "Mozilla/5.0 (compatible; YandexBot/3.0; +http://yandex.com/bots)" "-"
178.154.200.81 - - [19/Jul/2020:07:57:59 +0000] "GET /%D0%B2%D0%BE%D0%B7%D0%BB%D0%B5-%D0%B4%D0%BE%D0%BC%D0%B0-%D0%BF%D1%80%D0%BE%D1%81%D0%B2%D0%B5%D1%82%D0%BB%D0%B5%D0%BD%D0%BD%D0%BE%D0%B3%D0%BE-%D0%B3%D0%BE%D1%80%D0%BD%D0%BE%D0%B3%D0%BE-%D0%B4%D0%B0%D0%BE%D1%81%D0%B0/?p=3 HTTP/1.1" 200 9533 "-" "Mozilla/5.0 (compatible; YandexBot/3.0; +http://yandex.com/bots)"
121.210.51.245 - - [19/Jul/2020:07:58:00 +0000] "GET /random HTTP/1.1" 302 0 "https://baneks.site/%D0%B3%D1%80%D1%83%D0%B7%D0%B8%D0%BD%D1%81%D0%BA%D0%B0%D1%8F-%D1%81%D0%BA%D0%B0%D0%B7%D0%BA%D0%B0-%D0%BF%D1%80%D0%BE-%D0%BA%D1%83%D0%B2%D1%88%D0%B8%D0%BD-%D0%B1%D1%8B%D0%BB-%D0%BE%D0%B4%D0%B8%D0%BD-%D0%BA%D1%83%D0%B2%D1%88%D0%B8%D0%BD/" "Mozilla/5.0 (iPad; CPU OS 8_1_2 like Mac OS X) AppleWebKit/600.1.4 (KHTML, like Gecko) Version/8.0 Mobile/12B440 Safari/600.1.4" "-"
121.210.51.245 - - [19/Jul/2020:07:58:00 +0000] "GET /random HTTP/1.1" 302 0 "https://baneks.site/%D0%B3%D1%80%D1%83%D0%B7%D0%B8%D0%BD%D1%81%D0%BA%D0%B0%D1%8F-%D1%81%D0%BA%D0%B0%D0%B7%D0%BA%D0%B0-%D0%BF%D1%80%D0%BE-%D0%BA%D1%83%D0%B2%D1%88%D0%B8%D0%BD-%D0%B1%D1%8B%D0%BB-%D0%BE%D0%B4%D0%B8%D0%BD-%D0%BA%D1%83%D0%B2%D1%88%D0%B8%D0%BD/" "Mozilla/5.0 (iPad; CPU OS 8_1_2 like Mac OS X) AppleWebKit/600.1.4 (KHTML, like Gecko) Version/8.0 Mobile/12B440 Safari/600.1.4"
5.45.207.181 - - [19/Jul/2020:07:58:00 +0000] "GET /%D1%80%D0%B5%D0%B1%D0%B5-%D1%87%D0%B5%D0%BC-%D0%B6%D0%B5%D0%BD%D0%B0-%D0%BE%D1%82%D0%BB%D0%B8%D1%87%D0%B0%D0%B5%D1%82%D1%81%D1%8F-%D0%BE%D1%82-%D0%B6%D0%B5%D0%BC%D1%87%D1%83%D0%B6%D0%B8%D0%BD%D1%8B/?p=3 HTTP/1.1" 200 12481 "-" "Mozilla/5.0 (compatible; YandexBot/3.0; +http://yandex.com/bots)" "-"
5.45.207.181 - - [19/Jul/2020:07:58:00 +0000] "GET /%D1%80%D0%B5%D0%B1%D0%B5-%D1%87%D0%B5%D0%BC-%D0%B6%D0%B5%D0%BD%D0%B0-%D0%BE%D1%82%D0%BB%D0%B8%D1%87%D0%B0%D0%B5%D1%82%D1%81%D1%8F-%D0%BE%D1%82-%D0%B6%D0%B5%D0%BC%D1%87%D1%83%D0%B6%D0%B8%D0%BD%D1%8B/?p=3 HTTP/1.1" 200 12481 "-" "Mozilla/5.0 (compatible; YandexBot/3.0; +http://yandex.com/bots)"
121.210.51.245 - - [19/Jul/2020:07:58:00 +0000] "GET /%D0%BF%D1%80%D0%B8%D1%85%D0%BE%D0%B4%D0%B8%D1%82-%D1%81%D1%8B%D0%BD-%D0%B4%D0%BE%D0%BC%D0%BE%D0%B9-%D0%B8%D0%B7-%D1%88%D0%BA%D0%BE%D0%BB%D1%8B-%D0%B8-%D0%B3%D0%BE%D0%B2%D0%BE%D1%80%D0%B8%D1%82-%D0%BC%D0%B0%D0%BC%D0%B5/ HTTP/1.1" 200 12688 "https://baneks.site/%D0%B3%D1%80%D1%83%D0%B7%D0%B8%D0%BD%D1%81%D0%BA%D0%B0%D1%8F-%D1%81%D0%BA%D0%B0%D0%B7%D0%BA%D0%B0-%D0%BF%D1%80%D0%BE-%D0%BA%D1%83%D0%B2%D1%88%D0%B8%D0%BD-%D0%B1%D1%8B%D0%BB-%D0%BE%D0%B4%D0%B8%D0%BD-%D0%BA%D1%83%D0%B2%D1%88%D0%B8%D0%BD/" "Mozilla/5.0 (iPad; CPU OS 8_1_2 like Mac OS X) AppleWebKit/600.1.4 (KHTML, like Gecko) Version/8.0 Mobile/12B440 Safari/600.1.4" "-"
121.210.51.245 - - [19/Jul/2020:07:58:00 +0000] "GET /%D0%BF%D1%80%D0%B8%D1%85%D0%BE%D0%B4%D0%B8%D1%82-%D1%81%D1%8B%D0%BD-%D0%B4%D0%BE%D0%BC%D0%BE%D0%B9-%D0%B8%D0%B7-%D1%88%D0%BA%D0%BE%D0%BB%D1%8B-%D0%B8-%D0%B3%D0%BE%D0%B2%D0%BE%D1%80%D0%B8%D1%82-%D0%BC%D0%B0%D0%BC%D0%B5/ HTTP/1.1" 200 12688 "https://baneks.site/%D0%B3%D1%80%D1%83%D0%B7%D0%B8%D0%BD%D1%81%D0%BA%D0%B0%D1%8F-%D1%81%D0%BA%D0%B0%D0%B7%D0%BA%D0%B0-%D0%BF%D1%80%D0%BE-%D0%BA%D1%83%D0%B2%D1%88%D0%B8%D0%BD-%D0%B1%D1%8B%D0%BB-%D0%BE%D0%B4%D0%B8%D0%BD-%D0%BA%D1%83%D0%B2%D1%88%D0%B8%D0%BD/" "Mozilla/5.0 (iPad; CPU OS 8_1_2 like Mac OS X) AppleWebKit/600.1.4 (KHTML, like Gecko) Version/8.0 Mobile/12B440 Safari/600.1.4"
121.210.51.245 - - [19/Jul/2020:07:58:03 +0000] "GET /%D0%BF%D1%80%D0%B8%D1%85%D0%BE%D0%B4%D0%B8%D1%82-%D1%81%D1%8B%D0%BD-%D0%B4%D0%BE%D0%BC%D0%BE%D0%B9-%D0%B8%D0%B7-%D1%88%D0%BA%D0%BE%D0%BB%D1%8B-%D0%B8-%D0%B3%D0%BE%D0%B2%D0%BE%D1%80%D0%B8%D1%82-%D0%BC%D0%B0%D0%BC%D0%B5/ HTTP/1.1" 200 12688 "https://baneks.site/%D0%BF%D1%80%D0%B8%D1%85%D0%BE%D0%B4%D0%B8%D1%82-%D1%81%D1%8B%D0%BD-%D0%B4%D0%BE%D0%BC%D0%BE%D0%B9-%D0%B8%D0%B7-%D1%88%D0%BA%D0%BE%D0%BB%D1%8B-%D0%B8-%D0%B3%D0%BE%D0%B2%D0%BE%D1%80%D0%B8%D1%82-%D0%BC%D0%B0%D0%BC%D0%B5/" "Mozilla/5.0 (iPad; CPU OS 8_1_2 like Mac OS X) AppleWebKit/600.1.4 (KHTML, like Gecko) Version/8.0 Mobile/12B440 Safari/600.1.4" "-"
121.210.51.245 - - [19/Jul/2020:07:58:03 +0000] "GET /%D0%BF%D1%80%D0%B8%D1%85%D0%BE%D0%B4%D0%B8%D1%82-%D1%81%D1%8B%D0%BD-%D0%B4%D0%BE%D0%BC%D0%BE%D0%B9-%D0%B8%D0%B7-%D1%88%D0%BA%D0%BE%D0%BB%D1%8B-%D0%B8-%D0%B3%D0%BE%D0%B2%D0%BE%D1%80%D0%B8%D1%82-%D0%BC%D0%B0%D0%BC%D0%B5/ HTTP/1.1" 200 12688 "https://baneks.site/%D0%BF%D1%80%D0%B8%D1%85%D0%BE%D0%B4%D0%B8%D1%82-%D1%81%D1%8B%D0%BD-%D0%B4%D0%BE%D0%BC%D0%BE%D0%B9-%D0%B8%D0%B7-%D1%88%D0%BA%D0%BE%D0%BB%D1%8B-%D0%B8-%D0%B3%D0%BE%D0%B2%D0%BE%D1%80%D0%B8%D1%82-%D0%BC%D0%B0%D0%BC%D0%B5/" "Mozilla/5.0 (iPad; CPU OS 8_1_2 like Mac OS X) AppleWebKit/600.1.4 (KHTML, like Gecko) Version/8.0 Mobile/12B440 Safari/600.1.4"
46.229.168.147 - - [19/Jul/2020:07:58:09 +0000] "GET /tag/%D1%87%D1%83%D0%BA%D1%87%D0%B0/?p=2 HTTP/1.1" 200 11810 "-" "Mozilla/5.0 (compatible; SemrushBot/6~bl; +http://www.semrush.com/bot.html)" "-"
46.229.168.147 - - [19/Jul/2020:07:58:09 +0000] "GET /tag/%D1%87%D1%83%D0%BA%D1%87%D0%B0/?p=2 HTTP/1.1" 200 11810 "-" "Mozilla/5.0 (compatible; SemrushBot/6~bl; +http://www.semrush.com/bot.html)"
178.154.200.81 - - [19/Jul/2020:07:58:19 +0000] "GET /%D1%81%D0%BE%D0%B1%D1%80%D0%B0%D0%BB%D0%B8%D1%81%D1%8C-%D1%80%D1%83%D1%81%D1%81%D0%BA%D0%B8%D0%B9-%D0%BD%D0%B5%D0%BC%D0%B5%D1%86-%D0%B8-%D0%B0%D0%BC%D0%B5%D1%80%D0%B8%D0%BA%D0%B0%D0%BD%D0%B5%D1%86-%D0%BF%D1%80%D1%8B%D0%B3%D0%B0%D1%82%D1%8C-%D1%87%D0%B5%D1%80%D0%B5%D0%B7/?p=1 HTTP/1.1" 200 13631 "-" "Mozilla/5.0 (compatible; YandexBot/3.0; +http://yandex.com/bots)" "-"
178.154.200.81 - - [19/Jul/2020:07:58:19 +0000] "GET /%D1%81%D0%BE%D0%B1%D1%80%D0%B0%D0%BB%D0%B8%D1%81%D1%8C-%D1%80%D1%83%D1%81%D1%81%D0%BA%D0%B8%D0%B9-%D0%BD%D0%B5%D0%BC%D0%B5%D1%86-%D0%B8-%D0%B0%D0%BC%D0%B5%D1%80%D0%B8%D0%BA%D0%B0%D0%BD%D0%B5%D1%86-%D0%BF%D1%80%D1%8B%D0%B3%D0%B0%D1%82%D1%8C-%D1%87%D0%B5%D1%80%D0%B5%D0%B7/?p=1 HTTP/1.1" 200 13631 "-" "Mozilla/5.0 (compatible; YandexBot/3.0; +http://yandex.com/bots)"
46.229.168.154 - - [19/Jul/2020:07:58:22 +0000] "GET /%D1%8D%D0%BA%D0%B7%D0%B0%D0%BC%D0%B5%D0%BD-%D0%B2-%D0%BC%D0%B5%D0%B4%D0%B8%D0%BD%D1%81%D1%82%D0%B8%D1%82%D1%83%D1%82%D0%B5-%D0%BF%D1%80%D0%B8%D0%BD%D0%B8%D0%BC%D0%B0%D1%8E%D1%82-%D0%B4%D0%B2%D0%B0-%D0%BF%D1%80%D0%BE%D1%84%D0%B5%D1%81%D1%81%D0%BE%D1%80%D0%B0/?p=4 HTTP/1.1" 200 11585 "-" "Mozilla/5.0 (compatible; SemrushBot/6~bl; +http://www.semrush.com/bot.html)" "-"
46.229.168.154 - - [19/Jul/2020:07:58:22 +0000] "GET /%D1%8D%D0%BA%D0%B7%D0%B0%D0%BC%D0%B5%D0%BD-%D0%B2-%D0%BC%D0%B5%D0%B4%D0%B8%D0%BD%D1%81%D1%82%D0%B8%D1%82%D1%83%D1%82%D0%B5-%D0%BF%D1%80%D0%B8%D0%BD%D0%B8%D0%BC%D0%B0%D1%8E%D1%82-%D0%B4%D0%B2%D0%B0-%D0%BF%D1%80%D0%BE%D1%84%D0%B5%D1%81%D1%81%D0%BE%D1%80%D0%B0/?p=4 HTTP/1.1" 200 11585 "-" "Mozilla/5.0 (compatible; SemrushBot/6~bl; +http://www.semrush.com/bot.html)"
95.128.240.158 - - [19/Jul/2020:07:58:36 +0000] "GET /%D0%BF%D1%8F%D1%82%D0%BD%D0%B8%D1%86%D0%B0-%D0%B2%D0%B5%D1%87%D0%B5%D1%80-%D0%B7%D0%B0%D1%85%D0%BE%D0%B4%D0%B8%D1%82-%D0%BC%D1%83%D0%B6%D0%B8%D0%BA-%D0%B2-%D0%B1%D0%B0%D1%80-%D0%B4%D0%B0%D0%BB%D0%B5%D0%B5-%D0%B4%D0%B8%D0%B0%D0%BB%D0%BE%D0%B3/ HTTP/2.0" 200 13776 "https://www.google.com/" "Mozilla/5.0 (Windows NT 6.1; ) AppleWebKit/537.36 (KHTML, like Gecko) Chrome/83.0.4103.116 Safari/537.36" "-"
95.128.240.158 - - [19/Jul/2020:07:58:36 +0000] "GET /%D0%BF%D1%8F%D1%82%D0%BD%D0%B8%D1%86%D0%B0-%D0%B2%D0%B5%D1%87%D0%B5%D1%80-%D0%B7%D0%B0%D1%85%D0%BE%D0%B4%D0%B8%D1%82-%D0%BC%D1%83%D0%B6%D0%B8%D0%BA-%D0%B2-%D0%B1%D0%B0%D1%80-%D0%B4%D0%B0%D0%BB%D0%B5%D0%B5-%D0%B4%D0%B8%D0%B0%D0%BB%D0%BE%D0%B3/ HTTP/2.0" 200 13776 "https://www.google.com/" "Mozilla/5.0 (Windows NT 6.1; ) AppleWebKit/537.36 (KHTML, like Gecko) Chrome/83.0.4103.116 Safari/537.36"
95.128.240.158 - - [19/Jul/2020:07:58:36 +0000] "GET /%D0%BF%D1%8F%D1%82%D0%BD%D0%B8%D1%86%D0%B0-%D0%B2%D0%B5%D1%87%D0%B5%D1%80-%D0%B7%D0%B0%D1%85%D0%BE%D0%B4%D0%B8%D1%82-%D0%BC%D1%83%D0%B6%D0%B8%D0%BA-%D0%B2-%D0%B1%D0%B0%D1%80-%D0%B4%D0%B0%D0%BB%D0%B5%D0%B5-%D0%B4%D0%B8%D0%B0%D0%BB%D0%BE%D0%B3/ HTTP/2.0" 200 13776 "https://baneks.site/%D0%BF%D1%8F%D1%82%D0%BD%D0%B8%D1%86%D0%B0-%D0%B2%D0%B5%D1%87%D0%B5%D1%80-%D0%B7%D0%B0%D1%85%D0%BE%D0%B4%D0%B8%D1%82-%D0%BC%D1%83%D0%B6%D0%B8%D0%BA-%D0%B2-%D0%B1%D0%B0%D1%80-%D0%B4%D0%B0%D0%BB%D0%B5%D0%B5-%D0%B4%D0%B8%D0%B0%D0%BB%D0%BE%D0%B3/" "Mozilla/5.0 (Windows NT 6.1; ) AppleWebKit/537.36 (KHTML, like Gecko) Chrome/83.0.4103.116 Safari/537.36" "-"
95.128.240.158 - - [19/Jul/2020:07:58:36 +0000] "GET /%D0%BF%D1%8F%D1%82%D0%BD%D0%B8%D1%86%D0%B0-%D0%B2%D0%B5%D1%87%D0%B5%D1%80-%D0%B7%D0%B0%D1%85%D0%BE%D0%B4%D0%B8%D1%82-%D0%BC%D1%83%D0%B6%D0%B8%D0%BA-%D0%B2-%D0%B1%D0%B0%D1%80-%D0%B4%D0%B0%D0%BB%D0%B5%D0%B5-%D0%B4%D0%B8%D0%B0%D0%BB%D0%BE%D0%B3/ HTTP/2.0" 200 13776 "https://baneks.site/%D0%BF%D1%8F%D1%82%D0%BD%D0%B8%D1%86%D0%B0-%D0%B2%D0%B5%D1%87%D0%B5%D1%80-%D0%B7%D0%B0%D1%85%D0%BE%D0%B4%D0%B8%D1%82-%D0%BC%D1%83%D0%B6%D0%B8%D0%BA-%D0%B2-%D0%B1%D0%B0%D1%80-%D0%B4%D0%B0%D0%BB%D0%B5%D0%B5-%D0%B4%D0%B8%D0%B0%D0%BB%D0%BE%D0%B3/" "Mozilla/5.0 (Windows NT 6.1; ) AppleWebKit/537.36 (KHTML, like Gecko) Chrome/83.0.4103.116 Safari/537.36"
46.229.168.145 - - [19/Jul/2020:07:58:37 +0000] "GET /%D0%B4%D0%B2%D0%B0-%D1%80%D1%83%D1%81%D1%81%D0%BA%D0%B8%D1%85-%D0%BF%D0%B0%D1%86%D0%B0%D0%BD%D0%B0-%D0%BF%D0%BE%D0%BB%D0%B5%D1%82%D0%B5%D0%BB%D0%B8-%D0%B2-%D0%90%D0%B2%D1%81%D1%82%D1%80%D0%B0%D0%BB%D0%B8%D1%8E/?p=1 HTTP/1.1" 200 15379 "-" "Mozilla/5.0 (compatible; SemrushBot/6~bl; +http://www.semrush.com/bot.html)" "-"
46.229.168.145 - - [19/Jul/2020:07:58:37 +0000] "GET /%D0%B4%D0%B2%D0%B0-%D1%80%D1%83%D1%81%D1%81%D0%BA%D0%B8%D1%85-%D0%BF%D0%B0%D1%86%D0%B0%D0%BD%D0%B0-%D0%BF%D0%BE%D0%BB%D0%B5%D1%82%D0%B5%D0%BB%D0%B8-%D0%B2-%D0%90%D0%B2%D1%81%D1%82%D1%80%D0%B0%D0%BB%D0%B8%D1%8E/?p=1 HTTP/1.1" 200 15379 "-" "Mozilla/5.0 (compatible; SemrushBot/6~bl; +http://www.semrush.com/bot.html)"
95.153.133.252 - - [19/Jul/2020:07:58:38 +0000] "GET /%D0%BC%D0%BE%D0%B9-%D0%B4%D0%B5%D0%B4-%D0%B2%D0%BE-%D0%B2%D1%80%D0%B5%D0%BC%D0%B5%D0%BD%D0%B0-%D0%A1%D1%82%D0%B0%D0%BB%D0%B8%D0%BD%D0%B0-%D1%80%D0%B0%D0%B1%D0%BE%D1%82%D0%B0%D0%BB-%D1%85%D1%83%D0%B4%D0%BE%D0%B6%D0%BD%D0%B8%D0%BA%D0%BE%D0%BC-%D0%B2/ HTTP/2.0" 200 13913 "https://baneks.site/%D0%BF%D0%BE%D1%87%D0%B5%D0%BC%D1%83-%D0%BC%D1%8B-%D0%B8%D0%B4%D0%B5%D0%BC-%D0%BA-%D0%BA%D0%BE%D0%BC%D0%BC%D1%83%D0%BD%D0%B8%D0%B7%D0%BC%D1%83-%D0%B0-%D0%B6%D1%80%D0%B0%D1%82%D1%8C-%D0%BD%D0%B5%D1%87%D0%B5%D0%B3%D0%BE/" "Mozilla/5.0 (Linux; Android 8.0.0; AUM-L41) AppleWebKit/537.36 (KHTML, like Gecko) Chrome/83.0.4103.106 Mobile Safari/537.36" "-"
95.153.133.252 - - [19/Jul/2020:07:58:38 +0000] "GET /%D0%BC%D0%BE%D0%B9-%D0%B4%D0%B5%D0%B4-%D0%B2%D0%BE-%D0%B2%D1%80%D0%B5%D0%BC%D0%B5%D0%BD%D0%B0-%D0%A1%D1%82%D0%B0%D0%BB%D0%B8%D0%BD%D0%B0-%D1%80%D0%B0%D0%B1%D0%BE%D1%82%D0%B0%D0%BB-%D1%85%D1%83%D0%B4%D0%BE%D0%B6%D0%BD%D0%B8%D0%BA%D0%BE%D0%BC-%D0%B2/ HTTP/2.0" 200 13913 "https://baneks.site/%D0%BF%D0%BE%D1%87%D0%B5%D0%BC%D1%83-%D0%BC%D1%8B-%D0%B8%D0%B4%D0%B5%D0%BC-%D0%BA-%D0%BA%D0%BE%D0%BC%D0%BC%D1%83%D0%BD%D0%B8%D0%B7%D0%BC%D1%83-%D0%B0-%D0%B6%D1%80%D0%B0%D1%82%D1%8C-%D0%BD%D0%B5%D1%87%D0%B5%D0%B3%D0%BE/" "Mozilla/5.0 (Linux; Android 8.0.0; AUM-L41) AppleWebKit/537.36 (KHTML, like Gecko) Chrome/83.0.4103.106 Mobile Safari/537.36"
207.46.13.35 - - [19/Jul/2020:07:58:39 +0000] "GET /-%D0%B2%D0%B0%D1%88-%D0%B0%D0%BD%D0%B3%D0%BB%D0%B8%D0%B9%D1%81%D0%BA%D0%B8%D0%B9-%D0%B7%D0%B0%D0%B2%D1%82%D1%80%D0%B0%D0%BA-%D1%81%D1%8D%D1%80-%D1%82%D0%B0%D0%BA-%D0%B1%D0%B5%D0%BA%D0%BE%D0%BD-%D1%8F%D0%B8%D1%87%D0%BD%D0%B8%D1%86%D0%B0/?p=2 HTTP/1.1" 304 0 "-" "Mozilla/5.0 (compatible; bingbot/2.0; +http://www.bing.com/bingbot.htm)" "-"
207.46.13.35 - - [19/Jul/2020:07:58:39 +0000] "GET /-%D0%B2%D0%B0%D1%88-%D0%B0%D0%BD%D0%B3%D0%BB%D0%B8%D0%B9%D1%81%D0%BA%D0%B8%D0%B9-%D0%B7%D0%B0%D0%B2%D1%82%D1%80%D0%B0%D0%BA-%D1%81%D1%8D%D1%80-%D1%82%D0%B0%D0%BA-%D0%B1%D0%B5%D0%BA%D0%BE%D0%BD-%D1%8F%D0%B8%D1%87%D0%BD%D0%B8%D1%86%D0%B0/?p=2 HTTP/1.1" 304 0 "-" "Mozilla/5.0 (compatible; bingbot/2.0; +http://www.bing.com/bingbot.htm)"
95.153.133.252 - - [19/Jul/2020:07:58:40 +0000] "GET /%D0%BC%D0%BE%D0%B9-%D0%B4%D0%B5%D0%B4-%D0%B2%D0%BE-%D0%B2%D1%80%D0%B5%D0%BC%D0%B5%D0%BD%D0%B0-%D0%A1%D1%82%D0%B0%D0%BB%D0%B8%D0%BD%D0%B0-%D1%80%D0%B0%D0%B1%D0%BE%D1%82%D0%B0%D0%BB-%D1%85%D1%83%D0%B4%D0%BE%D0%B6%D0%BD%D0%B8%D0%BA%D0%BE%D0%BC-%D0%B2/ HTTP/2.0" 200 13913 "https://baneks.site/%D0%BC%D0%BE%D0%B9-%D0%B4%D0%B5%D0%B4-%D0%B2%D0%BE-%D0%B2%D1%80%D0%B5%D0%BC%D0%B5%D0%BD%D0%B0-%D0%A1%D1%82%D0%B0%D0%BB%D0%B8%D0%BD%D0%B0-%D1%80%D0%B0%D0%B1%D0%BE%D1%82%D0%B0%D0%BB-%D1%85%D1%83%D0%B4%D0%BE%D0%B6%D0%BD%D0%B8%D0%BA%D0%BE%D0%BC-%D0%B2/" "Mozilla/5.0 (Linux; Android 8.0.0; AUM-L41) AppleWebKit/537.36 (KHTML, like Gecko) Chrome/83.0.4103.106 Mobile Safari/537.36" "-"
95.153.133.252 - - [19/Jul/2020:07:58:40 +0000] "GET /%D0%BC%D0%BE%D0%B9-%D0%B4%D0%B5%D0%B4-%D0%B2%D0%BE-%D0%B2%D1%80%D0%B5%D0%BC%D0%B5%D0%BD%D0%B0-%D0%A1%D1%82%D0%B0%D0%BB%D0%B8%D0%BD%D0%B0-%D1%80%D0%B0%D0%B1%D0%BE%D1%82%D0%B0%D0%BB-%D1%85%D1%83%D0%B4%D0%BE%D0%B6%D0%BD%D0%B8%D0%BA%D0%BE%D0%BC-%D0%B2/ HTTP/2.0" 200 13913 "https://baneks.site/%D0%BC%D0%BE%D0%B9-%D0%B4%D0%B5%D0%B4-%D0%B2%D0%BE-%D0%B2%D1%80%D0%B5%D0%BC%D0%B5%D0%BD%D0%B0-%D0%A1%D1%82%D0%B0%D0%BB%D0%B8%D0%BD%D0%B0-%D1%80%D0%B0%D0%B1%D0%BE%D1%82%D0%B0%D0%BB-%D1%85%D1%83%D0%B4%D0%BE%D0%B6%D0%BD%D0%B8%D0%BA%D0%BE%D0%BC-%D0%B2/" "Mozilla/5.0 (Linux; Android 8.0.0; AUM-L41) AppleWebKit/537.36 (KHTML, like Gecko) Chrome/83.0.4103.106 Mobile Safari/537.36"
