5.45.207.181 - - [22/Jul/2020:23:10:16 +0000] "GET /%D0%B0-%D0%BA%D0%B0%D0%BA-%D0%B2-%D1%82%D1%8E%D1%80%D1%8C%D0%BC%D0%B5-%D0%BF%D1%80%D0%B0%D0%B7%D0%B4%D0%BD%D1%83%D1%8E%D1%82/?p=1 HTTP/1.1" 200 11849 "-" "Mozilla/5.0 (compatible; YandexBot/3.0; +http://yandex.com/bots)"
178.154.200.81 - - [22/Jul/2020:23:10:17 +0000] "GET /%D0%B7%D0%B4%D1%80%D0%B0%D0%B2%D1%81%D1%82%D0%B2%D1%83%D0%B9%D1%82%D0%B5-%D1%8D%D1%82%D0%BE-%D0%BA%D0%BB%D1%83%D0%B1-%D1%83%D0%BC%D1%81%D1%82%D0%B2%D0%B5%D0%BD%D0%BD%D0%BE-%D0%BE%D1%82%D1%81%D1%82%D0%B0%D0%BB%D1%8B%D1%85/?p=2 HTTP/1.1" 200 13470 "-" "Mozilla/5.0 (compatible; YandexBot/3.0; +http://yandex.com/bots)" "-"
178.154.200.81 - - [22/Jul/2020:23:10:17 +0000] "GET /%D0%B7%D0%B4%D1%80%D0%B0%D0%B2%D1%81%D1%82%D0%B2%D1%83%D0%B9%D1%82%D0%B5-%D1%8D%D1%82%D0%BE-%D0%BA%D0%BB%D1%83%D0%B1-%D1%83%D0%BC%D1%81%D1%82%D0%B2%D0%B5%D0%BD%D0%BD%D0%BE-%D0%BE%D1%82%D1%81%D1%82%D0%B0%D0%BB%D1%8B%D1%85/?p=2 HTTP/1.1" 200 13470 "-" "Mozilla/5.0 (compatible; YandexBot/3.0; +http://yandex.com/bots)"
5.45.207.181 - - [22/Jul/2020:23:10:17 +0000] "GET /%D1%81%D1%82%D0%BE%D0%B8%D1%82-%D0%BC%D1%83%D0%B6%D0%B8%D0%BA-%D0%BD%D0%B0-%D1%80%D1%8B%D0%BD%D0%BA%D0%B5-%D1%82%D0%BE%D1%80%D0%B3%D1%83%D0%B5%D1%82-%D0%B0%D0%BF%D0%B5%D0%BB%D1%8C%D1%81%D0%B8%D0%BD%D0%B0%D0%BC%D0%B8/?p=3 HTTP/1.1" 200 10695 "-" "Mozilla/5.0 (compatible; YandexBot/3.0; +http://yandex.com/bots)" "-"
5.45.207.181 - - [22/Jul/2020:23:10:17 +0000] "GET /%D1%81%D1%82%D0%BE%D0%B8%D1%82-%D0%BC%D1%83%D0%B6%D0%B8%D0%BA-%D0%BD%D0%B0-%D1%80%D1%8B%D0%BD%D0%BA%D0%B5-%D1%82%D0%BE%D1%80%D0%B3%D1%83%D0%B5%D1%82-%D0%B0%D0%BF%D0%B5%D0%BB%D1%8C%D1%81%D0%B8%D0%BD%D0%B0%D0%BC%D0%B8/?p=3 HTTP/1.1" 200 10695 "-" "Mozilla/5.0 (compatible; YandexBot/3.0; +http://yandex.com/bots)"
178.154.200.151 - - [22/Jul/2020:23:10:18 +0000] "GET /%D0%B6%D0%B8%D0%BB%D0%B8-%D0%B1%D1%8B%D0%BB%D0%B8-%D0%B4%D0%B2%D0%B0-%D0%BC%D1%83%D0%B6%D0%B8%D0%BA%D0%B0-%D0%B8-%D0%B1%D1%8B%D0%BB%D0%BE-%D1%83-%D0%BA%D0%B0%D0%B6%D0%B4%D0%BE%D0%B3%D0%BE-%D0%BF%D0%BE-%D1%84%D0%B5%D1%80%D0%BC%D0%B5/?p=2 HTTP/1.1" 200 15003 "-" "Mozilla/5.0 (compatible; YandexBot/3.0; +http://yandex.com/bots)" "-"
178.154.200.151 - - [22/Jul/2020:23:10:18 +0000] "GET /%D0%B6%D0%B8%D0%BB%D0%B8-%D0%B1%D1%8B%D0%BB%D0%B8-%D0%B4%D0%B2%D0%B0-%D0%BC%D1%83%D0%B6%D0%B8%D0%BA%D0%B0-%D0%B8-%D0%B1%D1%8B%D0%BB%D0%BE-%D1%83-%D0%BA%D0%B0%D0%B6%D0%B4%D0%BE%D0%B3%D0%BE-%D0%BF%D0%BE-%D1%84%D0%B5%D1%80%D0%BC%D0%B5/?p=2 HTTP/1.1" 200 15003 "-" "Mozilla/5.0 (compatible; YandexBot/3.0; +http://yandex.com/bots)"
178.154.200.81 - - [22/Jul/2020:23:10:18 +0000] "GET /%D0%BC%D1%83%D0%B6-%D1%81-%D0%B6%D0%B5%D0%BD%D0%BE%D0%B9-%D0%BF%D1%80%D0%BE%D0%B6%D0%B8%D0%BB-15-%D0%BB%D0%B5%D1%82-%D0%B8-%D0%B3%D0%BE%D0%B2%D0%BE%D1%80%D0%B8%D1%82-%D1%81%D0%B4%D0%B5%D0%BB%D0%B0%D0%B9-%D0%BC%D0%B8%D0%BD%D0%B5%D1%82/?p=2 HTTP/1.1" 200 12775 "-" "Mozilla/5.0 (compatible; YandexBot/3.0; +http://yandex.com/bots)" "-"
178.154.200.81 - - [22/Jul/2020:23:10:18 +0000] "GET /%D0%BC%D1%83%D0%B6-%D1%81-%D0%B6%D0%B5%D0%BD%D0%BE%D0%B9-%D0%BF%D1%80%D0%BE%D0%B6%D0%B8%D0%BB-15-%D0%BB%D0%B5%D1%82-%D0%B8-%D0%B3%D0%BE%D0%B2%D0%BE%D1%80%D0%B8%D1%82-%D1%81%D0%B4%D0%B5%D0%BB%D0%B0%D0%B9-%D0%BC%D0%B8%D0%BD%D0%B5%D1%82/?p=2 HTTP/1.1" 200 12775 "-" "Mozilla/5.0 (compatible; YandexBot/3.0; +http://yandex.com/bots)"
5.45.207.181 - - [22/Jul/2020:23:10:19 +0000] "GET /%D0%B7%D0%B0%D1%85%D0%BE%D0%B4%D0%B8%D1%82-%D0%BA%D0%BE%D1%80%D0%BE%D1%87%D0%B5-%D1%81%D1%82%D1%83%D0%B4%D0%B5%D0%BD%D1%82-%D0%B2-%D1%81%D1%82%D0%BE%D0%BB%D0%BE%D0%B2%D1%83%D1%8E-%D0%BC%D0%B0%D1%82%D1%84%D0%B0%D0%BA%D0%B0/?p=3 HTTP/1.1" 200 13522 "-" "Mozilla/5.0 (compatible; YandexBot/3.0; +http://yandex.com/bots)" "-"
5.45.207.181 - - [22/Jul/2020:23:10:19 +0000] "GET /%D0%B7%D0%B0%D1%85%D0%BE%D0%B4%D0%B8%D1%82-%D0%BA%D0%BE%D1%80%D0%BE%D1%87%D0%B5-%D1%81%D1%82%D1%83%D0%B4%D0%B5%D0%BD%D1%82-%D0%B2-%D1%81%D1%82%D0%BE%D0%BB%D0%BE%D0%B2%D1%83%D1%8E-%D0%BC%D0%B0%D1%82%D1%84%D0%B0%D0%BA%D0%B0/?p=3 HTTP/1.1" 200 13522 "-" "Mozilla/5.0 (compatible; YandexBot/3.0; +http://yandex.com/bots)"
178.154.200.151 - - [22/Jul/2020:23:10:19 +0000] "GET /%D0%B5%D1%81%D0%BB%D0%B8-%D0%BD%D0%B5-%D0%BC%D0%B5%D0%BD%D0%B5%D0%B5-%D1%87%D0%B5%D1%82%D1%8B%D1%80%D1%91%D1%85-%D1%82%D0%BE%D1%87%D0%B5%D0%BA-%D0%BE%D0%B1%D1%80%D0%B0%D0%B7%D1%83%D1%8E%D1%82-%D0%B2%D1%8B%D0%BF%D1%83%D0%BA%D0%BB%D1%83%D1%8E/?p=4 HTTP/1.1" 200 8624 "-" "Mozilla/5.0 (compatible; YandexBot/3.0; +http://yandex.com/bots)" "-"
178.154.200.151 - - [22/Jul/2020:23:10:19 +0000] "GET /%D0%B5%D1%81%D0%BB%D0%B8-%D0%BD%D0%B5-%D0%BC%D0%B5%D0%BD%D0%B5%D0%B5-%D1%87%D0%B5%D1%82%D1%8B%D1%80%D1%91%D1%85-%D1%82%D0%BE%D1%87%D0%B5%D0%BA-%D0%BE%D0%B1%D1%80%D0%B0%D0%B7%D1%83%D1%8E%D1%82-%D0%B2%D1%8B%D0%BF%D1%83%D0%BA%D0%BB%D1%83%D1%8E/?p=4 HTTP/1.1" 200 8624 "-" "Mozilla/5.0 (compatible; YandexBot/3.0; +http://yandex.com/bots)"
178.154.200.81 - - [22/Jul/2020:23:10:19 +0000] "GET /%D0%BF%D0%BE%D0%B4%D1%85%D0%BE%D0%B4%D0%B8%D1%82-%D0%92%D0%BE%D0%B2%D0%BE%D1%87%D0%BA%D0%B0-%D0%BA-%D0%9C%D0%B0%D1%80%D1%8C-%D0%98%D0%B2%D0%B0%D0%BD%D0%BD%D0%B5-%D0%B8-%D0%B3%D0%BE%D0%B2%D0%BE%D1%80%D0%B8%D1%82-%D0%BE%D1%82%D0%B3%D0%B0%D0%B4%D0%B0%D0%B9%D1%82%D0%B5/?p=1 HTTP/1.1" 200 13469 "-" "Mozilla/5.0 (compatible; YandexBot/3.0; +http://yandex.com/bots)" "-"
178.154.200.81 - - [22/Jul/2020:23:10:19 +0000] "GET /%D0%BF%D0%BE%D0%B4%D1%85%D0%BE%D0%B4%D0%B8%D1%82-%D0%92%D0%BE%D0%B2%D0%BE%D1%87%D0%BA%D0%B0-%D0%BA-%D0%9C%D0%B0%D1%80%D1%8C-%D0%98%D0%B2%D0%B0%D0%BD%D0%BD%D0%B5-%D0%B8-%D0%B3%D0%BE%D0%B2%D0%BE%D1%80%D0%B8%D1%82-%D0%BE%D1%82%D0%B3%D0%B0%D0%B4%D0%B0%D0%B9%D1%82%D0%B5/?p=1 HTTP/1.1" 200 13469 "-" "Mozilla/5.0 (compatible; YandexBot/3.0; +http://yandex.com/bots)"
5.45.207.181 - - [22/Jul/2020:23:10:21 +0000] "GET /%D0%BF%D0%BE%D0%BB%D0%BD%D1%8B%D0%B9-%D0%BA%D0%BB%D0%B0%D1%81%D1%81-%D1%83%D1%87%D0%B5%D0%BD%D0%B8%D0%BA%D0%BE%D0%B2-%D0%B7%D0%B0%D1%85%D0%BE%D0%B4%D0%B8%D1%82-%D1%83%D1%87%D0%B8%D1%82%D0%B5%D0%BB%D1%8C%D0%BD%D0%B8%D1%86%D0%B0-%D0%B8/?p=2 HTTP/1.1" 200 13584 "-" "Mozilla/5.0 (compatible; YandexBot/3.0; +http://yandex.com/bots)" "-"
5.45.207.181 - - [22/Jul/2020:23:10:21 +0000] "GET /%D0%BF%D0%BE%D0%BB%D0%BD%D1%8B%D0%B9-%D0%BA%D0%BB%D0%B0%D1%81%D1%81-%D1%83%D1%87%D0%B5%D0%BD%D0%B8%D0%BA%D0%BE%D0%B2-%D0%B7%D0%B0%D1%85%D0%BE%D0%B4%D0%B8%D1%82-%D1%83%D1%87%D0%B8%D1%82%D0%B5%D0%BB%D1%8C%D0%BD%D0%B8%D1%86%D0%B0-%D0%B8/?p=2 HTTP/1.1" 200 13584 "-" "Mozilla/5.0 (compatible; YandexBot/3.0; +http://yandex.com/bots)"
178.154.200.81 - - [22/Jul/2020:23:10:21 +0000] "GET /%D0%B5%D1%81%D0%BB%D0%B8-%D0%BD%D0%B5-%D0%BC%D0%B5%D0%BD%D0%B5%D0%B5-%D1%87%D0%B5%D1%82%D1%8B%D1%80%D1%91%D1%85-%D1%82%D0%BE%D1%87%D0%B5%D0%BA-%D0%BE%D0%B1%D1%80%D0%B0%D0%B7%D1%83%D1%8E%D1%82-%D0%B2%D1%8B%D0%BF%D1%83%D0%BA%D0%BB%D1%83%D1%8E/?p=2 HTTP/1.1" 200 13824 "-" "Mozilla/5.0 (compatible; YandexBot/3.0; +http://yandex.com/bots)" "-"
178.154.200.81 - - [22/Jul/2020:23:10:21 +0000] "GET /%D0%B5%D1%81%D0%BB%D0%B8-%D0%BD%D0%B5-%D0%BC%D0%B5%D0%BD%D0%B5%D0%B5-%D1%87%D0%B5%D1%82%D1%8B%D1%80%D1%91%D1%85-%D1%82%D0%BE%D1%87%D0%B5%D0%BA-%D0%BE%D0%B1%D1%80%D0%B0%D0%B7%D1%83%D1%8E%D1%82-%D0%B2%D1%8B%D0%BF%D1%83%D0%BA%D0%BB%D1%83%D1%8E/?p=2 HTTP/1.1" 200 13824 "-" "Mozilla/5.0 (compatible; YandexBot/3.0; +http://yandex.com/bots)"
5.45.207.181 - - [22/Jul/2020:23:10:21 +0000] "GET /%D0%B2-%D0%A0%D0%BE%D1%81%D1%81%D0%B8%D0%B8-%D0%B8%D0%B7%D0%BE%D0%B1%D1%80%D0%B5%D0%BB%D0%B8-%D0%BA%D0%BE%D0%B2%D1%91%D1%80-%D0%BF%D0%BE-%D0%BA%D0%BE%D1%82%D0%BE%D1%80%D0%BE%D0%BC%D1%83-%D0%BC%D0%BE%D0%B6%D0%BD%D0%BE-%D0%B5%D0%B7%D0%B4%D0%B8%D1%82%D1%8C/?p=2 HTTP/1.1" 200 12896 "-" "Mozilla/5.0 (compatible; YandexBot/3.0; +http://yandex.com/bots)" "-"
5.45.207.181 - - [22/Jul/2020:23:10:21 +0000] "GET /%D0%B2-%D0%A0%D0%BE%D1%81%D1%81%D0%B8%D0%B8-%D0%B8%D0%B7%D0%BE%D0%B1%D1%80%D0%B5%D0%BB%D0%B8-%D0%BA%D0%BE%D0%B2%D1%91%D1%80-%D0%BF%D0%BE-%D0%BA%D0%BE%D1%82%D0%BE%D1%80%D0%BE%D0%BC%D1%83-%D0%BC%D0%BE%D0%B6%D0%BD%D0%BE-%D0%B5%D0%B7%D0%B4%D0%B8%D1%82%D1%8C/?p=2 HTTP/1.1" 200 12896 "-" "Mozilla/5.0 (compatible; YandexBot/3.0; +http://yandex.com/bots)"
5.45.207.181 - - [22/Jul/2020:23:10:22 +0000] "GET /%D0%90%D0%B4%D0%B0%D0%BC-%D0%A1%D0%B5%D0%BD%D0%B4%D0%BB%D0%B5%D1%80-%D0%B2%D0%BE-%D0%B2%D1%80%D0%B5%D0%BC%D1%8F-%D1%81%D1%8A%D1%91%D0%BC%D0%BE%D0%BA-%D1%85%D0%BE%D1%82%D0%B5%D0%BB-%D1%83%D0%B2%D0%B8%D0%B4%D0%B5%D1%82%D1%8C/?p=2 HTTP/1.1" 200 13663 "-" "Mozilla/5.0 (compatible; YandexBot/3.0; +http://yandex.com/bots)" "-"
5.45.207.181 - - [22/Jul/2020:23:10:22 +0000] "GET /%D0%90%D0%B4%D0%B0%D0%BC-%D0%A1%D0%B5%D0%BD%D0%B4%D0%BB%D0%B5%D1%80-%D0%B2%D0%BE-%D0%B2%D1%80%D0%B5%D0%BC%D1%8F-%D1%81%D1%8A%D1%91%D0%BC%D0%BE%D0%BA-%D1%85%D0%BE%D1%82%D0%B5%D0%BB-%D1%83%D0%B2%D0%B8%D0%B4%D0%B5%D1%82%D1%8C/?p=2 HTTP/1.1" 200 13663 "-" "Mozilla/5.0 (compatible; YandexBot/3.0; +http://yandex.com/bots)"
178.154.200.151 - - [22/Jul/2020:23:10:22 +0000] "GET /%D0%BF%D1%80%D0%B8%D0%B5%D0%B7%D0%B6%D0%B0%D0%B5%D1%82-%D1%85%D0%BE%D1%85%D0%BE%D0%BB-%D0%B2-%D0%A0%D0%BE%D1%81%D1%81%D0%B8%D1%8E-%D0%B0-%D1%82%D1%83%D1%82/?p=2 HTTP/1.1" 200 13018 "-" "Mozilla/5.0 (compatible; YandexBot/3.0; +http://yandex.com/bots)" "-"
178.154.200.151 - - [22/Jul/2020:23:10:22 +0000] "GET /%D0%BF%D1%80%D0%B8%D0%B5%D0%B7%D0%B6%D0%B0%D0%B5%D1%82-%D1%85%D0%BE%D1%85%D0%BE%D0%BB-%D0%B2-%D0%A0%D0%BE%D1%81%D1%81%D0%B8%D1%8E-%D0%B0-%D1%82%D1%83%D1%82/?p=2 HTTP/1.1" 200 13018 "-" "Mozilla/5.0 (compatible; YandexBot/3.0; +http://yandex.com/bots)"
178.154.200.81 - - [22/Jul/2020:23:10:23 +0000] "GET /tag/%D0%BB%D0%B5%D0%B2/?p=3 HTTP/1.1" 200 11517 "-" "Mozilla/5.0 (compatible; YandexBot/3.0; +http://yandex.com/bots)" "-"
178.154.200.81 - - [22/Jul/2020:23:10:23 +0000] "GET /tag/%D0%BB%D0%B5%D0%B2/?p=3 HTTP/1.1" 200 11517 "-" "Mozilla/5.0 (compatible; YandexBot/3.0; +http://yandex.com/bots)"
45.32.151.21 - - [22/Jul/2020:23:10:23 +0000] "GET / HTTP/1.1" 200 4615 "-" "Mozilla/5.0 (Windows NT 6.2; WOW64) AppleWebKit/537.4 (KHTML, like Gecko) Chrome/98 Safari/537.4 (StatusCake)" "-"
45.32.151.21 - - [22/Jul/2020:23:10:23 +0000] "GET / HTTP/1.1" 200 4615 "-" "Mozilla/5.0 (Windows NT 6.2; WOW64) AppleWebKit/537.4 (KHTML, like Gecko) Chrome/98 Safari/537.4 (StatusCake)"
5.45.207.181 - - [22/Jul/2020:23:10:24 +0000] "GET /%D0%BF%D1%80%D0%B8%D0%B5%D1%85%D0%B0%D0%BB-%D0%B2-%D0%90%D1%84%D1%80%D0%B8%D0%BA%D1%83-%D0%B1%D0%B5%D0%BB%D0%BE%D0%BA%D0%BE%D0%B6%D0%B8%D0%B9-%D0%BC%D0%B8%D1%81%D1%81%D0%B8%D0%BE%D0%BD%D0%B5%D1%80-%D1%80%D0%B0%D1%81%D1%81%D0%BA%D0%B0%D0%B7%D1%8B%D0%B2%D0%B0%D1%82%D1%8C/?p=2 HTTP/1.1" 200 16535 "-" "Mozilla/5.0 (compatible; YandexBot/3.0; +http://yandex.com/bots)" "-"
5.45.207.181 - - [22/Jul/2020:23:10:24 +0000] "GET /%D0%BF%D1%80%D0%B8%D0%B5%D1%85%D0%B0%D0%BB-%D0%B2-%D0%90%D1%84%D1%80%D0%B8%D0%BA%D1%83-%D0%B1%D0%B5%D0%BB%D0%BE%D0%BA%D0%BE%D0%B6%D0%B8%D0%B9-%D0%BC%D0%B8%D1%81%D1%81%D0%B8%D0%BE%D0%BD%D0%B5%D1%80-%D1%80%D0%B0%D1%81%D1%81%D0%BA%D0%B0%D0%B7%D1%8B%D0%B2%D0%B0%D1%82%D1%8C/?p=2 HTTP/1.1" 200 16535 "-" "Mozilla/5.0 (compatible; YandexBot/3.0; +http://yandex.com/bots)"
178.154.200.81 - - [22/Jul/2020:23:10:25 +0000] "GET /%D1%81%D0%B4%D0%B5%D0%BB%D0%B0%D0%BB%D0%B8-%D1%87%D1%83%D0%BA%D1%87%D1%83-%D0%B4%D0%B8%D1%80%D0%B5%D0%BA%D1%82%D0%BE%D1%80%D0%BE%D0%BC-%D0%B4%D0%B5%D1%82-%D0%B4%D0%BE%D0%BC%D0%B0/ HTTP/1.1" 200 12876 "-" "Mozilla/5.0 (compatible; YandexBot/3.0; +http://yandex.com/bots)" "-"
178.154.200.81 - - [22/Jul/2020:23:10:25 +0000] "GET /%D1%81%D0%B4%D0%B5%D0%BB%D0%B0%D0%BB%D0%B8-%D1%87%D1%83%D0%BA%D1%87%D1%83-%D0%B4%D0%B8%D1%80%D0%B5%D0%BA%D1%82%D0%BE%D1%80%D0%BE%D0%BC-%D0%B4%D0%B5%D1%82-%D0%B4%D0%BE%D0%BC%D0%B0/ HTTP/1.1" 200 12876 "-" "Mozilla/5.0 (compatible; YandexBot/3.0; +http://yandex.com/bots)"
66.249.68.33 - - [22/Jul/2020:23:10:25 +0000] "GET /%D0%B0%D0%BC%D0%B5%D1%80%D0%B8%D0%BA%D0%B0%D0%BD%D1%81%D0%BA%D0%B8%D0%B9-%D1%81%D0%BE%D0%BB%D0%B4%D0%B0%D1%82-%D0%B2%D0%BE%D0%B7%D0%B2%D1%80%D0%B0%D1%89%D0%B0%D0%B5%D1%82%D1%81%D1%8F-%D1%81-%D1%84%D1%80%D0%BE%D0%BD%D1%82%D0%B0-%D0%B8-%D0%B5%D0%B4%D0%B5%D1%82/ HTTP/1.1" 200 15054 "-" "Mozilla/5.0 (compatible; Googlebot/2.1; +http://www.google.com/bot.html)" "-"
66.249.68.33 - - [22/Jul/2020:23:10:25 +0000] "GET /%D0%B0%D0%BC%D0%B5%D1%80%D0%B8%D0%BA%D0%B0%D0%BD%D1%81%D0%BA%D0%B8%D0%B9-%D1%81%D0%BE%D0%BB%D0%B4%D0%B0%D1%82-%D0%B2%D0%BE%D0%B7%D0%B2%D1%80%D0%B0%D1%89%D0%B0%D0%B5%D1%82%D1%81%D1%8F-%D1%81-%D1%84%D1%80%D0%BE%D0%BD%D1%82%D0%B0-%D0%B8-%D0%B5%D0%B4%D0%B5%D1%82/ HTTP/1.1" 200 15054 "-" "Mozilla/5.0 (compatible; Googlebot/2.1; +http://www.google.com/bot.html)"
5.45.207.181 - - [22/Jul/2020:23:10:26 +0000] "GET /-%D1%88%D0%B0%D0%BB%D0%BE%D0%BC-%D0%B1%D1%80%D0%B0%D1%82%D1%8C%D1%8F-%D1%81%D0%BA%D0%B0%D0%B7%D0%B0%D0%BB-%D0%B2%D0%BE%D0%BB%D0%BA-%D0%B8-%D1%82%D1%80%D0%B8-%D0%BF%D0%BE%D1%80%D0%BE%D1%81%D0%B5%D0%BD%D0%BA%D0%B0-%D1%85%D0%BE%D1%82%D0%B5%D0%BB%D0%B8/?p=3 HTTP/1.1" 200 9238 "-" "Mozilla/5.0 (compatible; YandexBot/3.0; +http://yandex.com/bots)" "-"
5.45.207.181 - - [22/Jul/2020:23:10:26 +0000] "GET /-%D1%88%D0%B0%D0%BB%D0%BE%D0%BC-%D0%B1%D1%80%D0%B0%D1%82%D1%8C%D1%8F-%D1%81%D0%BA%D0%B0%D0%B7%D0%B0%D0%BB-%D0%B2%D0%BE%D0%BB%D0%BA-%D0%B8-%D1%82%D1%80%D0%B8-%D0%BF%D0%BE%D1%80%D0%BE%D1%81%D0%B5%D0%BD%D0%BA%D0%B0-%D1%85%D0%BE%D1%82%D0%B5%D0%BB%D0%B8/?p=3 HTTP/1.1" 200 9238 "-" "Mozilla/5.0 (compatible; YandexBot/3.0; +http://yandex.com/bots)"
178.154.200.81 - - [22/Jul/2020:23:10:26 +0000] "GET /%D0%BF%D0%BE%D0%B4%D1%85%D0%BE%D0%B4%D0%B8%D1%82-%D0%B0%D0%BD%D0%B8%D0%BC%D0%B5-%D0%BA-%D0%BA%D0%BE%D0%BC%D0%BD%D0%B0%D1%82%D0%B5-%D0%B0-%D0%B2%D0%BE%D0%B9%D1%82%D0%B8-%D0%BD%D0%B5-%D0%BC%D0%BE%D0%B6%D0%B5%D1%82-%D0%BE%D0%BD%D0%BE-%D0%B6%D0%B5/?p=3 HTTP/1.1" 200 8577 "-" "Mozilla/5.0 (compatible; YandexBot/3.0; +http://yandex.com/bots)" "-"
178.154.200.81 - - [22/Jul/2020:23:10:26 +0000] "GET /%D0%BF%D0%BE%D0%B4%D1%85%D0%BE%D0%B4%D0%B8%D1%82-%D0%B0%D0%BD%D0%B8%D0%BC%D0%B5-%D0%BA-%D0%BA%D0%BE%D0%BC%D0%BD%D0%B0%D1%82%D0%B5-%D0%B0-%D0%B2%D0%BE%D0%B9%D1%82%D0%B8-%D0%BD%D0%B5-%D0%BC%D0%BE%D0%B6%D0%B5%D1%82-%D0%BE%D0%BD%D0%BE-%D0%B6%D0%B5/?p=3 HTTP/1.1" 200 8577 "-" "Mozilla/5.0 (compatible; YandexBot/3.0; +http://yandex.com/bots)"
178.154.200.151 - - [22/Jul/2020:23:10:26 +0000] "GET /%D1%83%D0%BC%D0%B8%D1%80%D0%B0%D0%B5%D1%82-%D0%9F%D0%B0%D0%BF%D0%B0-%D0%A0%D0%B8%D0%BC%D1%81%D0%BA%D0%B8%D0%B9-%D1%83-%D0%B2%D0%BE%D1%80%D0%BE%D1%82-%D1%80%D0%B0%D1%8F-%D0%B2%D1%81%D1%82%D1%80%D0%B5%D1%87%D0%B0%D0%B5%D1%82-%D0%B5%D0%B3%D0%BE/?p=4 HTTP/1.1" 200 9590 "-" "Mozilla/5.0 (compatible; YandexBot/3.0; +http://yandex.com/bots)" "-"
178.154.200.151 - - [22/Jul/2020:23:10:26 +0000] "GET /%D1%83%D0%BC%D0%B8%D1%80%D0%B0%D0%B5%D1%82-%D0%9F%D0%B0%D0%BF%D0%B0-%D0%A0%D0%B8%D0%BC%D1%81%D0%BA%D0%B8%D0%B9-%D1%83-%D0%B2%D0%BE%D1%80%D0%BE%D1%82-%D1%80%D0%B0%D1%8F-%D0%B2%D1%81%D1%82%D1%80%D0%B5%D1%87%D0%B0%D0%B5%D1%82-%D0%B5%D0%B3%D0%BE/?p=4 HTTP/1.1" 200 9590 "-" "Mozilla/5.0 (compatible; YandexBot/3.0; +http://yandex.com/bots)"
46.229.168.131 - - [22/Jul/2020:23:10:29 +0000] "GET /%D0%B0%D0%BD%D0%B3%D0%B8%D0%BD%D0%B0-%D0%BF%D1%80%D0%B8-%D0%BC%D0%B5%D1%81%D1%8F%D1%87%D0%BD%D1%8B%D1%85/?p=3 HTTP/1.1" 200 10417 "-" "Mozilla/5.0 (compatible; SemrushBot/6~bl; +http://www.semrush.com/bot.html)" "-"
46.229.168.131 - - [22/Jul/2020:23:10:29 +0000] "GET /%D0%B0%D0%BD%D0%B3%D0%B8%D0%BD%D0%B0-%D0%BF%D1%80%D0%B8-%D0%BC%D0%B5%D1%81%D1%8F%D1%87%D0%BD%D1%8B%D1%85/?p=3 HTTP/1.1" 200 10417 "-" "Mozilla/5.0 (compatible; SemrushBot/6~bl; +http://www.semrush.com/bot.html)"
178.154.200.81 - - [22/Jul/2020:23:10:30 +0000] "GET /%D0%BA%D1%80%D1%83%D0%BF%D0%BD%D0%B0%D1%8F-%D0%BA%D0%B0%D0%BC%D0%BF%D0%B0%D0%BD%D0%B8%D1%8F-%D0%BD%D0%B0%D0%BD%D0%B8%D0%BC%D0%B0%D0%B5%D1%82-%D1%80%D0%B0%D0%B1%D0%BE%D1%82%D0%BD%D0%B8%D0%BA%D0%B0-%D0%BE%D0%B4%D0%BD%D0%BE-%D1%80%D0%B5%D0%B7%D1%8E%D0%BC%D0%B5/?p=2 HTTP/1.1" 200 16711 "-" "Mozilla/5.0 (compatible; YandexBot/3.0; +http://yandex.com/bots)" "-"
178.154.200.81 - - [22/Jul/2020:23:10:30 +0000] "GET /%D0%BA%D1%80%D1%83%D0%BF%D0%BD%D0%B0%D1%8F-%D0%BA%D0%B0%D0%BC%D0%BF%D0%B0%D0%BD%D0%B8%D1%8F-%D0%BD%D0%B0%D0%BD%D0%B8%D0%BC%D0%B0%D0%B5%D1%82-%D1%80%D0%B0%D0%B1%D0%BE%D1%82%D0%BD%D0%B8%D0%BA%D0%B0-%D0%BE%D0%B4%D0%BD%D0%BE-%D1%80%D0%B5%D0%B7%D1%8E%D0%BC%D0%B5/?p=2 HTTP/1.1" 200 16711 "-" "Mozilla/5.0 (compatible; YandexBot/3.0; +http://yandex.com/bots)"
5.45.207.181 - - [22/Jul/2020:23:10:31 +0000] "GET /%D0%BA%D0%B0%D0%B7%D0%B0%D1%85%D1%81%D0%BA%D0%B0%D1%8F-%D1%81%D0%B5%D0%BC%D1%8C%D1%8F/?p=3 HTTP/1.1" 200 12619 "-" "Mozilla/5.0 (compatible; YandexBot/3.0; +http://yandex.com/bots)" "-"
5.45.207.181 - - [22/Jul/2020:23:10:31 +0000] "GET /%D0%BA%D0%B0%D0%B7%D0%B0%D1%85%D1%81%D0%BA%D0%B0%D1%8F-%D1%81%D0%B5%D0%BC%D1%8C%D1%8F/?p=3 HTTP/1.1" 200 12619 "-" "Mozilla/5.0 (compatible; YandexBot/3.0; +http://yandex.com/bots)"
178.154.200.81 - - [22/Jul/2020:23:10:31 +0000] "GET /%D0%BD%D0%B5%D0%B4%D0%B0%D0%B2%D0%BD%D0%BE-%D0%BF%D1%80%D0%BE%D0%B2%D0%B5%D0%BB%D0%B8-%D1%87%D0%B5%D0%BC%D0%BF%D0%B8%D0%BE%D0%BD%D0%B0%D1%82-%D0%BC%D0%B8%D1%80%D0%B0-%D0%BF%D0%BE-%D0%BB%D0%BE%D0%B3%D0%B8%D1%87%D0%BD%D0%BE%D1%81%D1%82%D0%B8/?p=3 HTTP/1.1" 200 8312 "-" "Mozilla/5.0 (compatible; YandexBot/3.0; +http://yandex.com/bots)" "-"
178.154.200.81 - - [22/Jul/2020:23:10:31 +0000] "GET /%D0%BD%D0%B5%D0%B4%D0%B0%D0%B2%D0%BD%D0%BE-%D0%BF%D1%80%D0%BE%D0%B2%D0%B5%D0%BB%D0%B8-%D1%87%D0%B5%D0%BC%D0%BF%D0%B8%D0%BE%D0%BD%D0%B0%D1%82-%D0%BC%D0%B8%D1%80%D0%B0-%D0%BF%D0%BE-%D0%BB%D0%BE%D0%B3%D0%B8%D1%87%D0%BD%D0%BE%D1%81%D1%82%D0%B8/?p=3 HTTP/1.1" 200 8312 "-" "Mozilla/5.0 (compatible; YandexBot/3.0; +http://yandex.com/bots)"
94.228.207.169 - - [22/Jul/2020:23:10:32 +0000] "GET /%D0%B3%D0%B5%D1%80%D0%BC%D0%B0%D0%BD%D0%B8%D1%8F-30-%D0%B5-%D0%B3%D0%BE%D0%B4%D1%8B-%D0%BF%D0%BE-%D1%83%D0%BB%D0%B8%D1%86%D0%B5-%D0%B8%D0%B4%D0%B5%D1%82-%D0%B5%D0%B2%D1%80%D0%B5%D0%B9/ HTTP/2.0" 200 13949 "https://baneks.site/%D0%B3%D0%B5%D1%80%D0%BC%D0%B0%D0%BD%D0%B8%D1%8F-30-%D0%B5-%D0%B3%D0%BE%D0%B4%D1%8B-%D0%BF%D0%BE-%D1%83%D0%BB%D0%B8%D1%86%D0%B5-%D0%B8%D0%B4%D0%B5%D1%82-%D0%B5%D0%B2%D1%80%D0%B5%D0%B9/" "Mozilla/5.0 (Linux; Android 9; SM-G950F) AppleWebKit/537.36 (KHTML, like Gecko) Chrome/83.0.4103.106 Mobile Safari/537.36" "-"
94.228.207.169 - - [22/Jul/2020:23:10:32 +0000] "GET /%D0%B3%D0%B5%D1%80%D0%BC%D0%B0%D0%BD%D0%B8%D1%8F-30-%D0%B5-%D0%B3%D0%BE%D0%B4%D1%8B-%D0%BF%D0%BE-%D1%83%D0%BB%D0%B8%D1%86%D0%B5-%D0%B8%D0%B4%D0%B5%D1%82-%D0%B5%D0%B2%D1%80%D0%B5%D0%B9/ HTTP/2.0" 200 13949 "https://baneks.site/%D0%B3%D0%B5%D1%80%D0%BC%D0%B0%D0%BD%D0%B8%D1%8F-30-%D0%B5-%D0%B3%D0%BE%D0%B4%D1%8B-%D0%BF%D0%BE-%D1%83%D0%BB%D0%B8%D1%86%D0%B5-%D0%B8%D0%B4%D0%B5%D1%82-%D0%B5%D0%B2%D1%80%D0%B5%D0%B9/" "Mozilla/5.0 (Linux; Android 9; SM-G950F) AppleWebKit/537.36 (KHTML, like Gecko) Chrome/83.0.4103.106 Mobile Safari/537.36"
5.45.207.181 - - [22/Jul/2020:23:10:32 +0000] "GET /tag/%D0%B1%D0%B0%D0%BD%D0%BA/?p=3 HTTP/1.1" 200 10252 "-" "Mozilla/5.0 (compatible; YandexBot/3.0; +http://yandex.com/bots)" "-"
5.45.207.181 - - [22/Jul/2020:23:10:32 +0000] "GET /tag/%D0%B1%D0%B0%D0%BD%D0%BA/?p=3 HTTP/1.1" 200 10252 "-" "Mozilla/5.0 (compatible; YandexBot/3.0; +http://yandex.com/bots)"
5.45.207.181 - - [22/Jul/2020:23:10:32 +0000] "GET /tag/%D1%81%D1%83%D0%B4/?p=3 HTTP/1.1" 200 11403 "-" "Mozilla/5.0 (compatible; YandexBot/3.0; +http://yandex.com/bots)" "-"
5.45.207.181 - - [22/Jul/2020:23:10:32 +0000] "GET /tag/%D1%81%D1%83%D0%B4/?p=3 HTTP/1.1" 200 11403 "-" "Mozilla/5.0 (compatible; YandexBot/3.0; +http://yandex.com/bots)"
5.45.207.181 - - [22/Jul/2020:23:10:34 +0000] "GET /%D0%BD%D0%B0-%D0%BA%D0%BE%D0%BD%D0%BA%D1%83%D1%80%D1%81%D0%B5-%D1%8D%D0%BA%D0%B7%D0%BE%D1%82%D0%B8%D1%87%D0%B5%D1%81%D0%BA%D0%B8%D1%85-%D0%B1%D0%BB%D1%8E%D0%B4-%D0%BF%D0%BE%D0%B1%D0%B5%D0%B4%D0%B8%D0%BB-%D1%83%D0%B7%D0%B1%D0%B5%D0%BA%D1%81%D0%BA%D0%B8%D0%B9/?p=3 HTTP/1.1" 200 11300 "-" "Mozilla/5.0 (compatible; YandexBot/3.0; +http://yandex.com/bots)" "-"
5.45.207.181 - - [22/Jul/2020:23:10:34 +0000] "GET /%D0%BD%D0%B0-%D0%BA%D0%BE%D0%BD%D0%BA%D1%83%D1%80%D1%81%D0%B5-%D1%8D%D0%BA%D0%B7%D0%BE%D1%82%D0%B8%D1%87%D0%B5%D1%81%D0%BA%D0%B8%D1%85-%D0%B1%D0%BB%D1%8E%D0%B4-%D0%BF%D0%BE%D0%B1%D0%B5%D0%B4%D0%B8%D0%BB-%D1%83%D0%B7%D0%B1%D0%B5%D0%BA%D1%81%D0%BA%D0%B8%D0%B9/?p=3 HTTP/1.1" 200 11300 "-" "Mozilla/5.0 (compatible; YandexBot/3.0; +http://yandex.com/bots)"
178.154.200.81 - - [22/Jul/2020:23:10:35 +0000] "GET /%D1%81%D1%82%D1%83%D0%B4%D0%B5%D0%BD%D1%82-%D1%80%D0%B5%D1%88%D0%B8%D0%BB-%D0%B1%D0%BB%D0%B5%D1%81%D0%BD%D1%83%D1%82%D1%8C-%D0%B7%D0%BD%D0%B0%D0%BD%D0%B8%D0%B5%D0%BC-%D0%B0%D0%BD%D0%B3%D0%BB%D0%B8%D0%B9%D1%81%D0%BA%D0%BE%D0%B3%D0%BE-%D1%8F%D0%B7%D1%8B%D0%BA%D0%B0/?p=3 HTTP/1.1" 200 11653 "-" "Mozilla/5.0 (compatible; YandexBot/3.0; +http://yandex.com/bots)" "-"
178.154.200.81 - - [22/Jul/2020:23:10:35 +0000] "GET /%D1%81%D1%82%D1%83%D0%B4%D0%B5%D0%BD%D1%82-%D1%80%D0%B5%D1%88%D0%B8%D0%BB-%D0%B1%D0%BB%D0%B5%D1%81%D0%BD%D1%83%D1%82%D1%8C-%D0%B7%D0%BD%D0%B0%D0%BD%D0%B8%D0%B5%D0%BC-%D0%B0%D0%BD%D0%B3%D0%BB%D0%B8%D0%B9%D1%81%D0%BA%D0%BE%D0%B3%D0%BE-%D1%8F%D0%B7%D1%8B%D0%BA%D0%B0/?p=3 HTTP/1.1" 200 11653 "-" "Mozilla/5.0 (compatible; YandexBot/3.0; +http://yandex.com/bots)"
5.45.207.181 - - [22/Jul/2020:23:10:35 +0000] "GET /tag/%D0%BA%D0%BE%D1%80%D0%BE%D0%B2%D0%B0/?p=10 HTTP/1.1" 200 10302 "-" "Mozilla/5.0 (compatible; YandexBot/3.0; +http://yandex.com/bots)" "-"
5.45.207.181 - - [22/Jul/2020:23:10:35 +0000] "GET /tag/%D0%BA%D0%BE%D1%80%D0%BE%D0%B2%D0%B0/?p=10 HTTP/1.1" 200 10302 "-" "Mozilla/5.0 (compatible; YandexBot/3.0; +http://yandex.com/bots)"
178.154.200.151 - - [22/Jul/2020:23:10:35 +0000] "GET /%D1%87%D0%B8%D1%82%D0%B0%D1%8F-%D0%B7%D0%B0%D0%BF%D0%B8%D1%81%D0%B8-%D0%B4%D0%B0%D0%BD%D0%BD%D0%BE%D0%B3%D0%BE-%D1%81%D0%BE%D0%BE%D0%B1%D1%89%D0%B5%D1%81%D1%82%D0%B2%D0%B0-%D1%8F-%D0%BD%D0%B5-%D1%80%D0%B0%D0%B7-%D0%BD%D0%B0%D1%82%D1%8B%D0%BA%D0%B0%D0%BB%D1%81%D1%8F/?p=4 HTTP/1.1" 200 16766 "-" "Mozilla/5.0 (compatible; YandexBot/3.0; +http://yandex.com/bots)" "-"
178.154.200.151 - - [22/Jul/2020:23:10:35 +0000] "GET /%D1%87%D0%B8%D1%82%D0%B0%D1%8F-%D0%B7%D0%B0%D0%BF%D0%B8%D1%81%D0%B8-%D0%B4%D0%B0%D0%BD%D0%BD%D0%BE%D0%B3%D0%BE-%D1%81%D0%BE%D0%BE%D0%B1%D1%89%D0%B5%D1%81%D1%82%D0%B2%D0%B0-%D1%8F-%D0%BD%D0%B5-%D1%80%D0%B0%D0%B7-%D0%BD%D0%B0%D1%82%D1%8B%D0%BA%D0%B0%D0%BB%D1%81%D1%8F/?p=4 HTTP/1.1" 200 16766 "-" "Mozilla/5.0 (compatible; YandexBot/3.0; +http://yandex.com/bots)"
178.154.200.81 - - [22/Jul/2020:23:10:36 +0000] "GET /%D0%BF%D0%B5%D1%81%D1%81%D0%B8%D0%BC%D0%B8%D1%81%D1%82-%D0%B2%D1%81%D0%B5%D0%B3%D0%B4%D0%B0-%D1%81%D0%BF%D0%B8%D1%82-%D1%81-%D0%BD%D0%BE%D0%B6%D0%BE%D0%BC-%D0%BF%D0%BE%D0%B4-%D0%BF%D0%BE%D0%B4%D1%83%D1%88%D0%BA%D0%BE%D0%B9/?p=3 HTTP/1.1" 200 9175 "-" "Mozilla/5.0 (compatible; YandexBot/3.0; +http://yandex.com/bots)" "-"
178.154.200.81 - - [22/Jul/2020:23:10:36 +0000] "GET /%D0%BF%D0%B5%D1%81%D1%81%D0%B8%D0%BC%D0%B8%D1%81%D1%82-%D0%B2%D1%81%D0%B5%D0%B3%D0%B4%D0%B0-%D1%81%D0%BF%D0%B8%D1%82-%D1%81-%D0%BD%D0%BE%D0%B6%D0%BE%D0%BC-%D0%BF%D0%BE%D0%B4-%D0%BF%D0%BE%D0%B4%D1%83%D1%88%D0%BA%D0%BE%D0%B9/?p=3 HTTP/1.1" 200 9175 "-" "Mozilla/5.0 (compatible; YandexBot/3.0; +http://yandex.com/bots)"
5.45.207.181 - - [22/Jul/2020:23:10:37 +0000] "GET /%D0%BF%D1%8F%D0%BD%D1%96-%D1%80%D0%B8%D0%B1%D0%B0%D0%BB%D0%BA%D0%B8-%D0%B2%D0%BD%D0%BE%D1%87%D1%96-%D1%83%D0%BF%D1%96%D0%B9%D0%BC%D0%B0%D0%BB%D0%B8-%D1%80%D1%83%D1%81%D0%B0%D0%BB%D0%BA%D1%83/?p=3 HTTP/1.1" 200 8356 "-" "Mozilla/5.0 (compatible; YandexBot/3.0; +http://yandex.com/bots)" "-"
5.45.207.181 - - [22/Jul/2020:23:10:37 +0000] "GET /%D0%BF%D1%8F%D0%BD%D1%96-%D1%80%D0%B8%D0%B1%D0%B0%D0%BB%D0%BA%D0%B8-%D0%B2%D0%BD%D0%BE%D1%87%D1%96-%D1%83%D0%BF%D1%96%D0%B9%D0%BC%D0%B0%D0%BB%D0%B8-%D1%80%D1%83%D1%81%D0%B0%D0%BB%D0%BA%D1%83/?p=3 HTTP/1.1" 200 8356 "-" "Mozilla/5.0 (compatible; YandexBot/3.0; +http://yandex.com/bots)"
213.180.203.252 - - [22/Jul/2020:23:10:37 +0000] "GET /-%D1%8D%D0%B9-%D0%BF%D0%B0%D1%80%D0%B0%D0%B3%D0%B2%D0%B0%D0%B5%D1%86-%D0%BE%D1%82%D0%BA%D1%83%D0%B4%D0%B0-%D1%82%D1%8B-%D0%B7%D0%BD%D0%B0%D0%B5%D1%88%D1%8C-%D1%87%D1%82%D0%BE-%D1%8F-%D0%BF%D0%B0%D1%80%D0%B0%D0%B3%D0%B2%D0%B0%D0%B5%D1%86/?p=3 HTTP/1.1" 200 9157 "-" "Mozilla/5.0 (compatible; YandexBot/3.0; +http://yandex.com/bots)" "-"
213.180.203.252 - - [22/Jul/2020:23:10:37 +0000] "GET /-%D1%8D%D0%B9-%D0%BF%D0%B0%D1%80%D0%B0%D0%B3%D0%B2%D0%B0%D0%B5%D1%86-%D0%BE%D1%82%D0%BA%D1%83%D0%B4%D0%B0-%D1%82%D1%8B-%D0%B7%D0%BD%D0%B0%D0%B5%D1%88%D1%8C-%D1%87%D1%82%D0%BE-%D1%8F-%D0%BF%D0%B0%D1%80%D0%B0%D0%B3%D0%B2%D0%B0%D0%B5%D1%86/?p=3 HTTP/1.1" 200 9157 "-" "Mozilla/5.0 (compatible; YandexBot/3.0; +http://yandex.com/bots)"
178.154.200.151 - - [22/Jul/2020:23:10:37 +0000] "GET /%D0%BC%D1%83%D0%B6%D1%87%D0%B8%D0%BD%D0%B0-%D1%83%D1%81%D1%82%D1%80%D0%B0%D0%B8%D0%B2%D0%B0%D0%B5%D1%82%D1%81%D1%8F-%D0%BD%D0%B0-%D1%80%D0%B0%D0%B1%D0%BE%D1%82%D1%83-%D1%87%D0%B0%D1%81%D1%82%D0%BD%D1%8B%D0%BC-%D0%B2%D0%BE%D0%B4%D0%B8%D1%82%D0%B5%D0%BB%D0%B5%D0%BC/?p=2 HTTP/1.1" 200 15370 "-" "Mozilla/5.0 (compatible; YandexBot/3.0; +http://yandex.com/bots)" "-"
178.154.200.151 - - [22/Jul/2020:23:10:37 +0000] "GET /%D0%BC%D1%83%D0%B6%D1%87%D0%B8%D0%BD%D0%B0-%D1%83%D1%81%D1%82%D1%80%D0%B0%D0%B8%D0%B2%D0%B0%D0%B5%D1%82%D1%81%D1%8F-%D0%BD%D0%B0-%D1%80%D0%B0%D0%B1%D0%BE%D1%82%D1%83-%D1%87%D0%B0%D1%81%D1%82%D0%BD%D1%8B%D0%BC-%D0%B2%D0%BE%D0%B4%D0%B8%D1%82%D0%B5%D0%BB%D0%B5%D0%BC/?p=2 HTTP/1.1" 200 15370 "-" "Mozilla/5.0 (compatible; YandexBot/3.0; +http://yandex.com/bots)"
178.154.200.81 - - [22/Jul/2020:23:10:37 +0000] "GET /-%D1%8D%D0%B9-%D0%BF%D0%B0%D1%80%D0%B0%D0%B3%D0%B2%D0%B0%D0%B5%D1%86-%D0%BE%D1%82%D0%BA%D1%83%D0%B4%D0%B0-%D1%82%D1%8B-%D0%B7%D0%BD%D0%B0%D0%B5%D1%88%D1%8C-%D1%87%D1%82%D0%BE-%D1%8F-%D0%BF%D0%B0%D1%80%D0%B0%D0%B3%D0%B2%D0%B0%D0%B5%D1%86/?p=3 HTTP/1.1" 200 9157 "-" "Mozilla/5.0 (compatible; YandexBot/3.0; +http://yandex.com/bots)" "-"
178.154.200.81 - - [22/Jul/2020:23:10:37 +0000] "GET /-%D1%8D%D0%B9-%D0%BF%D0%B0%D1%80%D0%B0%D0%B3%D0%B2%D0%B0%D0%B5%D1%86-%D0%BE%D1%82%D0%BA%D1%83%D0%B4%D0%B0-%D1%82%D1%8B-%D0%B7%D0%BD%D0%B0%D0%B5%D1%88%D1%8C-%D1%87%D1%82%D0%BE-%D1%8F-%D0%BF%D0%B0%D1%80%D0%B0%D0%B3%D0%B2%D0%B0%D0%B5%D1%86/?p=3 HTTP/1.1" 200 9157 "-" "Mozilla/5.0 (compatible; YandexBot/3.0; +http://yandex.com/bots)"
5.45.207.181 - - [22/Jul/2020:23:10:38 +0000] "GET /%D1%82%D0%BE%D0%BD%D0%B5%D1%82-%D0%BA%D0%BE%D1%80%D0%B0%D0%B1%D0%BB%D1%8C-%D0%BD%D0%B5%D0%B2%D0%BE%D0%B7%D0%BC%D1%83%D1%82%D0%B8%D0%BC%D1%8B%D0%B9-%D0%B0%D0%BD%D0%B3%D0%BB%D0%B8%D1%87%D0%B0%D0%BD%D0%B8%D0%BD-%D1%81-%D1%82%D1%80%D1%83%D0%B1%D0%BA%D0%BE%D0%B9/?p=3 HTTP/1.1" 200 12910 "-" "Mozilla/5.0 (compatible; YandexBot/3.0; +http://yandex.com/bots)" "-"
5.45.207.181 - - [22/Jul/2020:23:10:38 +0000] "GET /%D1%82%D0%BE%D0%BD%D0%B5%D1%82-%D0%BA%D0%BE%D1%80%D0%B0%D0%B1%D0%BB%D1%8C-%D0%BD%D0%B5%D0%B2%D0%BE%D0%B7%D0%BC%D1%83%D1%82%D0%B8%D0%BC%D1%8B%D0%B9-%D0%B0%D0%BD%D0%B3%D0%BB%D0%B8%D1%87%D0%B0%D0%BD%D0%B8%D0%BD-%D1%81-%D1%82%D1%80%D1%83%D0%B1%D0%BA%D0%BE%D0%B9/?p=3 HTTP/1.1" 200 12910 "-" "Mozilla/5.0 (compatible; YandexBot/3.0; +http://yandex.com/bots)"
178.154.200.151 - - [22/Jul/2020:23:10:38 +0000] "GET /%D0%B8%D0%B4%D0%B5%D1%82-%D0%BF%D0%B5%D1%80%D0%B2%D0%B0%D1%8F-%D0%BC%D0%B8%D1%80%D0%BE%D0%B2%D0%B0%D1%8F-%D0%B2%D0%BE%D0%B9%D0%BD%D0%B0/?p=4 HTTP/1.1" 200 15657 "-" "Mozilla/5.0 (compatible; YandexBot/3.0; +http://yandex.com/bots)" "-"
178.154.200.151 - - [22/Jul/2020:23:10:38 +0000] "GET /%D0%B8%D0%B4%D0%B5%D1%82-%D0%BF%D0%B5%D1%80%D0%B2%D0%B0%D1%8F-%D0%BC%D0%B8%D1%80%D0%BE%D0%B2%D0%B0%D1%8F-%D0%B2%D0%BE%D0%B9%D0%BD%D0%B0/?p=4 HTTP/1.1" 200 15657 "-" "Mozilla/5.0 (compatible; YandexBot/3.0; +http://yandex.com/bots)"
178.154.200.81 - - [22/Jul/2020:23:10:46 +0000] "GET /%D0%A4%D0%91%D0%9A-%D0%BD%D0%B0%D1%88%D1%91%D0%BB-%D1%83-%D0%93%D1%80%D1%83%D0%B4%D0%B8%D0%BD%D0%B8%D0%BD%D0%B0-%D0%BD%D0%B5%D0%B7%D0%B0%D0%B4%D0%B5%D0%BA%D0%BB%D0%B0%D1%80%D0%B8%D1%80%D0%BE%D0%B2%D0%B0%D0%BD%D0%BD%D1%8B%D0%B9/?p=1 HTTP/1.1" 200 13162 "-" "Mozilla/5.0 (compatible; YandexBot/3.0; +http://yandex.com/bots)" "-"
178.154.200.81 - - [22/Jul/2020:23:10:46 +0000] "GET /%D0%A4%D0%91%D0%9A-%D0%BD%D0%B0%D1%88%D1%91%D0%BB-%D1%83-%D0%93%D1%80%D1%83%D0%B4%D0%B8%D0%BD%D0%B8%D0%BD%D0%B0-%D0%BD%D0%B5%D0%B7%D0%B0%D0%B4%D0%B5%D0%BA%D0%BB%D0%B0%D1%80%D0%B8%D1%80%D0%BE%D0%B2%D0%B0%D0%BD%D0%BD%D1%8B%D0%B9/?p=1 HTTP/1.1" 200 13162 "-" "Mozilla/5.0 (compatible; YandexBot/3.0; +http://yandex.com/bots)"
178.154.200.81 - - [22/Jul/2020:23:10:46 +0000] "GET /%D0%BF%D1%80%D0%B8%D1%85%D0%BE%D0%B4%D0%B8%D1%82-%D0%BC%D1%83%D0%B6%D0%B8%D0%BA-%D1%83%D1%81%D1%82%D1%80%D0%B0%D0%B8%D0%B2%D0%B0%D1%82%D1%8C%D1%81%D1%8F-%D0%BD%D0%B0-%D1%80%D0%B0%D0%B1%D0%BE%D1%82%D1%83/?p=1 HTTP/1.1" 200 13035 "-" "Mozilla/5.0 (compatible; YandexBot/3.0; +http://yandex.com/bots)" "-"
178.154.200.81 - - [22/Jul/2020:23:10:46 +0000] "GET /%D0%BF%D1%80%D0%B8%D1%85%D0%BE%D0%B4%D0%B8%D1%82-%D0%BC%D1%83%D0%B6%D0%B8%D0%BA-%D1%83%D1%81%D1%82%D1%80%D0%B0%D0%B8%D0%B2%D0%B0%D1%82%D1%8C%D1%81%D1%8F-%D0%BD%D0%B0-%D1%80%D0%B0%D0%B1%D0%BE%D1%82%D1%83/?p=1 HTTP/1.1" 200 13035 "-" "Mozilla/5.0 (compatible; YandexBot/3.0; +http://yandex.com/bots)"
95.163.255.153 - - [22/Jul/2020:23:10:49 +0000] "GET /%D0%BF%D1%80%D0%B8%D0%B5%D1%85%D0%B0%D0%BB%D0%B0-%D0%B4%D1%80%D0%B5%D0%B2%D0%BD%D0%B5%D1%83%D0%BA%D1%80%D0%B0%D0%B8%D0%BD%D1%81%D0%BA%D0%B0%D1%8F-%D0%BA%D0%BD%D1%8F%D0%B6%D0%BD%D0%B0-%D0%B2%D0%BE-%D0%A4%D1%80%D0%B0%D0%BD%D1%86%D0%B8%D1%8E/?p=2 HTTP/1.1" 200 14008 "-" "Mozilla/5.0 (compatible; Linux x86_64; Mail.RU_Bot/2.0; +http://go.mail.ru/help/robots)" "-"
95.163.255.153 - - [22/Jul/2020:23:10:49 +0000] "GET /%D0%BF%D1%80%D0%B8%D0%B5%D1%85%D0%B0%D0%BB%D0%B0-%D0%B4%D1%80%D0%B5%D0%B2%D0%BD%D0%B5%D1%83%D0%BA%D1%80%D0%B0%D0%B8%D0%BD%D1%81%D0%BA%D0%B0%D1%8F-%D0%BA%D0%BD%D1%8F%D0%B6%D0%BD%D0%B0-%D0%B2%D0%BE-%D0%A4%D1%80%D0%B0%D0%BD%D1%86%D0%B8%D1%8E/?p=2 HTTP/1.1" 200 14008 "-" "Mozilla/5.0 (compatible; Linux x86_64; Mail.RU_Bot/2.0; +http://go.mail.ru/help/robots)"
178.154.200.81 - - [22/Jul/2020:23:10:50 +0000] "GET /%D0%BA%D0%BB%D0%B0%D1%81%D1%81%D0%B8%D1%87%D0%B5%D1%81%D0%BA%D0%B8%D0%B5-%D1%88%D1%83%D0%BC%D0%B5%D1%80%D1%81%D0%BA%D0%B8%D0%B5-%D0%B0%D0%BD%D0%B5%D0%BA%D0%B4%D0%BE%D1%82%D1%8B/?p=2 HTTP/1.1" 200 13966 "-" "Mozilla/5.0 (compatible; YandexBot/3.0; +http://yandex.com/bots)" "-"
178.154.200.81 - - [22/Jul/2020:23:10:50 +0000] "GET /%D0%BA%D0%BB%D0%B0%D1%81%D1%81%D0%B8%D1%87%D0%B5%D1%81%D0%BA%D0%B8%D0%B5-%D1%88%D1%83%D0%BC%D0%B5%D1%80%D1%81%D0%BA%D0%B8%D0%B5-%D0%B0%D0%BD%D0%B5%D0%BA%D0%B4%D0%BE%D1%82%D1%8B/?p=2 HTTP/1.1" 200 13966 "-" "Mozilla/5.0 (compatible; YandexBot/3.0; +http://yandex.com/bots)"
178.151.94.4 - - [22/Jul/2020:23:10:51 +0000] "GET /%D0%BC%D0%B0%D1%82%D0%B5%D0%BC%D0%B0%D1%82%D0%B8%D0%BA%D1%83-%D1%84%D0%B8%D0%B7%D0%B8%D0%BA%D1%83-%D0%B8-%D0%B8%D0%BD%D0%B6%D0%B5%D0%BD%D0%B5%D1%80%D1%83-%D0%B4%D0%B0%D0%BB%D0%B8-%D1%82%D1%80%D0%B8-%D0%BE%D0%B4%D0%B8%D0%BD%D0%B0%D0%BA%D0%BE%D0%B2%D1%8B%D1%85/ HTTP/2.0" 200 14692 "https://baneks.site/tag/%D0%BC%D0%B0%D1%82%D0%B5%D0%BC%D0%B0%D1%82%D0%B8%D0%BA/" "Mozilla/5.0 (Linux; Android 9; STK-LX1) AppleWebKit/537.36 (KHTML, like Gecko) Chrome/84.0.4147.89 Mobile Safari/537.36" "-"
178.151.94.4 - - [22/Jul/2020:23:10:51 +0000] "GET /%D0%BC%D0%B0%D1%82%D0%B5%D0%BC%D0%B0%D1%82%D0%B8%D0%BA%D1%83-%D1%84%D0%B8%D0%B7%D0%B8%D0%BA%D1%83-%D0%B8-%D0%B8%D0%BD%D0%B6%D0%B5%D0%BD%D0%B5%D1%80%D1%83-%D0%B4%D0%B0%D0%BB%D0%B8-%D1%82%D1%80%D0%B8-%D0%BE%D0%B4%D0%B8%D0%BD%D0%B0%D0%BA%D0%BE%D0%B2%D1%8B%D1%85/ HTTP/2.0" 200 14692 "https://baneks.site/tag/%D0%BC%D0%B0%D1%82%D0%B5%D0%BC%D0%B0%D1%82%D0%B8%D0%BA/" "Mozilla/5.0 (Linux; Android 9; STK-LX1) AppleWebKit/537.36 (KHTML, like Gecko) Chrome/84.0.4147.89 Mobile Safari/537.36"
46.229.168.163 - - [22/Jul/2020:23:10:54 +0000] "GET /tag/%D0%B3%D0%B5%D0%B9/?p=17 HTTP/1.1" 200 10984 "-" "Mozilla/5.0 (compatible; SemrushBot/6~bl; +http://www.semrush.com/bot.html)" "-"
46.229.168.163 - - [22/Jul/2020:23:10:54 +0000] "GET /tag/%D0%B3%D0%B5%D0%B9/?p=17 HTTP/1.1" 200 10984 "-" "Mozilla/5.0 (compatible; SemrushBot/6~bl; +http://www.semrush.com/bot.html)"
178.154.200.81 - - [22/Jul/2020:23:10:57 +0000] "GET /%D0%BF%D1%80%D0%B5%D0%B4%D0%BB%D0%BE%D0%B6%D0%B8%D0%BB-%D0%B4%D0%B5%D0%B2%D1%83%D1%88%D0%BA%D0%B5-%D1%81%D0%B4%D0%B5%D0%BB%D0%B0%D1%82%D1%8C-%D0%9A%D1%83%D0%B1%D0%B0-%D0%9B%D0%B8%D0%B1%D1%80%D0%B5-%D0%BE%D0%BD%D0%B0-%D0%BD%D0%B5%D1%85%D0%BE%D1%82%D1%8F/?p=2 HTTP/1.1" 200 13494 "-" "Mozilla/5.0 (compatible; YandexBot/3.0; +http://yandex.com/bots)" "-"
178.154.200.81 - - [22/Jul/2020:23:10:57 +0000] "GET /%D0%BF%D1%80%D0%B5%D0%B4%D0%BB%D0%BE%D0%B6%D0%B8%D0%BB-%D0%B4%D0%B5%D0%B2%D1%83%D1%88%D0%BA%D0%B5-%D1%81%D0%B4%D0%B5%D0%BB%D0%B0%D1%82%D1%8C-%D0%9A%D1%83%D0%B1%D0%B0-%D0%9B%D0%B8%D0%B1%D1%80%D0%B5-%D0%BE%D0%BD%D0%B0-%D0%BD%D0%B5%D1%85%D0%BE%D1%82%D1%8F/?p=2 HTTP/1.1" 200 13494 "-" "Mozilla/5.0 (compatible; YandexBot/3.0; +http://yandex.com/bots)"
178.154.200.81 - - [22/Jul/2020:23:10:59 +0000] "GET /%D0%BF%D0%BE%D0%BC%D0%B5%D1%80-%D1%81%D1%80%D0%B5%D0%B4%D0%BD%D0%B5%D1%81%D1%82%D0%B0%D1%82%D0%B8%D1%81%D1%82%D0%B8%D1%87%D0%B5%D1%81%D0%BA%D0%B8%D0%B9-%D0%BC%D1%83%D0%B6%D0%B8%D0%BA-%D0%BB%D0%B5%D1%82-45-%D0%B5%D0%BC%D1%83-%D0%B1%D1%8B%D0%BB%D0%BE/?p=2 HTTP/1.1" 200 12144 "-" "Mozilla/5.0 (compatible; YandexBot/3.0; +http://yandex.com/bots)" "-"
178.154.200.81 - - [22/Jul/2020:23:10:59 +0000] "GET /%D0%BF%D0%BE%D0%BC%D0%B5%D1%80-%D1%81%D1%80%D0%B5%D0%B4%D0%BD%D0%B5%D1%81%D1%82%D0%B0%D1%82%D0%B8%D1%81%D1%82%D0%B8%D1%87%D0%B5%D1%81%D0%BA%D0%B8%D0%B9-%D0%BC%D1%83%D0%B6%D0%B8%D0%BA-%D0%BB%D0%B5%D1%82-45-%D0%B5%D0%BC%D1%83-%D0%B1%D1%8B%D0%BB%D0%BE/?p=2 HTTP/1.1" 200 12144 "-" "Mozilla/5.0 (compatible; YandexBot/3.0; +http://yandex.com/bots)"
178.154.200.81 - - [22/Jul/2020:23:11:00 +0000] "GET /%D0%BF%D0%B0%D0%B1-%D0%B2-%D0%94%D1%83%D0%B1%D0%BB%D0%B8%D0%BD%D0%B5-%D0%B7%D0%B0%D1%85%D0%BE%D0%B4%D0%B8%D1%82-%D0%B0%D0%BD%D0%B3%D0%BB%D0%B8%D1%87%D0%B0%D0%BD%D0%B8%D0%BD-%D0%B2%D0%B8%D0%B4%D0%B8%D1%82-%D1%87%D1%82%D0%BE-%D0%B2%D0%BE%D0%BA%D1%80%D1%83%D0%B3/?p=2 HTTP/1.1" 200 14372 "-" "Mozilla/5.0 (compatible; YandexBot/3.0; +http://yandex.com/bots)" "-"
178.154.200.81 - - [22/Jul/2020:23:11:00 +0000] "GET /%D0%BF%D0%B0%D0%B1-%D0%B2-%D0%94%D1%83%D0%B1%D0%BB%D0%B8%D0%BD%D0%B5-%D0%B7%D0%B0%D1%85%D0%BE%D0%B4%D0%B8%D1%82-%D0%B0%D0%BD%D0%B3%D0%BB%D0%B8%D1%87%D0%B0%D0%BD%D0%B8%D0%BD-%D0%B2%D0%B8%D0%B4%D0%B8%D1%82-%D1%87%D1%82%D0%BE-%D0%B2%D0%BE%D0%BA%D1%80%D1%83%D0%B3/?p=2 HTTP/1.1" 200 14372 "-" "Mozilla/5.0 (compatible; YandexBot/3.0; +http://yandex.com/bots)"
5.45.207.181 - - [22/Jul/2020:23:11:00 +0000] "GET /%D0%BF%D1%80%D0%B8%D1%85%D0%BE%D0%B4%D0%B8%D1%82-%D0%BC%D1%83%D0%B6%D0%B8%D0%BA-%D0%BA-%D0%BF%D0%BE%D0%BFy-%D0%B8-%D0%B3%D0%BE%D0%B2%D0%BE%D1%80%D0%B8%D1%82-%D0%B1%D0%B0%D1%82%D1%8E%D1%88%D0%BA%D0%B0-%D0%BE%D1%82%D0%BF%D1%83%D1%81%D1%82%D0%B8%D1%82%D0%B5/?p=4 HTTP/1.1" 200 10201 "-" "Mozilla/5.0 (compatible; YandexBot/3.0; +http://yandex.com/bots)" "-"
5.45.207.181 - - [22/Jul/2020:23:11:00 +0000] "GET /%D0%BF%D1%80%D0%B8%D1%85%D0%BE%D0%B4%D0%B8%D1%82-%D0%BC%D1%83%D0%B6%D0%B8%D0%BA-%D0%BA-%D0%BF%D0%BE%D0%BFy-%D0%B8-%D0%B3%D0%BE%D0%B2%D0%BE%D1%80%D0%B8%D1%82-%D0%B1%D0%B0%D1%82%D1%8E%D1%88%D0%BA%D0%B0-%D0%BE%D1%82%D0%BF%D1%83%D1%81%D1%82%D0%B8%D1%82%D0%B5/?p=4 HTTP/1.1" 200 10201 "-" "Mozilla/5.0 (compatible; YandexBot/3.0; +http://yandex.com/bots)"
5.45.207.181 - - [22/Jul/2020:23:11:00 +0000] "GET /%D0%BF%D0%BE-%D1%80%D0%B0%D0%B4%D0%B8%D0%BE-%D0%BF%D1%80%D0%B5%D1%80%D1%8B%D0%B2%D0%B0%D0%B5%D1%82%D1%81%D1%8F-%D0%BF%D1%80%D0%BE%D0%B3%D1%80%D0%B0%D0%BC%D0%BC%D0%B0-%D0%B8-%D0%B4%D0%B8%D0%BA%D1%82%D0%BE%D1%80-%D1%81%D0%BE%D0%BE%D0%B1%D1%89%D0%B0%D0%B5%D1%82/?p=3 HTTP/1.1" 200 11122 "-" "Mozilla/5.0 (compatible; YandexBot/3.0; +http://yandex.com/bots)" "-"
5.45.207.181 - - [22/Jul/2020:23:11:00 +0000] "GET /%D0%BF%D0%BE-%D1%80%D0%B0%D0%B4%D0%B8%D0%BE-%D0%BF%D1%80%D0%B5%D1%80%D1%8B%D0%B2%D0%B0%D0%B5%D1%82%D1%81%D1%8F-%D0%BF%D1%80%D0%BE%D0%B3%D1%80%D0%B0%D0%BC%D0%BC%D0%B0-%D0%B8-%D0%B4%D0%B8%D0%BA%D1%82%D0%BE%D1%80-%D1%81%D0%BE%D0%BE%D0%B1%D1%89%D0%B0%D0%B5%D1%82/?p=3 HTTP/1.1" 200 11122 "-" "Mozilla/5.0 (compatible; YandexBot/3.0; +http://yandex.com/bots)"
178.154.200.151 - - [22/Jul/2020:23:11:01 +0000] "GET /%D0%BF%D1%80%D0%B8%D0%B5%D1%85%D0%B0%D0%BB-%D0%B2-%D0%90%D1%84%D1%80%D0%B8%D0%BA%D1%83-%D0%B1%D0%B5%D0%BB%D0%BE%D0%BA%D0%BE%D0%B6%D0%B8%D0%B9-%D0%BC%D0%B8%D1%81%D1%81%D0%B8%D0%BE%D0%BD%D0%B5%D1%80-%D1%80%D0%B0%D1%81%D1%81%D0%BA%D0%B0%D0%B7%D1%8B%D0%B2%D0%B0%D1%82%D1%8C/?p=1 HTTP/1.1" 200 14764 "-" "Mozilla/5.0 (compatible; YandexBot/3.0; +http://yandex.com/bots)" "-"
178.154.200.151 - - [22/Jul/2020:23:11:01 +0000] "GET /%D0%BF%D1%80%D0%B8%D0%B5%D1%85%D0%B0%D0%BB-%D0%B2-%D0%90%D1%84%D1%80%D0%B8%D0%BA%D1%83-%D0%B1%D0%B5%D0%BB%D0%BE%D0%BA%D0%BE%D0%B6%D0%B8%D0%B9-%D0%BC%D0%B8%D1%81%D1%81%D0%B8%D0%BE%D0%BD%D0%B5%D1%80-%D1%80%D0%B0%D1%81%D1%81%D0%BA%D0%B0%D0%B7%D1%8B%D0%B2%D0%B0%D1%82%D1%8C/?p=1 HTTP/1.1" 200 14764 "-" "Mozilla/5.0 (compatible; YandexBot/3.0; +http://yandex.com/bots)"
178.154.200.81 - - [22/Jul/2020:23:11:01 +0000] "GET /%D0%BC%D1%83%D0%B6-%D1%81-%D0%B6%D0%B5%D0%BD%D0%BE%D0%B9-%D0%BF%D1%80%D0%BE%D0%B6%D0%B8%D0%BB-15-%D0%BB%D0%B5%D1%82-%D0%B8-%D0%B3%D0%BE%D0%B2%D0%BE%D1%80%D0%B8%D1%82-%D1%81%D0%B4%D0%B5%D0%BB%D0%B0%D0%B9-%D0%BC%D0%B8%D0%BD%D0%B5%D1%82/?p=4 HTTP/1.1" 200 8968 "-" "Mozilla/5.0 (compatible; YandexBot/3.0; +http://yandex.com/bots)" "-"
178.154.200.81 - - [22/Jul/2020:23:11:01 +0000] "GET /%D0%BC%D1%83%D0%B6-%D1%81-%D0%B6%D0%B5%D0%BD%D0%BE%D0%B9-%D0%BF%D1%80%D0%BE%D0%B6%D0%B8%D0%BB-15-%D0%BB%D0%B5%D1%82-%D0%B8-%D0%B3%D0%BE%D0%B2%D0%BE%D1%80%D0%B8%D1%82-%D1%81%D0%B4%D0%B5%D0%BB%D0%B0%D0%B9-%D0%BC%D0%B8%D0%BD%D0%B5%D1%82/?p=4 HTTP/1.1" 200 8968 "-" "Mozilla/5.0 (compatible; YandexBot/3.0; +http://yandex.com/bots)"
178.154.200.206 - - [22/Jul/2020:23:11:02 +0000] "GET /-%D0%BE%D0%B9-%D0%B4%D0%BE%D0%BA%D1%82%D0%BE%D1%80-%D0%B3%D0%BE%D0%BB%D0%BE%D0%B2%D0%B0-%D0%B1%D0%BE%D0%BB%D0%B8%D1%82-%D1%81%D0%B8%D0%BB-%D0%BD%D0%B5%D1%82-%D1%87%D0%B5%D0%BC-%D0%B1%D1%8B-%D0%BC%D0%BD%D0%B5-%D1%81%D0%BD%D1%8F%D1%82%D1%8C/?p=2 HTTP/1.1" 200 15307 "-" "Mozilla/5.0 (compatible; YandexBot/3.0; +http://yandex.com/bots)" "-"
178.154.200.206 - - [22/Jul/2020:23:11:02 +0000] "GET /-%D0%BE%D0%B9-%D0%B4%D0%BE%D0%BA%D1%82%D0%BE%D1%80-%D0%B3%D0%BE%D0%BB%D0%BE%D0%B2%D0%B0-%D0%B1%D0%BE%D0%BB%D0%B8%D1%82-%D1%81%D0%B8%D0%BB-%D0%BD%D0%B5%D1%82-%D1%87%D0%B5%D0%BC-%D0%B1%D1%8B-%D0%BC%D0%BD%D0%B5-%D1%81%D0%BD%D1%8F%D1%82%D1%8C/?p=2 HTTP/1.1" 200 15307 "-" "Mozilla/5.0 (compatible; YandexBot/3.0; +http://yandex.com/bots)"
178.154.200.81 - - [22/Jul/2020:23:11:02 +0000] "GET /%D0%B2%D0%B0%D0%BC-%D0%BA%D0%BE%D0%B3%D0%B4%D0%B0-%D0%BD%D0%B8%D0%B1%D1%83%D0%B4%D1%8C-%D1%81%D0%BD%D0%B8%D0%BB%D0%B8%D1%81%D1%8C-%D0%B0%D0%BD%D0%B5%D0%BA%D0%B8-%D0%BD%D1%83-%D0%BA%D0%BE%D0%B3%D0%B4%D0%B0-%D1%82%D1%8B/?p=2 HTTP/1.1" 200 9504 "-" "Mozilla/5.0 (compatible; YandexBot/3.0; +http://yandex.com/bots)" "-"
178.154.200.81 - - [22/Jul/2020:23:11:02 +0000] "GET /%D0%B2%D0%B0%D0%BC-%D0%BA%D0%BE%D0%B3%D0%B4%D0%B0-%D0%BD%D0%B8%D0%B1%D1%83%D0%B4%D1%8C-%D1%81%D0%BD%D0%B8%D0%BB%D0%B8%D1%81%D1%8C-%D0%B0%D0%BD%D0%B5%D0%BA%D0%B8-%D0%BD%D1%83-%D0%BA%D0%BE%D0%B3%D0%B4%D0%B0-%D1%82%D1%8B/?p=2 HTTP/1.1" 200 9504 "-" "Mozilla/5.0 (compatible; YandexBot/3.0; +http://yandex.com/bots)"
5.45.207.181 - - [22/Jul/2020:23:11:02 +0000] "GET /%D1%80%D0%B0%D0%BD%D1%8C%D1%88%D0%B5-%D0%BA%D0%BE%D0%BC%D0%BC%D0%B5%D0%BD%D1%82%D0%B0%D1%80%D0%B8%D0%B8-%D0%B1%D1%8B%D0%BB%D0%B8-%D0%BF%D0%B8%D0%B7%D0%B6%D0%B5-%D1%81%D0%B0%D0%BC%D0%B8%D1%85-%D0%B0%D0%BD%D0%B5%D0%BA%D0%BE%D0%B2/?p=3 HTTP/1.1" 200 9663 "-" "Mozilla/5.0 (compatible; YandexBot/3.0; +http://yandex.com/bots)" "-"
5.45.207.181 - - [22/Jul/2020:23:11:02 +0000] "GET /%D1%80%D0%B0%D0%BD%D1%8C%D1%88%D0%B5-%D0%BA%D0%BE%D0%BC%D0%BC%D0%B5%D0%BD%D1%82%D0%B0%D1%80%D0%B8%D0%B8-%D0%B1%D1%8B%D0%BB%D0%B8-%D0%BF%D0%B8%D0%B7%D0%B6%D0%B5-%D1%81%D0%B0%D0%BC%D0%B8%D1%85-%D0%B0%D0%BD%D0%B5%D0%BA%D0%BE%D0%B2/?p=3 HTTP/1.1" 200 9663 "-" "Mozilla/5.0 (compatible; YandexBot/3.0; +http://yandex.com/bots)"
178.154.200.151 - - [22/Jul/2020:23:11:02 +0000] "GET /%D1%87%D1%82%D0%BE-%D1%81%D0%B4%D0%B5%D0%BB%D0%B0%D0%BB-%D0%B4%D0%B0%D0%B3%D0%B5%D1%81%D1%82%D0%B0%D0%BD%D0%B5%D1%86-%D1%81-%D0%BC%D0%B0%D1%88%D0%B8%D0%BD%D0%BE%D0%B9-%D0%B2%D1%80%D0%B5%D0%BC%D0%B5%D0%BD%D0%B8/?p=4 HTTP/1.1" 200 9725 "-" "Mozilla/5.0 (compatible; YandexBot/3.0; +http://yandex.com/bots)" "-"
178.154.200.151 - - [22/Jul/2020:23:11:02 +0000] "GET /%D1%87%D1%82%D0%BE-%D1%81%D0%B4%D0%B5%D0%BB%D0%B0%D0%BB-%D0%B4%D0%B0%D0%B3%D0%B5%D1%81%D1%82%D0%B0%D0%BD%D0%B5%D1%86-%D1%81-%D0%BC%D0%B0%D1%88%D0%B8%D0%BD%D0%BE%D0%B9-%D0%B2%D1%80%D0%B5%D0%BC%D0%B5%D0%BD%D0%B8/?p=4 HTTP/1.1" 200 9725 "-" "Mozilla/5.0 (compatible; YandexBot/3.0; +http://yandex.com/bots)"
178.154.200.206 - - [22/Jul/2020:23:11:03 +0000] "GET /-%D0%BF%D0%B0%D0%BF%D0%B0-%D0%B0-%D0%91%D0%B0%D1%80%D1%81%D0%B5%D0%BB%D0%BE%D0%BD%D0%B0-%D1%85%D0%BE%D1%80%D0%BE%D1%88%D0%B0%D1%8F-%D0%BA%D0%BE%D0%BC%D0%B0%D0%BD%D0%B4%D0%B0-%D0%B4%D0%B0-%D1%81%D1%8B%D0%BD%D0%BE%D0%BA-%D1%8D%D1%82%D0%BE/?p=2 HTTP/1.1" 200 13191 "-" "Mozilla/5.0 (compatible; YandexBot/3.0; +http://yandex.com/bots)" "-"
178.154.200.206 - - [22/Jul/2020:23:11:03 +0000] "GET /-%D0%BF%D0%B0%D0%BF%D0%B0-%D0%B0-%D0%91%D0%B0%D1%80%D1%81%D0%B5%D0%BB%D0%BE%D0%BD%D0%B0-%D1%85%D0%BE%D1%80%D0%BE%D1%88%D0%B0%D1%8F-%D0%BA%D0%BE%D0%BC%D0%B0%D0%BD%D0%B4%D0%B0-%D0%B4%D0%B0-%D1%81%D1%8B%D0%BD%D0%BE%D0%BA-%D1%8D%D1%82%D0%BE/?p=2 HTTP/1.1" 200 13191 "-" "Mozilla/5.0 (compatible; YandexBot/3.0; +http://yandex.com/bots)"
178.154.200.81 - - [22/Jul/2020:23:11:03 +0000] "GET /%D1%80%D0%B5%D0%B9%D1%81%D0%BE%D0%B2%D1%8B%D0%B9-%D0%B0%D0%B2%D1%82%D0%BE%D0%B1%D1%83%D1%81-%D0%A2%D0%B0%D0%BB%D0%B4%D1%8B%D0%BA%D0%BE%D1%80%D0%B3%D0%B0%D0%BD-%D0%90%D0%BB%D0%BC%D0%B0%D1%82%D1%8B/?p=3 HTTP/1.1" 200 8773 "-" "Mozilla/5.0 (compatible; YandexBot/3.0; +http://yandex.com/bots)" "-"
178.154.200.81 - - [22/Jul/2020:23:11:03 +0000] "GET /%D1%80%D0%B5%D0%B9%D1%81%D0%BE%D0%B2%D1%8B%D0%B9-%D0%B0%D0%B2%D1%82%D0%BE%D0%B1%D1%83%D1%81-%D0%A2%D0%B0%D0%BB%D0%B4%D1%8B%D0%BA%D0%BE%D1%80%D0%B3%D0%B0%D0%BD-%D0%90%D0%BB%D0%BC%D0%B0%D1%82%D1%8B/?p=3 HTTP/1.1" 200 8773 "-" "Mozilla/5.0 (compatible; YandexBot/3.0; +http://yandex.com/bots)"
5.45.207.181 - - [22/Jul/2020:23:11:04 +0000] "GET /%D0%BF%D1%80%D0%B8%D1%85%D0%BE%D0%B4%D0%B8%D1%82-%D0%B1%D0%B0%D0%B1%D0%BA%D0%B0-%D1%87%D0%B5%D0%BB%D0%BE%D0%B2%D0%B5%D0%BA-%D0%B2-%D1%81%D1%82%D0%BE%D0%BB%D0%BE%D0%B2%D1%83%D1%8E-%D0%B8-%D0%BA%D0%BB%D0%B0%D0%B4%D0%B5%D1%82-%D0%BD%D0%B0/?p=2 HTTP/1.1" 200 12655 "-" "Mozilla/5.0 (compatible; YandexBot/3.0; +http://yandex.com/bots)" "-"
5.45.207.181 - - [22/Jul/2020:23:11:04 +0000] "GET /%D0%BF%D1%80%D0%B8%D1%85%D0%BE%D0%B4%D0%B8%D1%82-%D0%B1%D0%B0%D0%B1%D0%BA%D0%B0-%D1%87%D0%B5%D0%BB%D0%BE%D0%B2%D0%B5%D0%BA-%D0%B2-%D1%81%D1%82%D0%BE%D0%BB%D0%BE%D0%B2%D1%83%D1%8E-%D0%B8-%D0%BA%D0%BB%D0%B0%D0%B4%D0%B5%D1%82-%D0%BD%D0%B0/?p=2 HTTP/1.1" 200 12655 "-" "Mozilla/5.0 (compatible; YandexBot/3.0; +http://yandex.com/bots)"
66.249.68.36 - - [22/Jul/2020:23:11:04 +0000] "GET /%D0%BF%D1%80%D0%B8%D0%B5%D1%85%D0%B0%D0%BB-%D0%B0%D0%BC%D0%B5%D1%80%D0%B8%D0%BA%D0%B0%D0%BD%D1%81%D0%BA%D0%B8%D0%B9-%D1%88%D0%BF%D0%B8%D0%BE%D0%BD-%D0%B2-%D0%A0%D0%BE%D1%81%D1%81%D0%B8%D1%8E-%D0%BF%D1%80%D0%B8%D0%B7%D0%B5%D0%BC%D0%BB%D0%B8%D0%BB%D1%81%D1%8F/ HTTP/1.1" 200 14665 "-" "Mozilla/5.0 (compatible; Googlebot/2.1; +http://www.google.com/bot.html)" "-"
66.249.68.36 - - [22/Jul/2020:23:11:04 +0000] "GET /%D0%BF%D1%80%D0%B8%D0%B5%D1%85%D0%B0%D0%BB-%D0%B0%D0%BC%D0%B5%D1%80%D0%B8%D0%BA%D0%B0%D0%BD%D1%81%D0%BA%D0%B8%D0%B9-%D1%88%D0%BF%D0%B8%D0%BE%D0%BD-%D0%B2-%D0%A0%D0%BE%D1%81%D1%81%D0%B8%D1%8E-%D0%BF%D1%80%D0%B8%D0%B7%D0%B5%D0%BC%D0%BB%D0%B8%D0%BB%D1%81%D1%8F/ HTTP/1.1" 200 14665 "-" "Mozilla/5.0 (compatible; Googlebot/2.1; +http://www.google.com/bot.html)"
40.77.167.108 - - [22/Jul/2020:23:11:06 +0000] "GET /%D0%91%D0%BE%D0%B3-%D1%81%D0%BC%D0%BE%D1%82%D1%80%D0%B8%D1%82-%D0%BD%D0%B0-%D0%B7%D0%B5%D0%BC%D0%BB%D1%8E-%D0%B2%D0%BD%D0%B8%D0%B7-%D0%BB%D1%8E%D0%B4%D0%B8-%D0%B2-%D0%B1%D0%BE%D0%BB%D1%8C%D0%BD%D0%B8%D1%86%D0%B0%D1%85-%D1%81%D1%82%D0%BE%D1%8F%D1%82/ HTTP/1.1" 200 14400 "-" "Mozilla/5.0 (compatible; bingbot/2.0; +http://www.bing.com/bingbot.htm)" "-"
40.77.167.108 - - [22/Jul/2020:23:11:06 +0000] "GET /%D0%91%D0%BE%D0%B3-%D1%81%D0%BC%D0%BE%D1%82%D1%80%D0%B8%D1%82-%D0%BD%D0%B0-%D0%B7%D0%B5%D0%BC%D0%BB%D1%8E-%D0%B2%D0%BD%D0%B8%D0%B7-%D0%BB%D1%8E%D0%B4%D0%B8-%D0%B2-%D0%B1%D0%BE%D0%BB%D1%8C%D0%BD%D0%B8%D1%86%D0%B0%D1%85-%D1%81%D1%82%D0%BE%D1%8F%D1%82/ HTTP/1.1" 200 14400 "-" "Mozilla/5.0 (compatible; bingbot/2.0; +http://www.bing.com/bingbot.htm)"
178.154.200.81 - - [22/Jul/2020:23:11:06 +0000] "GET /%D0%BA%D1%83%D1%80%D0%B8%D1%86%D0%B5-%D0%BF%D1%80%D0%B8%D1%88%D0%BB%D0%B0-%D0%BF%D0%BE%D0%B2%D0%B5%D1%81%D1%82%D0%BA%D0%B0/?p=3 HTTP/1.1" 200 8087 "-" "Mozilla/5.0 (compatible; YandexBot/3.0; +http://yandex.com/bots)" "-"
178.154.200.81 - - [22/Jul/2020:23:11:06 +0000] "GET /%D0%BA%D1%83%D1%80%D0%B8%D1%86%D0%B5-%D0%BF%D1%80%D0%B8%D1%88%D0%BB%D0%B0-%D0%BF%D0%BE%D0%B2%D0%B5%D1%81%D1%82%D0%BA%D0%B0/?p=3 HTTP/1.1" 200 8087 "-" "Mozilla/5.0 (compatible; YandexBot/3.0; +http://yandex.com/bots)"
2.206.164.74 - - [22/Jul/2020:23:11:06 +0000] "GET /%D0%BF%D0%BE%D0%BF%D0%B0%D0%B4%D0%B0%D0%B5%D1%82-%D0%BA%D0%BE%D0%BC%D0%BC%D1%83%D0%BD%D0%B8%D1%81%D1%82-%D0%B2-%D0%B3%D0%B5%D0%B9-%D0%BA%D0%BB%D1%83%D0%B1/?p=2 HTTP/2.0" 200 14194 "https://www.google.com/" "Mozilla/5.0 (Linux; Android 7.1.2; Redmi 4X) AppleWebKit/537.36 (KHTML, like Gecko) Chrome/84.0.4147.89 Mobile Safari/537.36" "-"
2.206.164.74 - - [22/Jul/2020:23:11:06 +0000] "GET /%D0%BF%D0%BE%D0%BF%D0%B0%D0%B4%D0%B0%D0%B5%D1%82-%D0%BA%D0%BE%D0%BC%D0%BC%D1%83%D0%BD%D0%B8%D1%81%D1%82-%D0%B2-%D0%B3%D0%B5%D0%B9-%D0%BA%D0%BB%D1%83%D0%B1/?p=2 HTTP/2.0" 200 14194 "https://www.google.com/" "Mozilla/5.0 (Linux; Android 7.1.2; Redmi 4X) AppleWebKit/537.36 (KHTML, like Gecko) Chrome/84.0.4147.89 Mobile Safari/537.36"
5.45.207.181 - - [22/Jul/2020:23:11:07 +0000] "GET /oh-my-god-hurry-grab-your-clothes-she-yelled/?p=2 HTTP/1.1" 200 14392 "-" "Mozilla/5.0 (compatible; YandexBot/3.0; +http://yandex.com/bots)" "-"
5.45.207.181 - - [22/Jul/2020:23:11:07 +0000] "GET /oh-my-god-hurry-grab-your-clothes-she-yelled/?p=2 HTTP/1.1" 200 14392 "-" "Mozilla/5.0 (compatible; YandexBot/3.0; +http://yandex.com/bots)"
2.206.164.74 - - [22/Jul/2020:23:11:09 +0000] "GET /%D0%BF%D0%BE%D0%BF%D0%B0%D0%B4%D0%B0%D0%B5%D1%82-%D0%BA%D0%BE%D0%BC%D0%BC%D1%83%D0%BD%D0%B8%D1%81%D1%82-%D0%B2-%D0%B3%D0%B5%D0%B9-%D0%BA%D0%BB%D1%83%D0%B1/?p=2 HTTP/2.0" 200 14194 "https://baneks.site/%D0%BF%D0%BE%D0%BF%D0%B0%D0%B4%D0%B0%D0%B5%D1%82-%D0%BA%D0%BE%D0%BC%D0%BC%D1%83%D0%BD%D0%B8%D1%81%D1%82-%D0%B2-%D0%B3%D0%B5%D0%B9-%D0%BA%D0%BB%D1%83%D0%B1/?p=2" "Mozilla/5.0 (Linux; Android 7.1.2; Redmi 4X) AppleWebKit/537.36 (KHTML, like Gecko) Chrome/84.0.4147.89 Mobile Safari/537.36" "-"
2.206.164.74 - - [22/Jul/2020:23:11:09 +0000] "GET /%D0%BF%D0%BE%D0%BF%D0%B0%D0%B4%D0%B0%D0%B5%D1%82-%D0%BA%D0%BE%D0%BC%D0%BC%D1%83%D0%BD%D0%B8%D1%81%D1%82-%D0%B2-%D0%B3%D0%B5%D0%B9-%D0%BA%D0%BB%D1%83%D0%B1/?p=2 HTTP/2.0" 200 14194 "https://baneks.site/%D0%BF%D0%BE%D0%BF%D0%B0%D0%B4%D0%B0%D0%B5%D1%82-%D0%BA%D0%BE%D0%BC%D0%BC%D1%83%D0%BD%D0%B8%D1%81%D1%82-%D0%B2-%D0%B3%D0%B5%D0%B9-%D0%BA%D0%BB%D1%83%D0%B1/?p=2" "Mozilla/5.0 (Linux; Android 7.1.2; Redmi 4X) AppleWebKit/537.36 (KHTML, like Gecko) Chrome/84.0.4147.89 Mobile Safari/537.36"
178.151.94.4 - - [22/Jul/2020:23:11:09 +0000] "GET /tag/%D0%BC%D0%B0%D1%82%D0%B5%D0%BC%D0%B0%D1%82%D0%B8%D0%BA/?p=2 HTTP/2.0" 200 10615 "https://baneks.site/tag/%D0%BC%D0%B0%D1%82%D0%B5%D0%BC%D0%B0%D1%82%D0%B8%D0%BA/" "Mozilla/5.0 (Linux; Android 9; STK-LX1) AppleWebKit/537.36 (KHTML, like Gecko) Chrome/84.0.4147.89 Mobile Safari/537.36" "-"
178.151.94.4 - - [22/Jul/2020:23:11:09 +0000] "GET /tag/%D0%BC%D0%B0%D1%82%D0%B5%D0%BC%D0%B0%D1%82%D0%B8%D0%BA/?p=2 HTTP/2.0" 200 10615 "https://baneks.site/tag/%D0%BC%D0%B0%D1%82%D0%B5%D0%BC%D0%B0%D1%82%D0%B8%D0%BA/" "Mozilla/5.0 (Linux; Android 9; STK-LX1) AppleWebKit/537.36 (KHTML, like Gecko) Chrome/84.0.4147.89 Mobile Safari/537.36"
178.154.200.81 - - [22/Jul/2020:23:11:10 +0000] "GET /%D1%81%D1%82%D0%BE%D1%8F%D1%82-%D0%B2-%D0%B3%D0%BE%D1%80%D0%B0%D1%85-%D1%80%D1%83%D1%81%D1%81%D0%BA%D0%B8%D0%B9-%D0%B0%D0%BD%D0%B3%D0%BB%D0%B8%D1%87%D0%B0%D0%BD-%D0%B8-%D0%BA%D0%B8%D1%82%D0%B0%D0%B5%D1%86/?p=3 HTTP/1.1" 200 10557 "-" "Mozilla/5.0 (compatible; YandexBot/3.0; +http://yandex.com/bots)" "-"
178.154.200.81 - - [22/Jul/2020:23:11:10 +0000] "GET /%D1%81%D1%82%D0%BE%D1%8F%D1%82-%D0%B2-%D0%B3%D0%BE%D1%80%D0%B0%D1%85-%D1%80%D1%83%D1%81%D1%81%D0%BA%D0%B8%D0%B9-%D0%B0%D0%BD%D0%B3%D0%BB%D0%B8%D1%87%D0%B0%D0%BD-%D0%B8-%D0%BA%D0%B8%D1%82%D0%B0%D0%B5%D1%86/?p=3 HTTP/1.1" 200 10557 "-" "Mozilla/5.0 (compatible; YandexBot/3.0; +http://yandex.com/bots)"
178.154.200.81 - - [22/Jul/2020:23:11:13 +0000] "GET /1920-%D0%B5-%D0%B3%D0%BE%D0%B4%D1%8B-%D0%B4%D0%B8%D1%80%D0%B5%D0%BA%D1%86%D0%B8%D1%8F-%D1%82%D0%B5%D0%B0%D1%82%D1%80%D0%B0/?p=3 HTTP/1.1" 200 9274 "-" "Mozilla/5.0 (compatible; YandexBot/3.0; +http://yandex.com/bots)" "-"
178.154.200.81 - - [22/Jul/2020:23:11:13 +0000] "GET /1920-%D0%B5-%D0%B3%D0%BE%D0%B4%D1%8B-%D0%B4%D0%B8%D1%80%D0%B5%D0%BA%D1%86%D0%B8%D1%8F-%D1%82%D0%B5%D0%B0%D1%82%D1%80%D0%B0/?p=3 HTTP/1.1" 200 9274 "-" "Mozilla/5.0 (compatible; YandexBot/3.0; +http://yandex.com/bots)"
178.154.200.81 - - [22/Jul/2020:23:11:13 +0000] "GET /%D1%81%D1%8B%D0%BD%D0%BE%D0%BA-%D1%87%D1%82%D0%BE-%D1%82%D1%8B-%D0%BF%D0%BE%D0%BB%D1%83%D1%87%D0%B8%D0%BB-%D0%B2-%D1%88%D0%BA%D0%BE%D0%BB%D0%B5/?p=3 HTTP/1.1" 200 11885 "-" "Mozilla/5.0 (compatible; YandexBot/3.0; +http://yandex.com/bots)" "-"
178.154.200.81 - - [22/Jul/2020:23:11:13 +0000] "GET /%D1%81%D1%8B%D0%BD%D0%BE%D0%BA-%D1%87%D1%82%D0%BE-%D1%82%D1%8B-%D0%BF%D0%BE%D0%BB%D1%83%D1%87%D0%B8%D0%BB-%D0%B2-%D1%88%D0%BA%D0%BE%D0%BB%D0%B5/?p=3 HTTP/1.1" 200 11885 "-" "Mozilla/5.0 (compatible; YandexBot/3.0; +http://yandex.com/bots)"
