213.87.129.187 - - [19/Jul/2020:08:00:17 +0000] "GET /%D1%81%D0%BE%D0%B1%D0%B5%D1%81%D0%B5%D0%B4%D0%BE%D0%B2%D0%B0%D0%BD%D0%B8%D0%B5-%D1%87%D1%82%D0%BE-%D1%82%D0%B0%D0%BA%D0%BE%D0%B5-%D0%BE%D0%B1%D1%8A%D0%B5%D0%BA%D1%82%D0%BD%D0%BE-%D0%BE%D1%80%D0%B8%D0%B5%D0%BD%D1%82%D0%B8%D1%80%D0%BE%D0%B2%D0%B0%D0%BD%D0%BD%D0%BE%D0%B5/ HTTP/2.0" 200 14007 "https://baneks.site/%D1%81%D0%BE%D0%B1%D0%B5%D1%81%D0%B5%D0%B4%D0%BE%D0%B2%D0%B0%D0%BD%D0%B8%D0%B5-%D1%87%D1%82%D0%BE-%D1%82%D0%B0%D0%BA%D0%BE%D0%B5-%D0%BE%D0%B1%D1%8A%D0%B5%D0%BA%D1%82%D0%BD%D0%BE-%D0%BE%D1%80%D0%B8%D0%B5%D0%BD%D1%82%D0%B8%D1%80%D0%BE%D0%B2%D0%B0%D0%BD%D0%BD%D0%BE%D0%B5/" "Mozilla/5.0 (Linux; Android 10; MAR-LX1M) AppleWebKit/537.36 (KHTML, like Gecko) Chrome/83.0.4103.106 Mobile Safari/537.36" "-"
213.87.129.187 - - [19/Jul/2020:08:00:17 +0000] "GET /%D1%81%D0%BE%D0%B1%D0%B5%D1%81%D0%B5%D0%B4%D0%BE%D0%B2%D0%B0%D0%BD%D0%B8%D0%B5-%D1%87%D1%82%D0%BE-%D1%82%D0%B0%D0%BA%D0%BE%D0%B5-%D0%BE%D0%B1%D1%8A%D0%B5%D0%BA%D1%82%D0%BD%D0%BE-%D0%BE%D1%80%D0%B8%D0%B5%D0%BD%D1%82%D0%B8%D1%80%D0%BE%D0%B2%D0%B0%D0%BD%D0%BD%D0%BE%D0%B5/ HTTP/2.0" 200 14007 "https://baneks.site/%D1%81%D0%BE%D0%B1%D0%B5%D1%81%D0%B5%D0%B4%D0%BE%D0%B2%D0%B0%D0%BD%D0%B8%D0%B5-%D1%87%D1%82%D0%BE-%D1%82%D0%B0%D0%BA%D0%BE%D0%B5-%D0%BE%D0%B1%D1%8A%D0%B5%D0%BA%D1%82%D0%BD%D0%BE-%D0%BE%D1%80%D0%B8%D0%B5%D0%BD%D1%82%D0%B8%D1%80%D0%BE%D0%B2%D0%B0%D0%BD%D0%BD%D0%BE%D0%B5/" "Mozilla/5.0 (Linux; Android 10; MAR-LX1M) AppleWebKit/537.36 (KHTML, like Gecko) Chrome/83.0.4103.106 Mobile Safari/537.36"
109.173.69.151 - - [19/Jul/2020:08:00:24 +0000] "GET /%D1%81%D0%BE%D0%B1%D1%80%D0%B0%D0%BB-%D1%81%D1%82%D0%B0%D1%80%D1%8B%D0%B9-%D0%BC%D0%B5%D1%82%D0%B0%D0%BB%D0%BB%D0%B8%D1%81%D1%82-%D0%BD%D0%B0%D1%87%D0%B8%D0%BD%D0%B0%D1%8E%D1%89%D0%B8%D1%85-%D0%BD%D0%B0-%D0%BF%D1%8C%D1%8F%D0%BD%D0%BA%D1%83/ HTTP/2.0" 200 14488 "https://yandex.ru/" "Mozilla/5.0 (iPhone; CPU iPhone OS 13_5_1 like Mac OS X) AppleWebKit/605.1.15 (KHTML, like Gecko) Version/13.1.1 Mobile/15E148 Safari/604.1" "-"
109.173.69.151 - - [19/Jul/2020:08:00:24 +0000] "GET /%D1%81%D0%BE%D0%B1%D1%80%D0%B0%D0%BB-%D1%81%D1%82%D0%B0%D1%80%D1%8B%D0%B9-%D0%BC%D0%B5%D1%82%D0%B0%D0%BB%D0%BB%D0%B8%D1%81%D1%82-%D0%BD%D0%B0%D1%87%D0%B8%D0%BD%D0%B0%D1%8E%D1%89%D0%B8%D1%85-%D0%BD%D0%B0-%D0%BF%D1%8C%D1%8F%D0%BD%D0%BA%D1%83/ HTTP/2.0" 200 14488 "https://yandex.ru/" "Mozilla/5.0 (iPhone; CPU iPhone OS 13_5_1 like Mac OS X) AppleWebKit/605.1.15 (KHTML, like Gecko) Version/13.1.1 Mobile/15E148 Safari/604.1"
109.173.69.151 - - [19/Jul/2020:08:00:26 +0000] "GET /%D1%81%D0%BE%D0%B1%D1%80%D0%B0%D0%BB-%D1%81%D1%82%D0%B0%D1%80%D1%8B%D0%B9-%D0%BC%D0%B5%D1%82%D0%B0%D0%BB%D0%BB%D0%B8%D1%81%D1%82-%D0%BD%D0%B0%D1%87%D0%B8%D0%BD%D0%B0%D1%8E%D1%89%D0%B8%D1%85-%D0%BD%D0%B0-%D0%BF%D1%8C%D1%8F%D0%BD%D0%BA%D1%83/ HTTP/2.0" 200 14488 "https://baneks.site/%D1%81%D0%BE%D0%B1%D1%80%D0%B0%D0%BB-%D1%81%D1%82%D0%B0%D1%80%D1%8B%D0%B9-%D0%BC%D0%B5%D1%82%D0%B0%D0%BB%D0%BB%D0%B8%D1%81%D1%82-%D0%BD%D0%B0%D1%87%D0%B8%D0%BD%D0%B0%D1%8E%D1%89%D0%B8%D1%85-%D0%BD%D0%B0-%D0%BF%D1%8C%D1%8F%D0%BD%D0%BA%D1%83/" "Mozilla/5.0 (iPhone; CPU iPhone OS 13_5_1 like Mac OS X) AppleWebKit/605.1.15 (KHTML, like Gecko) Version/13.1.1 Mobile/15E148 Safari/604.1" "-"
109.173.69.151 - - [19/Jul/2020:08:00:26 +0000] "GET /%D1%81%D0%BE%D0%B1%D1%80%D0%B0%D0%BB-%D1%81%D1%82%D0%B0%D1%80%D1%8B%D0%B9-%D0%BC%D0%B5%D1%82%D0%B0%D0%BB%D0%BB%D0%B8%D1%81%D1%82-%D0%BD%D0%B0%D1%87%D0%B8%D0%BD%D0%B0%D1%8E%D1%89%D0%B8%D1%85-%D0%BD%D0%B0-%D0%BF%D1%8C%D1%8F%D0%BD%D0%BA%D1%83/ HTTP/2.0" 200 14488 "https://baneks.site/%D1%81%D0%BE%D0%B1%D1%80%D0%B0%D0%BB-%D1%81%D1%82%D0%B0%D1%80%D1%8B%D0%B9-%D0%BC%D0%B5%D1%82%D0%B0%D0%BB%D0%BB%D0%B8%D1%81%D1%82-%D0%BD%D0%B0%D1%87%D0%B8%D0%BD%D0%B0%D1%8E%D1%89%D0%B8%D1%85-%D0%BD%D0%B0-%D0%BF%D1%8C%D1%8F%D0%BD%D0%BA%D1%83/" "Mozilla/5.0 (iPhone; CPU iPhone OS 13_5_1 like Mac OS X) AppleWebKit/605.1.15 (KHTML, like Gecko) Version/13.1.1 Mobile/15E148 Safari/604.1"
66.249.68.62 - - [19/Jul/2020:08:00:29 +0000] "GET /%D1%96%D1%81%D0%BF%D0%B8%D1%82-%D0%B2-%D0%BC%D0%B5%D0%B4%D1%96%D0%BD%D1%81%D1%82%D0%B8%D1%82%D1%83%D1%82%D1%96-%D0%BC%D0%BE%D0%BB%D0%BE%D0%B4%D0%B8%D0%B9-%D0%B2%D0%B8%D0%BA%D0%BB%D0%B0%D0%B4%D0%B0%D1%87-%D0%B7%D0%B0%D0%BF%D0%B8%D1%82%D1%83%D1%94/?p=2 HTTP/1.1" 200 11593 "-" "Mozilla/5.0 (Linux; Android 6.0.1; Nexus 5X Build/MMB29P) AppleWebKit/537.36 (KHTML, like Gecko) Chrome/80.0.3987.92 Mobile Safari/537.36 (compatible; Googlebot/2.1; +http://www.google.com/bot.html)" "-"
66.249.68.62 - - [19/Jul/2020:08:00:29 +0000] "GET /%D1%96%D1%81%D0%BF%D0%B8%D1%82-%D0%B2-%D0%BC%D0%B5%D0%B4%D1%96%D0%BD%D1%81%D1%82%D0%B8%D1%82%D1%83%D1%82%D1%96-%D0%BC%D0%BE%D0%BB%D0%BE%D0%B4%D0%B8%D0%B9-%D0%B2%D0%B8%D0%BA%D0%BB%D0%B0%D0%B4%D0%B0%D1%87-%D0%B7%D0%B0%D0%BF%D0%B8%D1%82%D1%83%D1%94/?p=2 HTTP/1.1" 200 11593 "-" "Mozilla/5.0 (Linux; Android 6.0.1; Nexus 5X Build/MMB29P) AppleWebKit/537.36 (KHTML, like Gecko) Chrome/80.0.3987.92 Mobile Safari/537.36 (compatible; Googlebot/2.1; +http://www.google.com/bot.html)"
178.154.200.81 - - [19/Jul/2020:08:00:42 +0000] "GET /%D1%81%D0%BE%D0%B1%D1%80%D0%B0%D0%BB-%D1%81%D1%82%D0%B0%D1%80%D1%8B%D0%B9-%D0%BC%D0%B5%D1%82%D0%B0%D0%BB%D0%BB%D0%B8%D1%81%D1%82-%D0%BD%D0%B0%D1%87%D0%B8%D0%BD%D0%B0%D1%8E%D1%89%D0%B8%D1%85-%D0%BD%D0%B0-%D0%BF%D1%8C%D1%8F%D0%BD%D0%BA%D1%83/ HTTP/1.1" 200 14678 "-" "Mozilla/5.0 (compatible; YandexBot/3.0; +http://yandex.com/bots)" "-"
178.154.200.81 - - [19/Jul/2020:08:00:42 +0000] "GET /%D1%81%D0%BE%D0%B1%D1%80%D0%B0%D0%BB-%D1%81%D1%82%D0%B0%D1%80%D1%8B%D0%B9-%D0%BC%D0%B5%D1%82%D0%B0%D0%BB%D0%BB%D0%B8%D1%81%D1%82-%D0%BD%D0%B0%D1%87%D0%B8%D0%BD%D0%B0%D1%8E%D1%89%D0%B8%D1%85-%D0%BD%D0%B0-%D0%BF%D1%8C%D1%8F%D0%BD%D0%BA%D1%83/ HTTP/1.1" 200 14678 "-" "Mozilla/5.0 (compatible; YandexBot/3.0; +http://yandex.com/bots)"
46.229.168.150 - - [19/Jul/2020:08:00:48 +0000] "GET /%D0%BF%D1%80%D0%B8%D0%B2%D0%B5%D0%B7%D0%BB%D0%B8-%D1%87%D1%83%D0%BA%D1%87%D0%B0%D0%BC-%D0%BF%D1%80%D0%BE%D0%B4%D1%83%D0%BA%D1%82%D0%BE%D0%B2%D1%8B%D0%B9-%D0%BF%D0%B0%D1%91%D0%BA-%D0%BA%D0%BE%D0%BD%D1%81%D0%B5%D1%80%D0%B2%D1%8B-%D0%B3%D0%B0%D0%B7%D0%B5%D1%82%D1%8B/?p=1 HTTP/1.1" 200 13860 "-" "Mozilla/5.0 (compatible; SemrushBot/6~bl; +http://www.semrush.com/bot.html)" "-"
46.229.168.150 - - [19/Jul/2020:08:00:48 +0000] "GET /%D0%BF%D1%80%D0%B8%D0%B2%D0%B5%D0%B7%D0%BB%D0%B8-%D1%87%D1%83%D0%BA%D1%87%D0%B0%D0%BC-%D0%BF%D1%80%D0%BE%D0%B4%D1%83%D0%BA%D1%82%D0%BE%D0%B2%D1%8B%D0%B9-%D0%BF%D0%B0%D1%91%D0%BA-%D0%BA%D0%BE%D0%BD%D1%81%D0%B5%D1%80%D0%B2%D1%8B-%D0%B3%D0%B0%D0%B7%D0%B5%D1%82%D1%8B/?p=1 HTTP/1.1" 200 13860 "-" "Mozilla/5.0 (compatible; SemrushBot/6~bl; +http://www.semrush.com/bot.html)"
178.154.200.81 - - [19/Jul/2020:08:01:00 +0000] "GET /%D0%B2-%D0%BA%D0%B0%D0%BD%D1%83%D0%BD-%D0%BD%D0%BE%D0%B2%D0%BE%D0%B3%D0%BE-%D0%B3%D0%BE%D0%B4%D0%B0-%D0%BF%D0%BE%D0%B4%D0%BF%D0%B8%D1%81%D1%87%D0%B8%D0%BA-%D0%90%D0%9A%D0%91-%D0%BF%D0%BE-%D0%BF%D1%80%D0%B8%D0%B2%D1%8B%D1%87%D0%BA%D0%B5/?p=3 HTTP/1.1" 200 10824 "-" "Mozilla/5.0 (compatible; YandexBot/3.0; +http://yandex.com/bots)" "-"
178.154.200.81 - - [19/Jul/2020:08:01:00 +0000] "GET /%D0%B2-%D0%BA%D0%B0%D0%BD%D1%83%D0%BD-%D0%BD%D0%BE%D0%B2%D0%BE%D0%B3%D0%BE-%D0%B3%D0%BE%D0%B4%D0%B0-%D0%BF%D0%BE%D0%B4%D0%BF%D0%B8%D1%81%D1%87%D0%B8%D0%BA-%D0%90%D0%9A%D0%91-%D0%BF%D0%BE-%D0%BF%D1%80%D0%B8%D0%B2%D1%8B%D1%87%D0%BA%D0%B5/?p=3 HTTP/1.1" 200 10824 "-" "Mozilla/5.0 (compatible; YandexBot/3.0; +http://yandex.com/bots)"
46.229.168.133 - - [19/Jul/2020:08:01:09 +0000] "GET /%D1%81-%D0%B2%D0%B0%D1%81-250-%D1%80%D1%83%D0%B1%D0%BB%D0%B5%D0%B9-%D0%BF%D0%B0%D0%BA%D0%B5%D1%82-%D0%BD%D1%83%D0%B6%D0%B5%D0%BD/ HTTP/1.1" 200 11525 "-" "Mozilla/5.0 (compatible; SemrushBot/6~bl; +http://www.semrush.com/bot.html)" "-"
46.229.168.133 - - [19/Jul/2020:08:01:09 +0000] "GET /%D1%81-%D0%B2%D0%B0%D1%81-250-%D1%80%D1%83%D0%B1%D0%BB%D0%B5%D0%B9-%D0%BF%D0%B0%D0%BA%D0%B5%D1%82-%D0%BD%D1%83%D0%B6%D0%B5%D0%BD/ HTTP/1.1" 200 11525 "-" "Mozilla/5.0 (compatible; SemrushBot/6~bl; +http://www.semrush.com/bot.html)"
66.249.68.62 - - [19/Jul/2020:08:01:22 +0000] "GET /-%D1%81%D0%BB%D1%8E%D1%88%D1%8C-%D0%93%D0%BE%D0%B3%D0%B8-%D1%83-%D0%BD%D0%B0%D1%81-%D1%81%D0%BE-%D0%B2%D1%87%D0%B5%D1%80%D0%B0-%D0%9C%D1%83%D0%BA%D1%83%D0%B7%D0%B0%D0%BD%D0%B8-%D0%BD%D0%B5-%D0%BE%D1%81%D1%82%D0%B0%D0%BB%D0%BE%D1%81%D1%8C/ HTTP/1.1" 304 0 "-" "Mozilla/5.0 (Linux; Android 6.0.1; Nexus 5X Build/MMB29P) AppleWebKit/537.36 (KHTML, like Gecko) Chrome/80.0.3987.92 Mobile Safari/537.36 (compatible; Googlebot/2.1; +http://www.google.com/bot.html)" "-"
66.249.68.62 - - [19/Jul/2020:08:01:22 +0000] "GET /-%D1%81%D0%BB%D1%8E%D1%88%D1%8C-%D0%93%D0%BE%D0%B3%D0%B8-%D1%83-%D0%BD%D0%B0%D1%81-%D1%81%D0%BE-%D0%B2%D1%87%D0%B5%D1%80%D0%B0-%D0%9C%D1%83%D0%BA%D1%83%D0%B7%D0%B0%D0%BD%D0%B8-%D0%BD%D0%B5-%D0%BE%D1%81%D1%82%D0%B0%D0%BB%D0%BE%D1%81%D1%8C/ HTTP/1.1" 304 0 "-" "Mozilla/5.0 (Linux; Android 6.0.1; Nexus 5X Build/MMB29P) AppleWebKit/537.36 (KHTML, like Gecko) Chrome/80.0.3987.92 Mobile Safari/537.36 (compatible; Googlebot/2.1; +http://www.google.com/bot.html)"
178.154.200.81 - - [19/Jul/2020:08:01:31 +0000] "GET /%D0%B8%D0%B4%D0%B5%D1%82-%D0%B1%D0%BE%D0%BC%D0%B6-%D0%B2-%D0%BE%D0%B4%D0%BD%D0%BE%D0%BC-%D0%B1%D0%BE%D1%82%D0%B8%D0%BD%D0%BA%D0%B5-%D0%B5%D0%B3%D0%BE-%D1%81%D0%BF%D1%80%D0%B0%D1%88%D0%B8%D0%B2%D0%B0%D1%8E%D1%82-%D1%87%D1%82%D0%BE-%D0%B1%D0%BE%D0%BC%D0%B6/?p=2 HTTP/1.1" 200 12384 "-" "Mozilla/5.0 (compatible; YandexBot/3.0; +http://yandex.com/bots)" "-"
178.154.200.81 - - [19/Jul/2020:08:01:31 +0000] "GET /%D0%B8%D0%B4%D0%B5%D1%82-%D0%B1%D0%BE%D0%BC%D0%B6-%D0%B2-%D0%BE%D0%B4%D0%BD%D0%BE%D0%BC-%D0%B1%D0%BE%D1%82%D0%B8%D0%BD%D0%BA%D0%B5-%D0%B5%D0%B3%D0%BE-%D1%81%D0%BF%D1%80%D0%B0%D1%88%D0%B8%D0%B2%D0%B0%D1%8E%D1%82-%D1%87%D1%82%D0%BE-%D0%B1%D0%BE%D0%BC%D0%B6/?p=2 HTTP/1.1" 200 12384 "-" "Mozilla/5.0 (compatible; YandexBot/3.0; +http://yandex.com/bots)"
66.249.68.62 - - [19/Jul/2020:08:02:16 +0000] "GET /%D0%BE%D0%B1%D1%8A%D1%8F%D0%B2%D0%BB%D0%B5%D0%BD%D0%B8%D0%B5-%D0%B2-%D0%BA%D0%B0%D0%B7%D0%B0%D0%BD%D1%81%D0%BA%D0%BE%D0%BC-%D0%BC%D0%B0%D0%B3%D0%B0%D0%B7%D0%B8%D0%BD%D0%B5-%D1%82%D0%BE%D0%BB%D1%8C%D0%BA%D0%BE-%D1%83-%D0%BD%D0%B0%D1%81-%D0%B4%D0%BB%D1%8F/ HTTP/1.1" 304 0 "-" "Mozilla/5.0 (Linux; Android 6.0.1; Nexus 5X Build/MMB29P) AppleWebKit/537.36 (KHTML, like Gecko) Chrome/80.0.3987.92 Mobile Safari/537.36 (compatible; Googlebot/2.1; +http://www.google.com/bot.html)" "-"
66.249.68.62 - - [19/Jul/2020:08:02:16 +0000] "GET /%D0%BE%D0%B1%D1%8A%D1%8F%D0%B2%D0%BB%D0%B5%D0%BD%D0%B8%D0%B5-%D0%B2-%D0%BA%D0%B0%D0%B7%D0%B0%D0%BD%D1%81%D0%BA%D0%BE%D0%BC-%D0%BC%D0%B0%D0%B3%D0%B0%D0%B7%D0%B8%D0%BD%D0%B5-%D1%82%D0%BE%D0%BB%D1%8C%D0%BA%D0%BE-%D1%83-%D0%BD%D0%B0%D1%81-%D0%B4%D0%BB%D1%8F/ HTTP/1.1" 304 0 "-" "Mozilla/5.0 (Linux; Android 6.0.1; Nexus 5X Build/MMB29P) AppleWebKit/537.36 (KHTML, like Gecko) Chrome/80.0.3987.92 Mobile Safari/537.36 (compatible; Googlebot/2.1; +http://www.google.com/bot.html)"
46.229.168.135 - - [19/Jul/2020:08:02:22 +0000] "GET /%D0%BD%D0%B0-%D0%BF%D0%B8%D1%80%D1%81%D0%B5-%D0%B4%D1%80%D1%83%D0%B3-%D0%BD%D0%B0-%D0%BF%D1%80%D0%BE%D1%82%D0%B8%D0%B2-%D0%B4%D1%80%D1%83%D0%B3%D0%B0-%D1%81%D1%82%D0%BE%D1%8F%D1%82-%D0%B4%D0%B2%D0%B5-%D0%BF%D0%BE%D0%B4%D0%B2%D0%BE%D0%B4%D0%BD%D1%8B%D0%B5/?p=1 HTTP/1.1" 200 13291 "-" "Mozilla/5.0 (compatible; SemrushBot/6~bl; +http://www.semrush.com/bot.html)" "-"
46.229.168.135 - - [19/Jul/2020:08:02:22 +0000] "GET /%D0%BD%D0%B0-%D0%BF%D0%B8%D1%80%D1%81%D0%B5-%D0%B4%D1%80%D1%83%D0%B3-%D0%BD%D0%B0-%D0%BF%D1%80%D0%BE%D1%82%D0%B8%D0%B2-%D0%B4%D1%80%D1%83%D0%B3%D0%B0-%D1%81%D1%82%D0%BE%D1%8F%D1%82-%D0%B4%D0%B2%D0%B5-%D0%BF%D0%BE%D0%B4%D0%B2%D0%BE%D0%B4%D0%BD%D1%8B%D0%B5/?p=1 HTTP/1.1" 200 13291 "-" "Mozilla/5.0 (compatible; SemrushBot/6~bl; +http://www.semrush.com/bot.html)"
178.154.200.81 - - [19/Jul/2020:08:02:31 +0000] "GET /tag/%D0%BC%D1%83%D0%B6%D0%B8%D0%BA/?p=51 HTTP/1.1" 200 11308 "-" "Mozilla/5.0 (compatible; YandexBot/3.0; +http://yandex.com/bots)" "-"
178.154.200.81 - - [19/Jul/2020:08:02:31 +0000] "GET /tag/%D0%BC%D1%83%D0%B6%D0%B8%D0%BA/?p=51 HTTP/1.1" 200 11308 "-" "Mozilla/5.0 (compatible; YandexBot/3.0; +http://yandex.com/bots)"
114.119.160.172 - - [19/Jul/2020:08:02:34 +0000] "GET /%D0%B0%D0%BD%D0%B5%D0%BA-%D0%BF%D1%80%D0%BE-%D0%BC%D1%83%D0%B6%D0%B8%D0%BA%D0%B0-%D0%BA%D0%BE%D1%82%D0%BE%D1%80%D1%8B%D0%B9-%D0%B2-%D0%BE%D1%82%D0%B5%D0%BB%D1%8C-%D1%82%D1%80%D0%B8-%D0%B3%D0%BE%D0%B4%D0%B0-%D0%BF%D0%BE%D0%B4%D1%80%D1%8F%D0%B4/?p=2 HTTP/1.1" 200 15177 "-" "Mozilla/5.0 (Linux; Android 7.0;) AppleWebKit/537.36 (KHTML, like Gecko) Mobile Safari/537.36 (compatible; PetalBot;+https://aspiegel.com/petalbot)" "-"
114.119.160.172 - - [19/Jul/2020:08:02:34 +0000] "GET /%D0%B0%D0%BD%D0%B5%D0%BA-%D0%BF%D1%80%D0%BE-%D0%BC%D1%83%D0%B6%D0%B8%D0%BA%D0%B0-%D0%BA%D0%BE%D1%82%D0%BE%D1%80%D1%8B%D0%B9-%D0%B2-%D0%BE%D1%82%D0%B5%D0%BB%D1%8C-%D1%82%D1%80%D0%B8-%D0%B3%D0%BE%D0%B4%D0%B0-%D0%BF%D0%BE%D0%B4%D1%80%D1%8F%D0%B4/?p=2 HTTP/1.1" 200 15177 "-" "Mozilla/5.0 (Linux; Android 7.0;) AppleWebKit/537.36 (KHTML, like Gecko) Mobile Safari/537.36 (compatible; PetalBot;+https://aspiegel.com/petalbot)"
46.229.168.132 - - [19/Jul/2020:08:02:36 +0000] "GET /%D0%AF%D0%BD%D0%BA%D0%BE%D0%B2%D1%81%D0%BA%D0%B8%D0%B9-%D0%BD%D0%B0%D0%BC%D0%B5%D0%BA%D0%BD%D1%83%D0%BB-%D0%BD%D0%B0-%D0%92%D0%B5%D1%87%D0%B5%D1%80%D0%BD%D0%B5%D0%BC-%D0%A3%D1%80%D0%B3%D0%B0%D0%BD%D1%82%D0%B5-%D1%87%D1%82%D0%BE/?p=1 HTTP/1.1" 200 14841 "-" "Mozilla/5.0 (compatible; SemrushBot/6~bl; +http://www.semrush.com/bot.html)" "-"
46.229.168.132 - - [19/Jul/2020:08:02:36 +0000] "GET /%D0%AF%D0%BD%D0%BA%D0%BE%D0%B2%D1%81%D0%BA%D0%B8%D0%B9-%D0%BD%D0%B0%D0%BC%D0%B5%D0%BA%D0%BD%D1%83%D0%BB-%D0%BD%D0%B0-%D0%92%D0%B5%D1%87%D0%B5%D1%80%D0%BD%D0%B5%D0%BC-%D0%A3%D1%80%D0%B3%D0%B0%D0%BD%D1%82%D0%B5-%D1%87%D1%82%D0%BE/?p=1 HTTP/1.1" 200 14841 "-" "Mozilla/5.0 (compatible; SemrushBot/6~bl; +http://www.semrush.com/bot.html)"
95.42.216.232 - - [19/Jul/2020:08:02:42 +0000] "GET /%D0%B7%D0%B0%D0%BA%D0%BE%D0%BD%D1%87%D0%B8%D0%BB%D0%B0%D1%81%D1%8C-%D0%BF%D0%BE%D1%81%D0%B0%D0%B4%D0%BA%D0%B0-%D0%BD%D0%B0-%D1%81%D1%83%D0%BF%D0%B5%D1%80%D0%BB%D0%B0%D0%B9%D0%BD%D0%B5%D1%80-%D0%98%D0%9B-2086/ HTTP/2.0" 200 13237 "-" "Mozilla/5.0 (Windows NT 10.0; Win64; x64) AppleWebKit/537.36 (KHTML, like Gecko) Chrome/83.0.4103.119 Safari/537.36" "-"
95.42.216.232 - - [19/Jul/2020:08:02:42 +0000] "GET /%D0%B7%D0%B0%D0%BA%D0%BE%D0%BD%D1%87%D0%B8%D0%BB%D0%B0%D1%81%D1%8C-%D0%BF%D0%BE%D1%81%D0%B0%D0%B4%D0%BA%D0%B0-%D0%BD%D0%B0-%D1%81%D1%83%D0%BF%D0%B5%D1%80%D0%BB%D0%B0%D0%B9%D0%BD%D0%B5%D1%80-%D0%98%D0%9B-2086/ HTTP/2.0" 200 13237 "-" "Mozilla/5.0 (Windows NT 10.0; Win64; x64) AppleWebKit/537.36 (KHTML, like Gecko) Chrome/83.0.4103.119 Safari/537.36"
178.62.106.84 - - [19/Jul/2020:08:02:44 +0000] "GET / HTTP/1.1" 200 4615 "-" "Mozilla/5.0 (Windows NT 6.2; WOW64) AppleWebKit/537.4 (KHTML, like Gecko) Chrome/98 Safari/537.4 (StatusCake)" "-"
178.62.106.84 - - [19/Jul/2020:08:02:44 +0000] "GET / HTTP/1.1" 200 4615 "-" "Mozilla/5.0 (Windows NT 6.2; WOW64) AppleWebKit/537.4 (KHTML, like Gecko) Chrome/98 Safari/537.4 (StatusCake)"
46.229.168.136 - - [19/Jul/2020:08:02:47 +0000] "GET /%D1%88%D1%83%D1%82%D0%BA%D0%B0-%D0%BF%D1%80%D0%BE-%D0%B2%D0%B5%D1%82%D1%85%D0%BE%D0%B5-%D0%B6%D0%B8%D0%BB%D1%8C%D1%91-%D0%B8-%D0%B3%D0%BD%D0%BE%D0%BC%D0%BE%D0%B2-%D1%85%D1%83%D0%B5%D0%BA%D1%80%D0%B0%D0%B4%D0%BE%D0%B2/?p=1 HTTP/1.1" 200 17083 "-" "Mozilla/5.0 (compatible; SemrushBot/6~bl; +http://www.semrush.com/bot.html)" "-"
46.229.168.136 - - [19/Jul/2020:08:02:47 +0000] "GET /%D1%88%D1%83%D1%82%D0%BA%D0%B0-%D0%BF%D1%80%D0%BE-%D0%B2%D0%B5%D1%82%D1%85%D0%BE%D0%B5-%D0%B6%D0%B8%D0%BB%D1%8C%D1%91-%D0%B8-%D0%B3%D0%BD%D0%BE%D0%BC%D0%BE%D0%B2-%D1%85%D1%83%D0%B5%D0%BA%D1%80%D0%B0%D0%B4%D0%BE%D0%B2/?p=1 HTTP/1.1" 200 17083 "-" "Mozilla/5.0 (compatible; SemrushBot/6~bl; +http://www.semrush.com/bot.html)"
185.211.159.185 - - [19/Jul/2020:08:02:49 +0000] "GET /%D0%B8%D0%B4%D1%91%D1%82-%D0%B3%D1%80%D1%83%D0%B7%D0%B8%D0%BD-%D1%81-%D0%B1%D1%83%D0%BC%D0%B5%D1%80%D0%B0%D0%BD%D0%B3%D0%BE%D0%BC-%D0%B2%D0%B5%D1%81%D1%8C-%D0%B2-%D1%81%D0%B8%D0%BD%D1%8F%D0%BA%D0%B0%D1%85-%D0%B8-%D1%81%D1%81%D0%B0%D0%B4%D0%B8%D0%BD%D0%B0%D1%85/?p=2 HTTP/2.0" 200 9136 "https://www.google.com/" "Mozilla/5.0 (Linux; U; Android 6.0; zh-CN; MZ-M5c Build/MRA58K) AppleWebKit/537.36 (KHTML, like Gecko) Version/4.0 Chrome/57.0.2987.108 MZBrowser/7.2.110-2018082915 UWS/2.15.0.2 Mobile Safari/537.36" "-"
185.211.159.185 - - [19/Jul/2020:08:02:49 +0000] "GET /%D0%B8%D0%B4%D1%91%D1%82-%D0%B3%D1%80%D1%83%D0%B7%D0%B8%D0%BD-%D1%81-%D0%B1%D1%83%D0%BC%D0%B5%D1%80%D0%B0%D0%BD%D0%B3%D0%BE%D0%BC-%D0%B2%D0%B5%D1%81%D1%8C-%D0%B2-%D1%81%D0%B8%D0%BD%D1%8F%D0%BA%D0%B0%D1%85-%D0%B8-%D1%81%D1%81%D0%B0%D0%B4%D0%B8%D0%BD%D0%B0%D1%85/?p=2 HTTP/2.0" 200 9136 "https://www.google.com/" "Mozilla/5.0 (Linux; U; Android 6.0; zh-CN; MZ-M5c Build/MRA58K) AppleWebKit/537.36 (KHTML, like Gecko) Version/4.0 Chrome/57.0.2987.108 MZBrowser/7.2.110-2018082915 UWS/2.15.0.2 Mobile Safari/537.36"
185.211.159.185 - - [19/Jul/2020:08:02:52 +0000] "GET /%D0%B8%D0%B4%D1%91%D1%82-%D0%B3%D1%80%D1%83%D0%B7%D0%B8%D0%BD-%D1%81-%D0%B1%D1%83%D0%BC%D0%B5%D1%80%D0%B0%D0%BD%D0%B3%D0%BE%D0%BC-%D0%B2%D0%B5%D1%81%D1%8C-%D0%B2-%D1%81%D0%B8%D0%BD%D1%8F%D0%BA%D0%B0%D1%85-%D0%B8-%D1%81%D1%81%D0%B0%D0%B4%D0%B8%D0%BD%D0%B0%D1%85/?p=2 HTTP/2.0" 200 9136 "https://baneks.site/%D0%B8%D0%B4%D1%91%D1%82-%D0%B3%D1%80%D1%83%D0%B7%D0%B8%D0%BD-%D1%81-%D0%B1%D1%83%D0%BC%D0%B5%D1%80%D0%B0%D0%BD%D0%B3%D0%BE%D0%BC-%D0%B2%D0%B5%D1%81%D1%8C-%D0%B2-%D1%81%D0%B8%D0%BD%D1%8F%D0%BA%D0%B0%D1%85-%D0%B8-%D1%81%D1%81%D0%B0%D0%B4%D0%B8%D0%BD%D0%B0%D1%85/?p=2" "Mozilla/5.0 (Linux; U; Android 6.0; zh-CN; MZ-M5c Build/MRA58K) AppleWebKit/537.36 (KHTML, like Gecko) Version/4.0 Chrome/57.0.2987.108 MZBrowser/7.2.110-2018082915 UWS/2.15.0.2 Mobile Safari/537.36" "-"
185.211.159.185 - - [19/Jul/2020:08:02:52 +0000] "GET /%D0%B8%D0%B4%D1%91%D1%82-%D0%B3%D1%80%D1%83%D0%B7%D0%B8%D0%BD-%D1%81-%D0%B1%D1%83%D0%BC%D0%B5%D1%80%D0%B0%D0%BD%D0%B3%D0%BE%D0%BC-%D0%B2%D0%B5%D1%81%D1%8C-%D0%B2-%D1%81%D0%B8%D0%BD%D1%8F%D0%BA%D0%B0%D1%85-%D0%B8-%D1%81%D1%81%D0%B0%D0%B4%D0%B8%D0%BD%D0%B0%D1%85/?p=2 HTTP/2.0" 200 9136 "https://baneks.site/%D0%B8%D0%B4%D1%91%D1%82-%D0%B3%D1%80%D1%83%D0%B7%D0%B8%D0%BD-%D1%81-%D0%B1%D1%83%D0%BC%D0%B5%D1%80%D0%B0%D0%BD%D0%B3%D0%BE%D0%BC-%D0%B2%D0%B5%D1%81%D1%8C-%D0%B2-%D1%81%D0%B8%D0%BD%D1%8F%D0%BA%D0%B0%D1%85-%D0%B8-%D1%81%D1%81%D0%B0%D0%B4%D0%B8%D0%BD%D0%B0%D1%85/?p=2" "Mozilla/5.0 (Linux; U; Android 6.0; zh-CN; MZ-M5c Build/MRA58K) AppleWebKit/537.36 (KHTML, like Gecko) Version/4.0 Chrome/57.0.2987.108 MZBrowser/7.2.110-2018082915 UWS/2.15.0.2 Mobile Safari/537.36"
46.229.168.130 - - [19/Jul/2020:08:02:58 +0000] "GET /%D0%BE%D0%B4%D0%BD%D0%B0%D0%B6%D0%B4%D1%8B-%D1%8F-%D1%89%D0%B5%D0%BA%D0%BE%D1%82%D0%B0%D0%BB-%D0%BF%D1%8F%D1%82%D0%BA%D0%B8-%D1%81%D0%B2%D0%BE%D0%B5%D0%BC%D1%83-%D0%BC%D0%BB%D0%B0%D0%B4%D1%88%D0%B5%D0%BC%D1%83-%D0%B1%D1%80%D0%B0%D1%82%D1%83-%D0%B8/?p=2 HTTP/1.1" 200 13043 "-" "Mozilla/5.0 (compatible; SemrushBot/6~bl; +http://www.semrush.com/bot.html)" "-"
46.229.168.130 - - [19/Jul/2020:08:02:58 +0000] "GET /%D0%BE%D0%B4%D0%BD%D0%B0%D0%B6%D0%B4%D1%8B-%D1%8F-%D1%89%D0%B5%D0%BA%D0%BE%D1%82%D0%B0%D0%BB-%D0%BF%D1%8F%D1%82%D0%BA%D0%B8-%D1%81%D0%B2%D0%BE%D0%B5%D0%BC%D1%83-%D0%BC%D0%BB%D0%B0%D0%B4%D1%88%D0%B5%D0%BC%D1%83-%D0%B1%D1%80%D0%B0%D1%82%D1%83-%D0%B8/?p=2 HTTP/1.1" 200 13043 "-" "Mozilla/5.0 (compatible; SemrushBot/6~bl; +http://www.semrush.com/bot.html)"
66.249.68.36 - - [19/Jul/2020:08:03:10 +0000] "GET /%D0%B5%D1%81%D0%BB%D0%B8-%D1%8D%D0%BB%D0%B5%D0%BA%D1%82%D1%80%D0%B8%D1%87%D0%B5%D1%81%D0%BA%D0%B8%D0%B9-%D1%82%D0%BE%D0%BA-%D0%B2%D1%81%D0%B5%D0%B3%D0%B4%D0%B0-%D0%B8%D0%B4%D0%B5%D1%82/ HTTP/1.1" 304 0 "-" "Mozilla/5.0 (Linux; Android 6.0.1; Nexus 5X Build/MMB29P) AppleWebKit/537.36 (KHTML, like Gecko) Chrome/80.0.3987.92 Mobile Safari/537.36 (compatible; Googlebot/2.1; +http://www.google.com/bot.html)" "-"
66.249.68.36 - - [19/Jul/2020:08:03:10 +0000] "GET /%D0%B5%D1%81%D0%BB%D0%B8-%D1%8D%D0%BB%D0%B5%D0%BA%D1%82%D1%80%D0%B8%D1%87%D0%B5%D1%81%D0%BA%D0%B8%D0%B9-%D1%82%D0%BE%D0%BA-%D0%B2%D1%81%D0%B5%D0%B3%D0%B4%D0%B0-%D0%B8%D0%B4%D0%B5%D1%82/ HTTP/1.1" 304 0 "-" "Mozilla/5.0 (Linux; Android 6.0.1; Nexus 5X Build/MMB29P) AppleWebKit/537.36 (KHTML, like Gecko) Chrome/80.0.3987.92 Mobile Safari/537.36 (compatible; Googlebot/2.1; +http://www.google.com/bot.html)"
178.154.200.81 - - [19/Jul/2020:08:03:21 +0000] "GET /%D0%B7%D0%B4%D1%80%D0%B0%D0%B2%D1%81%D1%82%D0%B2%D1%83%D0%B9%D1%82%D0%B5-%D1%8D%D1%82%D0%BE-%D0%BA%D0%B0%D0%BD%D0%B0%D0%BB-%D0%BE%D0%B1-%D0%B0%D0%BD%D0%B8%D0%BC%D0%B5-%D0%B4%D0%B0/?p=3 HTTP/1.1" 200 12169 "-" "Mozilla/5.0 (compatible; YandexBot/3.0; +http://yandex.com/bots)" "-"
178.154.200.81 - - [19/Jul/2020:08:03:21 +0000] "GET /%D0%B7%D0%B4%D1%80%D0%B0%D0%B2%D1%81%D1%82%D0%B2%D1%83%D0%B9%D1%82%D0%B5-%D1%8D%D1%82%D0%BE-%D0%BA%D0%B0%D0%BD%D0%B0%D0%BB-%D0%BE%D0%B1-%D0%B0%D0%BD%D0%B8%D0%BC%D0%B5-%D0%B4%D0%B0/?p=3 HTTP/1.1" 200 12169 "-" "Mozilla/5.0 (compatible; YandexBot/3.0; +http://yandex.com/bots)"
46.229.168.142 - - [19/Jul/2020:08:03:45 +0000] "GET /tag/%D0%BC%D1%83%D0%B6%D0%B8%D0%BA/?p=152 HTTP/1.1" 200 11358 "-" "Mozilla/5.0 (compatible; SemrushBot/6~bl; +http://www.semrush.com/bot.html)" "-"
46.229.168.142 - - [19/Jul/2020:08:03:45 +0000] "GET /tag/%D0%BC%D1%83%D0%B6%D0%B8%D0%BA/?p=152 HTTP/1.1" 200 11358 "-" "Mozilla/5.0 (compatible; SemrushBot/6~bl; +http://www.semrush.com/bot.html)"
178.154.200.81 - - [19/Jul/2020:08:03:46 +0000] "GET /%D0%B2-%D1%87%D0%B0%D1%81-%D0%BA%D0%BE%D0%BC%D0%B5%D0%B4%D0%B8%D0%B9%D0%BD%D1%8B%D1%85-%D0%B2%D0%B4%D0%BE%D1%85%D0%BD%D0%BE%D0%B2%D0%B5%D0%BD%D0%B8%D0%B9-%D1%8F-%D1%81%D0%BE%D1%87%D0%B8%D0%BD%D0%B8%D0%BB-%D0%B2%D0%B0%D0%BC-%D0%B0%D0%BD%D0%B5%D0%BA%D0%B4%D0%BE%D1%82/ HTTP/1.1" 200 14612 "-" "Mozilla/5.0 (compatible; YandexBot/3.0; +http://yandex.com/bots)" "-"
178.154.200.81 - - [19/Jul/2020:08:03:46 +0000] "GET /%D0%B2-%D1%87%D0%B0%D1%81-%D0%BA%D0%BE%D0%BC%D0%B5%D0%B4%D0%B8%D0%B9%D0%BD%D1%8B%D1%85-%D0%B2%D0%B4%D0%BE%D1%85%D0%BD%D0%BE%D0%B2%D0%B5%D0%BD%D0%B8%D0%B9-%D1%8F-%D1%81%D0%BE%D1%87%D0%B8%D0%BD%D0%B8%D0%BB-%D0%B2%D0%B0%D0%BC-%D0%B0%D0%BD%D0%B5%D0%BA%D0%B4%D0%BE%D1%82/ HTTP/1.1" 200 14612 "-" "Mozilla/5.0 (compatible; YandexBot/3.0; +http://yandex.com/bots)"
66.249.68.33 - - [19/Jul/2020:08:04:04 +0000] "GET /%D0%B0%D1%80%D0%BC%D1%8F%D0%BD%D0%B8%D0%BD-%D0%B2%D1%8B%D0%BF%D1%83%D1%81%D1%82%D0%B8%D0%BB-%D0%B4%D0%B6%D0%B8%D0%BD%D0%B0-%D0%B4%D0%B6%D0%B8%D0%BD-%D0%B5%D0%BC%D1%83-%D0%B3%D0%BE%D0%B2%D0%BE%D1%80%D0%B8%D1%82-%D1%87%D1%82%D0%BE-%D0%BB%D1%8E%D0%B1%D0%BE%D0%B5/ HTTP/1.1" 304 0 "-" "Mozilla/5.0 (Linux; Android 6.0.1; Nexus 5X Build/MMB29P) AppleWebKit/537.36 (KHTML, like Gecko) Chrome/80.0.3987.92 Mobile Safari/537.36 (compatible; Googlebot/2.1; +http://www.google.com/bot.html)" "-"
66.249.68.33 - - [19/Jul/2020:08:04:04 +0000] "GET /%D0%B0%D1%80%D0%BC%D1%8F%D0%BD%D0%B8%D0%BD-%D0%B2%D1%8B%D0%BF%D1%83%D1%81%D1%82%D0%B8%D0%BB-%D0%B4%D0%B6%D0%B8%D0%BD%D0%B0-%D0%B4%D0%B6%D0%B8%D0%BD-%D0%B5%D0%BC%D1%83-%D0%B3%D0%BE%D0%B2%D0%BE%D1%80%D0%B8%D1%82-%D1%87%D1%82%D0%BE-%D0%BB%D1%8E%D0%B1%D0%BE%D0%B5/ HTTP/1.1" 304 0 "-" "Mozilla/5.0 (Linux; Android 6.0.1; Nexus 5X Build/MMB29P) AppleWebKit/537.36 (KHTML, like Gecko) Chrome/80.0.3987.92 Mobile Safari/537.36 (compatible; Googlebot/2.1; +http://www.google.com/bot.html)"
178.154.200.81 - - [19/Jul/2020:08:04:07 +0000] "GET /%D0%B8%D0%B4%D1%91%D1%82-%D0%B3%D1%80%D1%83%D0%B7%D0%B8%D0%BD-%D1%81-%D0%B1%D1%83%D0%BC%D0%B5%D1%80%D0%B0%D0%BD%D0%B3%D0%BE%D0%BC-%D0%B2%D0%B5%D1%81%D1%8C-%D0%B2-%D1%81%D0%B8%D0%BD%D1%8F%D0%BA%D0%B0%D1%85-%D0%B8-%D1%81%D1%81%D0%B0%D0%B4%D0%B8%D0%BD%D0%B0%D1%85/?p=2 HTTP/1.1" 200 9207 "-" "Mozilla/5.0 (compatible; YandexBot/3.0; +http://yandex.com/bots)" "-"
178.154.200.81 - - [19/Jul/2020:08:04:07 +0000] "GET /%D0%B8%D0%B4%D1%91%D1%82-%D0%B3%D1%80%D1%83%D0%B7%D0%B8%D0%BD-%D1%81-%D0%B1%D1%83%D0%BC%D0%B5%D1%80%D0%B0%D0%BD%D0%B3%D0%BE%D0%BC-%D0%B2%D0%B5%D1%81%D1%8C-%D0%B2-%D1%81%D0%B8%D0%BD%D1%8F%D0%BA%D0%B0%D1%85-%D0%B8-%D1%81%D1%81%D0%B0%D0%B4%D0%B8%D0%BD%D0%B0%D1%85/?p=2 HTTP/1.1" 200 9207 "-" "Mozilla/5.0 (compatible; YandexBot/3.0; +http://yandex.com/bots)"
46.229.168.135 - - [19/Jul/2020:08:04:12 +0000] "GET /%D0%93%D0%B5%D0%B9%D0%B7%D0%B5%D0%BD%D0%B1%D0%B5%D1%80%D0%B3-%D0%93%D1%91%D0%B4%D0%B5%D0%BB%D1%8C-%D0%B8-%D0%A5%D0%BE%D0%BC%D1%81%D0%BA%D0%B8%D0%B9-%D0%B7%D0%B0%D1%85%D0%BE%D0%B4%D1%8F%D1%82-%D0%B2-%D0%B1%D0%B0%D1%80/?p=1 HTTP/1.1" 200 13957 "-" "Mozilla/5.0 (compatible; SemrushBot/6~bl; +http://www.semrush.com/bot.html)" "-"
46.229.168.135 - - [19/Jul/2020:08:04:12 +0000] "GET /%D0%93%D0%B5%D0%B9%D0%B7%D0%B5%D0%BD%D0%B1%D0%B5%D1%80%D0%B3-%D0%93%D1%91%D0%B4%D0%B5%D0%BB%D1%8C-%D0%B8-%D0%A5%D0%BE%D0%BC%D1%81%D0%BA%D0%B8%D0%B9-%D0%B7%D0%B0%D1%85%D0%BE%D0%B4%D1%8F%D1%82-%D0%B2-%D0%B1%D0%B0%D1%80/?p=1 HTTP/1.1" 200 13957 "-" "Mozilla/5.0 (compatible; SemrushBot/6~bl; +http://www.semrush.com/bot.html)"
46.229.168.130 - - [19/Jul/2020:08:04:23 +0000] "GET /%D1%87%D1%82%D0%BE-%D0%B1%D1%83%D0%B4%D0%B5%D1%82-%D0%B5%D1%81%D0%BB%D0%B8-%D0%B2-%D0%A1%D0%B0%D1%85%D0%B0%D1%80%D0%B5-%D1%81%D1%82%D1%80%D0%BE%D0%B8%D1%82%D1%8C-%D1%81%D0%BE%D1%86%D0%B8%D0%B0%D0%BB%D0%B8%D0%B7%D0%BC-%D1%81%D0%BD%D0%B0%D1%87%D0%B0%D0%BB%D0%B0/?p=2 HTTP/1.1" 200 14319 "-" "Mozilla/5.0 (compatible; SemrushBot/6~bl; +http://www.semrush.com/bot.html)" "-"
46.229.168.130 - - [19/Jul/2020:08:04:23 +0000] "GET /%D1%87%D1%82%D0%BE-%D0%B1%D1%83%D0%B4%D0%B5%D1%82-%D0%B5%D1%81%D0%BB%D0%B8-%D0%B2-%D0%A1%D0%B0%D1%85%D0%B0%D1%80%D0%B5-%D1%81%D1%82%D1%80%D0%BE%D0%B8%D1%82%D1%8C-%D1%81%D0%BE%D1%86%D0%B8%D0%B0%D0%BB%D0%B8%D0%B7%D0%BC-%D1%81%D0%BD%D0%B0%D1%87%D0%B0%D0%BB%D0%B0/?p=2 HTTP/1.1" 200 14319 "-" "Mozilla/5.0 (compatible; SemrushBot/6~bl; +http://www.semrush.com/bot.html)"
178.154.200.81 - - [19/Jul/2020:08:04:28 +0000] "GET /%D1%82%D0%BE%D0%BB%D1%81%D1%82%D1%8B%D0%B5-%D1%81%D1%82%D1%80%D0%B8%D0%BF%D1%82%D0%B8%D0%B7%D0%B5%D1%80%D1%88%D0%B8-%D0%B8%D0%BD%D0%BE%D0%B3%D0%B4%D0%B0/ HTTP/1.1" 200 12644 "-" "Mozilla/5.0 (compatible; YandexBot/3.0; +http://yandex.com/bots)" "-"
178.154.200.81 - - [19/Jul/2020:08:04:28 +0000] "GET /%D1%82%D0%BE%D0%BB%D1%81%D1%82%D1%8B%D0%B5-%D1%81%D1%82%D1%80%D0%B8%D0%BF%D1%82%D0%B8%D0%B7%D0%B5%D1%80%D1%88%D0%B8-%D0%B8%D0%BD%D0%BE%D0%B3%D0%B4%D0%B0/ HTTP/1.1" 200 12644 "-" "Mozilla/5.0 (compatible; YandexBot/3.0; +http://yandex.com/bots)"
178.154.200.81 - - [19/Jul/2020:08:04:29 +0000] "GET /%D1%83-%D0%BD%D0%B0%D1%88%D0%B5%D0%B3%D0%BE-%D0%B4%D0%B0%D0%B2%D0%BD%D0%B5%D0%B3%D0%BE-%D0%B4%D1%80%D1%83%D0%B3%D0%B0-%D0%90%D1%80%D0%BA%D0%B0%D0%B4%D0%B8%D1%8F-%D0%A3%D0%BA%D1%83%D0%BF%D0%BD%D0%B8%D0%BA%D0%B0-%D0%B2-%D1%84%D0%B5%D0%B2%D1%80%D0%B0%D0%BB%D0%B5/ HTTP/1.1" 200 13306 "-" "Mozilla/5.0 (compatible; YandexBot/3.0; +http://yandex.com/bots)" "-"
178.154.200.81 - - [19/Jul/2020:08:04:29 +0000] "GET /%D1%83-%D0%BD%D0%B0%D1%88%D0%B5%D0%B3%D0%BE-%D0%B4%D0%B0%D0%B2%D0%BD%D0%B5%D0%B3%D0%BE-%D0%B4%D1%80%D1%83%D0%B3%D0%B0-%D0%90%D1%80%D0%BA%D0%B0%D0%B4%D0%B8%D1%8F-%D0%A3%D0%BA%D1%83%D0%BF%D0%BD%D0%B8%D0%BA%D0%B0-%D0%B2-%D1%84%D0%B5%D0%B2%D1%80%D0%B0%D0%BB%D0%B5/ HTTP/1.1" 200 13306 "-" "Mozilla/5.0 (compatible; YandexBot/3.0; +http://yandex.com/bots)"
178.154.200.81 - - [19/Jul/2020:08:04:33 +0000] "GET /three-dogs-an-american-dog-a-polish-dog-and-a/?p=3 HTTP/1.1" 200 8280 "-" "Mozilla/5.0 (compatible; YandexBot/3.0; +http://yandex.com/bots)" "-"
178.154.200.81 - - [19/Jul/2020:08:04:33 +0000] "GET /three-dogs-an-american-dog-a-polish-dog-and-a/?p=3 HTTP/1.1" 200 8280 "-" "Mozilla/5.0 (compatible; YandexBot/3.0; +http://yandex.com/bots)"
54.36.148.18 - - [19/Jul/2020:08:04:40 +0000] "GET /%D0%BF%D1%80%D0%B8%D1%88%D0%B5%D0%BB-%D1%8E%D0%BD%D0%B3%D0%B0-%D0%BD%D0%B0%D0%BD%D0%B8%D0%BC%D0%B0%D1%82%D1%8C%D1%81%D1%8F-%D0%BD%D0%B0-%D0%BA%D0%B8%D1%82%D0%BE%D0%B1%D0%BE%D0%B9%D0%BD%D1%83%D1%8E-%D1%88%D1%85%D1%83%D0%BD%D1%83/?p=2 HTTP/2.0" 200 14563 "-" "Mozilla/5.0 (compatible; AhrefsBot/6.1; +http://ahrefs.com/robot/)" "-"
54.36.148.18 - - [19/Jul/2020:08:04:40 +0000] "GET /%D0%BF%D1%80%D0%B8%D1%88%D0%B5%D0%BB-%D1%8E%D0%BD%D0%B3%D0%B0-%D0%BD%D0%B0%D0%BD%D0%B8%D0%BC%D0%B0%D1%82%D1%8C%D1%81%D1%8F-%D0%BD%D0%B0-%D0%BA%D0%B8%D1%82%D0%BE%D0%B1%D0%BE%D0%B9%D0%BD%D1%83%D1%8E-%D1%88%D1%85%D1%83%D0%BD%D1%83/?p=2 HTTP/2.0" 200 14563 "-" "Mozilla/5.0 (compatible; AhrefsBot/6.1; +http://ahrefs.com/robot/)"
46.229.168.133 - - [19/Jul/2020:08:04:47 +0000] "GET /%D0%BC%D0%B5%D0%B6%D0%B4y%D0%BD%D0%B0p%D0%BE%D0%B4%D0%BD%D1%8B%D0%B5-%D0%B0%D0%B2%D1%82%D0%BE%D0%B3%D0%BE%D0%BD%D0%BA%D0%B8-%D0%BA%D1%80%D1%83%D1%82%D0%BE%D0%B9-%D0%BF%D0%BE%D0%B2%D0%BE%D1%80%D0%BE%D1%82-%D0%BF%D0%B5%D1%80%D0%B5%D0%B4-%D1%81%D0%B0%D0%BC%D1%8B%D0%BC/?p=1 HTTP/1.1" 200 14552 "-" "Mozilla/5.0 (compatible; SemrushBot/6~bl; +http://www.semrush.com/bot.html)" "-"
46.229.168.133 - - [19/Jul/2020:08:04:47 +0000] "GET /%D0%BC%D0%B5%D0%B6%D0%B4y%D0%BD%D0%B0p%D0%BE%D0%B4%D0%BD%D1%8B%D0%B5-%D0%B0%D0%B2%D1%82%D0%BE%D0%B3%D0%BE%D0%BD%D0%BA%D0%B8-%D0%BA%D1%80%D1%83%D1%82%D0%BE%D0%B9-%D0%BF%D0%BE%D0%B2%D0%BE%D1%80%D0%BE%D1%82-%D0%BF%D0%B5%D1%80%D0%B5%D0%B4-%D1%81%D0%B0%D0%BC%D1%8B%D0%BC/?p=1 HTTP/1.1" 200 14552 "-" "Mozilla/5.0 (compatible; SemrushBot/6~bl; +http://www.semrush.com/bot.html)"
130.211.233.231 - - [19/Jul/2020:08:04:50 +0000] "GET /rss/ HTTP/2.0" 200 5855 "-" "Go-http-client/2.0" "-"
130.211.233.231 - - [19/Jul/2020:08:04:50 +0000] "GET /rss/ HTTP/2.0" 200 5855 "-" "Go-http-client/2.0"
178.154.200.81 - - [19/Jul/2020:08:04:52 +0000] "GET /%D0%BC%D0%B0%D0%BB%D0%B5%D0%BD%D1%8C%D0%BA%D0%B8%D0%B9-%D1%81%D1%8B%D0%BD-%D1%81%D0%BF%D1%80%D0%B0%D1%88%D0%B8%D0%B2%D0%B0%D0%B5%D1%82-%D1%83-%D0%BE%D1%82%D1%86%D0%B0-%D0%BF%D0%B0%D0%BF%D0%B0-%D0%B0-%D0%BA%D1%82%D0%BE-%D1%82%D0%B0%D0%BA%D0%B8%D0%B5/ HTTP/1.1" 200 13611 "-" "Mozilla/5.0 (compatible; YandexBot/3.0; +http://yandex.com/bots)" "-"
178.154.200.81 - - [19/Jul/2020:08:04:52 +0000] "GET /%D0%BC%D0%B0%D0%BB%D0%B5%D0%BD%D1%8C%D0%BA%D0%B8%D0%B9-%D1%81%D1%8B%D0%BD-%D1%81%D0%BF%D1%80%D0%B0%D1%88%D0%B8%D0%B2%D0%B0%D0%B5%D1%82-%D1%83-%D0%BE%D1%82%D1%86%D0%B0-%D0%BF%D0%B0%D0%BF%D0%B0-%D0%B0-%D0%BA%D1%82%D0%BE-%D1%82%D0%B0%D0%BA%D0%B8%D0%B5/ HTTP/1.1" 200 13611 "-" "Mozilla/5.0 (compatible; YandexBot/3.0; +http://yandex.com/bots)"
66.249.68.62 - - [19/Jul/2020:08:04:58 +0000] "GET /%D0%BF%D0%BE%D0%B9%D0%BC%D0%B0%D0%BB%D0%B8-%D1%82%D1%80%D0%B8-%D0%B1%D1%80%D0%B0%D1%82%D0%B0-%D0%B7%D0%BE%D0%BB%D0%BE%D1%82%D1%83%D1%8E-%D1%80%D1%8B%D0%B1%D0%BA%D1%83-%D0%BE%D0%BD%D0%B0-%D0%B2%D0%B7%D0%BC%D0%BE%D0%BB%D0%B8%D0%BB%D0%B0%D1%81%D1%8C/ HTTP/1.1" 304 0 "-" "Mozilla/5.0 (Linux; Android 6.0.1; Nexus 5X Build/MMB29P) AppleWebKit/537.36 (KHTML, like Gecko) Chrome/80.0.3987.92 Mobile Safari/537.36 (compatible; Googlebot/2.1; +http://www.google.com/bot.html)" "-"
66.249.68.62 - - [19/Jul/2020:08:04:58 +0000] "GET /%D0%BF%D0%BE%D0%B9%D0%BC%D0%B0%D0%BB%D0%B8-%D1%82%D1%80%D0%B8-%D0%B1%D1%80%D0%B0%D1%82%D0%B0-%D0%B7%D0%BE%D0%BB%D0%BE%D1%82%D1%83%D1%8E-%D1%80%D1%8B%D0%B1%D0%BA%D1%83-%D0%BE%D0%BD%D0%B0-%D0%B2%D0%B7%D0%BC%D0%BE%D0%BB%D0%B8%D0%BB%D0%B0%D1%81%D1%8C/ HTTP/1.1" 304 0 "-" "Mozilla/5.0 (Linux; Android 6.0.1; Nexus 5X Build/MMB29P) AppleWebKit/537.36 (KHTML, like Gecko) Chrome/80.0.3987.92 Mobile Safari/537.36 (compatible; Googlebot/2.1; +http://www.google.com/bot.html)"
46.229.168.149 - - [19/Jul/2020:08:04:59 +0000] "GET /%D0%B2%D0%B5%D0%B1-%D0%B4%D0%B8%D0%B7%D0%B0%D0%B9%D0%BD%D0%B5%D1%80-%D0%BD%D0%B0-%D0%BF%D1%80%D0%B8%D1%91%D0%BC%D0%B5-%D1%83-%D0%BF%D1%81%D0%B8%D1%85%D0%BE%D0%BB%D0%BE%D0%B3%D0%B0-%D0%B4%D0%BE%D0%BA%D1%82%D0%BE%D1%80/?p=1 HTTP/1.1" 200 13820 "-" "Mozilla/5.0 (compatible; SemrushBot/6~bl; +http://www.semrush.com/bot.html)" "-"
46.229.168.149 - - [19/Jul/2020:08:04:59 +0000] "GET /%D0%B2%D0%B5%D0%B1-%D0%B4%D0%B8%D0%B7%D0%B0%D0%B9%D0%BD%D0%B5%D1%80-%D0%BD%D0%B0-%D0%BF%D1%80%D0%B8%D1%91%D0%BC%D0%B5-%D1%83-%D0%BF%D1%81%D0%B8%D1%85%D0%BE%D0%BB%D0%BE%D0%B3%D0%B0-%D0%B4%D0%BE%D0%BA%D1%82%D0%BE%D1%80/?p=1 HTTP/1.1" 200 13820 "-" "Mozilla/5.0 (compatible; SemrushBot/6~bl; +http://www.semrush.com/bot.html)"
46.229.168.130 - - [19/Jul/2020:08:05:12 +0000] "GET /%D0%BC%D0%B0%D1%82%D0%B5%D0%BC%D0%B0%D1%82%D0%B8%D0%BA-%D1%80%D0%BE%D0%BD%D1%8F%D0%B5%D1%82-%D0%BA%D1%80%D1%83%D0%B6%D0%BA%D1%83-%D0%B8-%D0%B2%D0%B8%D0%B4%D0%B8%D1%82-%D1%87%D1%82%D0%BE-%D1%83-%D0%BD%D0%B5%D1%91/?p=2 HTTP/1.1" 200 9577 "-" "Mozilla/5.0 (compatible; SemrushBot/6~bl; +http://www.semrush.com/bot.html)" "-"
46.229.168.130 - - [19/Jul/2020:08:05:12 +0000] "GET /%D0%BC%D0%B0%D1%82%D0%B5%D0%BC%D0%B0%D1%82%D0%B8%D0%BA-%D1%80%D0%BE%D0%BD%D1%8F%D0%B5%D1%82-%D0%BA%D1%80%D1%83%D0%B6%D0%BA%D1%83-%D0%B8-%D0%B2%D0%B8%D0%B4%D0%B8%D1%82-%D1%87%D1%82%D0%BE-%D1%83-%D0%BD%D0%B5%D1%91/?p=2 HTTP/1.1" 200 9577 "-" "Mozilla/5.0 (compatible; SemrushBot/6~bl; +http://www.semrush.com/bot.html)"
46.229.168.131 - - [19/Jul/2020:08:05:24 +0000] "GET /tag/%D0%B0%D0%BF%D1%82%D0%B5%D0%BA%D0%B0/?p=4 HTTP/1.1" 200 11232 "-" "Mozilla/5.0 (compatible; SemrushBot/6~bl; +http://www.semrush.com/bot.html)" "-"
46.229.168.131 - - [19/Jul/2020:08:05:24 +0000] "GET /tag/%D0%B0%D0%BF%D1%82%D0%B5%D0%BA%D0%B0/?p=4 HTTP/1.1" 200 11232 "-" "Mozilla/5.0 (compatible; SemrushBot/6~bl; +http://www.semrush.com/bot.html)"
178.154.200.81 - - [19/Jul/2020:08:05:24 +0000] "GET /%D0%B8%D0%B4%D0%B5%D1%82-%D0%BD%D0%B5%D0%BC%D0%BA%D0%B0-%D0%BF%D0%BE-%D0%B3%D0%B5%D1%82%D1%82%D0%BE-%D0%B2%D0%B4%D1%80%D1%83%D0%B3-%D0%B8%D0%B7-%D0%BF%D0%BE%D0%B4%D0%B2%D0%BE%D1%80%D0%BE%D1%82%D0%BD%D0%B8-%D0%B2%D1%8B%D0%B1%D0%B5%D0%B3%D0%B0%D0%B5%D1%82/ HTTP/1.1" 200 14090 "-" "Mozilla/5.0 (compatible; YandexBot/3.0; +http://yandex.com/bots)" "-"
178.154.200.81 - - [19/Jul/2020:08:05:24 +0000] "GET /%D0%B8%D0%B4%D0%B5%D1%82-%D0%BD%D0%B5%D0%BC%D0%BA%D0%B0-%D0%BF%D0%BE-%D0%B3%D0%B5%D1%82%D1%82%D0%BE-%D0%B2%D0%B4%D1%80%D1%83%D0%B3-%D0%B8%D0%B7-%D0%BF%D0%BE%D0%B4%D0%B2%D0%BE%D1%80%D0%BE%D1%82%D0%BD%D0%B8-%D0%B2%D1%8B%D0%B1%D0%B5%D0%B3%D0%B0%D0%B5%D1%82/ HTTP/1.1" 200 14090 "-" "Mozilla/5.0 (compatible; YandexBot/3.0; +http://yandex.com/bots)"
178.154.200.81 - - [19/Jul/2020:08:05:27 +0000] "GET /%D0%BA%D0%B0%D0%BA-%D1%82%D0%BE-%D1%80%D0%B0%D0%B7-%D0%BD%D0%B0%D1%80%D0%BA%D0%BE%D0%BC%D0%B0%D0%BD-%D0%BF%D0%BE%D0%B1%D1%80%D0%B8%D0%BB-%D1%8F%D0%B9%D1%86%D0%B0-%D0%B8-%D1%82%D0%B5%D0%BF%D0%B5%D1%80%D1%8C-%D0%BE%D0%BD%D0%B8/ HTTP/1.1" 200 11641 "-" "Mozilla/5.0 (compatible; YandexBot/3.0; +http://yandex.com/bots)" "-"
178.154.200.81 - - [19/Jul/2020:08:05:27 +0000] "GET /%D0%BA%D0%B0%D0%BA-%D1%82%D0%BE-%D1%80%D0%B0%D0%B7-%D0%BD%D0%B0%D1%80%D0%BA%D0%BE%D0%BC%D0%B0%D0%BD-%D0%BF%D0%BE%D0%B1%D1%80%D0%B8%D0%BB-%D1%8F%D0%B9%D1%86%D0%B0-%D0%B8-%D1%82%D0%B5%D0%BF%D0%B5%D1%80%D1%8C-%D0%BE%D0%BD%D0%B8/ HTTP/1.1" 200 11641 "-" "Mozilla/5.0 (compatible; YandexBot/3.0; +http://yandex.com/bots)"
217.66.159.86 - - [19/Jul/2020:08:05:33 +0000] "GET /%D0%B8%D0%B4%D0%B5%D1%82-%D0%BA%D0%B0%D0%BA-%D1%82%D0%BE-%D0%B2%D0%B5%D0%B6%D0%BB%D0%B8%D0%B2%D1%8B%D0%B9-%D1%91%D0%B6%D0%B8%D0%BA-%D0%BF%D0%BE-%D0%BB%D0%B5%D1%81%D1%83-%D0%B0-%D0%BD%D0%B0%D0%B2%D1%81%D1%82%D1%80%D0%B5%D1%87%D1%83-%D0%B5%D0%BC%D1%83/ HTTP/2.0" 200 15256 "https://www.google.com/" "Mozilla/5.0 (Linux; Android 10; SAMSUNG SM-A705FN) AppleWebKit/537.36 (KHTML, like Gecko) SamsungBrowser/11.1 Chrome/75.0.3770.143 Mobile Safari/537.36" "-"
217.66.159.86 - - [19/Jul/2020:08:05:33 +0000] "GET /%D0%B8%D0%B4%D0%B5%D1%82-%D0%BA%D0%B0%D0%BA-%D1%82%D0%BE-%D0%B2%D0%B5%D0%B6%D0%BB%D0%B8%D0%B2%D1%8B%D0%B9-%D1%91%D0%B6%D0%B8%D0%BA-%D0%BF%D0%BE-%D0%BB%D0%B5%D1%81%D1%83-%D0%B0-%D0%BD%D0%B0%D0%B2%D1%81%D1%82%D1%80%D0%B5%D1%87%D1%83-%D0%B5%D0%BC%D1%83/ HTTP/2.0" 200 15256 "https://www.google.com/" "Mozilla/5.0 (Linux; Android 10; SAMSUNG SM-A705FN) AppleWebKit/537.36 (KHTML, like Gecko) SamsungBrowser/11.1 Chrome/75.0.3770.143 Mobile Safari/537.36"
95.163.255.188 - - [19/Jul/2020:08:05:34 +0000] "GET /-%D0%9F%D0%B5%D1%82%D1%8C%D0%BA%D0%B0-%D1%85%D0%BE%D1%87%D0%B5%D1%88%D1%8C-%D1%8F-%D1%82%D0%B5%D0%B1%D0%B5-%D0%BF%D1%80%D0%BE-%D0%BF%D0%B0%D1%80%D0%B0%D0%B4%D0%BE%D0%BA%D1%81%D1%8B-%D1%80%D0%B0%D1%81%D1%81%D0%BA%D0%B0%D0%B6%D1%83/?p=2 HTTP/1.1" 304 0 "-" "Mozilla/5.0 (compatible; Linux x86_64; Mail.RU_Bot/2.0; +http://go.mail.ru/help/robots)" "-"
95.163.255.188 - - [19/Jul/2020:08:05:34 +0000] "GET /-%D0%9F%D0%B5%D1%82%D1%8C%D0%BA%D0%B0-%D1%85%D0%BE%D1%87%D0%B5%D1%88%D1%8C-%D1%8F-%D1%82%D0%B5%D0%B1%D0%B5-%D0%BF%D1%80%D0%BE-%D0%BF%D0%B0%D1%80%D0%B0%D0%B4%D0%BE%D0%BA%D1%81%D1%8B-%D1%80%D0%B0%D1%81%D1%81%D0%BA%D0%B0%D0%B6%D1%83/?p=2 HTTP/1.1" 304 0 "-" "Mozilla/5.0 (compatible; Linux x86_64; Mail.RU_Bot/2.0; +http://go.mail.ru/help/robots)"
46.229.168.133 - - [19/Jul/2020:08:05:35 +0000] "GET /%D0%B7%D0%B0%D1%85%D0%BE%D0%B4%D1%8F%D1%82-%D0%B2-%D1%81%D0%B5%D0%BA%D1%81-%D1%88%D0%BE%D0%BF-%D0%BC%D1%83%D0%B6%D1%87%D0%B8%D0%BD%D0%B0-%D1%81-%D0%B6%D0%B5%D0%BD%D1%89%D0%B8%D0%BD%D0%BE%D0%B9/?p=2 HTTP/1.1" 200 12545 "-" "Mozilla/5.0 (compatible; SemrushBot/6~bl; +http://www.semrush.com/bot.html)" "-"
46.229.168.133 - - [19/Jul/2020:08:05:35 +0000] "GET /%D0%B7%D0%B0%D1%85%D0%BE%D0%B4%D1%8F%D1%82-%D0%B2-%D1%81%D0%B5%D0%BA%D1%81-%D1%88%D0%BE%D0%BF-%D0%BC%D1%83%D0%B6%D1%87%D0%B8%D0%BD%D0%B0-%D1%81-%D0%B6%D0%B5%D0%BD%D1%89%D0%B8%D0%BD%D0%BE%D0%B9/?p=2 HTTP/1.1" 200 12545 "-" "Mozilla/5.0 (compatible; SemrushBot/6~bl; +http://www.semrush.com/bot.html)"
178.154.200.81 - - [19/Jul/2020:08:05:38 +0000] "GET /%D0%BA%D0%B0%D0%BA-%D1%82%D0%BE-%D1%81%D0%B8%D0%B4%D0%B8%D1%82-%D0%BD%D0%B0%D1%80%D0%BA%D0%BE%D0%BC%D0%B0%D0%BD-%D0%B2-%D0%BF%D0%BE%D0%B4%D1%8C%D0%B5%D0%B7%D0%B4%D0%B5-%D0%B4%D0%BE%D1%81%D1%82%D0%B0%D0%BB-%D0%BA%D0%BE%D1%81%D1%8F%D0%BA/?p=3 HTTP/1.1" 200 18196 "-" "Mozilla/5.0 (compatible; YandexBot/3.0; +http://yandex.com/bots)" "-"
178.154.200.81 - - [19/Jul/2020:08:05:38 +0000] "GET /%D0%BA%D0%B0%D0%BA-%D1%82%D0%BE-%D1%81%D0%B8%D0%B4%D0%B8%D1%82-%D0%BD%D0%B0%D1%80%D0%BA%D0%BE%D0%BC%D0%B0%D0%BD-%D0%B2-%D0%BF%D0%BE%D0%B4%D1%8C%D0%B5%D0%B7%D0%B4%D0%B5-%D0%B4%D0%BE%D1%81%D1%82%D0%B0%D0%BB-%D0%BA%D0%BE%D1%81%D1%8F%D0%BA/?p=3 HTTP/1.1" 200 18196 "-" "Mozilla/5.0 (compatible; YandexBot/3.0; +http://yandex.com/bots)"
46.229.168.144 - - [19/Jul/2020:08:05:46 +0000] "GET /%D0%BA%D0%B0%D1%80%D0%BB%D1%81%D0%BE%D0%BD-%D0%B7%D0%B0%D0%BB%D0%B5%D1%82%D0%B5%D0%BB/?p=2 HTTP/1.1" 200 12523 "-" "Mozilla/5.0 (compatible; SemrushBot/6~bl; +http://www.semrush.com/bot.html)" "-"
46.229.168.144 - - [19/Jul/2020:08:05:46 +0000] "GET /%D0%BA%D0%B0%D1%80%D0%BB%D1%81%D0%BE%D0%BD-%D0%B7%D0%B0%D0%BB%D0%B5%D1%82%D0%B5%D0%BB/?p=2 HTTP/1.1" 200 12523 "-" "Mozilla/5.0 (compatible; SemrushBot/6~bl; +http://www.semrush.com/bot.html)"
66.249.68.62 - - [19/Jul/2020:08:05:51 +0000] "GET /%D0%B0%D0%B4%D0%B2%D0%BE%D0%BA%D0%B0%D1%82-%D1%80%D0%B0%D0%B7-%D0%BF%D1%80%D0%BE%D1%86%D0%B5%D1%81%D1%81-%D0%B4%D0%B2%D0%B0-%D0%BF%D1%80%D0%BE%D1%86%D0%B5%D1%81%D1%81-%D0%B7%D0%B0%D0%B2%D1%82%D1%80%D0%B0-%D0%B1%D1%83%D0%B4%D0%B5%D1%82/ HTTP/1.1" 304 0 "-" "Mozilla/5.0 (Linux; Android 6.0.1; Nexus 5X Build/MMB29P) AppleWebKit/537.36 (KHTML, like Gecko) Chrome/80.0.3987.92 Mobile Safari/537.36 (compatible; Googlebot/2.1; +http://www.google.com/bot.html)" "-"
66.249.68.62 - - [19/Jul/2020:08:05:51 +0000] "GET /%D0%B0%D0%B4%D0%B2%D0%BE%D0%BA%D0%B0%D1%82-%D1%80%D0%B0%D0%B7-%D0%BF%D1%80%D0%BE%D1%86%D0%B5%D1%81%D1%81-%D0%B4%D0%B2%D0%B0-%D0%BF%D1%80%D0%BE%D1%86%D0%B5%D1%81%D1%81-%D0%B7%D0%B0%D0%B2%D1%82%D1%80%D0%B0-%D0%B1%D1%83%D0%B4%D0%B5%D1%82/ HTTP/1.1" 304 0 "-" "Mozilla/5.0 (Linux; Android 6.0.1; Nexus 5X Build/MMB29P) AppleWebKit/537.36 (KHTML, like Gecko) Chrome/80.0.3987.92 Mobile Safari/537.36 (compatible; Googlebot/2.1; +http://www.google.com/bot.html)"
178.154.200.81 - - [19/Jul/2020:08:05:52 +0000] "GET /%D0%B2-1999-%D0%B3%D0%BE%D0%B4%D1%83-%D0%B3%D1%80%D1%83%D0%BF%D0%BF%D0%B0-%D1%83%D1%87%D1%91%D0%BD%D1%8B%D1%85-%D0%BD%D0%B0%D0%BD%D1%8F%D0%BB%D0%B0-%D1%87%D0%B5%D1%82%D1%8B%D1%80%D0%B5-%D0%BF%D0%B0%D1%80%D1%8B-%D0%B8/ HTTP/1.1" 200 14939 "-" "Mozilla/5.0 (compatible; YandexBot/3.0; +http://yandex.com/bots)" "-"
178.154.200.81 - - [19/Jul/2020:08:05:52 +0000] "GET /%D0%B2-1999-%D0%B3%D0%BE%D0%B4%D1%83-%D0%B3%D1%80%D1%83%D0%BF%D0%BF%D0%B0-%D1%83%D1%87%D1%91%D0%BD%D1%8B%D1%85-%D0%BD%D0%B0%D0%BD%D1%8F%D0%BB%D0%B0-%D1%87%D0%B5%D1%82%D1%8B%D1%80%D0%B5-%D0%BF%D0%B0%D1%80%D1%8B-%D0%B8/ HTTP/1.1" 200 14939 "-" "Mozilla/5.0 (compatible; YandexBot/3.0; +http://yandex.com/bots)"
46.229.168.146 - - [19/Jul/2020:08:05:58 +0000] "GET /%D0%B5%D1%81%D0%BB%D0%B8-%D1%83-%D1%82%D0%B2%D0%BE%D0%B5%D0%B9-%D0%B4%D0%B5%D0%B2%D1%83%D1%88%D0%BA%D0%B8-%D1%82%D0%B5%D0%BB%D0%B5%D1%84%D0%BE%D0%BD-%D0%BB%D1%83%D1%87%D1%88%D0%B5-%D1%87%D0%B5%D0%BC-%D1%83-%D1%82%D0%B5%D0%B1%D1%8F/ HTTP/1.1" 200 10601 "-" "Mozilla/5.0 (compatible; SemrushBot/6~bl; +http://www.semrush.com/bot.html)" "-"
46.229.168.146 - - [19/Jul/2020:08:05:58 +0000] "GET /%D0%B5%D1%81%D0%BB%D0%B8-%D1%83-%D1%82%D0%B2%D0%BE%D0%B5%D0%B9-%D0%B4%D0%B5%D0%B2%D1%83%D1%88%D0%BA%D0%B8-%D1%82%D0%B5%D0%BB%D0%B5%D1%84%D0%BE%D0%BD-%D0%BB%D1%83%D1%87%D1%88%D0%B5-%D1%87%D0%B5%D0%BC-%D1%83-%D1%82%D0%B5%D0%B1%D1%8F/ HTTP/1.1" 200 10601 "-" "Mozilla/5.0 (compatible; SemrushBot/6~bl; +http://www.semrush.com/bot.html)"
178.154.200.81 - - [19/Jul/2020:08:05:59 +0000] "GET /%D0%B7%D0%B0%D1%85%D0%BE%D0%B4%D0%B8%D1%82-%D0%B1%D0%BB%D0%BE%D0%BD%D0%B4%D0%B8%D0%BD%D0%BA%D0%B0-%D0%B2-%D0%B1%D0%B0%D1%80-%D0%BD%D0%B0-%D1%80%D0%B0%D0%B9%D0%BE%D0%BD%D0%B5/?p=3 HTTP/1.1" 200 8831 "-" "Mozilla/5.0 (compatible; YandexBot/3.0; +http://yandex.com/bots)" "-"
178.154.200.81 - - [19/Jul/2020:08:05:59 +0000] "GET /%D0%B7%D0%B0%D1%85%D0%BE%D0%B4%D0%B8%D1%82-%D0%B1%D0%BB%D0%BE%D0%BD%D0%B4%D0%B8%D0%BD%D0%BA%D0%B0-%D0%B2-%D0%B1%D0%B0%D1%80-%D0%BD%D0%B0-%D1%80%D0%B0%D0%B9%D0%BE%D0%BD%D0%B5/?p=3 HTTP/1.1" 200 8831 "-" "Mozilla/5.0 (compatible; YandexBot/3.0; +http://yandex.com/bots)"
46.229.168.132 - - [19/Jul/2020:08:06:09 +0000] "GET /-%D0%BE-%D1%82%D1%8B-%D1%80%D0%B0%D0%B1%D0%BE%D1%82%D0%B0%D0%B5%D1%88%D1%8C-%D0%B2-%D0%A1%D0%B1%D0%B5%D1%80%D0%B1%D0%B0%D0%BD%D0%BA%D0%B5-%D1%81%D0%BA%D0%BE%D0%BB%D1%8C%D0%BA%D0%BE-%D1%82%D1%8B/?p=3 HTTP/1.1" 200 8695 "-" "Mozilla/5.0 (compatible; SemrushBot/6~bl; +http://www.semrush.com/bot.html)" "-"
46.229.168.132 - - [19/Jul/2020:08:06:09 +0000] "GET /-%D0%BE-%D1%82%D1%8B-%D1%80%D0%B0%D0%B1%D0%BE%D1%82%D0%B0%D0%B5%D1%88%D1%8C-%D0%B2-%D0%A1%D0%B1%D0%B5%D1%80%D0%B1%D0%B0%D0%BD%D0%BA%D0%B5-%D1%81%D0%BA%D0%BE%D0%BB%D1%8C%D0%BA%D0%BE-%D1%82%D1%8B/?p=3 HTTP/1.1" 200 8695 "-" "Mozilla/5.0 (compatible; SemrushBot/6~bl; +http://www.semrush.com/bot.html)"
46.229.168.141 - - [19/Jul/2020:08:06:26 +0000] "GET /%D1%87%D0%B5%D1%80%D1%82-%D0%B3%D0%BE%D0%B2%D0%BE%D1%80%D0%B8%D1%82-%D0%B1%D0%BE%D0%B3%D1%83-%D1%81%D0%BB%D1%83%D1%88%D0%B0%D0%B9-%D1%87%D1%82%D0%BE-%D1%83-%D1%82%D0%B5%D0%B1%D1%8F-%D0%BD%D0%B0-%D0%B7%D0%B5%D0%BC%D0%BB%D0%B5/?p=2 HTTP/1.1" 200 9128 "-" "Mozilla/5.0 (compatible; SemrushBot/6~bl; +http://www.semrush.com/bot.html)" "-"
46.229.168.141 - - [19/Jul/2020:08:06:26 +0000] "GET /%D1%87%D0%B5%D1%80%D1%82-%D0%B3%D0%BE%D0%B2%D0%BE%D1%80%D0%B8%D1%82-%D0%B1%D0%BE%D0%B3%D1%83-%D1%81%D0%BB%D1%83%D1%88%D0%B0%D0%B9-%D1%87%D1%82%D0%BE-%D1%83-%D1%82%D0%B5%D0%B1%D1%8F-%D0%BD%D0%B0-%D0%B7%D0%B5%D0%BC%D0%BB%D0%B5/?p=2 HTTP/1.1" 200 9128 "-" "Mozilla/5.0 (compatible; SemrushBot/6~bl; +http://www.semrush.com/bot.html)"
178.154.200.81 - - [19/Jul/2020:08:06:26 +0000] "GET /%D0%BF%D1%80%D0%B8%D1%85%D0%BE%D0%B4%D0%B8%D1%82-%D1%81%D0%BE%D0%B1%D0%B0%D0%BA%D0%B0-%D0%BA-%D0%BF%D1%81%D0%B8%D1%85%D0%BE%D1%82%D0%B5%D1%80%D0%B0%D0%BF%D0%B5%D0%B2%D1%82%D1%83-%D0%B8-%D0%B3%D0%BE%D0%B2%D0%BE%D1%80%D0%B8%D1%82-%D0%B4%D0%BE%D0%BA%D1%82%D0%BE%D1%80/ HTTP/1.1" 200 13087 "-" "Mozilla/5.0 (compatible; YandexBot/3.0; +http://yandex.com/bots)" "-"
178.154.200.81 - - [19/Jul/2020:08:06:26 +0000] "GET /%D0%BF%D1%80%D0%B8%D1%85%D0%BE%D0%B4%D0%B8%D1%82-%D1%81%D0%BE%D0%B1%D0%B0%D0%BA%D0%B0-%D0%BA-%D0%BF%D1%81%D0%B8%D1%85%D0%BE%D1%82%D0%B5%D1%80%D0%B0%D0%BF%D0%B5%D0%B2%D1%82%D1%83-%D0%B8-%D0%B3%D0%BE%D0%B2%D0%BE%D1%80%D0%B8%D1%82-%D0%B4%D0%BE%D0%BA%D1%82%D0%BE%D1%80/ HTTP/1.1" 200 13087 "-" "Mozilla/5.0 (compatible; YandexBot/3.0; +http://yandex.com/bots)"
5.45.207.181 - - [19/Jul/2020:08:06:27 +0000] "GET /%D0%BD%D0%B0-%D1%81%D1%82%D1%80%D0%BE%D0%B9%D0%BA%D1%83-%D0%BF%D1%80%D0%B8%D0%B2%D0%B5%D0%BB%D0%B8-%D0%BD%D0%B0-%D1%8D%D0%BA%D1%81%D0%BA%D1%83%D1%80%D1%81%D0%B8%D1%8E-%D0%92%D0%BE%D0%B2%D0%BE%D1%87%D0%BA%D1%83/ HTTP/1.1" 200 14687 "-" "Mozilla/5.0 (compatible; YandexBot/3.0; +http://yandex.com/bots)" "-"
5.45.207.181 - - [19/Jul/2020:08:06:27 +0000] "GET /%D0%BD%D0%B0-%D1%81%D1%82%D1%80%D0%BE%D0%B9%D0%BA%D1%83-%D0%BF%D1%80%D0%B8%D0%B2%D0%B5%D0%BB%D0%B8-%D0%BD%D0%B0-%D1%8D%D0%BA%D1%81%D0%BA%D1%83%D1%80%D1%81%D0%B8%D1%8E-%D0%92%D0%BE%D0%B2%D0%BE%D1%87%D0%BA%D1%83/ HTTP/1.1" 200 14687 "-" "Mozilla/5.0 (compatible; YandexBot/3.0; +http://yandex.com/bots)"
95.163.255.185 - - [19/Jul/2020:08:06:34 +0000] "GET /%D1%81%D0%B5%D0%B3%D0%BE%D0%B4%D0%BD%D1%8F-%D1%8F-%D1%83%D0%B4%D0%B8%D0%B2%D0%B8%D0%BB-%D0%BF%D0%BE%D1%87%D1%82%D0%B0%D0%BB%D1%8C%D0%BE%D0%BD%D0%B0-%D0%BE%D1%82%D0%BA%D1%80%D1%8B%D0%B2-%D0%B4%D0%B2%D0%B5%D1%80%D1%8C/ HTTP/1.1" 200 11326 "-" "Mozilla/5.0 (compatible; Linux x86_64; Mail.RU_Bot/2.0; +http://go.mail.ru/help/robots)" "-"
95.163.255.185 - - [19/Jul/2020:08:06:34 +0000] "GET /%D1%81%D0%B5%D0%B3%D0%BE%D0%B4%D0%BD%D1%8F-%D1%8F-%D1%83%D0%B4%D0%B8%D0%B2%D0%B8%D0%BB-%D0%BF%D0%BE%D1%87%D1%82%D0%B0%D0%BB%D1%8C%D0%BE%D0%BD%D0%B0-%D0%BE%D1%82%D0%BA%D1%80%D1%8B%D0%B2-%D0%B4%D0%B2%D0%B5%D1%80%D1%8C/ HTTP/1.1" 200 11326 "-" "Mozilla/5.0 (compatible; Linux x86_64; Mail.RU_Bot/2.0; +http://go.mail.ru/help/robots)"
46.229.168.138 - - [19/Jul/2020:08:06:38 +0000] "GET /%D0%BF%D0%BE-%D0%B3%D0%BE%D1%80%D0%BD%D0%BE%D0%B9-%D0%BA%D0%B0%D0%B2%D0%BA%D0%B0%D0%B7%D1%81%D0%BA%D0%BE%D0%B9-%D0%B4%D0%BE%D1%80%D0%BE%D0%B3%D0%B5-%D0%BC%D1%87%D0%B8%D1%82%D1%81%D1%8F-%D0%BB%D0%B8%D1%85%D0%BE%D0%B9-%D0%B4%D0%B6%D0%B8%D0%B3%D0%B8%D1%82/?p=2 HTTP/1.1" 200 13674 "-" "Mozilla/5.0 (compatible; SemrushBot/6~bl; +http://www.semrush.com/bot.html)" "-"
46.229.168.138 - - [19/Jul/2020:08:06:38 +0000] "GET /%D0%BF%D0%BE-%D0%B3%D0%BE%D1%80%D0%BD%D0%BE%D0%B9-%D0%BA%D0%B0%D0%B2%D0%BA%D0%B0%D0%B7%D1%81%D0%BA%D0%BE%D0%B9-%D0%B4%D0%BE%D1%80%D0%BE%D0%B3%D0%B5-%D0%BC%D1%87%D0%B8%D1%82%D1%81%D1%8F-%D0%BB%D0%B8%D1%85%D0%BE%D0%B9-%D0%B4%D0%B6%D0%B8%D0%B3%D0%B8%D1%82/?p=2 HTTP/1.1" 200 13674 "-" "Mozilla/5.0 (compatible; SemrushBot/6~bl; +http://www.semrush.com/bot.html)"
66.249.68.62 - - [19/Jul/2020:08:06:45 +0000] "GET /-%D0%B0-%D0%B4%D0%B0%D0%B2%D0%B0%D0%B9-%D0%BA%D1%83%D1%80%D0%B8%D1%82%D0%B8-%D0%BA%D0%B8%D0%BD%D0%B5%D0%BC-%D0%BD%D0%B0%D1%88%D0%BE/?p=2 HTTP/1.1" 304 0 "-" "Mozilla/5.0 (Linux; Android 6.0.1; Nexus 5X Build/MMB29P) AppleWebKit/537.36 (KHTML, like Gecko) Chrome/80.0.3987.92 Mobile Safari/537.36 (compatible; Googlebot/2.1; +http://www.google.com/bot.html)" "-"
66.249.68.62 - - [19/Jul/2020:08:06:45 +0000] "GET /-%D0%B0-%D0%B4%D0%B0%D0%B2%D0%B0%D0%B9-%D0%BA%D1%83%D1%80%D0%B8%D1%82%D0%B8-%D0%BA%D0%B8%D0%BD%D0%B5%D0%BC-%D0%BD%D0%B0%D1%88%D0%BE/?p=2 HTTP/1.1" 304 0 "-" "Mozilla/5.0 (Linux; Android 6.0.1; Nexus 5X Build/MMB29P) AppleWebKit/537.36 (KHTML, like Gecko) Chrome/80.0.3987.92 Mobile Safari/537.36 (compatible; Googlebot/2.1; +http://www.google.com/bot.html)"
176.8.252.50 - - [19/Jul/2020:08:07:09 +0000] "GET /%D0%BC%D1%83%D0%B6%D0%B8%D0%BA-%D1%81-%D0%BA%D0%B5%D0%B9%D1%81%D0%BE%D0%BC-%D1%81%D0%B0%D0%B4%D0%B8%D1%82%D1%81%D1%8F-%D0%B2-%D1%81%D0%B0%D0%BC%D0%BE%D0%BB%D1%91%D1%82-%D0%BF%D0%BE%D1%81%D0%BB%D0%B5-%D0%B2%D0%B7%D0%BB%D1%91%D1%82%D0%B0/?p=2 HTTP/2.0" 200 15797 "https://www.google.com.ua/" "Mozilla/5.0 (Linux; Android 4.4.2; GT-I9192) AppleWebKit/537.36 (KHTML, like Gecko) Chrome/78.0.3904.108 Mobile Safari/537.36 OPR/56.1.2780.51589" "-"
176.8.252.50 - - [19/Jul/2020:08:07:09 +0000] "GET /%D0%BC%D1%83%D0%B6%D0%B8%D0%BA-%D1%81-%D0%BA%D0%B5%D0%B9%D1%81%D0%BE%D0%BC-%D1%81%D0%B0%D0%B4%D0%B8%D1%82%D1%81%D1%8F-%D0%B2-%D1%81%D0%B0%D0%BC%D0%BE%D0%BB%D1%91%D1%82-%D0%BF%D0%BE%D1%81%D0%BB%D0%B5-%D0%B2%D0%B7%D0%BB%D1%91%D1%82%D0%B0/?p=2 HTTP/2.0" 200 15797 "https://www.google.com.ua/" "Mozilla/5.0 (Linux; Android 4.4.2; GT-I9192) AppleWebKit/537.36 (KHTML, like Gecko) Chrome/78.0.3904.108 Mobile Safari/537.36 OPR/56.1.2780.51589"
46.229.168.154 - - [19/Jul/2020:08:07:16 +0000] "GET /%D0%B4%D0%BE%D0%B6%D0%B4%D1%83%D1%81%D1%8C-%D0%BB%D1%8E%D0%B1%D0%BE%D0%B3%D0%BE-%D0%BF%D0%B0%D1%80%D0%BD%D1%8F-%D0%B8%D0%B7-%D0%B0%D1%80%D0%BC%D0%B8%D0%B8-%D0%BD%D0%B5%D0%BC%D0%BD%D0%BE%D0%B3%D0%BE-%D0%BE-%D1%81%D0%B5%D0%B1%D0%B5-%D1%80%D0%BE%D1%81%D1%82/?p=1 HTTP/1.1" 200 13214 "-" "Mozilla/5.0 (compatible; SemrushBot/6~bl; +http://www.semrush.com/bot.html)" "-"
46.229.168.154 - - [19/Jul/2020:08:07:16 +0000] "GET /%D0%B4%D0%BE%D0%B6%D0%B4%D1%83%D1%81%D1%8C-%D0%BB%D1%8E%D0%B1%D0%BE%D0%B3%D0%BE-%D0%BF%D0%B0%D1%80%D0%BD%D1%8F-%D0%B8%D0%B7-%D0%B0%D1%80%D0%BC%D0%B8%D0%B8-%D0%BD%D0%B5%D0%BC%D0%BD%D0%BE%D0%B3%D0%BE-%D0%BE-%D1%81%D0%B5%D0%B1%D0%B5-%D1%80%D0%BE%D1%81%D1%82/?p=1 HTTP/1.1" 200 13214 "-" "Mozilla/5.0 (compatible; SemrushBot/6~bl; +http://www.semrush.com/bot.html)"
217.66.159.86 - - [19/Jul/2020:08:07:16 +0000] "GET /%D0%B8%D0%B4%D0%B5%D1%82-%D0%BA%D0%B0%D0%BA-%D1%82%D0%BE-%D0%B2%D0%B5%D0%B6%D0%BB%D0%B8%D0%B2%D1%8B%D0%B9-%D1%91%D0%B6%D0%B8%D0%BA-%D0%BF%D0%BE-%D0%BB%D0%B5%D1%81%D1%83-%D0%B0-%D0%BD%D0%B0%D0%B2%D1%81%D1%82%D1%80%D0%B5%D1%87%D1%83-%D0%B5%D0%BC%D1%83/?p=2 HTTP/2.0" 200 13258 "https://www.google.com/" "Mozilla/5.0 (Linux; Android 10; SAMSUNG SM-A705FN) AppleWebKit/537.36 (KHTML, like Gecko) SamsungBrowser/11.1 Chrome/75.0.3770.143 Mobile Safari/537.36" "-"
217.66.159.86 - - [19/Jul/2020:08:07:16 +0000] "GET /%D0%B8%D0%B4%D0%B5%D1%82-%D0%BA%D0%B0%D0%BA-%D1%82%D0%BE-%D0%B2%D0%B5%D0%B6%D0%BB%D0%B8%D0%B2%D1%8B%D0%B9-%D1%91%D0%B6%D0%B8%D0%BA-%D0%BF%D0%BE-%D0%BB%D0%B5%D1%81%D1%83-%D0%B0-%D0%BD%D0%B0%D0%B2%D1%81%D1%82%D1%80%D0%B5%D1%87%D1%83-%D0%B5%D0%BC%D1%83/?p=2 HTTP/2.0" 200 13258 "https://www.google.com/" "Mozilla/5.0 (Linux; Android 10; SAMSUNG SM-A705FN) AppleWebKit/537.36 (KHTML, like Gecko) SamsungBrowser/11.1 Chrome/75.0.3770.143 Mobile Safari/537.36"
