178.151.94.4 - - [22/Jul/2020:23:11:14 +0000] "GET /%D0%B1%D0%B8%D0%BE%D0%BB%D0%BE%D0%B3-%D0%B8%D0%BD%D0%B6%D0%B5%D0%BD%D0%B5%D1%80-%D0%B8-%D0%BC%D0%B0%D1%82%D0%B5%D0%BC%D0%B0%D1%82%D0%B8%D0%BA-%D0%BF%D0%BE%D0%BF%D0%B8%D0%B2%D0%B0%D1%8E%D1%82-%D0%BA%D0%BE%D1%84%D0%B5-%D0%B2-%D0%BF%D0%B0%D1%82%D0%B8%D0%BE-%D0%B8/ HTTP/2.0" 200 14191 "https://baneks.site/tag/%D0%BC%D0%B0%D1%82%D0%B5%D0%BC%D0%B0%D1%82%D0%B8%D0%BA/?p=2" "Mozilla/5.0 (Linux; Android 9; STK-LX1) AppleWebKit/537.36 (KHTML, like Gecko) Chrome/84.0.4147.89 Mobile Safari/537.36" "-"
178.151.94.4 - - [22/Jul/2020:23:11:14 +0000] "GET /%D0%B1%D0%B8%D0%BE%D0%BB%D0%BE%D0%B3-%D0%B8%D0%BD%D0%B6%D0%B5%D0%BD%D0%B5%D1%80-%D0%B8-%D0%BC%D0%B0%D1%82%D0%B5%D0%BC%D0%B0%D1%82%D0%B8%D0%BA-%D0%BF%D0%BE%D0%BF%D0%B8%D0%B2%D0%B0%D1%8E%D1%82-%D0%BA%D0%BE%D1%84%D0%B5-%D0%B2-%D0%BF%D0%B0%D1%82%D0%B8%D0%BE-%D0%B8/ HTTP/2.0" 200 14191 "https://baneks.site/tag/%D0%BC%D0%B0%D1%82%D0%B5%D0%BC%D0%B0%D1%82%D0%B8%D0%BA/?p=2" "Mozilla/5.0 (Linux; Android 9; STK-LX1) AppleWebKit/537.36 (KHTML, like Gecko) Chrome/84.0.4147.89 Mobile Safari/537.36"
5.45.207.181 - - [22/Jul/2020:23:11:15 +0000] "GET /%D0%B2%D0%B5%D0%BB%D0%B8%D0%BA%D0%B0%D1%8F-%D0%BE%D1%82%D0%B5%D1%87%D0%B5%D1%81%D1%82%D0%B2%D0%B5%D0%BD%D0%BD%D0%B0%D1%8F-%D0%B2%D0%BE%D0%B9%D0%BD%D0%B0-1942-%D0%B3%D0%BE%D0%B4-%D0%B2-%D0%B4%D0%B5%D1%80%D0%B5%D0%B2%D0%BD%D0%B5/?p=1 HTTP/1.1" 200 12907 "-" "Mozilla/5.0 (compatible; YandexBot/3.0; +http://yandex.com/bots)" "-"
5.45.207.181 - - [22/Jul/2020:23:11:15 +0000] "GET /%D0%B2%D0%B5%D0%BB%D0%B8%D0%BA%D0%B0%D1%8F-%D0%BE%D1%82%D0%B5%D1%87%D0%B5%D1%81%D1%82%D0%B2%D0%B5%D0%BD%D0%BD%D0%B0%D1%8F-%D0%B2%D0%BE%D0%B9%D0%BD%D0%B0-1942-%D0%B3%D0%BE%D0%B4-%D0%B2-%D0%B4%D0%B5%D1%80%D0%B5%D0%B2%D0%BD%D0%B5/?p=1 HTTP/1.1" 200 12907 "-" "Mozilla/5.0 (compatible; YandexBot/3.0; +http://yandex.com/bots)"
178.154.200.81 - - [22/Jul/2020:23:11:18 +0000] "GET /%D0%BE%D0%B4%D0%BD%D0%B0%D0%B6%D0%B4%D1%8B-%D0%BE%D0%B4%D0%B8%D0%BD-%D0%B1%D0%B0%D1%81%D0%B8%D1%81%D1%82-%D0%BD%D0%B0%D1%81%D1%82%D1%80%D0%B0%D0%B8%D0%B2%D0%B0%D0%BB-%D0%BF%D0%B5%D1%80%D0%B5%D0%B4-%D0%BA%D0%BE%D0%BD%D1%86%D0%B5%D1%80%D1%82%D0%BE%D0%BC-%D0%B1%D0%B0%D1%81/?p=3 HTTP/1.1" 200 8775 "-" "Mozilla/5.0 (compatible; YandexBot/3.0; +http://yandex.com/bots)" "-"
178.154.200.81 - - [22/Jul/2020:23:11:18 +0000] "GET /%D0%BE%D0%B4%D0%BD%D0%B0%D0%B6%D0%B4%D1%8B-%D0%BE%D0%B4%D0%B8%D0%BD-%D0%B1%D0%B0%D1%81%D0%B8%D1%81%D1%82-%D0%BD%D0%B0%D1%81%D1%82%D1%80%D0%B0%D0%B8%D0%B2%D0%B0%D0%BB-%D0%BF%D0%B5%D1%80%D0%B5%D0%B4-%D0%BA%D0%BE%D0%BD%D1%86%D0%B5%D1%80%D1%82%D0%BE%D0%BC-%D0%B1%D0%B0%D1%81/?p=3 HTTP/1.1" 200 8775 "-" "Mozilla/5.0 (compatible; YandexBot/3.0; +http://yandex.com/bots)"
178.154.200.81 - - [22/Jul/2020:23:11:20 +0000] "GET /%D1%83%D0%B2%D0%B8%D0%B4%D0%B5%D0%BB%D0%B8-%D0%BA%D0%B0%D0%BA-%D1%82%D0%BE-%D0%BF%D0%BE%D0%B4%D0%BF%D0%B8%D1%81%D1%87%D0%B8%D0%BA%D0%B8-%D0%90%D0%9A%D0%91-%D0%B0%D0%BD%D0%B5%D0%BA%D0%B4%D0%BE%D1%82-%D0%B8-%D0%BD%D0%B5-%D1%81%D1%82%D0%B0%D0%BB%D0%B8/?p=4 HTTP/1.1" 200 8319 "-" "Mozilla/5.0 (compatible; YandexBot/3.0; +http://yandex.com/bots)" "-"
178.154.200.81 - - [22/Jul/2020:23:11:20 +0000] "GET /%D1%83%D0%B2%D0%B8%D0%B4%D0%B5%D0%BB%D0%B8-%D0%BA%D0%B0%D0%BA-%D1%82%D0%BE-%D0%BF%D0%BE%D0%B4%D0%BF%D0%B8%D1%81%D1%87%D0%B8%D0%BA%D0%B8-%D0%90%D0%9A%D0%91-%D0%B0%D0%BD%D0%B5%D0%BA%D0%B4%D0%BE%D1%82-%D0%B8-%D0%BD%D0%B5-%D1%81%D1%82%D0%B0%D0%BB%D0%B8/?p=4 HTTP/1.1" 200 8319 "-" "Mozilla/5.0 (compatible; YandexBot/3.0; +http://yandex.com/bots)"
178.154.200.81 - - [22/Jul/2020:23:11:21 +0000] "GET /%D0%B2-%D0%A0%D0%BE%D1%81%D1%81%D0%B8%D0%B8-%D0%B8%D0%B7%D0%BE%D0%B1%D1%80%D0%B5%D0%BB%D0%B8-%D0%BA%D0%BE%D0%B2%D1%91%D1%80-%D0%BF%D0%BE-%D0%BA%D0%BE%D1%82%D0%BE%D1%80%D0%BE%D0%BC%D1%83-%D0%BC%D0%BE%D0%B6%D0%BD%D0%BE-%D0%B5%D0%B7%D0%B4%D0%B8%D1%82%D1%8C/?p=1 HTTP/1.1" 200 13044 "-" "Mozilla/5.0 (compatible; YandexBot/3.0; +http://yandex.com/bots)" "-"
178.154.200.81 - - [22/Jul/2020:23:11:21 +0000] "GET /%D0%B2-%D0%A0%D0%BE%D1%81%D1%81%D0%B8%D0%B8-%D0%B8%D0%B7%D0%BE%D0%B1%D1%80%D0%B5%D0%BB%D0%B8-%D0%BA%D0%BE%D0%B2%D1%91%D1%80-%D0%BF%D0%BE-%D0%BA%D0%BE%D1%82%D0%BE%D1%80%D0%BE%D0%BC%D1%83-%D0%BC%D0%BE%D0%B6%D0%BD%D0%BE-%D0%B5%D0%B7%D0%B4%D0%B8%D1%82%D1%8C/?p=1 HTTP/1.1" 200 13044 "-" "Mozilla/5.0 (compatible; YandexBot/3.0; +http://yandex.com/bots)"
5.45.207.181 - - [22/Jul/2020:23:11:22 +0000] "GET /%D1%83%D0%B2%D0%B0%D0%B6%D0%B0%D0%B5%D0%BC%D0%B0%D1%8F-%D0%BA%D0%BE%D0%BC%D0%BF%D0%B0%D0%BD%D0%B8%D1%8F-%D0%9B%D0%BE%D0%B3%D0%B8%D1%82%D0%B5%D1%87-%D0%BF%D0%B5%D1%80%D0%B5%D0%BC%D0%B5%D1%81%D1%82%D0%B8%D1%82%D0%B5-%D0%BD%D0%B0-%D0%B2%D0%B0%D1%88%D0%B8%D1%85/?p=1 HTTP/1.1" 200 12927 "-" "Mozilla/5.0 (compatible; YandexBot/3.0; +http://yandex.com/bots)" "-"
5.45.207.181 - - [22/Jul/2020:23:11:22 +0000] "GET /%D1%83%D0%B2%D0%B0%D0%B6%D0%B0%D0%B5%D0%BC%D0%B0%D1%8F-%D0%BA%D0%BE%D0%BC%D0%BF%D0%B0%D0%BD%D0%B8%D1%8F-%D0%9B%D0%BE%D0%B3%D0%B8%D1%82%D0%B5%D1%87-%D0%BF%D0%B5%D1%80%D0%B5%D0%BC%D0%B5%D1%81%D1%82%D0%B8%D1%82%D0%B5-%D0%BD%D0%B0-%D0%B2%D0%B0%D1%88%D0%B8%D1%85/?p=1 HTTP/1.1" 200 12927 "-" "Mozilla/5.0 (compatible; YandexBot/3.0; +http://yandex.com/bots)"
178.154.200.81 - - [22/Jul/2020:23:11:22 +0000] "GET /%D0%B7%D0%B4%D1%80%D0%B0%D0%B2%D1%81%D1%82%D0%B2%D1%83%D0%B9%D1%82%D0%B5-%D0%B2%D0%B0%D0%BC-%D1%83%D0%B4%D0%BE%D0%B1%D0%BD%D0%BE-%D1%81%D0%B5%D0%B9%D1%87%D0%B0%D1%81-%D0%B3%D0%BE%D0%B2%D0%BE%D1%80%D0%B8%D1%82%D1%8C-%D0%BD%D0%B5%D1%82-%D1%83-%D0%BC%D0%B5%D0%BD%D1%8F/?p=3 HTTP/1.1" 200 11373 "-" "Mozilla/5.0 (compatible; YandexBot/3.0; +http://yandex.com/bots)" "-"
178.154.200.81 - - [22/Jul/2020:23:11:22 +0000] "GET /%D0%B7%D0%B4%D1%80%D0%B0%D0%B2%D1%81%D1%82%D0%B2%D1%83%D0%B9%D1%82%D0%B5-%D0%B2%D0%B0%D0%BC-%D1%83%D0%B4%D0%BE%D0%B1%D0%BD%D0%BE-%D1%81%D0%B5%D0%B9%D1%87%D0%B0%D1%81-%D0%B3%D0%BE%D0%B2%D0%BE%D1%80%D0%B8%D1%82%D1%8C-%D0%BD%D0%B5%D1%82-%D1%83-%D0%BC%D0%B5%D0%BD%D1%8F/?p=3 HTTP/1.1" 200 11373 "-" "Mozilla/5.0 (compatible; YandexBot/3.0; +http://yandex.com/bots)"
5.45.207.181 - - [22/Jul/2020:23:11:23 +0000] "GET /%D1%83%D0%B2%D0%B8%D0%B4%D0%B5%D0%BB%D0%B8-%D0%BA%D0%B0%D0%BA-%D1%82%D0%BE-%D0%BF%D0%BE%D0%B4%D0%BF%D0%B8%D1%81%D1%87%D0%B8%D0%BA%D0%B8-%D0%90%D0%9A%D0%91-%D0%B0%D0%BD%D0%B5%D0%BA%D0%B4%D0%BE%D1%82-%D0%B8-%D0%BD%D0%B5-%D1%81%D1%82%D0%B0%D0%BB%D0%B8/?p=2 HTTP/1.1" 200 13255 "-" "Mozilla/5.0 (compatible; YandexBot/3.0; +http://yandex.com/bots)" "-"
5.45.207.181 - - [22/Jul/2020:23:11:23 +0000] "GET /%D1%83%D0%B2%D0%B8%D0%B4%D0%B5%D0%BB%D0%B8-%D0%BA%D0%B0%D0%BA-%D1%82%D0%BE-%D0%BF%D0%BE%D0%B4%D0%BF%D0%B8%D1%81%D1%87%D0%B8%D0%BA%D0%B8-%D0%90%D0%9A%D0%91-%D0%B0%D0%BD%D0%B5%D0%BA%D0%B4%D0%BE%D1%82-%D0%B8-%D0%BD%D0%B5-%D1%81%D1%82%D0%B0%D0%BB%D0%B8/?p=2 HTTP/1.1" 200 13255 "-" "Mozilla/5.0 (compatible; YandexBot/3.0; +http://yandex.com/bots)"
40.77.167.180 - - [22/Jul/2020:23:11:23 +0000] "GET /%D0%BF%D1%80%D0%B8%D1%85%D0%BE%D0%B4%D0%B8%D1%82-%D1%83%D1%82%D0%BA%D0%B0-%D0%B2-%D0%B1%D0%BE%D1%80%D0%B4%D0%B5%D0%BB%D1%8C-%D0%B8-%D0%B3%D0%BE%D0%B2%D0%BE%D1%80%D0%B8%D1%82/?p=2 HTTP/1.1" 200 12663 "-" "Mozilla/5.0 (compatible; bingbot/2.0; +http://www.bing.com/bingbot.htm)" "-"
40.77.167.180 - - [22/Jul/2020:23:11:23 +0000] "GET /%D0%BF%D1%80%D0%B8%D1%85%D0%BE%D0%B4%D0%B8%D1%82-%D1%83%D1%82%D0%BA%D0%B0-%D0%B2-%D0%B1%D0%BE%D1%80%D0%B4%D0%B5%D0%BB%D1%8C-%D0%B8-%D0%B3%D0%BE%D0%B2%D0%BE%D1%80%D0%B8%D1%82/?p=2 HTTP/1.1" 200 12663 "-" "Mozilla/5.0 (compatible; bingbot/2.0; +http://www.bing.com/bingbot.htm)"
178.154.200.151 - - [22/Jul/2020:23:11:23 +0000] "GET /%D1%82%D0%BE%D0%BD%D0%B5%D1%82-%D0%BA%D0%BE%D1%80%D0%B0%D0%B1%D0%BB%D1%8C-%D0%BD%D0%B5%D0%B2%D0%BE%D0%B7%D0%BC%D1%83%D1%82%D0%B8%D0%BC%D1%8B%D0%B9-%D0%B0%D0%BD%D0%B3%D0%BB%D0%B8%D1%87%D0%B0%D0%BD%D0%B8%D0%BD-%D1%81-%D1%82%D1%80%D1%83%D0%B1%D0%BA%D0%BE%D0%B9/?p=2 HTTP/1.1" 200 13777 "-" "Mozilla/5.0 (compatible; YandexBot/3.0; +http://yandex.com/bots)" "-"
178.154.200.151 - - [22/Jul/2020:23:11:23 +0000] "GET /%D1%82%D0%BE%D0%BD%D0%B5%D1%82-%D0%BA%D0%BE%D1%80%D0%B0%D0%B1%D0%BB%D1%8C-%D0%BD%D0%B5%D0%B2%D0%BE%D0%B7%D0%BC%D1%83%D1%82%D0%B8%D0%BC%D1%8B%D0%B9-%D0%B0%D0%BD%D0%B3%D0%BB%D0%B8%D1%87%D0%B0%D0%BD%D0%B8%D0%BD-%D1%81-%D1%82%D1%80%D1%83%D0%B1%D0%BA%D0%BE%D0%B9/?p=2 HTTP/1.1" 200 13777 "-" "Mozilla/5.0 (compatible; YandexBot/3.0; +http://yandex.com/bots)"
178.154.200.81 - - [22/Jul/2020:23:11:23 +0000] "GET /%D0%B2%D1%81%D1%8F%D0%BA%D0%BE%D0%B3%D0%BE-%D0%BA%D1%82%D0%BE-%D1%81%D0%BC%D0%BE%D1%82%D1%80%D0%B5%D0%BB-%D0%BF%D0%BE-%D1%82%D0%B5%D0%BB%D0%B5%D0%B2%D0%B8%D0%B7%D0%BE%D1%80%D1%83-%D0%BA%D0%BE%D0%BD%D1%86%D0%B5%D1%80%D1%82-%D1%81%D0%BA%D0%B0%D0%B6%D0%B5%D0%BC/?p=3 HTTP/1.1" 200 14748 "-" "Mozilla/5.0 (compatible; YandexBot/3.0; +http://yandex.com/bots)" "-"
178.154.200.81 - - [22/Jul/2020:23:11:23 +0000] "GET /%D0%B2%D1%81%D1%8F%D0%BA%D0%BE%D0%B3%D0%BE-%D0%BA%D1%82%D0%BE-%D1%81%D0%BC%D0%BE%D1%82%D1%80%D0%B5%D0%BB-%D0%BF%D0%BE-%D1%82%D0%B5%D0%BB%D0%B5%D0%B2%D0%B8%D0%B7%D0%BE%D1%80%D1%83-%D0%BA%D0%BE%D0%BD%D1%86%D0%B5%D1%80%D1%82-%D1%81%D0%BA%D0%B0%D0%B6%D0%B5%D0%BC/?p=3 HTTP/1.1" 200 14748 "-" "Mozilla/5.0 (compatible; YandexBot/3.0; +http://yandex.com/bots)"
178.154.200.81 - - [22/Jul/2020:23:11:24 +0000] "GET /%D0%B7%D0%B0%D1%85%D0%B2%D0%B0%D1%82%D0%B8%D0%BB%D0%B8-%D0%BD%D0%B5%D0%BC%D1%86%D1%8B-%D0%B2-%D0%BF%D0%BB%D0%B5%D0%BD-%D0%BA%D0%BE%D0%BC%D0%B8%D1%81%D1%81%D0%B0%D1%80%D0%BE%D0%B2-%D0%B3%D0%BE%D0%BC%D0%BE%D1%81%D0%B5%D0%BA%D0%BE%D0%B2/?p=3 HTTP/1.1" 200 9194 "-" "Mozilla/5.0 (compatible; YandexBot/3.0; +http://yandex.com/bots)" "-"
178.154.200.81 - - [22/Jul/2020:23:11:24 +0000] "GET /%D0%B7%D0%B0%D1%85%D0%B2%D0%B0%D1%82%D0%B8%D0%BB%D0%B8-%D0%BD%D0%B5%D0%BC%D1%86%D1%8B-%D0%B2-%D0%BF%D0%BB%D0%B5%D0%BD-%D0%BA%D0%BE%D0%BC%D0%B8%D1%81%D1%81%D0%B0%D1%80%D0%BE%D0%B2-%D0%B3%D0%BE%D0%BC%D0%BE%D1%81%D0%B5%D0%BA%D0%BE%D0%B2/?p=3 HTTP/1.1" 200 9194 "-" "Mozilla/5.0 (compatible; YandexBot/3.0; +http://yandex.com/bots)"
5.45.207.181 - - [22/Jul/2020:23:11:24 +0000] "GET /%D0%B6%D0%B5%D0%BD%D0%B8%D1%82%D1%81%D1%8F-%D0%BC%D1%83%D0%B6%D0%B8%D0%BA-%D0%BD%D0%B0-%D1%87%D1%83%D0%BA%D1%87%D0%B5-%D0%B6%D0%B5%D0%BD%D1%89%D0%B8%D0%BD%D0%B5/?p=3 HTTP/1.1" 200 8974 "-" "Mozilla/5.0 (compatible; YandexBot/3.0; +http://yandex.com/bots)" "-"
5.45.207.181 - - [22/Jul/2020:23:11:24 +0000] "GET /%D0%B6%D0%B5%D0%BD%D0%B8%D1%82%D1%81%D1%8F-%D0%BC%D1%83%D0%B6%D0%B8%D0%BA-%D0%BD%D0%B0-%D1%87%D1%83%D0%BA%D1%87%D0%B5-%D0%B6%D0%B5%D0%BD%D1%89%D0%B8%D0%BD%D0%B5/?p=3 HTTP/1.1" 200 8974 "-" "Mozilla/5.0 (compatible; YandexBot/3.0; +http://yandex.com/bots)"
178.154.200.151 - - [22/Jul/2020:23:11:24 +0000] "GET /tag/%D1%81%D1%83%D0%B4/?p=4 HTTP/1.1" 200 11408 "-" "Mozilla/5.0 (compatible; YandexBot/3.0; +http://yandex.com/bots)" "-"
178.154.200.151 - - [22/Jul/2020:23:11:24 +0000] "GET /tag/%D1%81%D1%83%D0%B4/?p=4 HTTP/1.1" 200 11408 "-" "Mozilla/5.0 (compatible; YandexBot/3.0; +http://yandex.com/bots)"
178.154.200.206 - - [22/Jul/2020:23:11:25 +0000] "GET /%D0%B0-%D1%8F-%D0%B1%D1%8B-%D0%BA%D1%81%D1%82%D0%B0%D1%82%D0%B8-%D0%BF%D0%BE%D0%B7%D0%B0%D0%B2%D0%B8%D1%81%D0%B0%D0%BB-%D1%81-%D1%87%D0%B5%D1%81%D1%82%D0%B5%D1%80%D0%BE%D0%BC/?p=2 HTTP/1.1" 200 13641 "-" "Mozilla/5.0 (compatible; YandexBot/3.0; +http://yandex.com/bots)" "-"
178.154.200.206 - - [22/Jul/2020:23:11:25 +0000] "GET /%D0%B0-%D1%8F-%D0%B1%D1%8B-%D0%BA%D1%81%D1%82%D0%B0%D1%82%D0%B8-%D0%BF%D0%BE%D0%B7%D0%B0%D0%B2%D0%B8%D1%81%D0%B0%D0%BB-%D1%81-%D1%87%D0%B5%D1%81%D1%82%D0%B5%D1%80%D0%BE%D0%BC/?p=2 HTTP/1.1" 200 13641 "-" "Mozilla/5.0 (compatible; YandexBot/3.0; +http://yandex.com/bots)"
178.154.200.81 - - [22/Jul/2020:23:11:25 +0000] "GET /%D0%B0%D0%B2%D1%82%D0%BE%D0%BC%D0%BE%D0%B1%D0%B8%D0%BB%D1%8C-%D0%A2%D0%B5%D1%81%D0%BB%D0%B0-%D1%81%D0%B1%D0%B8%D0%BB-%D0%BF%D1%82%D0%B5%D0%BD%D1%86%D0%B0-%D0%B2%D0%BE%D1%80%D0%BE%D0%BD%D1%8B-%D0%BD%D0%B0%D1%81%D0%BC%D0%B5%D1%80%D1%82%D1%8C-%D0%B8/?p=2 HTTP/1.1" 200 13041 "-" "Mozilla/5.0 (compatible; YandexBot/3.0; +http://yandex.com/bots)" "-"
178.154.200.81 - - [22/Jul/2020:23:11:25 +0000] "GET /%D0%B0%D0%B2%D1%82%D0%BE%D0%BC%D0%BE%D0%B1%D0%B8%D0%BB%D1%8C-%D0%A2%D0%B5%D1%81%D0%BB%D0%B0-%D1%81%D0%B1%D0%B8%D0%BB-%D0%BF%D1%82%D0%B5%D0%BD%D1%86%D0%B0-%D0%B2%D0%BE%D1%80%D0%BE%D0%BD%D1%8B-%D0%BD%D0%B0%D1%81%D0%BC%D0%B5%D1%80%D1%82%D1%8C-%D0%B8/?p=2 HTTP/1.1" 200 13041 "-" "Mozilla/5.0 (compatible; YandexBot/3.0; +http://yandex.com/bots)"
5.45.207.181 - - [22/Jul/2020:23:11:25 +0000] "GET /%D0%B6%D0%B8%D0%BB%D0%B8-%D0%B1%D1%8B%D0%BB%D0%B8-%D0%B4%D0%B2%D0%B0-%D0%B1%D1%80%D0%B0%D1%82%D0%B0-%D0%9F%D1%83%D0%BF%D0%B0-%D0%B8-%D0%9B%D1%83%D0%BF%D0%B0/?p=2 HTTP/1.1" 200 13904 "-" "Mozilla/5.0 (compatible; YandexBot/3.0; +http://yandex.com/bots)" "-"
5.45.207.181 - - [22/Jul/2020:23:11:25 +0000] "GET /%D0%B6%D0%B8%D0%BB%D0%B8-%D0%B1%D1%8B%D0%BB%D0%B8-%D0%B4%D0%B2%D0%B0-%D0%B1%D1%80%D0%B0%D1%82%D0%B0-%D0%9F%D1%83%D0%BF%D0%B0-%D0%B8-%D0%9B%D1%83%D0%BF%D0%B0/?p=2 HTTP/1.1" 200 13904 "-" "Mozilla/5.0 (compatible; YandexBot/3.0; +http://yandex.com/bots)"
178.154.200.81 - - [22/Jul/2020:23:11:28 +0000] "GET /%D0%B7%D0%B0%D0%BF%D0%BB%D1%83%D1%82%D0%B0%D0%BB-%D0%B5%D0%B2%D1%80%D0%B5%D0%B9-%D0%B2-%D1%80%D0%BE%D1%81%D1%81%D0%B8%D0%B9%D1%81%D0%BA%D0%BE%D0%B9-%D1%82%D0%B0%D0%B9%D0%B3%D0%B5-%D1%85%D0%BE%D0%B4%D0%B8%D1%82-%D1%87%D0%B0%D1%81-%D0%B4%D0%B2%D0%B0/?p=3 HTTP/1.1" 200 13647 "-" "Mozilla/5.0 (compatible; YandexBot/3.0; +http://yandex.com/bots)" "-"
178.154.200.81 - - [22/Jul/2020:23:11:28 +0000] "GET /%D0%B7%D0%B0%D0%BF%D0%BB%D1%83%D1%82%D0%B0%D0%BB-%D0%B5%D0%B2%D1%80%D0%B5%D0%B9-%D0%B2-%D1%80%D0%BE%D1%81%D1%81%D0%B8%D0%B9%D1%81%D0%BA%D0%BE%D0%B9-%D1%82%D0%B0%D0%B9%D0%B3%D0%B5-%D1%85%D0%BE%D0%B4%D0%B8%D1%82-%D1%87%D0%B0%D1%81-%D0%B4%D0%B2%D0%B0/?p=3 HTTP/1.1" 200 13647 "-" "Mozilla/5.0 (compatible; YandexBot/3.0; +http://yandex.com/bots)"
5.45.207.181 - - [22/Jul/2020:23:11:28 +0000] "GET /%D0%BC%D1%83%D0%B6%D0%B8%D0%BA-%D0%B2-%D0%BE%D1%82%D0%B4%D0%B5%D0%BB%D0%B5-%D1%82%D1%80%D0%B8%D0%BA%D0%BE%D1%82%D0%B0%D0%B6%D0%B0-%D1%81%D0%BD%D0%B8%D0%BC%D0%B0%D0%B5%D1%82-%D1%81-%D0%B2%D0%B5%D1%88%D0%B0%D0%BB%D0%BA%D0%B8-%D1%82%D1%80%D1%83%D1%81%D1%8B/?p=3 HTTP/1.1" 200 8393 "-" "Mozilla/5.0 (compatible; YandexBot/3.0; +http://yandex.com/bots)" "-"
5.45.207.181 - - [22/Jul/2020:23:11:28 +0000] "GET /%D0%BC%D1%83%D0%B6%D0%B8%D0%BA-%D0%B2-%D0%BE%D1%82%D0%B4%D0%B5%D0%BB%D0%B5-%D1%82%D1%80%D0%B8%D0%BA%D0%BE%D1%82%D0%B0%D0%B6%D0%B0-%D1%81%D0%BD%D0%B8%D0%BC%D0%B0%D0%B5%D1%82-%D1%81-%D0%B2%D0%B5%D1%88%D0%B0%D0%BB%D0%BA%D0%B8-%D1%82%D1%80%D1%83%D1%81%D1%8B/?p=3 HTTP/1.1" 200 8393 "-" "Mozilla/5.0 (compatible; YandexBot/3.0; +http://yandex.com/bots)"
178.154.200.81 - - [22/Jul/2020:23:11:28 +0000] "GET /%D0%BF%D0%BE%D0%BF%D0%B0%D0%B4%D0%B0%D0%B5%D1%82-%D0%BA%D0%BE%D0%BC%D0%BC%D1%83%D0%BD%D0%B8%D1%81%D1%82-%D0%B2-%D0%B3%D0%B5%D0%B9-%D0%BA%D0%BB%D1%83%D0%B1/?p=2 HTTP/1.1" 200 13775 "-" "Mozilla/5.0 (compatible; YandexBot/3.0; +http://yandex.com/bots)" "-"
178.154.200.81 - - [22/Jul/2020:23:11:28 +0000] "GET /%D0%BF%D0%BE%D0%BF%D0%B0%D0%B4%D0%B0%D0%B5%D1%82-%D0%BA%D0%BE%D0%BC%D0%BC%D1%83%D0%BD%D0%B8%D1%81%D1%82-%D0%B2-%D0%B3%D0%B5%D0%B9-%D0%BA%D0%BB%D1%83%D0%B1/?p=2 HTTP/1.1" 200 13775 "-" "Mozilla/5.0 (compatible; YandexBot/3.0; +http://yandex.com/bots)"
5.45.207.181 - - [22/Jul/2020:23:11:30 +0000] "GET /%D0%92%D0%B0%D1%81%D1%8F-%D0%B2%D0%B5%D1%80%D0%BD%D1%83%D0%BB%D1%81%D1%8F-%D0%B4%D0%BE%D0%BC%D0%BE%D0%B9-%D0%BF%D0%BE%D1%81%D0%BB%D0%B5-%D0%B4%D0%B5%D1%81%D1%8F%D1%82%D0%B8-%D0%BB%D0%B5%D1%82-%D0%BE%D1%82%D1%81%D0%B8%D0%B4%D0%BA%D0%B8-%D0%BD%D0%B5/?p=2 HTTP/1.1" 200 14194 "-" "Mozilla/5.0 (compatible; YandexBot/3.0; +http://yandex.com/bots)" "-"
5.45.207.181 - - [22/Jul/2020:23:11:30 +0000] "GET /%D0%92%D0%B0%D1%81%D1%8F-%D0%B2%D0%B5%D1%80%D0%BD%D1%83%D0%BB%D1%81%D1%8F-%D0%B4%D0%BE%D0%BC%D0%BE%D0%B9-%D0%BF%D0%BE%D1%81%D0%BB%D0%B5-%D0%B4%D0%B5%D1%81%D1%8F%D1%82%D0%B8-%D0%BB%D0%B5%D1%82-%D0%BE%D1%82%D1%81%D0%B8%D0%B4%D0%BA%D0%B8-%D0%BD%D0%B5/?p=2 HTTP/1.1" 200 14194 "-" "Mozilla/5.0 (compatible; YandexBot/3.0; +http://yandex.com/bots)"
178.154.200.81 - - [22/Jul/2020:23:11:32 +0000] "GET /%D0%BC%D1%83%D0%B6%D0%B8%D0%BA-%D0%BA%D1%83%D0%BF%D0%B8%D0%B2-%D0%B4%D0%B0%D1%87%D1%83-%D0%B4%D1%96%D0%BB%D0%B8%D1%82%D1%8C%D1%81%D1%8F-%D0%B7-%D0%B4%D1%80%D1%83%D0%B3%D0%BE%D0%BC-%D0%B2%D1%80%D0%B0%D0%B6%D0%B5%D0%BD%D0%BD%D1%8F%D0%BC%D0%B8/?p=1 HTTP/1.1" 200 14131 "-" "Mozilla/5.0 (compatible; YandexBot/3.0; +http://yandex.com/bots)" "-"
178.154.200.81 - - [22/Jul/2020:23:11:32 +0000] "GET /%D0%BC%D1%83%D0%B6%D0%B8%D0%BA-%D0%BA%D1%83%D0%BF%D0%B8%D0%B2-%D0%B4%D0%B0%D1%87%D1%83-%D0%B4%D1%96%D0%BB%D0%B8%D1%82%D1%8C%D1%81%D1%8F-%D0%B7-%D0%B4%D1%80%D1%83%D0%B3%D0%BE%D0%BC-%D0%B2%D1%80%D0%B0%D0%B6%D0%B5%D0%BD%D0%BD%D1%8F%D0%BC%D0%B8/?p=1 HTTP/1.1" 200 14131 "-" "Mozilla/5.0 (compatible; YandexBot/3.0; +http://yandex.com/bots)"
178.154.200.81 - - [22/Jul/2020:23:11:34 +0000] "GET /%D0%BF%D1%80%D0%B8%D1%85%D0%BE%D0%B4%D0%B8%D1%82-%D0%BF%D1%80%D0%B0%D0%BF%D0%BE%D1%80%D1%89%D0%B8%D0%BA-%D0%B4%D0%BE%D0%BC%D0%BE%D0%B9-%D0%B8-%D0%B3%D0%BE%D0%B2%D0%BE%D1%80%D0%B8%D1%82-%D0%B6%D0%B5%D0%BD%D0%B5/?p=3 HTTP/1.1" 200 13759 "-" "Mozilla/5.0 (compatible; YandexBot/3.0; +http://yandex.com/bots)" "-"
178.154.200.81 - - [22/Jul/2020:23:11:34 +0000] "GET /%D0%BF%D1%80%D0%B8%D1%85%D0%BE%D0%B4%D0%B8%D1%82-%D0%BF%D1%80%D0%B0%D0%BF%D0%BE%D1%80%D1%89%D0%B8%D0%BA-%D0%B4%D0%BE%D0%BC%D0%BE%D0%B9-%D0%B8-%D0%B3%D0%BE%D0%B2%D0%BE%D1%80%D0%B8%D1%82-%D0%B6%D0%B5%D0%BD%D0%B5/?p=3 HTTP/1.1" 200 13759 "-" "Mozilla/5.0 (compatible; YandexBot/3.0; +http://yandex.com/bots)"
178.154.200.81 - - [22/Jul/2020:23:11:36 +0000] "GET /%D0%BC%D0%B0%D1%82%D0%B5%D0%BC%D0%B0%D1%82%D0%B8%D0%BA-%D0%BA%D0%B0%D0%BA%D0%BE%D0%B9-%D1%80%D0%B0%D0%B7%D0%B4%D0%B5%D0%BB-%D0%BC%D0%B0%D1%82%D0%B5%D0%BC%D0%B0%D1%82%D0%B8%D0%BA%D0%B8-%D0%B4%D0%BB%D1%8F-%D1%82%D0%B5%D0%B1%D1%8F-%D1%81%D0%B0%D0%BC%D1%8B%D0%B9/?p=5 HTTP/1.1" 200 12319 "-" "Mozilla/5.0 (compatible; YandexBot/3.0; +http://yandex.com/bots)" "-"
178.154.200.81 - - [22/Jul/2020:23:11:36 +0000] "GET /%D0%BC%D0%B0%D1%82%D0%B5%D0%BC%D0%B0%D1%82%D0%B8%D0%BA-%D0%BA%D0%B0%D0%BA%D0%BE%D0%B9-%D1%80%D0%B0%D0%B7%D0%B4%D0%B5%D0%BB-%D0%BC%D0%B0%D1%82%D0%B5%D0%BC%D0%B0%D1%82%D0%B8%D0%BA%D0%B8-%D0%B4%D0%BB%D1%8F-%D1%82%D0%B5%D0%B1%D1%8F-%D1%81%D0%B0%D0%BC%D1%8B%D0%B9/?p=5 HTTP/1.1" 200 12319 "-" "Mozilla/5.0 (compatible; YandexBot/3.0; +http://yandex.com/bots)"
178.151.94.4 - - [22/Jul/2020:23:11:37 +0000] "GET /%D0%BC%D0%B0%D1%82%D0%B5%D0%BC%D0%B0%D1%82%D0%B8%D0%BA-%D0%B2-%D1%85%D0%BE%D1%80%D0%BE%D1%88%D0%B5%D0%BC-%D0%BD%D0%B0%D1%81%D1%82%D1%80%D0%BE%D0%B5%D0%BD%D0%B8%D0%B8-%D1%81%D0%B1%D0%B5%D0%B3%D0%B0%D0%B5%D1%82-%D0%BF%D0%BE-%D0%BB%D0%B5%D1%81%D1%82%D0%BD%D0%B8%D1%86%D0%B5/ HTTP/2.0" 200 14030 "https://baneks.site/tag/%D0%BC%D0%B0%D1%82%D0%B5%D0%BC%D0%B0%D1%82%D0%B8%D0%BA/?p=2" "Mozilla/5.0 (Linux; Android 9; STK-LX1) AppleWebKit/537.36 (KHTML, like Gecko) Chrome/84.0.4147.89 Mobile Safari/537.36" "-"
178.151.94.4 - - [22/Jul/2020:23:11:37 +0000] "GET /%D0%BC%D0%B0%D1%82%D0%B5%D0%BC%D0%B0%D1%82%D0%B8%D0%BA-%D0%B2-%D1%85%D0%BE%D1%80%D0%BE%D1%88%D0%B5%D0%BC-%D0%BD%D0%B0%D1%81%D1%82%D1%80%D0%BE%D0%B5%D0%BD%D0%B8%D0%B8-%D1%81%D0%B1%D0%B5%D0%B3%D0%B0%D0%B5%D1%82-%D0%BF%D0%BE-%D0%BB%D0%B5%D1%81%D1%82%D0%BD%D0%B8%D1%86%D0%B5/ HTTP/2.0" 200 14030 "https://baneks.site/tag/%D0%BC%D0%B0%D1%82%D0%B5%D0%BC%D0%B0%D1%82%D0%B8%D0%BA/?p=2" "Mozilla/5.0 (Linux; Android 9; STK-LX1) AppleWebKit/537.36 (KHTML, like Gecko) Chrome/84.0.4147.89 Mobile Safari/537.36"
178.71.137.84 - - [22/Jul/2020:23:11:39 +0000] "GET /%D0%B8%D0%B4%D1%91%D1%82-%D0%B3%D1%80%D1%83%D0%B7%D0%B8%D0%BD-%D1%81-%D0%B1%D1%83%D0%BC%D0%B5%D1%80%D0%B0%D0%BD%D0%B3%D0%BE%D0%BC-%D0%B2%D0%B5%D1%81%D1%8C-%D0%B2-%D1%81%D0%B8%D0%BD%D1%8F%D0%BA%D0%B0%D1%85-%D0%B8-%D1%81%D1%81%D0%B0%D0%B4%D0%B8%D0%BD%D0%B0%D1%85/?p=2 HTTP/2.0" 200 9144 "https://www.google.com/" "Mozilla/5.0 (Linux; Android 10; Redmi Note 9S) AppleWebKit/537.36 (KHTML, like Gecko) Chrome/81.0.4044.138 Mobile Safari/537.36" "-"
178.71.137.84 - - [22/Jul/2020:23:11:39 +0000] "GET /%D0%B8%D0%B4%D1%91%D1%82-%D0%B3%D1%80%D1%83%D0%B7%D0%B8%D0%BD-%D1%81-%D0%B1%D1%83%D0%BC%D0%B5%D1%80%D0%B0%D0%BD%D0%B3%D0%BE%D0%BC-%D0%B2%D0%B5%D1%81%D1%8C-%D0%B2-%D1%81%D0%B8%D0%BD%D1%8F%D0%BA%D0%B0%D1%85-%D0%B8-%D1%81%D1%81%D0%B0%D0%B4%D0%B8%D0%BD%D0%B0%D1%85/?p=2 HTTP/2.0" 200 9144 "https://www.google.com/" "Mozilla/5.0 (Linux; Android 10; Redmi Note 9S) AppleWebKit/537.36 (KHTML, like Gecko) Chrome/81.0.4044.138 Mobile Safari/537.36"
178.71.137.84 - - [22/Jul/2020:23:11:40 +0000] "GET /%D0%B8%D0%B4%D1%91%D1%82-%D0%B3%D1%80%D1%83%D0%B7%D0%B8%D0%BD-%D1%81-%D0%B1%D1%83%D0%BC%D0%B5%D1%80%D0%B0%D0%BD%D0%B3%D0%BE%D0%BC-%D0%B2%D0%B5%D1%81%D1%8C-%D0%B2-%D1%81%D0%B8%D0%BD%D1%8F%D0%BA%D0%B0%D1%85-%D0%B8-%D1%81%D1%81%D0%B0%D0%B4%D0%B8%D0%BD%D0%B0%D1%85/?p=2 HTTP/2.0" 200 9144 "https://baneks.site/%D0%B8%D0%B4%D1%91%D1%82-%D0%B3%D1%80%D1%83%D0%B7%D0%B8%D0%BD-%D1%81-%D0%B1%D1%83%D0%BC%D0%B5%D1%80%D0%B0%D0%BD%D0%B3%D0%BE%D0%BC-%D0%B2%D0%B5%D1%81%D1%8C-%D0%B2-%D1%81%D0%B8%D0%BD%D1%8F%D0%BA%D0%B0%D1%85-%D0%B8-%D1%81%D1%81%D0%B0%D0%B4%D0%B8%D0%BD%D0%B0%D1%85/?p=2" "Mozilla/5.0 (Linux; Android 10; Redmi Note 9S) AppleWebKit/537.36 (KHTML, like Gecko) Chrome/81.0.4044.138 Mobile Safari/537.36" "-"
178.71.137.84 - - [22/Jul/2020:23:11:40 +0000] "GET /%D0%B8%D0%B4%D1%91%D1%82-%D0%B3%D1%80%D1%83%D0%B7%D0%B8%D0%BD-%D1%81-%D0%B1%D1%83%D0%BC%D0%B5%D1%80%D0%B0%D0%BD%D0%B3%D0%BE%D0%BC-%D0%B2%D0%B5%D1%81%D1%8C-%D0%B2-%D1%81%D0%B8%D0%BD%D1%8F%D0%BA%D0%B0%D1%85-%D0%B8-%D1%81%D1%81%D0%B0%D0%B4%D0%B8%D0%BD%D0%B0%D1%85/?p=2 HTTP/2.0" 200 9144 "https://baneks.site/%D0%B8%D0%B4%D1%91%D1%82-%D0%B3%D1%80%D1%83%D0%B7%D0%B8%D0%BD-%D1%81-%D0%B1%D1%83%D0%BC%D0%B5%D1%80%D0%B0%D0%BD%D0%B3%D0%BE%D0%BC-%D0%B2%D0%B5%D1%81%D1%8C-%D0%B2-%D1%81%D0%B8%D0%BD%D1%8F%D0%BA%D0%B0%D1%85-%D0%B8-%D1%81%D1%81%D0%B0%D0%B4%D0%B8%D0%BD%D0%B0%D1%85/?p=2" "Mozilla/5.0 (Linux; Android 10; Redmi Note 9S) AppleWebKit/537.36 (KHTML, like Gecko) Chrome/81.0.4044.138 Mobile Safari/537.36"
178.154.200.81 - - [22/Jul/2020:23:11:44 +0000] "GET /%D0%B3%D0%BE%D1%80%D0%BD%D0%BE%D0%B9-%D0%B4%D0%BE%D1%80%D0%BE%D0%B3%D0%BE%D0%B9-%D0%BF%D1%80%D0%BE%D1%85%D0%BE%D0%B4%D1%8F%D1%82-%D0%BC%D0%BE%D1%80%D0%BF%D0%B5%D1%85%D0%B8-%D0%A1%D0%A8%D0%90/?p=4 HTTP/1.1" 200 15318 "-" "Mozilla/5.0 (compatible; YandexBot/3.0; +http://yandex.com/bots)" "-"
178.154.200.81 - - [22/Jul/2020:23:11:44 +0000] "GET /%D0%B3%D0%BE%D1%80%D0%BD%D0%BE%D0%B9-%D0%B4%D0%BE%D1%80%D0%BE%D0%B3%D0%BE%D0%B9-%D0%BF%D1%80%D0%BE%D1%85%D0%BE%D0%B4%D1%8F%D1%82-%D0%BC%D0%BE%D1%80%D0%BF%D0%B5%D1%85%D0%B8-%D0%A1%D0%A8%D0%90/?p=4 HTTP/1.1" 200 15318 "-" "Mozilla/5.0 (compatible; YandexBot/3.0; +http://yandex.com/bots)"
114.119.160.172 - - [22/Jul/2020:23:11:44 +0000] "GET /tag/%D0%B4%D0%B5%D0%B2%D1%83%D1%88%D0%BA%D0%B0?p=17 HTTP/1.1" 301 0 "-" "Mozilla/5.0 (Linux; Android 7.0;) AppleWebKit/537.36 (KHTML, like Gecko) Mobile Safari/537.36 (compatible; PetalBot;+https://aspiegel.com/petalbot)" "-"
114.119.160.172 - - [22/Jul/2020:23:11:44 +0000] "GET /tag/%D0%B4%D0%B5%D0%B2%D1%83%D1%88%D0%BA%D0%B0?p=17 HTTP/1.1" 301 0 "-" "Mozilla/5.0 (Linux; Android 7.0;) AppleWebKit/537.36 (KHTML, like Gecko) Mobile Safari/537.36 (compatible; PetalBot;+https://aspiegel.com/petalbot)"
178.154.200.81 - - [22/Jul/2020:23:11:45 +0000] "GET /%D0%BF%D0%BB%D1%8B%D0%B2%D0%B5%D1%82-%D0%92%D0%B0%D1%81%D0%B8%D0%BB%D0%B8%D0%B9-%D0%98%D0%B2%D0%B0%D0%BD%D0%BE%D0%B2%D0%B8%D1%87-%D0%A7%D0%B0%D0%BF%D0%B0%D0%B5%D0%B2-%D0%B2-%D1%80%D0%B5%D0%BA%D0%B5-%D0%B8-%D0%B3%D1%80%D0%B5%D0%B1%D0%B5%D1%82/?p=3 HTTP/1.1" 200 9547 "-" "Mozilla/5.0 (compatible; YandexBot/3.0; +http://yandex.com/bots)" "-"
178.154.200.81 - - [22/Jul/2020:23:11:45 +0000] "GET /%D0%BF%D0%BB%D1%8B%D0%B2%D0%B5%D1%82-%D0%92%D0%B0%D1%81%D0%B8%D0%BB%D0%B8%D0%B9-%D0%98%D0%B2%D0%B0%D0%BD%D0%BE%D0%B2%D0%B8%D1%87-%D0%A7%D0%B0%D0%BF%D0%B0%D0%B5%D0%B2-%D0%B2-%D1%80%D0%B5%D0%BA%D0%B5-%D0%B8-%D0%B3%D1%80%D0%B5%D0%B1%D0%B5%D1%82/?p=3 HTTP/1.1" 200 9547 "-" "Mozilla/5.0 (compatible; YandexBot/3.0; +http://yandex.com/bots)"
5.45.207.181 - - [22/Jul/2020:23:11:46 +0000] "GET /%D0%B4%D0%B5%D0%B2%D1%83%D1%88%D0%BA%D0%B0-%D0%B2-%D0%B2%D0%B0%D0%BD%D0%BD%D0%BE%D0%B9-%D0%BC%D0%BE%D0%B5%D1%82%D1%81%D1%8F-%D0%BD%D0%B5%D0%BE%D0%B6%D0%B8%D0%B4%D0%B0%D0%BD%D0%BD%D0%BE-%D0%B7%D0%B0%D1%85%D0%BE%D0%B4%D0%B8%D1%82/?p=1 HTTP/1.1" 200 13298 "-" "Mozilla/5.0 (compatible; YandexBot/3.0; +http://yandex.com/bots)" "-"
5.45.207.181 - - [22/Jul/2020:23:11:46 +0000] "GET /%D0%B4%D0%B5%D0%B2%D1%83%D1%88%D0%BA%D0%B0-%D0%B2-%D0%B2%D0%B0%D0%BD%D0%BD%D0%BE%D0%B9-%D0%BC%D0%BE%D0%B5%D1%82%D1%81%D1%8F-%D0%BD%D0%B5%D0%BE%D0%B6%D0%B8%D0%B4%D0%B0%D0%BD%D0%BD%D0%BE-%D0%B7%D0%B0%D1%85%D0%BE%D0%B4%D0%B8%D1%82/?p=1 HTTP/1.1" 200 13298 "-" "Mozilla/5.0 (compatible; YandexBot/3.0; +http://yandex.com/bots)"
178.154.200.81 - - [22/Jul/2020:23:11:46 +0000] "GET /atom/ HTTP/1.1" 200 20080 "-" "Mozilla/5.0 (compatible; YandexBot/3.0; +http://yandex.com/bots)" "-"
178.154.200.81 - - [22/Jul/2020:23:11:46 +0000] "GET /atom/ HTTP/1.1" 200 20080 "-" "Mozilla/5.0 (compatible; YandexBot/3.0; +http://yandex.com/bots)"
114.119.160.172 - - [22/Jul/2020:23:11:46 +0000] "GET /tag/%D0%B4%D0%B5%D0%B2%D1%83%D1%88%D0%BA%D0%B0/?p=17 HTTP/1.1" 200 11062 "-" "Mozilla/5.0 (Linux; Android 7.0;) AppleWebKit/537.36 (KHTML, like Gecko) Mobile Safari/537.36 (compatible; PetalBot;+https://aspiegel.com/petalbot)" "-"
114.119.160.172 - - [22/Jul/2020:23:11:46 +0000] "GET /tag/%D0%B4%D0%B5%D0%B2%D1%83%D1%88%D0%BA%D0%B0/?p=17 HTTP/1.1" 200 11062 "-" "Mozilla/5.0 (Linux; Android 7.0;) AppleWebKit/537.36 (KHTML, like Gecko) Mobile Safari/537.36 (compatible; PetalBot;+https://aspiegel.com/petalbot)"
95.163.255.150 - - [22/Jul/2020:23:11:49 +0000] "GET /-%D0%B2%D0%B0%D1%88%D0%B8-%D1%81%D0%BF%D0%B5%D1%86%D1%81%D0%BB%D1%83%D0%B6%D0%B1%D1%8B-%D0%BF%D1%8B%D1%82%D0%B0%D0%BB%D0%B8%D1%81%D1%8C-%D0%BE%D1%82%D1%80%D0%B0%D0%B2%D0%B8%D1%82%D1%8C-%D0%B1%D1%8B%D0%B2%D1%88%D0%B5%D0%B3%D0%BE-%D1%88%D0%BF%D0%B8%D0%BE%D0%BD%D0%B0/ HTTP/1.1" 200 13972 "-" "Mozilla/5.0 (compatible; Linux x86_64; Mail.RU_Bot/2.0; +http://go.mail.ru/help/robots)" "-"
95.163.255.150 - - [22/Jul/2020:23:11:49 +0000] "GET /-%D0%B2%D0%B0%D1%88%D0%B8-%D1%81%D0%BF%D0%B5%D1%86%D1%81%D0%BB%D1%83%D0%B6%D0%B1%D1%8B-%D0%BF%D1%8B%D1%82%D0%B0%D0%BB%D0%B8%D1%81%D1%8C-%D0%BE%D1%82%D1%80%D0%B0%D0%B2%D0%B8%D1%82%D1%8C-%D0%B1%D1%8B%D0%B2%D1%88%D0%B5%D0%B3%D0%BE-%D1%88%D0%BF%D0%B8%D0%BE%D0%BD%D0%B0/ HTTP/1.1" 200 13972 "-" "Mozilla/5.0 (compatible; Linux x86_64; Mail.RU_Bot/2.0; +http://go.mail.ru/help/robots)"
178.154.200.81 - - [22/Jul/2020:23:11:51 +0000] "GET /%D0%B7%D0%BD%D0%B0%D0%B5%D1%88%D1%8C-%D0%B8%D0%B3%D1%80%D1%83-%D0%B7%D0%B0%D0%BB%D1%83%D0%BF%D0%B0-%D0%BD%D0%B5%D1%82/?p=3 HTTP/1.1" 200 8089 "-" "Mozilla/5.0 (compatible; YandexBot/3.0; +http://yandex.com/bots)" "-"
178.154.200.81 - - [22/Jul/2020:23:11:51 +0000] "GET /%D0%B7%D0%BD%D0%B0%D0%B5%D1%88%D1%8C-%D0%B8%D0%B3%D1%80%D1%83-%D0%B7%D0%B0%D0%BB%D1%83%D0%BF%D0%B0-%D0%BD%D0%B5%D1%82/?p=3 HTTP/1.1" 200 8089 "-" "Mozilla/5.0 (compatible; YandexBot/3.0; +http://yandex.com/bots)"
46.229.168.154 - - [22/Jul/2020:23:11:52 +0000] "GET /%D0%BC%D0%B0%D0%BB%D0%B5%D0%BD%D1%8C%D0%BA%D0%B8%D0%B9-%D1%81%D1%8B%D0%BD-%D1%81-%D0%BF%D0%B0%D0%BF%D0%BE%D0%B9-%D0%B2-%D0%B1%D0%B0%D0%BD%D0%B5-%D0%BE%D0%B3%D0%BE-%D0%BF%D0%B0%D0%BF%D0%B0-%D0%BA%D0%B0%D0%BA%D0%B0%D1%8F-%D1%83-%D1%82%D0%B5%D0%B1%D1%8F/ HTTP/1.1" 200 11568 "-" "Mozilla/5.0 (compatible; SemrushBot/6~bl; +http://www.semrush.com/bot.html)" "-"
46.229.168.154 - - [22/Jul/2020:23:11:52 +0000] "GET /%D0%BC%D0%B0%D0%BB%D0%B5%D0%BD%D1%8C%D0%BA%D0%B8%D0%B9-%D1%81%D1%8B%D0%BD-%D1%81-%D0%BF%D0%B0%D0%BF%D0%BE%D0%B9-%D0%B2-%D0%B1%D0%B0%D0%BD%D0%B5-%D0%BE%D0%B3%D0%BE-%D0%BF%D0%B0%D0%BF%D0%B0-%D0%BA%D0%B0%D0%BA%D0%B0%D1%8F-%D1%83-%D1%82%D0%B5%D0%B1%D1%8F/ HTTP/1.1" 200 11568 "-" "Mozilla/5.0 (compatible; SemrushBot/6~bl; +http://www.semrush.com/bot.html)"
178.154.200.81 - - [22/Jul/2020:23:11:52 +0000] "GET /%D0%B7%D0%B0%D1%85%D0%BE%D0%B4%D1%8F%D1%82-%D0%BA%D0%B0%D0%BA-%D1%82%D0%BE-%D0%B2-%D0%B1%D0%B0%D1%80-%D0%98%D0%B8%D1%81%D1%83%D1%81-%D0%91%D1%83%D0%B4%D0%B4%D0%B0-%D0%B8-%D0%90%D0%BB%D0%BB%D0%B0%D1%85/ HTTP/1.1" 200 13461 "-" "Mozilla/5.0 (compatible; YandexBot/3.0; +http://yandex.com/bots)" "-"
178.154.200.81 - - [22/Jul/2020:23:11:52 +0000] "GET /%D0%B7%D0%B0%D1%85%D0%BE%D0%B4%D1%8F%D1%82-%D0%BA%D0%B0%D0%BA-%D1%82%D0%BE-%D0%B2-%D0%B1%D0%B0%D1%80-%D0%98%D0%B8%D1%81%D1%83%D1%81-%D0%91%D1%83%D0%B4%D0%B4%D0%B0-%D0%B8-%D0%90%D0%BB%D0%BB%D0%B0%D1%85/ HTTP/1.1" 200 13461 "-" "Mozilla/5.0 (compatible; YandexBot/3.0; +http://yandex.com/bots)"
178.154.200.81 - - [22/Jul/2020:23:11:57 +0000] "GET /best/ HTTP/1.1" 200 16146 "-" "Mozilla/5.0 (compatible; YandexBot/3.0; +http://yandex.com/bots)" "-"
178.154.200.81 - - [22/Jul/2020:23:11:57 +0000] "GET /best/ HTTP/1.1" 200 16146 "-" "Mozilla/5.0 (compatible; YandexBot/3.0; +http://yandex.com/bots)"
178.154.200.81 - - [22/Jul/2020:23:11:57 +0000] "GET /%D0%BF%D1%80%D0%B8%D1%85%D0%BE%D0%B4%D0%B8%D1%82-%D0%B1%D0%B0%D0%B1%D0%BA%D0%B0-%D1%87%D0%B5%D0%BB%D0%BE%D0%B2%D0%B5%D0%BA-%D0%B2-%D1%81%D1%82%D0%BE%D0%BB%D0%BE%D0%B2%D1%83%D1%8E-%D0%B8-%D0%BA%D0%BB%D0%B0%D0%B4%D0%B5%D1%82-%D0%BD%D0%B0/?p=1 HTTP/1.1" 200 12558 "-" "Mozilla/5.0 (compatible; YandexBot/3.0; +http://yandex.com/bots)" "-"
178.154.200.81 - - [22/Jul/2020:23:11:57 +0000] "GET /%D0%BF%D1%80%D0%B8%D1%85%D0%BE%D0%B4%D0%B8%D1%82-%D0%B1%D0%B0%D0%B1%D0%BA%D0%B0-%D1%87%D0%B5%D0%BB%D0%BE%D0%B2%D0%B5%D0%BA-%D0%B2-%D1%81%D1%82%D0%BE%D0%BB%D0%BE%D0%B2%D1%83%D1%8E-%D0%B8-%D0%BA%D0%BB%D0%B0%D0%B4%D0%B5%D1%82-%D0%BD%D0%B0/?p=1 HTTP/1.1" 200 12558 "-" "Mozilla/5.0 (compatible; YandexBot/3.0; +http://yandex.com/bots)"
5.45.207.181 - - [22/Jul/2020:23:11:57 +0000] "GET / HTTP/1.1" 200 5068 "-" "Mozilla/5.0 (compatible; YandexBot/3.0; +http://yandex.com/bots)" "-"
5.45.207.181 - - [22/Jul/2020:23:11:57 +0000] "GET / HTTP/1.1" 200 5068 "-" "Mozilla/5.0 (compatible; YandexBot/3.0; +http://yandex.com/bots)"
178.154.200.151 - - [22/Jul/2020:23:11:58 +0000] "GET /%D0%B7%D0%B0%D1%85%D0%B2%D0%B0%D1%82%D0%B8%D0%BB%D0%B8-%D0%BD%D0%B5%D0%BC%D1%86%D1%8B-%D0%B2-%D0%BF%D0%BB%D0%B5%D0%BD-%D0%BA%D0%BE%D0%BC%D0%B8%D1%81%D1%81%D0%B0%D1%80%D0%BE%D0%B2-%D0%B3%D0%BE%D0%BC%D0%BE%D1%81%D0%B5%D0%BA%D0%BE%D0%B2/?p=2 HTTP/1.1" 200 13579 "-" "Mozilla/5.0 (compatible; YandexBot/3.0; +http://yandex.com/bots)" "-"
178.154.200.151 - - [22/Jul/2020:23:11:58 +0000] "GET /%D0%B7%D0%B0%D1%85%D0%B2%D0%B0%D1%82%D0%B8%D0%BB%D0%B8-%D0%BD%D0%B5%D0%BC%D1%86%D1%8B-%D0%B2-%D0%BF%D0%BB%D0%B5%D0%BD-%D0%BA%D0%BE%D0%BC%D0%B8%D1%81%D1%81%D0%B0%D1%80%D0%BE%D0%B2-%D0%B3%D0%BE%D0%BC%D0%BE%D1%81%D0%B5%D0%BA%D0%BE%D0%B2/?p=2 HTTP/1.1" 200 13579 "-" "Mozilla/5.0 (compatible; YandexBot/3.0; +http://yandex.com/bots)"
178.154.200.81 - - [22/Jul/2020:23:11:59 +0000] "GET /%D0%BF%D0%B5%D1%81%D1%81%D0%B8%D0%BC%D0%B8%D1%81%D1%82-%D0%B2%D1%81%D0%B5%D0%B3%D0%B4%D0%B0-%D1%81%D0%BF%D0%B8%D1%82-%D1%81-%D0%BD%D0%BE%D0%B6%D0%BE%D0%BC-%D0%BF%D0%BE%D0%B4-%D0%BF%D0%BE%D0%B4%D1%83%D1%88%D0%BA%D0%BE%D0%B9/?p=2 HTTP/1.1" 200 14018 "-" "Mozilla/5.0 (compatible; YandexBot/3.0; +http://yandex.com/bots)" "-"
178.154.200.81 - - [22/Jul/2020:23:11:59 +0000] "GET /%D0%BF%D0%B5%D1%81%D1%81%D0%B8%D0%BC%D0%B8%D1%81%D1%82-%D0%B2%D1%81%D0%B5%D0%B3%D0%B4%D0%B0-%D1%81%D0%BF%D0%B8%D1%82-%D1%81-%D0%BD%D0%BE%D0%B6%D0%BE%D0%BC-%D0%BF%D0%BE%D0%B4-%D0%BF%D0%BE%D0%B4%D1%83%D1%88%D0%BA%D0%BE%D0%B9/?p=2 HTTP/1.1" 200 14018 "-" "Mozilla/5.0 (compatible; YandexBot/3.0; +http://yandex.com/bots)"
178.154.200.81 - - [22/Jul/2020:23:12:00 +0000] "GET /%D0%BF%D0%BE-%D1%80%D0%B0%D0%B4%D0%B8%D0%BE-%D0%BF%D1%80%D0%B5%D1%80%D1%8B%D0%B2%D0%B0%D0%B5%D1%82%D1%81%D1%8F-%D0%BF%D1%80%D0%BE%D0%B3%D1%80%D0%B0%D0%BC%D0%BC%D0%B0-%D0%B8-%D0%B4%D0%B8%D0%BA%D1%82%D0%BE%D1%80-%D1%81%D0%BE%D0%BE%D0%B1%D1%89%D0%B0%D0%B5%D1%82/?p=2 HTTP/1.1" 200 18272 "-" "Mozilla/5.0 (compatible; YandexBot/3.0; +http://yandex.com/bots)" "-"
178.154.200.81 - - [22/Jul/2020:23:12:00 +0000] "GET /%D0%BF%D0%BE-%D1%80%D0%B0%D0%B4%D0%B8%D0%BE-%D0%BF%D1%80%D0%B5%D1%80%D1%8B%D0%B2%D0%B0%D0%B5%D1%82%D1%81%D1%8F-%D0%BF%D1%80%D0%BE%D0%B3%D1%80%D0%B0%D0%BC%D0%BC%D0%B0-%D0%B8-%D0%B4%D0%B8%D0%BA%D1%82%D0%BE%D1%80-%D1%81%D0%BE%D0%BE%D0%B1%D1%89%D0%B0%D0%B5%D1%82/?p=2 HTTP/1.1" 200 18272 "-" "Mozilla/5.0 (compatible; YandexBot/3.0; +http://yandex.com/bots)"
5.45.207.181 - - [22/Jul/2020:23:12:00 +0000] "GET /%D0%B2%D1%81%D1%8F%D0%BA%D0%BE%D0%B3%D0%BE-%D0%BA%D1%82%D0%BE-%D1%81%D0%BC%D0%BE%D1%82%D1%80%D0%B5%D0%BB-%D0%BF%D0%BE-%D1%82%D0%B5%D0%BB%D0%B5%D0%B2%D0%B8%D0%B7%D0%BE%D1%80%D1%83-%D0%BA%D0%BE%D0%BD%D1%86%D0%B5%D1%80%D1%82-%D1%81%D0%BA%D0%B0%D0%B6%D0%B5%D0%BC/?p=2 HTTP/1.1" 200 16924 "-" "Mozilla/5.0 (compatible; YandexBot/3.0; +http://yandex.com/bots)" "-"
5.45.207.181 - - [22/Jul/2020:23:12:00 +0000] "GET /%D0%B2%D1%81%D1%8F%D0%BA%D0%BE%D0%B3%D0%BE-%D0%BA%D1%82%D0%BE-%D1%81%D0%BC%D0%BE%D1%82%D1%80%D0%B5%D0%BB-%D0%BF%D0%BE-%D1%82%D0%B5%D0%BB%D0%B5%D0%B2%D0%B8%D0%B7%D0%BE%D1%80%D1%83-%D0%BA%D0%BE%D0%BD%D1%86%D0%B5%D1%80%D1%82-%D1%81%D0%BA%D0%B0%D0%B6%D0%B5%D0%BC/?p=2 HTTP/1.1" 200 16924 "-" "Mozilla/5.0 (compatible; YandexBot/3.0; +http://yandex.com/bots)"
178.154.200.81 - - [22/Jul/2020:23:12:01 +0000] "GET /%D1%82%D0%BE%D0%BD%D0%B5%D1%82-%D0%BA%D0%BE%D1%80%D0%B0%D0%B1%D0%BB%D1%8C-%D0%BD%D0%B5%D0%B2%D0%BE%D0%B7%D0%BC%D1%83%D1%82%D0%B8%D0%BC%D1%8B%D0%B9-%D0%B0%D0%BD%D0%B3%D0%BB%D0%B8%D1%87%D0%B0%D0%BD%D0%B8%D0%BD-%D1%81-%D1%82%D1%80%D1%83%D0%B1%D0%BA%D0%BE%D0%B9/?p=1 HTTP/1.1" 200 13906 "-" "Mozilla/5.0 (compatible; YandexBot/3.0; +http://yandex.com/bots)" "-"
178.154.200.81 - - [22/Jul/2020:23:12:01 +0000] "GET /%D1%82%D0%BE%D0%BD%D0%B5%D1%82-%D0%BA%D0%BE%D1%80%D0%B0%D0%B1%D0%BB%D1%8C-%D0%BD%D0%B5%D0%B2%D0%BE%D0%B7%D0%BC%D1%83%D1%82%D0%B8%D0%BC%D1%8B%D0%B9-%D0%B0%D0%BD%D0%B3%D0%BB%D0%B8%D1%87%D0%B0%D0%BD%D0%B8%D0%BD-%D1%81-%D1%82%D1%80%D1%83%D0%B1%D0%BA%D0%BE%D0%B9/?p=1 HTTP/1.1" 200 13906 "-" "Mozilla/5.0 (compatible; YandexBot/3.0; +http://yandex.com/bots)"
5.45.207.181 - - [22/Jul/2020:23:12:01 +0000] "GET /rss/ HTTP/1.1" 200 7651 "-" "Mozilla/5.0 (compatible; YandexBot/3.0; +http://yandex.com/bots)" "-"
5.45.207.181 - - [22/Jul/2020:23:12:01 +0000] "GET /rss/ HTTP/1.1" 200 7651 "-" "Mozilla/5.0 (compatible; YandexBot/3.0; +http://yandex.com/bots)"
178.154.200.81 - - [22/Jul/2020:23:12:04 +0000] "GET /%D0%BB%D1%8E%D0%B1%D0%B8%D0%BC%D1%8B%D0%B9-%D1%82%D1%8B-%D0%BD%D0%B5-%D0%B2%D0%B8%D0%B4%D0%B5%D0%BB-%D0%BC%D0%BE%D0%B8-%D0%BA%D1%83%D0%BF%D0%BE%D0%BD%D1%8B-%D0%B2-%D1%81%D0%BE%D0%BB%D1%8F%D1%80%D0%B8%D0%B9/?p=3 HTTP/1.1" 200 8380 "-" "Mozilla/5.0 (compatible; YandexBot/3.0; +http://yandex.com/bots)" "-"
178.154.200.81 - - [22/Jul/2020:23:12:04 +0000] "GET /%D0%BB%D1%8E%D0%B1%D0%B8%D0%BC%D1%8B%D0%B9-%D1%82%D1%8B-%D0%BD%D0%B5-%D0%B2%D0%B8%D0%B4%D0%B5%D0%BB-%D0%BC%D0%BE%D0%B8-%D0%BA%D1%83%D0%BF%D0%BE%D0%BD%D1%8B-%D0%B2-%D1%81%D0%BE%D0%BB%D1%8F%D1%80%D0%B8%D0%B9/?p=3 HTTP/1.1" 200 8380 "-" "Mozilla/5.0 (compatible; YandexBot/3.0; +http://yandex.com/bots)"
66.249.68.36 - - [22/Jul/2020:23:12:05 +0000] "GET /%D1%83%D1%80%D0%BE%D0%BA-%D0%B0%D1%82%D0%B5%D0%B8%D0%B7%D0%BC%D0%B0-%D1%83%D1%87%D0%B8%D1%82%D0%B5%D0%BB%D1%8C%D0%BD%D0%B8%D1%86%D0%B0-%D0%B3%D0%BE%D0%B2%D0%BE%D1%80%D0%B8%D1%82-%D0%B4%D0%B5%D1%82%D0%BA%D0%B8-%D0%B1%D0%BE%D0%B3%D0%B0-%D0%BD%D0%B5%D1%82/?p=2 HTTP/1.1" 304 0 "-" "Mozilla/5.0 (Linux; Android 6.0.1; Nexus 5X Build/MMB29P) AppleWebKit/537.36 (KHTML, like Gecko) Chrome/80.0.3987.92 Mobile Safari/537.36 (compatible; Googlebot/2.1; +http://www.google.com/bot.html)" "-"
66.249.68.36 - - [22/Jul/2020:23:12:05 +0000] "GET /%D1%83%D1%80%D0%BE%D0%BA-%D0%B0%D1%82%D0%B5%D0%B8%D0%B7%D0%BC%D0%B0-%D1%83%D1%87%D0%B8%D1%82%D0%B5%D0%BB%D1%8C%D0%BD%D0%B8%D1%86%D0%B0-%D0%B3%D0%BE%D0%B2%D0%BE%D1%80%D0%B8%D1%82-%D0%B4%D0%B5%D1%82%D0%BA%D0%B8-%D0%B1%D0%BE%D0%B3%D0%B0-%D0%BD%D0%B5%D1%82/?p=2 HTTP/1.1" 304 0 "-" "Mozilla/5.0 (Linux; Android 6.0.1; Nexus 5X Build/MMB29P) AppleWebKit/537.36 (KHTML, like Gecko) Chrome/80.0.3987.92 Mobile Safari/537.36 (compatible; Googlebot/2.1; +http://www.google.com/bot.html)"
46.229.168.133 - - [22/Jul/2020:23:12:08 +0000] "GET /%D1%81%D0%B0%D0%BC%D1%8B%D0%B9-%D0%BA%D0%BE%D1%80%D0%BE%D1%82%D0%BA%D0%B8%D0%B9-%D0%BF%D1%83%D1%82%D1%8C-%D0%BA-%D1%81%D0%B5%D1%80%D0%B4%D1%86%D1%83-%D0%B6%D0%B5%D0%BD%D1%89%D0%B8%D0%BD%D1%8B-%D1%8D%D1%82%D0%BE/ HTTP/1.1" 200 12525 "-" "Mozilla/5.0 (compatible; SemrushBot/6~bl; +http://www.semrush.com/bot.html)" "-"
46.229.168.133 - - [22/Jul/2020:23:12:08 +0000] "GET /%D1%81%D0%B0%D0%BC%D1%8B%D0%B9-%D0%BA%D0%BE%D1%80%D0%BE%D1%82%D0%BA%D0%B8%D0%B9-%D0%BF%D1%83%D1%82%D1%8C-%D0%BA-%D1%81%D0%B5%D1%80%D0%B4%D1%86%D1%83-%D0%B6%D0%B5%D0%BD%D1%89%D0%B8%D0%BD%D1%8B-%D1%8D%D1%82%D0%BE/ HTTP/1.1" 200 12525 "-" "Mozilla/5.0 (compatible; SemrushBot/6~bl; +http://www.semrush.com/bot.html)"
178.154.200.81 - - [22/Jul/2020:23:12:08 +0000] "GET /%D0%BF%D0%BE%D0%B9%D0%B4%D0%B5%D0%BC-%D0%BA%D0%BE-%D0%BC%D0%BD%D0%B5-%D0%B4%D0%BE%D0%BC%D0%BE%D0%B9-%D0%B7%D0%B0%D1%87%D0%B5%D0%BC-%D0%BD%D1%83-%D0%BA%D0%BD%D0%B8%D0%B6%D0%BA%D0%B8-%D0%BF%D0%BE%D1%87%D0%B8%D1%82%D0%B0%D0%B5%D0%BC/?p=2 HTTP/1.1" 200 13215 "-" "Mozilla/5.0 (compatible; YandexBot/3.0; +http://yandex.com/bots)" "-"
178.154.200.81 - - [22/Jul/2020:23:12:08 +0000] "GET /%D0%BF%D0%BE%D0%B9%D0%B4%D0%B5%D0%BC-%D0%BA%D0%BE-%D0%BC%D0%BD%D0%B5-%D0%B4%D0%BE%D0%BC%D0%BE%D0%B9-%D0%B7%D0%B0%D1%87%D0%B5%D0%BC-%D0%BD%D1%83-%D0%BA%D0%BD%D0%B8%D0%B6%D0%BA%D0%B8-%D0%BF%D0%BE%D1%87%D0%B8%D1%82%D0%B0%D0%B5%D0%BC/?p=2 HTTP/1.1" 200 13215 "-" "Mozilla/5.0 (compatible; YandexBot/3.0; +http://yandex.com/bots)"
178.151.94.4 - - [22/Jul/2020:23:12:11 +0000] "GET /%D0%B7%D0%B0%D1%85%D0%BE%D0%B4%D0%B8%D1%82-%D0%B1%D0%B5%D1%81%D0%BA%D0%BE%D0%BD%D0%B5%D1%87%D0%BD%D0%BE%D0%B5-%D0%BC%D0%BD%D0%BE%D0%B6%D0%B5%D1%81%D1%82%D0%B2%D0%BE-%D0%BC%D0%B0%D1%82%D0%B5%D0%BC%D0%B0%D1%82%D0%B8%D0%BA%D0%BE%D0%B2-%D0%B2/ HTTP/2.0" 200 13164 "https://baneks.site/tag/%D0%BC%D0%B0%D1%82%D0%B5%D0%BC%D0%B0%D1%82%D0%B8%D0%BA/?p=2" "Mozilla/5.0 (Linux; Android 9; STK-LX1) AppleWebKit/537.36 (KHTML, like Gecko) Chrome/84.0.4147.89 Mobile Safari/537.36" "-"
178.151.94.4 - - [22/Jul/2020:23:12:11 +0000] "GET /%D0%B7%D0%B0%D1%85%D0%BE%D0%B4%D0%B8%D1%82-%D0%B1%D0%B5%D1%81%D0%BA%D0%BE%D0%BD%D0%B5%D1%87%D0%BD%D0%BE%D0%B5-%D0%BC%D0%BD%D0%BE%D0%B6%D0%B5%D1%81%D1%82%D0%B2%D0%BE-%D0%BC%D0%B0%D1%82%D0%B5%D0%BC%D0%B0%D1%82%D0%B8%D0%BA%D0%BE%D0%B2-%D0%B2/ HTTP/2.0" 200 13164 "https://baneks.site/tag/%D0%BC%D0%B0%D1%82%D0%B5%D0%BC%D0%B0%D1%82%D0%B8%D0%BA/?p=2" "Mozilla/5.0 (Linux; Android 9; STK-LX1) AppleWebKit/537.36 (KHTML, like Gecko) Chrome/84.0.4147.89 Mobile Safari/537.36"
178.154.200.81 - - [22/Jul/2020:23:12:12 +0000] "GET /tag/%D1%81%D1%82%D0%B0%D0%BB%D0%B8%D0%BD/?p=3 HTTP/1.1" 200 11577 "-" "Mozilla/5.0 (compatible; YandexBot/3.0; +http://yandex.com/bots)" "-"
178.154.200.81 - - [22/Jul/2020:23:12:12 +0000] "GET /tag/%D1%81%D1%82%D0%B0%D0%BB%D0%B8%D0%BD/?p=3 HTTP/1.1" 200 11577 "-" "Mozilla/5.0 (compatible; YandexBot/3.0; +http://yandex.com/bots)"
46.229.168.129 - - [22/Jul/2020:23:12:21 +0000] "GET /%D0%BF%D1%80%D0%B8%D1%85%D0%BE%D0%B4%D0%B8%D1%82-%D0%BC%D1%83%D0%B6%D0%B8%D0%BA-%D0%B2-%D1%80%D0%BE%D0%B4%D0%B4%D0%BE%D0%BC-%D0%BA-%D0%BD%D0%B5%D0%BC%D1%83-%D0%B2%D1%8B%D1%85%D0%BE%D0%B4%D0%B8%D1%82-%D0%BC%D0%B5%D0%B4%D1%81%D0%B5%D1%81%D1%82%D1%80%D0%B0/ HTTP/1.1" 200 13610 "-" "Mozilla/5.0 (compatible; SemrushBot/6~bl; +http://www.semrush.com/bot.html)" "-"
46.229.168.129 - - [22/Jul/2020:23:12:21 +0000] "GET /%D0%BF%D1%80%D0%B8%D1%85%D0%BE%D0%B4%D0%B8%D1%82-%D0%BC%D1%83%D0%B6%D0%B8%D0%BA-%D0%B2-%D1%80%D0%BE%D0%B4%D0%B4%D0%BE%D0%BC-%D0%BA-%D0%BD%D0%B5%D0%BC%D1%83-%D0%B2%D1%8B%D1%85%D0%BE%D0%B4%D0%B8%D1%82-%D0%BC%D0%B5%D0%B4%D1%81%D0%B5%D1%81%D1%82%D1%80%D0%B0/ HTTP/1.1" 200 13610 "-" "Mozilla/5.0 (compatible; SemrushBot/6~bl; +http://www.semrush.com/bot.html)"
178.154.200.81 - - [22/Jul/2020:23:12:30 +0000] "GET /%D0%BF%D0%BE%D0%B4%D1%85%D0%BE%D0%B4%D0%B8%D1%82-%D0%B0%D0%BD%D0%B8%D0%BC%D0%B5-%D0%BA-%D0%BA%D0%BE%D0%BC%D0%BD%D0%B0%D1%82%D0%B5-%D0%B0-%D0%B2%D0%BE%D0%B9%D1%82%D0%B8-%D0%BD%D0%B5-%D0%BC%D0%BE%D0%B6%D0%B5%D1%82-%D0%BE%D0%BD%D0%BE-%D0%B6%D0%B5/?p=2 HTTP/1.1" 200 13047 "-" "Mozilla/5.0 (compatible; YandexBot/3.0; +http://yandex.com/bots)" "-"
178.154.200.81 - - [22/Jul/2020:23:12:30 +0000] "GET /%D0%BF%D0%BE%D0%B4%D1%85%D0%BE%D0%B4%D0%B8%D1%82-%D0%B0%D0%BD%D0%B8%D0%BC%D0%B5-%D0%BA-%D0%BA%D0%BE%D0%BC%D0%BD%D0%B0%D1%82%D0%B5-%D0%B0-%D0%B2%D0%BE%D0%B9%D1%82%D0%B8-%D0%BD%D0%B5-%D0%BC%D0%BE%D0%B6%D0%B5%D1%82-%D0%BE%D0%BD%D0%BE-%D0%B6%D0%B5/?p=2 HTTP/1.1" 200 13047 "-" "Mozilla/5.0 (compatible; YandexBot/3.0; +http://yandex.com/bots)"
178.151.94.4 - - [22/Jul/2020:23:12:31 +0000] "GET /%D0%B4%D0%B2%D0%B0-%D0%BC%D0%B0%D1%82%D0%B5%D0%BC%D0%B0%D1%82%D0%B8%D0%BA%D0%B0-%D0%B2-%D1%80%D0%B5%D1%81%D1%82%D0%BE%D1%80%D0%B0%D0%BD%D0%B5-%D0%BF%D0%BE%D1%81%D0%BF%D0%BE%D1%80%D0%B8%D0%BB%D0%B8-%D0%BD%D0%B0%D1%81%D0%BA%D0%BE%D0%BB%D1%8C%D0%BA%D0%BE/ HTTP/2.0" 200 19104 "https://baneks.site/tag/%D0%BC%D0%B0%D1%82%D0%B5%D0%BC%D0%B0%D1%82%D0%B8%D0%BA/?p=2" "Mozilla/5.0 (Linux; Android 9; STK-LX1) AppleWebKit/537.36 (KHTML, like Gecko) Chrome/84.0.4147.89 Mobile Safari/537.36" "-"
178.151.94.4 - - [22/Jul/2020:23:12:31 +0000] "GET /%D0%B4%D0%B2%D0%B0-%D0%BC%D0%B0%D1%82%D0%B5%D0%BC%D0%B0%D1%82%D0%B8%D0%BA%D0%B0-%D0%B2-%D1%80%D0%B5%D1%81%D1%82%D0%BE%D1%80%D0%B0%D0%BD%D0%B5-%D0%BF%D0%BE%D1%81%D0%BF%D0%BE%D1%80%D0%B8%D0%BB%D0%B8-%D0%BD%D0%B0%D1%81%D0%BA%D0%BE%D0%BB%D1%8C%D0%BA%D0%BE/ HTTP/2.0" 200 19104 "https://baneks.site/tag/%D0%BC%D0%B0%D1%82%D0%B5%D0%BC%D0%B0%D1%82%D0%B8%D0%BA/?p=2" "Mozilla/5.0 (Linux; Android 9; STK-LX1) AppleWebKit/537.36 (KHTML, like Gecko) Chrome/84.0.4147.89 Mobile Safari/537.36"
178.154.200.81 - - [22/Jul/2020:23:12:31 +0000] "GET /search/ HTTP/1.1" 200 3832 "-" "Mozilla/5.0 (compatible; YandexBot/3.0; +http://yandex.com/bots)" "-"
178.154.200.81 - - [22/Jul/2020:23:12:31 +0000] "GET /search/ HTTP/1.1" 200 3832 "-" "Mozilla/5.0 (compatible; YandexBot/3.0; +http://yandex.com/bots)"
5.45.207.181 - - [22/Jul/2020:23:12:32 +0000] "GET /%D0%BF%D1%80%D0%B5%D0%B4%D0%BB%D0%BE%D0%B6%D0%B8%D0%BB-%D0%B4%D0%B5%D0%B2%D1%83%D1%88%D0%BA%D0%B5-%D1%81%D0%B4%D0%B5%D0%BB%D0%B0%D1%82%D1%8C-%D0%9A%D1%83%D0%B1%D0%B0-%D0%9B%D0%B8%D0%B1%D1%80%D0%B5-%D0%BE%D0%BD%D0%B0-%D0%BD%D0%B5%D1%85%D0%BE%D1%82%D1%8F/?p=1 HTTP/1.1" 200 14090 "-" "Mozilla/5.0 (compatible; YandexBot/3.0; +http://yandex.com/bots)" "-"
5.45.207.181 - - [22/Jul/2020:23:12:32 +0000] "GET /%D0%BF%D1%80%D0%B5%D0%B4%D0%BB%D0%BE%D0%B6%D0%B8%D0%BB-%D0%B4%D0%B5%D0%B2%D1%83%D1%88%D0%BA%D0%B5-%D1%81%D0%B4%D0%B5%D0%BB%D0%B0%D1%82%D1%8C-%D0%9A%D1%83%D0%B1%D0%B0-%D0%9B%D0%B8%D0%B1%D1%80%D0%B5-%D0%BE%D0%BD%D0%B0-%D0%BD%D0%B5%D1%85%D0%BE%D1%82%D1%8F/?p=1 HTTP/1.1" 200 14090 "-" "Mozilla/5.0 (compatible; YandexBot/3.0; +http://yandex.com/bots)"
46.229.168.144 - - [22/Jul/2020:23:12:35 +0000] "GET /tag/%D0%BC%D1%83%D0%B6%D0%B8%D0%BA/?p=178 HTTP/1.1" 200 11313 "-" "Mozilla/5.0 (compatible; SemrushBot/6~bl; +http://www.semrush.com/bot.html)" "-"
46.229.168.144 - - [22/Jul/2020:23:12:35 +0000] "GET /tag/%D0%BC%D1%83%D0%B6%D0%B8%D0%BA/?p=178 HTTP/1.1" 200 11313 "-" "Mozilla/5.0 (compatible; SemrushBot/6~bl; +http://www.semrush.com/bot.html)"
178.154.200.81 - - [22/Jul/2020:23:12:36 +0000] "GET /%D0%BD%D0%B0-%D0%B2%D1%8B%D1%81%D0%BE%D0%BA%D0%BE%D0%B9-%D0%B3%D0%BE%D1%80%D0%B5-%D1%81%D1%82%D0%BE%D1%8F%D0%BB-%D1%83%D1%87%D0%B8%D1%82%D0%B5%D0%BB%D1%8C-%D0%BA-%D0%BD%D0%B5%D0%BC%D1%83-%D0%BF%D0%BE%D0%B4%D0%BE%D1%88%D1%91%D0%BB/?p=2 HTTP/1.1" 200 23017 "-" "Mozilla/5.0 (compatible; YandexBot/3.0; +http://yandex.com/bots)" "-"
178.154.200.81 - - [22/Jul/2020:23:12:36 +0000] "GET /%D0%BD%D0%B0-%D0%B2%D1%8B%D1%81%D0%BE%D0%BA%D0%BE%D0%B9-%D0%B3%D0%BE%D1%80%D0%B5-%D1%81%D1%82%D0%BE%D1%8F%D0%BB-%D1%83%D1%87%D0%B8%D1%82%D0%B5%D0%BB%D1%8C-%D0%BA-%D0%BD%D0%B5%D0%BC%D1%83-%D0%BF%D0%BE%D0%B4%D0%BE%D1%88%D1%91%D0%BB/?p=2 HTTP/1.1" 200 23017 "-" "Mozilla/5.0 (compatible; YandexBot/3.0; +http://yandex.com/bots)"
5.45.207.181 - - [22/Jul/2020:23:12:36 +0000] "GET /%D0%BF%D1%80%D0%B8%D1%85%D0%BE%D0%B4%D0%B8%D1%82-%D0%B1%D0%B0%D0%B1%D0%BA%D0%B0-%D1%87%D0%B5%D0%BB%D0%BE%D0%B2%D0%B5%D0%BA-%D0%B2-%D1%81%D1%82%D0%BE%D0%BB%D0%BE%D0%B2%D1%83%D1%8E-%D0%B8-%D0%BA%D0%BB%D0%B0%D0%B4%D0%B5%D1%82-%D0%BD%D0%B0/ HTTP/1.1" 200 13089 "-" "Mozilla/5.0 (compatible; YandexBot/3.0; +http://yandex.com/bots)" "-"
5.45.207.181 - - [22/Jul/2020:23:12:36 +0000] "GET /%D0%BF%D1%80%D0%B8%D1%85%D0%BE%D0%B4%D0%B8%D1%82-%D0%B1%D0%B0%D0%B1%D0%BA%D0%B0-%D1%87%D0%B5%D0%BB%D0%BE%D0%B2%D0%B5%D0%BA-%D0%B2-%D1%81%D1%82%D0%BE%D0%BB%D0%BE%D0%B2%D1%83%D1%8E-%D0%B8-%D0%BA%D0%BB%D0%B0%D0%B4%D0%B5%D1%82-%D0%BD%D0%B0/ HTTP/1.1" 200 13089 "-" "Mozilla/5.0 (compatible; YandexBot/3.0; +http://yandex.com/bots)"
54.36.148.18 - - [22/Jul/2020:23:12:39 +0000] "GET /%D0%B6%D0%B8%D0%B4-%D0%B2-%D0%B0%D0%B4-%D0%BF%D0%BE%D0%BF%D0%B0%D0%BB-%D1%81%D0%BC%D0%BE%D1%82%D1%80%D0%B8%D1%82-%D0%B4%D0%B2%D0%B5-%D0%BA%D0%BE%D0%BC%D0%BD%D0%B0%D1%82%D1%8B-%D0%B2-%D0%BE%D0%B4%D0%BD%D0%BE%D0%B9-%D1%87%D0%B5%D1%80%D1%82%D0%B8/?p=2 HTTP/2.0" 200 11937 "-" "Mozilla/5.0 (compatible; AhrefsBot/6.1; +http://ahrefs.com/robot/)" "-"
54.36.148.18 - - [22/Jul/2020:23:12:39 +0000] "GET /%D0%B6%D0%B8%D0%B4-%D0%B2-%D0%B0%D0%B4-%D0%BF%D0%BE%D0%BF%D0%B0%D0%BB-%D1%81%D0%BC%D0%BE%D1%82%D1%80%D0%B8%D1%82-%D0%B4%D0%B2%D0%B5-%D0%BA%D0%BE%D0%BC%D0%BD%D0%B0%D1%82%D1%8B-%D0%B2-%D0%BE%D0%B4%D0%BD%D0%BE%D0%B9-%D1%87%D0%B5%D1%80%D1%82%D0%B8/?p=2 HTTP/2.0" 200 11937 "-" "Mozilla/5.0 (compatible; AhrefsBot/6.1; +http://ahrefs.com/robot/)"
80.246.138.191 - - [22/Jul/2020:23:12:46 +0000] "GET /%D0%BC%D1%83%D0%B6-%D0%B6%D0%B5%D0%BD%D0%B5-%D1%81%D0%B5%D0%B3%D0%BE%D0%B4%D0%BD%D1%8F-%D0%B1%D1%83%D0%B4%D0%B5%D0%BC-%D0%B7%D0%B0%D0%BD%D0%B8%D0%BC%D0%B0%D1%82%D1%8C%D1%81%D1%8F-%D1%81%D0%B5%D0%BA%D1%81%D0%BE%D0%BC-%D0%BF%D0%BE/ HTTP/2.0" 200 13494 "https://www.google.com/" "Mozilla/5.0 (Linux; Android 8.0.0; SM-G960F Build/R16NW) AppleWebKit/537.36 (KHTML, like Gecko) Chrome/68.0.3440.91 Mobile Safari/537.36" "-"
80.246.138.191 - - [22/Jul/2020:23:12:46 +0000] "GET /%D0%BC%D1%83%D0%B6-%D0%B6%D0%B5%D0%BD%D0%B5-%D1%81%D0%B5%D0%B3%D0%BE%D0%B4%D0%BD%D1%8F-%D0%B1%D1%83%D0%B4%D0%B5%D0%BC-%D0%B7%D0%B0%D0%BD%D0%B8%D0%BC%D0%B0%D1%82%D1%8C%D1%81%D1%8F-%D1%81%D0%B5%D0%BA%D1%81%D0%BE%D0%BC-%D0%BF%D0%BE/ HTTP/2.0" 200 13494 "https://www.google.com/" "Mozilla/5.0 (Linux; Android 8.0.0; SM-G960F Build/R16NW) AppleWebKit/537.36 (KHTML, like Gecko) Chrome/68.0.3440.91 Mobile Safari/537.36"
95.163.255.156 - - [22/Jul/2020:23:12:48 +0000] "GET /%D1%81%D0%B2%D0%B8%D0%B4%D0%B5%D1%82%D0%B5%D0%BB%D1%8C-%D1%87%D1%82%D0%BE-%D0%B2%D1%8B-%D0%B4%D0%B5%D0%BB%D0%B0%D0%BB%D0%B8-18-%D0%B8%D1%8E%D0%BD%D1%8F-2015-%D0%B3%D0%BE%D0%B4%D0%B0-%D0%B2-12/?p=2 HTTP/1.1" 200 11883 "-" "Mozilla/5.0 (compatible; Linux x86_64; Mail.RU_Bot/2.0; +http://go.mail.ru/help/robots)" "-"
95.163.255.156 - - [22/Jul/2020:23:12:48 +0000] "GET /%D1%81%D0%B2%D0%B8%D0%B4%D0%B5%D1%82%D0%B5%D0%BB%D1%8C-%D1%87%D1%82%D0%BE-%D0%B2%D1%8B-%D0%B4%D0%B5%D0%BB%D0%B0%D0%BB%D0%B8-18-%D0%B8%D1%8E%D0%BD%D1%8F-2015-%D0%B3%D0%BE%D0%B4%D0%B0-%D0%B2-12/?p=2 HTTP/1.1" 200 11883 "-" "Mozilla/5.0 (compatible; Linux x86_64; Mail.RU_Bot/2.0; +http://go.mail.ru/help/robots)"
46.229.168.139 - - [22/Jul/2020:23:12:48 +0000] "GET /%D1%81%D1%85%D0%B2%D0%B0%D1%82%D0%B8%D0%BB%D0%B8-%D1%84%D0%B0%D1%88%D0%B8%D1%81%D1%82%D1%8B-%D0%B3%D0%B5%D0%BE%D0%BB%D0%BE%D0%B3%D0%B0-%D1%84%D0%B8%D0%B7%D0%B8%D0%BA%D0%B0-%D0%B8-%D0%BC%D0%B0%D1%82%D0%B5%D0%BC%D0%B0%D1%82%D0%B8%D0%BA%D0%B0/ HTTP/1.1" 200 14041 "-" "Mozilla/5.0 (compatible; SemrushBot/6~bl; +http://www.semrush.com/bot.html)" "-"
46.229.168.139 - - [22/Jul/2020:23:12:48 +0000] "GET /%D1%81%D1%85%D0%B2%D0%B0%D1%82%D0%B8%D0%BB%D0%B8-%D1%84%D0%B0%D1%88%D0%B8%D1%81%D1%82%D1%8B-%D0%B3%D0%B5%D0%BE%D0%BB%D0%BE%D0%B3%D0%B0-%D1%84%D0%B8%D0%B7%D0%B8%D0%BA%D0%B0-%D0%B8-%D0%BC%D0%B0%D1%82%D0%B5%D0%BC%D0%B0%D1%82%D0%B8%D0%BA%D0%B0/ HTTP/1.1" 200 14041 "-" "Mozilla/5.0 (compatible; SemrushBot/6~bl; +http://www.semrush.com/bot.html)"
178.154.200.81 - - [22/Jul/2020:23:12:50 +0000] "GET /%D0%B2%D1%8B-%D0%BA%D1%83%D1%80%D0%B8%D1%82%D0%B5-%D0%B4%D0%B0-%D0%B0-%D1%81%D0%BA%D0%BE%D0%BB%D1%8C%D0%BA%D0%BE-%D0%B2%D1%80%D0%B5%D0%BC%D0%B5%D0%BD%D0%B8/?p=1 HTTP/1.1" 200 12474 "-" "Mozilla/5.0 (compatible; YandexBot/3.0; +http://yandex.com/bots)" "-"
178.154.200.81 - - [22/Jul/2020:23:12:50 +0000] "GET /%D0%B2%D1%8B-%D0%BA%D1%83%D1%80%D0%B8%D1%82%D0%B5-%D0%B4%D0%B0-%D0%B0-%D1%81%D0%BA%D0%BE%D0%BB%D1%8C%D0%BA%D0%BE-%D0%B2%D1%80%D0%B5%D0%BC%D0%B5%D0%BD%D0%B8/?p=1 HTTP/1.1" 200 12474 "-" "Mozilla/5.0 (compatible; YandexBot/3.0; +http://yandex.com/bots)"
5.45.207.181 - - [22/Jul/2020:23:12:51 +0000] "GET /%D0%B2-%D1%81%D0%B5%D0%BB%D1%8C%D1%81%D0%BA%D0%BE%D0%BC-%D0%B4%D0%BE%D0%BC%D0%B5-%D0%BD%D0%BE%D1%87%D1%8C%D1%8E-%D1%80%D0%B0%D0%B7%D0%B4%D0%B0%D0%B5%D1%82%D1%81%D1%8F-%D1%81%D1%82%D1%83%D0%BA-%D0%B2-%D0%BE%D0%BA%D0%BD%D0%BE/?p=3 HTTP/1.1" 200 9526 "-" "Mozilla/5.0 (compatible; YandexBot/3.0; +http://yandex.com/bots)" "-"
5.45.207.181 - - [22/Jul/2020:23:12:51 +0000] "GET /%D0%B2-%D1%81%D0%B5%D0%BB%D1%8C%D1%81%D0%BA%D0%BE%D0%BC-%D0%B4%D0%BE%D0%BC%D0%B5-%D0%BD%D0%BE%D1%87%D1%8C%D1%8E-%D1%80%D0%B0%D0%B7%D0%B4%D0%B0%D0%B5%D1%82%D1%81%D1%8F-%D1%81%D1%82%D1%83%D0%BA-%D0%B2-%D0%BE%D0%BA%D0%BD%D0%BE/?p=3 HTTP/1.1" 200 9526 "-" "Mozilla/5.0 (compatible; YandexBot/3.0; +http://yandex.com/bots)"
80.246.138.191 - - [22/Jul/2020:23:12:51 +0000] "GET /%D0%BC%D1%83%D0%B6-%D0%B6%D0%B5%D0%BD%D0%B5-%D1%81%D0%B5%D0%B3%D0%BE%D0%B4%D0%BD%D1%8F-%D0%B1%D1%83%D0%B4%D0%B5%D0%BC-%D0%B7%D0%B0%D0%BD%D0%B8%D0%BC%D0%B0%D1%82%D1%8C%D1%81%D1%8F-%D1%81%D0%B5%D0%BA%D1%81%D0%BE%D0%BC-%D0%BF%D0%BE/ HTTP/2.0" 200 13494 "https://baneks.site/%D0%BC%D1%83%D0%B6-%D0%B6%D0%B5%D0%BD%D0%B5-%D1%81%D0%B5%D0%B3%D0%BE%D0%B4%D0%BD%D1%8F-%D0%B1%D1%83%D0%B4%D0%B5%D0%BC-%D0%B7%D0%B0%D0%BD%D0%B8%D0%BC%D0%B0%D1%82%D1%8C%D1%81%D1%8F-%D1%81%D0%B5%D0%BA%D1%81%D0%BE%D0%BC-%D0%BF%D0%BE/" "Mozilla/5.0 (Linux; Android 8.0.0; SM-G960F Build/R16NW) AppleWebKit/537.36 (KHTML, like Gecko) Chrome/68.0.3440.91 Mobile Safari/537.36" "-"
