5.45.207.181 - - [22/Jul/2020:23:09:20 +0000] "GET /%D0%B0-%D0%BA%D0%B0%D0%BA-%D0%B2-%D1%82%D1%8E%D1%80%D1%8C%D0%BC%D0%B5-%D0%BF%D1%80%D0%B0%D0%B7%D0%B4%D0%BD%D1%83%D1%8E%D1%82/?p=2 HTTP/1.1" 200 12363 "-" "Mozilla/5.0 (compatible; YandexBot/3.0; +http://yandex.com/bots)"
178.154.200.81 - - [22/Jul/2020:23:09:21 +0000] "GET /%D0%B4%D0%B0%D0%B2%D1%8B%D0%B4%D0%B7%D1%8C%D0%BA%D0%B0-%D0%BF%D1%80%D1%8B%D1%85%D0%BE%D0%B4%D0%B7%D1%96%D1%86%D1%8C-%D0%B4%D0%B0%D1%85%D0%B0%D1%82%D1%8B-%D0%B0%D0%B4%D1%87%D1%8B%D0%BD%D1%8F%D0%B5-%D1%88%D0%B0%D1%84%D1%83/?p=2 HTTP/1.1" 200 13137 "-" "Mozilla/5.0 (compatible; YandexBot/3.0; +http://yandex.com/bots)" "-"
178.154.200.81 - - [22/Jul/2020:23:09:21 +0000] "GET /%D0%B4%D0%B0%D0%B2%D1%8B%D0%B4%D0%B7%D1%8C%D0%BA%D0%B0-%D0%BF%D1%80%D1%8B%D1%85%D0%BE%D0%B4%D0%B7%D1%96%D1%86%D1%8C-%D0%B4%D0%B0%D1%85%D0%B0%D1%82%D1%8B-%D0%B0%D0%B4%D1%87%D1%8B%D0%BD%D1%8F%D0%B5-%D1%88%D0%B0%D1%84%D1%83/?p=2 HTTP/1.1" 200 13137 "-" "Mozilla/5.0 (compatible; YandexBot/3.0; +http://yandex.com/bots)"
5.45.207.181 - - [22/Jul/2020:23:09:21 +0000] "GET /tag/%D0%B8%D1%82%D0%B0%D0%BB%D1%8C%D1%8F%D0%BD%D0%B5%D1%86/?p=1 HTTP/1.1" 200 11869 "-" "Mozilla/5.0 (compatible; YandexBot/3.0; +http://yandex.com/bots)" "-"
5.45.207.181 - - [22/Jul/2020:23:09:21 +0000] "GET /tag/%D0%B8%D1%82%D0%B0%D0%BB%D1%8C%D1%8F%D0%BD%D0%B5%D1%86/?p=1 HTTP/1.1" 200 11869 "-" "Mozilla/5.0 (compatible; YandexBot/3.0; +http://yandex.com/bots)"
178.151.94.4 - - [22/Jul/2020:23:09:22 +0000] "GET /tag/?p=13 HTTP/2.0" 200 5262 "https://baneks.site/tag/?p=14" "Mozilla/5.0 (Linux; Android 9; STK-LX1) AppleWebKit/537.36 (KHTML, like Gecko) Chrome/84.0.4147.89 Mobile Safari/537.36" "-"
178.151.94.4 - - [22/Jul/2020:23:09:22 +0000] "GET /tag/?p=13 HTTP/2.0" 200 5262 "https://baneks.site/tag/?p=14" "Mozilla/5.0 (Linux; Android 9; STK-LX1) AppleWebKit/537.36 (KHTML, like Gecko) Chrome/84.0.4147.89 Mobile Safari/537.36"
178.154.200.81 - - [22/Jul/2020:23:09:23 +0000] "GET /%D0%B4%D0%BE%D0%BA%D1%82%D0%BE%D1%80-%D0%B2%D1%8B-%D0%B4%D0%BE%D0%BB%D0%B6%D0%BD%D1%8B-%D0%BD%D0%B5-%D0%BF%D0%BE%D0%BC%D0%BE%D1%87%D1%8C-%D0%BC%D0%BD%D0%B5-%D0%BF%D0%BE%D1%81%D1%82%D0%BE%D1%8F%D0%BD%D0%BD%D0%BE-%D0%BA%D0%B0%D0%B6%D0%B5%D1%82%D1%81%D1%8F/?p=2 HTTP/1.1" 200 14315 "-" "Mozilla/5.0 (compatible; YandexBot/3.0; +http://yandex.com/bots)" "-"
178.154.200.81 - - [22/Jul/2020:23:09:23 +0000] "GET /%D0%B4%D0%BE%D0%BA%D1%82%D0%BE%D1%80-%D0%B2%D1%8B-%D0%B4%D0%BE%D0%BB%D0%B6%D0%BD%D1%8B-%D0%BD%D0%B5-%D0%BF%D0%BE%D0%BC%D0%BE%D1%87%D1%8C-%D0%BC%D0%BD%D0%B5-%D0%BF%D0%BE%D1%81%D1%82%D0%BE%D1%8F%D0%BD%D0%BD%D0%BE-%D0%BA%D0%B0%D0%B6%D0%B5%D1%82%D1%81%D1%8F/?p=2 HTTP/1.1" 200 14315 "-" "Mozilla/5.0 (compatible; YandexBot/3.0; +http://yandex.com/bots)"
5.45.207.181 - - [22/Jul/2020:23:09:23 +0000] "GET /%D0%BD%D0%BE%D1%87%D0%B5%D0%B2%D0%B0%D0%BB-%D0%B2-%D0%B3%D0%BE%D1%81%D1%82%D1%8F%D1%85-%D1%83-%D1%81%D0%B2%D0%BE%D0%B5%D0%B3%D0%BE-%D0%BF%D0%B0%D1%80%D0%BD%D1%8F-%D0%BD%D0%BE%D1%87%D1%8C%D1%8E-%D0%BC%D1%8B-%D0%B7%D0%B0%D0%BB%D0%B5%D0%B7%D0%BB%D0%B8/?p=6 HTTP/1.1" 200 11254 "-" "Mozilla/5.0 (compatible; YandexBot/3.0; +http://yandex.com/bots)" "-"
5.45.207.181 - - [22/Jul/2020:23:09:23 +0000] "GET /%D0%BD%D0%BE%D1%87%D0%B5%D0%B2%D0%B0%D0%BB-%D0%B2-%D0%B3%D0%BE%D1%81%D1%82%D1%8F%D1%85-%D1%83-%D1%81%D0%B2%D0%BE%D0%B5%D0%B3%D0%BE-%D0%BF%D0%B0%D1%80%D0%BD%D1%8F-%D0%BD%D0%BE%D1%87%D1%8C%D1%8E-%D0%BC%D1%8B-%D0%B7%D0%B0%D0%BB%D0%B5%D0%B7%D0%BB%D0%B8/?p=6 HTTP/1.1" 200 11254 "-" "Mozilla/5.0 (compatible; YandexBot/3.0; +http://yandex.com/bots)"
178.154.200.81 - - [22/Jul/2020:23:09:23 +0000] "GET /-%D0%B7%D0%B4%D1%80%D0%B0%D0%B2%D1%81%D1%82%D0%B2%D1%83%D0%B9%D1%82%D0%B5-%D1%8F-%D0%BF%D1%80%D0%B8%D1%88%D1%91%D0%BB-%D0%B7%D0%B0-%D0%BF%D1%80%D0%BE%D1%82%D0%B5%D0%B7%D0%B0%D0%BC%D0%B8-%D0%B4%D0%B0-%D0%BA%D0%BE%D0%BD%D0%B5%D1%87%D0%BD%D0%BE/ HTTP/1.1" 200 13388 "-" "Mozilla/5.0 (compatible; YandexBot/3.0; +http://yandex.com/bots)" "-"
178.154.200.81 - - [22/Jul/2020:23:09:23 +0000] "GET /-%D0%B7%D0%B4%D1%80%D0%B0%D0%B2%D1%81%D1%82%D0%B2%D1%83%D0%B9%D1%82%D0%B5-%D1%8F-%D0%BF%D1%80%D0%B8%D1%88%D1%91%D0%BB-%D0%B7%D0%B0-%D0%BF%D1%80%D0%BE%D1%82%D0%B5%D0%B7%D0%B0%D0%BC%D0%B8-%D0%B4%D0%B0-%D0%BA%D0%BE%D0%BD%D0%B5%D1%87%D0%BD%D0%BE/ HTTP/1.1" 200 13388 "-" "Mozilla/5.0 (compatible; YandexBot/3.0; +http://yandex.com/bots)"
178.154.200.81 - - [22/Jul/2020:23:09:24 +0000] "GET /%D0%9A%D0%B8%D1%82%D0%B0%D0%B9-70-%D1%8B%D0%B5-%D0%B3%D0%BE%D0%B4%D1%8B-%D0%BFp%D0%BE%D1%88%D0%BB%D0%B0-%D0%BF%D0%B5p%D0%B5%D0%BF%D0%B8%D1%81%D1%8C-%D0%BD%D0%B0%D1%81%D0%B5%D0%BB%D0%B5%D0%BD%D0%B8%D1%8F/?p=2 HTTP/1.1" 200 15582 "-" "Mozilla/5.0 (compatible; YandexBot/3.0; +http://yandex.com/bots)" "-"
178.154.200.81 - - [22/Jul/2020:23:09:24 +0000] "GET /%D0%9A%D0%B8%D1%82%D0%B0%D0%B9-70-%D1%8B%D0%B5-%D0%B3%D0%BE%D0%B4%D1%8B-%D0%BFp%D0%BE%D1%88%D0%BB%D0%B0-%D0%BF%D0%B5p%D0%B5%D0%BF%D0%B8%D1%81%D1%8C-%D0%BD%D0%B0%D1%81%D0%B5%D0%BB%D0%B5%D0%BD%D0%B8%D1%8F/?p=2 HTTP/1.1" 200 15582 "-" "Mozilla/5.0 (compatible; YandexBot/3.0; +http://yandex.com/bots)"
5.45.207.181 - - [22/Jul/2020:23:09:24 +0000] "GET /%D1%88%D1%83%D1%82%D0%BA%D0%B8-%D0%BF%D1%80%D0%BE-%D0%BD%D0%B5%D0%BA%D1%80%D0%B0%D1%81%D0%B8%D0%B2%D0%BE%D0%B3%D0%BE-%D0%A1%D0%B0%D0%BD%D1%8E-/?p=2 HTTP/1.1" 200 8587 "-" "Mozilla/5.0 (compatible; YandexBot/3.0; +http://yandex.com/bots)" "-"
5.45.207.181 - - [22/Jul/2020:23:09:24 +0000] "GET /%D1%88%D1%83%D1%82%D0%BA%D0%B8-%D0%BF%D1%80%D0%BE-%D0%BD%D0%B5%D0%BA%D1%80%D0%B0%D1%81%D0%B8%D0%B2%D0%BE%D0%B3%D0%BE-%D0%A1%D0%B0%D0%BD%D1%8E-/?p=2 HTTP/1.1" 200 8587 "-" "Mozilla/5.0 (compatible; YandexBot/3.0; +http://yandex.com/bots)"
178.154.200.151 - - [22/Jul/2020:23:09:25 +0000] "GET /%D0%B2%D0%B0%D0%BC-%D0%BA%D0%BE%D0%B3%D0%B4%D0%B0-%D0%BD%D0%B8%D0%B1%D1%83%D0%B4%D1%8C-%D1%81%D0%BD%D0%B8%D0%BB%D0%B8%D1%81%D1%8C-%D0%B0%D0%BD%D0%B5%D0%BA%D0%B8-%D0%BD%D1%83-%D0%BA%D0%BE%D0%B3%D0%B4%D0%B0-%D1%82%D1%8B/?p=1 HTTP/1.1" 200 14190 "-" "Mozilla/5.0 (compatible; YandexBot/3.0; +http://yandex.com/bots)" "-"
178.154.200.151 - - [22/Jul/2020:23:09:25 +0000] "GET /%D0%B2%D0%B0%D0%BC-%D0%BA%D0%BE%D0%B3%D0%B4%D0%B0-%D0%BD%D0%B8%D0%B1%D1%83%D0%B4%D1%8C-%D1%81%D0%BD%D0%B8%D0%BB%D0%B8%D1%81%D1%8C-%D0%B0%D0%BD%D0%B5%D0%BA%D0%B8-%D0%BD%D1%83-%D0%BA%D0%BE%D0%B3%D0%B4%D0%B0-%D1%82%D1%8B/?p=1 HTTP/1.1" 200 14190 "-" "Mozilla/5.0 (compatible; YandexBot/3.0; +http://yandex.com/bots)"
178.151.94.4 - - [22/Jul/2020:23:09:25 +0000] "GET /tag/?p=12 HTTP/2.0" 200 5191 "https://baneks.site/tag/?p=13" "Mozilla/5.0 (Linux; Android 9; STK-LX1) AppleWebKit/537.36 (KHTML, like Gecko) Chrome/84.0.4147.89 Mobile Safari/537.36" "-"
178.151.94.4 - - [22/Jul/2020:23:09:25 +0000] "GET /tag/?p=12 HTTP/2.0" 200 5191 "https://baneks.site/tag/?p=13" "Mozilla/5.0 (Linux; Android 9; STK-LX1) AppleWebKit/537.36 (KHTML, like Gecko) Chrome/84.0.4147.89 Mobile Safari/537.36"
178.154.200.81 - - [22/Jul/2020:23:09:27 +0000] "GET /%D0%B2-%D0%BC%D0%B0%D0%BB%D0%BE%D0%BE%D0%B1%D0%B5%D1%81%D0%BF%D0%B5%D1%87%D0%B5%D0%BD%D0%BD%D0%BE%D0%B9-%D1%81%D0%B5%D0%BC%D1%8C%D0%B5-%D0%B2%D0%BE-%D0%B2%D1%80%D0%B5%D0%BC%D1%8F-%D1%81%D1%81%D0%BE%D1%80%D1%8B/?p=3 HTTP/1.1" 200 12886 "-" "Mozilla/5.0 (compatible; YandexBot/3.0; +http://yandex.com/bots)" "-"
178.154.200.81 - - [22/Jul/2020:23:09:27 +0000] "GET /%D0%B2-%D0%BC%D0%B0%D0%BB%D0%BE%D0%BE%D0%B1%D0%B5%D1%81%D0%BF%D0%B5%D1%87%D0%B5%D0%BD%D0%BD%D0%BE%D0%B9-%D1%81%D0%B5%D0%BC%D1%8C%D0%B5-%D0%B2%D0%BE-%D0%B2%D1%80%D0%B5%D0%BC%D1%8F-%D1%81%D1%81%D0%BE%D1%80%D1%8B/?p=3 HTTP/1.1" 200 12886 "-" "Mozilla/5.0 (compatible; YandexBot/3.0; +http://yandex.com/bots)"
5.45.207.181 - - [22/Jul/2020:23:09:27 +0000] "GET /%D0%BF%D1%80%D0%BE%D1%81%D1%82%D0%B8%D1%82%D1%83%D1%82%D0%BA%D0%B0-%D1%82%D1%80%D0%B0%D1%85%D0%B0%D0%B5%D1%82-%D0%B4%D0%B5%D0%BC%D0%B1%D0%B5%D0%BB%D1%8F/?p=6 HTTP/1.1" 200 8586 "-" "Mozilla/5.0 (compatible; YandexBot/3.0; +http://yandex.com/bots)" "-"
5.45.207.181 - - [22/Jul/2020:23:09:27 +0000] "GET /%D0%BF%D1%80%D0%BE%D1%81%D1%82%D0%B8%D1%82%D1%83%D1%82%D0%BA%D0%B0-%D1%82%D1%80%D0%B0%D1%85%D0%B0%D0%B5%D1%82-%D0%B4%D0%B5%D0%BC%D0%B1%D0%B5%D0%BB%D1%8F/?p=6 HTTP/1.1" 200 8586 "-" "Mozilla/5.0 (compatible; YandexBot/3.0; +http://yandex.com/bots)"
178.151.94.4 - - [22/Jul/2020:23:09:29 +0000] "GET /tag/?p=11 HTTP/2.0" 200 5043 "https://baneks.site/tag/?p=12" "Mozilla/5.0 (Linux; Android 9; STK-LX1) AppleWebKit/537.36 (KHTML, like Gecko) Chrome/84.0.4147.89 Mobile Safari/537.36" "-"
178.151.94.4 - - [22/Jul/2020:23:09:29 +0000] "GET /tag/?p=11 HTTP/2.0" 200 5043 "https://baneks.site/tag/?p=12" "Mozilla/5.0 (Linux; Android 9; STK-LX1) AppleWebKit/537.36 (KHTML, like Gecko) Chrome/84.0.4147.89 Mobile Safari/537.36"
178.154.200.81 - - [22/Jul/2020:23:09:31 +0000] "GET /%D0%BF%D1%80%D0%B8%D1%85%D0%BE%D0%B4%D0%B8%D1%82-%D0%BC%D1%83%D0%B6%D0%B8%D0%BA-%D0%B2-%D1%80%D0%B5%D1%81%D1%82%D0%BE%D1%80%D0%B0%D0%BD/?p=5 HTTP/1.1" 200 14503 "-" "Mozilla/5.0 (compatible; YandexBot/3.0; +http://yandex.com/bots)" "-"
178.154.200.81 - - [22/Jul/2020:23:09:31 +0000] "GET /%D0%BF%D1%80%D0%B8%D1%85%D0%BE%D0%B4%D0%B8%D1%82-%D0%BC%D1%83%D0%B6%D0%B8%D0%BA-%D0%B2-%D1%80%D0%B5%D1%81%D1%82%D0%BE%D1%80%D0%B0%D0%BD/?p=5 HTTP/1.1" 200 14503 "-" "Mozilla/5.0 (compatible; YandexBot/3.0; +http://yandex.com/bots)"
178.151.94.4 - - [22/Jul/2020:23:09:32 +0000] "GET /tag/%D0%BC%D0%B0%D1%82%D0%B5%D0%BC%D0%B0%D1%82%D0%B8%D0%BA/ HTTP/2.0" 200 10824 "https://baneks.site/tag/?p=11" "Mozilla/5.0 (Linux; Android 9; STK-LX1) AppleWebKit/537.36 (KHTML, like Gecko) Chrome/84.0.4147.89 Mobile Safari/537.36" "-"
178.151.94.4 - - [22/Jul/2020:23:09:32 +0000] "GET /tag/%D0%BC%D0%B0%D1%82%D0%B5%D0%BC%D0%B0%D1%82%D0%B8%D0%BA/ HTTP/2.0" 200 10824 "https://baneks.site/tag/?p=11" "Mozilla/5.0 (Linux; Android 9; STK-LX1) AppleWebKit/537.36 (KHTML, like Gecko) Chrome/84.0.4147.89 Mobile Safari/537.36"
5.45.207.181 - - [22/Jul/2020:23:09:33 +0000] "GET /%D0%B6%D0%B8%D0%BB%D0%B8-%D0%B1%D1%8B%D0%BB%D0%B8-%D0%B4%D0%B2%D0%B0-%D0%BC%D1%83%D0%B6%D0%B8%D0%BA%D0%B0-%D0%B8-%D0%B1%D1%8B%D0%BB%D0%BE-%D1%83-%D0%BA%D0%B0%D0%B6%D0%B4%D0%BE%D0%B3%D0%BE-%D0%BF%D0%BE-%D1%84%D0%B5%D1%80%D0%BC%D0%B5/?p=3 HTTP/1.1" 200 9800 "-" "Mozilla/5.0 (compatible; YandexBot/3.0; +http://yandex.com/bots)" "-"
5.45.207.181 - - [22/Jul/2020:23:09:33 +0000] "GET /%D0%B6%D0%B8%D0%BB%D0%B8-%D0%B1%D1%8B%D0%BB%D0%B8-%D0%B4%D0%B2%D0%B0-%D0%BC%D1%83%D0%B6%D0%B8%D0%BA%D0%B0-%D0%B8-%D0%B1%D1%8B%D0%BB%D0%BE-%D1%83-%D0%BA%D0%B0%D0%B6%D0%B4%D0%BE%D0%B3%D0%BE-%D0%BF%D0%BE-%D1%84%D0%B5%D1%80%D0%BC%D0%B5/?p=3 HTTP/1.1" 200 9800 "-" "Mozilla/5.0 (compatible; YandexBot/3.0; +http://yandex.com/bots)"
178.154.200.81 - - [22/Jul/2020:23:09:33 +0000] "GET /%D0%A1%D0%B5%D1%80%D0%B3%D0%B5%D0%B9-%D0%94%D1%80%D0%BE%D0%B1%D0%BE%D1%82%D0%B5%D0%BD%D0%BA%D0%BE-%D0%B4%D0%B0%D0%BB-%D0%A0%D0%B5%D0%B3%D0%B8%D0%BD%D0%B5-%D0%94%D1%83%D0%B1%D0%BE%D0%B2%D0%B8%D1%86%D0%BA%D0%BE%D0%B9/?p=2 HTTP/1.1" 200 13346 "-" "Mozilla/5.0 (compatible; YandexBot/3.0; +http://yandex.com/bots)" "-"
178.154.200.81 - - [22/Jul/2020:23:09:33 +0000] "GET /%D0%A1%D0%B5%D1%80%D0%B3%D0%B5%D0%B9-%D0%94%D1%80%D0%BE%D0%B1%D0%BE%D1%82%D0%B5%D0%BD%D0%BA%D0%BE-%D0%B4%D0%B0%D0%BB-%D0%A0%D0%B5%D0%B3%D0%B8%D0%BD%D0%B5-%D0%94%D1%83%D0%B1%D0%BE%D0%B2%D0%B8%D1%86%D0%BA%D0%BE%D0%B9/?p=2 HTTP/1.1" 200 13346 "-" "Mozilla/5.0 (compatible; YandexBot/3.0; +http://yandex.com/bots)"
5.45.207.181 - - [22/Jul/2020:23:09:34 +0000] "GET /%D0%BFp%D0%B8%D0%B5%D1%85%D0%B0%D0%BB-%D0%B4%D0%B5p%D0%B5%D0%B2%D0%B5%D0%BD%D1%81%D0%BA%D0%B8%D0%B9-%D0%BCy%D0%B6%D0%B8%D0%BA-%D0%B4%D0%BE%D0%BC%D0%BE%D0%B9-%D0%B8%D0%B7-%D0%B3%D0%BEp%D0%BE%D0%B4%D0%B0/?p=4 HTTP/1.1" 200 14495 "-" "Mozilla/5.0 (compatible; YandexBot/3.0; +http://yandex.com/bots)" "-"
5.45.207.181 - - [22/Jul/2020:23:09:34 +0000] "GET /%D0%BFp%D0%B8%D0%B5%D1%85%D0%B0%D0%BB-%D0%B4%D0%B5p%D0%B5%D0%B2%D0%B5%D0%BD%D1%81%D0%BA%D0%B8%D0%B9-%D0%BCy%D0%B6%D0%B8%D0%BA-%D0%B4%D0%BE%D0%BC%D0%BE%D0%B9-%D0%B8%D0%B7-%D0%B3%D0%BEp%D0%BE%D0%B4%D0%B0/?p=4 HTTP/1.1" 200 14495 "-" "Mozilla/5.0 (compatible; YandexBot/3.0; +http://yandex.com/bots)"
178.154.200.81 - - [22/Jul/2020:23:09:41 +0000] "GET /tag/%D0%B1%D0%B5%D0%BB%D0%B0%D1%80%D1%83%D1%81/?p=5 HTTP/1.1" 200 8735 "-" "Mozilla/5.0 (compatible; YandexBot/3.0; +http://yandex.com/bots)" "-"
178.154.200.81 - - [22/Jul/2020:23:09:41 +0000] "GET /tag/%D0%B1%D0%B5%D0%BB%D0%B0%D1%80%D1%83%D1%81/?p=5 HTTP/1.1" 200 8735 "-" "Mozilla/5.0 (compatible; YandexBot/3.0; +http://yandex.com/bots)"
5.45.207.181 - - [22/Jul/2020:23:09:42 +0000] "GET /%D1%81%D0%BF%D1%80%D0%B0%D1%88%D0%B8%D0%B2%D0%B0%D0%B5%D1%82-%D0%B3%D1%80%D1%83%D0%B7%D0%B8%D0%BD-%D1%83-%D0%B0%D1%80%D0%BC%D1%8F%D0%BD%D0%B8%D0%BD%D0%B0-%D0%BA%D1%82%D0%BE-%D0%BB%D1%83%D1%87%D1%88%D0%B5/?p=1 HTTP/1.1" 200 13156 "-" "Mozilla/5.0 (compatible; YandexBot/3.0; +http://yandex.com/bots)" "-"
5.45.207.181 - - [22/Jul/2020:23:09:42 +0000] "GET /%D1%81%D0%BF%D1%80%D0%B0%D1%88%D0%B8%D0%B2%D0%B0%D0%B5%D1%82-%D0%B3%D1%80%D1%83%D0%B7%D0%B8%D0%BD-%D1%83-%D0%B0%D1%80%D0%BC%D1%8F%D0%BD%D0%B8%D0%BD%D0%B0-%D0%BA%D1%82%D0%BE-%D0%BB%D1%83%D1%87%D1%88%D0%B5/?p=1 HTTP/1.1" 200 13156 "-" "Mozilla/5.0 (compatible; YandexBot/3.0; +http://yandex.com/bots)"
178.154.200.81 - - [22/Jul/2020:23:09:45 +0000] "GET /tag/%D1%81%D0%B5%D1%81%D1%82%D1%80%D0%B0/?p=3 HTTP/1.1" 200 7939 "-" "Mozilla/5.0 (compatible; YandexBot/3.0; +http://yandex.com/bots)" "-"
178.154.200.81 - - [22/Jul/2020:23:09:45 +0000] "GET /tag/%D1%81%D0%B5%D1%81%D1%82%D1%80%D0%B0/?p=3 HTTP/1.1" 200 7939 "-" "Mozilla/5.0 (compatible; YandexBot/3.0; +http://yandex.com/bots)"
5.45.207.181 - - [22/Jul/2020:23:09:46 +0000] "GET /%D0%B6%D0%B8%D0%BB%D0%B8-%D0%BC%D1%83%D0%B6-%D1%81-%D0%B6%D0%B5%D0%BD%D0%BE%D0%B9-%D0%BD%D0%B0-%D0%B4%D0%B0%D1%87%D0%B5-%D0%B1%D1%8B%D0%BB-%D1%83-%D0%BD%D0%B8%D1%85-%D0%BA%D1%83%D1%80%D1%8F%D1%82%D0%BD%D0%B8%D0%BA/?p=1 HTTP/1.1" 200 13783 "-" "Mozilla/5.0 (compatible; YandexBot/3.0; +http://yandex.com/bots)" "-"
5.45.207.181 - - [22/Jul/2020:23:09:46 +0000] "GET /%D0%B6%D0%B8%D0%BB%D0%B8-%D0%BC%D1%83%D0%B6-%D1%81-%D0%B6%D0%B5%D0%BD%D0%BE%D0%B9-%D0%BD%D0%B0-%D0%B4%D0%B0%D1%87%D0%B5-%D0%B1%D1%8B%D0%BB-%D1%83-%D0%BD%D0%B8%D1%85-%D0%BA%D1%83%D1%80%D1%8F%D1%82%D0%BD%D0%B8%D0%BA/?p=1 HTTP/1.1" 200 13783 "-" "Mozilla/5.0 (compatible; YandexBot/3.0; +http://yandex.com/bots)"
178.154.200.81 - - [22/Jul/2020:23:09:46 +0000] "GET /%D0%B4%D0%B8%D1%80%D0%B8%D0%B6%D0%B5%D1%80-%D0%B2-%D1%82%D0%B5%D1%87%D0%B5%D0%BD%D0%B8%D0%B5-6-%D0%BB%D0%B5%D1%82-%D0%BF%D0%B5%D1%80%D0%B5%D0%B4-%D0%BA%D0%B0%D0%B6%D0%B4%D1%8B%D0%BC-%D0%BA%D0%BE%D0%BD%D1%86%D0%B5%D1%80%D1%82%D0%BE%D0%BC/?p=2 HTTP/1.1" 200 13751 "-" "Mozilla/5.0 (compatible; YandexBot/3.0; +http://yandex.com/bots)" "-"
178.154.200.81 - - [22/Jul/2020:23:09:46 +0000] "GET /%D0%B4%D0%B8%D1%80%D0%B8%D0%B6%D0%B5%D1%80-%D0%B2-%D1%82%D0%B5%D1%87%D0%B5%D0%BD%D0%B8%D0%B5-6-%D0%BB%D0%B5%D1%82-%D0%BF%D0%B5%D1%80%D0%B5%D0%B4-%D0%BA%D0%B0%D0%B6%D0%B4%D1%8B%D0%BC-%D0%BA%D0%BE%D0%BD%D1%86%D0%B5%D1%80%D1%82%D0%BE%D0%BC/?p=2 HTTP/1.1" 200 13751 "-" "Mozilla/5.0 (compatible; YandexBot/3.0; +http://yandex.com/bots)"
178.154.200.151 - - [22/Jul/2020:23:09:47 +0000] "GET /%D0%BA%D0%B0%D0%BA-%D0%B2%D1%8B%D0%B1%D0%B5%D1%81%D0%B8%D1%82%D1%8C-%D1%84%D0%B8%D0%BB%D0%BE%D0%BB%D0%BE%D0%B3%D0%B0/?p=3 HTTP/1.1" 200 12541 "-" "Mozilla/5.0 (compatible; YandexBot/3.0; +http://yandex.com/bots)" "-"
178.154.200.151 - - [22/Jul/2020:23:09:47 +0000] "GET /%D0%BA%D0%B0%D0%BA-%D0%B2%D1%8B%D0%B1%D0%B5%D1%81%D0%B8%D1%82%D1%8C-%D1%84%D0%B8%D0%BB%D0%BE%D0%BB%D0%BE%D0%B3%D0%B0/?p=3 HTTP/1.1" 200 12541 "-" "Mozilla/5.0 (compatible; YandexBot/3.0; +http://yandex.com/bots)"
178.154.200.81 - - [22/Jul/2020:23:09:47 +0000] "GET /tag/%D1%88%D0%B0%D1%85%D1%82%D1%91%D1%80/?p=2 HTTP/1.1" 200 11303 "-" "Mozilla/5.0 (compatible; YandexBot/3.0; +http://yandex.com/bots)" "-"
178.154.200.81 - - [22/Jul/2020:23:09:47 +0000] "GET /tag/%D1%88%D0%B0%D1%85%D1%82%D1%91%D1%80/?p=2 HTTP/1.1" 200 11303 "-" "Mozilla/5.0 (compatible; YandexBot/3.0; +http://yandex.com/bots)"
5.45.207.181 - - [22/Jul/2020:23:09:47 +0000] "GET /-%D0%BA%D0%B0%D0%BA%D0%BE%D0%B3%D0%BE-%D1%85%D1%83%D1%8F-%D0%B2%D1%8B-%D1%87%D0%B5%D0%B3%D0%BE-%D0%BC%D0%B0%D1%82%D0%B5%D1%80%D0%B8%D1%82%D0%B5%D1%81%D1%8C-%D0%B7%D0%B4%D0%B5%D1%81%D1%8C-%D0%B6%D0%B5-%D0%B4%D0%B5%D1%82%D0%B8/?p=2 HTTP/1.1" 200 9346 "-" "Mozilla/5.0 (compatible; YandexBot/3.0; +http://yandex.com/bots)" "-"
5.45.207.181 - - [22/Jul/2020:23:09:47 +0000] "GET /-%D0%BA%D0%B0%D0%BA%D0%BE%D0%B3%D0%BE-%D1%85%D1%83%D1%8F-%D0%B2%D1%8B-%D1%87%D0%B5%D0%B3%D0%BE-%D0%BC%D0%B0%D1%82%D0%B5%D1%80%D0%B8%D1%82%D0%B5%D1%81%D1%8C-%D0%B7%D0%B4%D0%B5%D1%81%D1%8C-%D0%B6%D0%B5-%D0%B4%D0%B5%D1%82%D0%B8/?p=2 HTTP/1.1" 200 9346 "-" "Mozilla/5.0 (compatible; YandexBot/3.0; +http://yandex.com/bots)"
178.151.94.4 - - [22/Jul/2020:23:09:48 +0000] "GET /%D0%BC%D0%B0%D1%82%D0%B5%D0%BC%D0%B0%D1%82%D0%B8%D0%BA-%D0%BD%D0%B8%D0%BA%D0%B0%D0%BA-%D0%BD%D0%B5-%D0%BC%D0%BE%D0%B3-%D0%BF%D0%BE%D0%BD%D1%8F%D1%82%D1%8C-%D0%BA%D1%83%D0%B4%D0%B0-%D0%B4%D0%B5%D0%B2%D0%B0%D1%8E%D1%82%D1%81%D1%8F/ HTTP/2.0" 200 13079 "https://baneks.site/tag/%D0%BC%D0%B0%D1%82%D0%B5%D0%BC%D0%B0%D1%82%D0%B8%D0%BA/" "Mozilla/5.0 (Linux; Android 9; STK-LX1) AppleWebKit/537.36 (KHTML, like Gecko) Chrome/84.0.4147.89 Mobile Safari/537.36" "-"
178.151.94.4 - - [22/Jul/2020:23:09:48 +0000] "GET /%D0%BC%D0%B0%D1%82%D0%B5%D0%BC%D0%B0%D1%82%D0%B8%D0%BA-%D0%BD%D0%B8%D0%BA%D0%B0%D0%BA-%D0%BD%D0%B5-%D0%BC%D0%BE%D0%B3-%D0%BF%D0%BE%D0%BD%D1%8F%D1%82%D1%8C-%D0%BA%D1%83%D0%B4%D0%B0-%D0%B4%D0%B5%D0%B2%D0%B0%D1%8E%D1%82%D1%81%D1%8F/ HTTP/2.0" 200 13079 "https://baneks.site/tag/%D0%BC%D0%B0%D1%82%D0%B5%D0%BC%D0%B0%D1%82%D0%B8%D0%BA/" "Mozilla/5.0 (Linux; Android 9; STK-LX1) AppleWebKit/537.36 (KHTML, like Gecko) Chrome/84.0.4147.89 Mobile Safari/537.36"
178.154.200.151 - - [22/Jul/2020:23:09:48 +0000] "GET /%D0%BC%D0%B0%D0%BB%D0%B5%D0%BD%D1%8C%D0%BA%D0%B8%D0%B9-%D0%BC%D0%B0%D0%BB%D1%8C%D1%87%D0%B8%D0%BA-%D0%B2%D1%8B%D1%80%D0%BE%D1%81%D1%88%D0%B8%D0%B9-%D0%B2-%D1%81%D0%B5%D0%BC%D1%8C%D0%B5-%D0%BF%D1%80%D0%BE%D0%B4%D0%B2%D0%B8%D0%BD%D1%83%D1%82%D1%8B%D1%85/?p=2 HTTP/1.1" 200 13464 "-" "Mozilla/5.0 (compatible; YandexBot/3.0; +http://yandex.com/bots)" "-"
178.154.200.151 - - [22/Jul/2020:23:09:48 +0000] "GET /%D0%BC%D0%B0%D0%BB%D0%B5%D0%BD%D1%8C%D0%BA%D0%B8%D0%B9-%D0%BC%D0%B0%D0%BB%D1%8C%D1%87%D0%B8%D0%BA-%D0%B2%D1%8B%D1%80%D0%BE%D1%81%D1%88%D0%B8%D0%B9-%D0%B2-%D1%81%D0%B5%D0%BC%D1%8C%D0%B5-%D0%BF%D1%80%D0%BE%D0%B4%D0%B2%D0%B8%D0%BD%D1%83%D1%82%D1%8B%D1%85/?p=2 HTTP/1.1" 200 13464 "-" "Mozilla/5.0 (compatible; YandexBot/3.0; +http://yandex.com/bots)"
213.180.203.252 - - [22/Jul/2020:23:09:48 +0000] "GET /%D0%BF%D1%80%D0%B8%D1%85%D0%BE%D0%B4%D0%B8%D1%82-%D0%B8%D0%BD%D1%82%D0%B5%D0%BB%D0%BB%D0%B8%D0%B3%D0%B5%D0%BD%D1%82-%D0%B2-%D0%B1%D0%B0%D0%BD%D1%8E-%D0%BF%D0%BE%D0%BC%D1%8B%D1%82%D1%8C%D1%81%D1%8F/?p=3 HTTP/1.1" 200 8478 "-" "Mozilla/5.0 (compatible; YandexBot/3.0; +http://yandex.com/bots)" "-"
213.180.203.252 - - [22/Jul/2020:23:09:48 +0000] "GET /%D0%BF%D1%80%D0%B8%D1%85%D0%BE%D0%B4%D0%B8%D1%82-%D0%B8%D0%BD%D1%82%D0%B5%D0%BB%D0%BB%D0%B8%D0%B3%D0%B5%D0%BD%D1%82-%D0%B2-%D0%B1%D0%B0%D0%BD%D1%8E-%D0%BF%D0%BE%D0%BC%D1%8B%D1%82%D1%8C%D1%81%D1%8F/?p=3 HTTP/1.1" 200 8478 "-" "Mozilla/5.0 (compatible; YandexBot/3.0; +http://yandex.com/bots)"
178.154.200.206 - - [22/Jul/2020:23:09:48 +0000] "GET /%D1%80%D1%8B%D0%B1%D0%B0%D0%BA-%D0%BF%D0%B5%D1%80%D0%B5%D0%B2%D0%BE%D0%B7%D0%B8%D0%BB-%D0%BD%D0%B0-%D0%BB%D0%BE%D0%B4%D0%BA%D0%B5-%D0%BE%D0%B4%D0%BD%D0%BE%D0%B3%D0%BE-%D1%87%D0%B5%D0%BB%D0%BE%D0%B2%D0%B5%D0%BA%D0%B0/?p=3 HTTP/1.1" 200 11341 "-" "Mozilla/5.0 (compatible; YandexBot/3.0; +http://yandex.com/bots)" "-"
178.154.200.206 - - [22/Jul/2020:23:09:48 +0000] "GET /%D1%80%D1%8B%D0%B1%D0%B0%D0%BA-%D0%BF%D0%B5%D1%80%D0%B5%D0%B2%D0%BE%D0%B7%D0%B8%D0%BB-%D0%BD%D0%B0-%D0%BB%D0%BE%D0%B4%D0%BA%D0%B5-%D0%BE%D0%B4%D0%BD%D0%BE%D0%B3%D0%BE-%D1%87%D0%B5%D0%BB%D0%BE%D0%B2%D0%B5%D0%BA%D0%B0/?p=3 HTTP/1.1" 200 11341 "-" "Mozilla/5.0 (compatible; YandexBot/3.0; +http://yandex.com/bots)"
178.154.200.81 - - [22/Jul/2020:23:09:48 +0000] "GET /%D0%B7%D0%B2%D0%BE%D0%BD%D0%B8%D1%82-%D1%82%D0%B5%D0%BB%D0%B5%D1%84%D0%BE%D0%BD-%D0%B0%D0%BB%D0%BB%D0%BE-%D1%8D%D1%82%D0%BE-%D1%81%D0%B8%D0%BD%D1%8C%D0%BE%D1%80-%D1%80%D0%BE%D0%B4/?p=2 HTTP/1.1" 200 17878 "-" "Mozilla/5.0 (compatible; YandexBot/3.0; +http://yandex.com/bots)" "-"
178.154.200.81 - - [22/Jul/2020:23:09:48 +0000] "GET /%D0%B7%D0%B2%D0%BE%D0%BD%D0%B8%D1%82-%D1%82%D0%B5%D0%BB%D0%B5%D1%84%D0%BE%D0%BD-%D0%B0%D0%BB%D0%BB%D0%BE-%D1%8D%D1%82%D0%BE-%D1%81%D0%B8%D0%BD%D1%8C%D0%BE%D1%80-%D1%80%D0%BE%D0%B4/?p=2 HTTP/1.1" 200 17878 "-" "Mozilla/5.0 (compatible; YandexBot/3.0; +http://yandex.com/bots)"
5.45.207.181 - - [22/Jul/2020:23:09:49 +0000] "GET /%D0%BF%D1%80%D0%B8%D1%85%D0%BE%D0%B4%D0%B8%D1%82-%D0%BC%D1%83%D0%B6%D0%B8%D0%BA-%D1%83%D1%81%D1%82%D1%80%D0%B0%D0%B8%D0%B2%D0%B0%D1%82%D1%8C%D1%81%D1%8F-%D0%BD%D0%B0-%D1%80%D0%B0%D0%B1%D0%BE%D1%82%D1%83/?p=2 HTTP/1.1" 200 13043 "-" "Mozilla/5.0 (compatible; YandexBot/3.0; +http://yandex.com/bots)" "-"
5.45.207.181 - - [22/Jul/2020:23:09:49 +0000] "GET /%D0%BF%D1%80%D0%B8%D1%85%D0%BE%D0%B4%D0%B8%D1%82-%D0%BC%D1%83%D0%B6%D0%B8%D0%BA-%D1%83%D1%81%D1%82%D1%80%D0%B0%D0%B8%D0%B2%D0%B0%D1%82%D1%8C%D1%81%D1%8F-%D0%BD%D0%B0-%D1%80%D0%B0%D0%B1%D0%BE%D1%82%D1%83/?p=2 HTTP/1.1" 200 13043 "-" "Mozilla/5.0 (compatible; YandexBot/3.0; +http://yandex.com/bots)"
178.154.200.151 - - [22/Jul/2020:23:09:49 +0000] "GET /%D0%B7%D0%B2%D0%BE%D0%BD%D0%B8%D1%82-%D1%82%D0%B5%D0%BB%D0%B5%D1%84%D0%BE%D0%BD-%D0%B0%D0%BB%D0%BB%D0%BE-%D1%8D%D1%82%D0%BE-%D1%81%D0%B8%D0%BD%D1%8C%D0%BE%D1%80-%D1%80%D0%BE%D0%B4/?p=4 HTTP/1.1" 200 10567 "-" "Mozilla/5.0 (compatible; YandexBot/3.0; +http://yandex.com/bots)" "-"
178.154.200.151 - - [22/Jul/2020:23:09:49 +0000] "GET /%D0%B7%D0%B2%D0%BE%D0%BD%D0%B8%D1%82-%D1%82%D0%B5%D0%BB%D0%B5%D1%84%D0%BE%D0%BD-%D0%B0%D0%BB%D0%BB%D0%BE-%D1%8D%D1%82%D0%BE-%D1%81%D0%B8%D0%BD%D1%8C%D0%BE%D1%80-%D1%80%D0%BE%D0%B4/?p=4 HTTP/1.1" 200 10567 "-" "Mozilla/5.0 (compatible; YandexBot/3.0; +http://yandex.com/bots)"
178.154.200.206 - - [22/Jul/2020:23:09:49 +0000] "GET /%D0%BF%D1%80%D0%B8%D1%85%D0%BE%D0%B4%D0%B8%D1%82-%D0%B8%D0%BD%D1%82%D0%B5%D0%BB%D0%BB%D0%B8%D0%B3%D0%B5%D0%BD%D1%82-%D0%B2-%D0%B1%D0%B0%D0%BD%D1%8E-%D0%BF%D0%BE%D0%BC%D1%8B%D1%82%D1%8C%D1%81%D1%8F/?p=3 HTTP/1.1" 200 8478 "-" "Mozilla/5.0 (compatible; YandexBot/3.0; +http://yandex.com/bots)" "-"
178.154.200.206 - - [22/Jul/2020:23:09:49 +0000] "GET /%D0%BF%D1%80%D0%B8%D1%85%D0%BE%D0%B4%D0%B8%D1%82-%D0%B8%D0%BD%D1%82%D0%B5%D0%BB%D0%BB%D0%B8%D0%B3%D0%B5%D0%BD%D1%82-%D0%B2-%D0%B1%D0%B0%D0%BD%D1%8E-%D0%BF%D0%BE%D0%BC%D1%8B%D1%82%D1%8C%D1%81%D1%8F/?p=3 HTTP/1.1" 200 8478 "-" "Mozilla/5.0 (compatible; YandexBot/3.0; +http://yandex.com/bots)"
178.154.200.81 - - [22/Jul/2020:23:09:50 +0000] "GET /%D0%B8%D0%B4%D0%B5%D1%82-%D0%B4%D0%B5%D0%B2%D1%83%D1%88%D0%BA%D0%B0-%D0%BF%D0%BE-%D0%BF%D0%BB%D1%8F%D0%B6%D1%83-%D0%B8-%D1%83%D0%B2%D0%B8%D0%B4%D0%B5%D0%BB%D0%B0-%D1%80%D0%B0%D0%BA%D1%83%D1%88%D0%BA%D1%83/?p=3 HTTP/1.1" 200 9357 "-" "Mozilla/5.0 (compatible; YandexBot/3.0; +http://yandex.com/bots)" "-"
178.154.200.81 - - [22/Jul/2020:23:09:50 +0000] "GET /%D0%B8%D0%B4%D0%B5%D1%82-%D0%B4%D0%B5%D0%B2%D1%83%D1%88%D0%BA%D0%B0-%D0%BF%D0%BE-%D0%BF%D0%BB%D1%8F%D0%B6%D1%83-%D0%B8-%D1%83%D0%B2%D0%B8%D0%B4%D0%B5%D0%BB%D0%B0-%D1%80%D0%B0%D0%BA%D1%83%D1%88%D0%BA%D1%83/?p=3 HTTP/1.1" 200 9357 "-" "Mozilla/5.0 (compatible; YandexBot/3.0; +http://yandex.com/bots)"
95.163.255.168 - - [22/Jul/2020:23:09:50 +0000] "GET /%D1%81%D0%BB%D0%B5%D0%B4%D0%BE%D0%B2%D0%B0%D1%82%D0%B5%D0%BB%D1%8C-%D0%BE%D0%B1-%D1%83%D0%B1%D0%B8%D0%B9%D1%86%D0%B5-%D0%BD%D0%B8%D1%87%D0%B5%D0%B3%D0%BE-%D0%BD%D0%B5-%D0%B8%D0%B7%D0%B2%D0%B5%D1%81%D1%82%D0%BD%D0%BE/?p=3 HTTP/1.1" 200 10208 "-" "Mozilla/5.0 (compatible; Linux x86_64; Mail.RU_Bot/2.0; +http://go.mail.ru/help/robots)" "-"
95.163.255.168 - - [22/Jul/2020:23:09:50 +0000] "GET /%D1%81%D0%BB%D0%B5%D0%B4%D0%BE%D0%B2%D0%B0%D1%82%D0%B5%D0%BB%D1%8C-%D0%BE%D0%B1-%D1%83%D0%B1%D0%B8%D0%B9%D1%86%D0%B5-%D0%BD%D0%B8%D1%87%D0%B5%D0%B3%D0%BE-%D0%BD%D0%B5-%D0%B8%D0%B7%D0%B2%D0%B5%D1%81%D1%82%D0%BD%D0%BE/?p=3 HTTP/1.1" 200 10208 "-" "Mozilla/5.0 (compatible; Linux x86_64; Mail.RU_Bot/2.0; +http://go.mail.ru/help/robots)"
94.228.207.169 - - [22/Jul/2020:23:09:51 +0000] "GET /%D0%B3%D0%B5%D1%80%D0%BC%D0%B0%D0%BD%D0%B8%D1%8F-30-%D0%B5-%D0%B3%D0%BE%D0%B4%D1%8B-%D0%BF%D0%BE-%D1%83%D0%BB%D0%B8%D1%86%D0%B5-%D0%B8%D0%B4%D0%B5%D1%82-%D0%B5%D0%B2%D1%80%D0%B5%D0%B9/ HTTP/2.0" 200 13949 "https://www.google.com/" "Mozilla/5.0 (Linux; Android 9; SM-G950F) AppleWebKit/537.36 (KHTML, like Gecko) Chrome/83.0.4103.106 Mobile Safari/537.36" "-"
94.228.207.169 - - [22/Jul/2020:23:09:51 +0000] "GET /%D0%B3%D0%B5%D1%80%D0%BC%D0%B0%D0%BD%D0%B8%D1%8F-30-%D0%B5-%D0%B3%D0%BE%D0%B4%D1%8B-%D0%BF%D0%BE-%D1%83%D0%BB%D0%B8%D1%86%D0%B5-%D0%B8%D0%B4%D0%B5%D1%82-%D0%B5%D0%B2%D1%80%D0%B5%D0%B9/ HTTP/2.0" 200 13949 "https://www.google.com/" "Mozilla/5.0 (Linux; Android 9; SM-G950F) AppleWebKit/537.36 (KHTML, like Gecko) Chrome/83.0.4103.106 Mobile Safari/537.36"
5.45.207.181 - - [22/Jul/2020:23:09:53 +0000] "GET /-%D0%BF%D0%B0%D0%BF%D0%B0-%D0%B0-%D0%91%D0%B0%D1%80%D1%81%D0%B5%D0%BB%D0%BE%D0%BD%D0%B0-%D1%85%D0%BE%D1%80%D0%BE%D1%88%D0%B0%D1%8F-%D0%BA%D0%BE%D0%BC%D0%B0%D0%BD%D0%B4%D0%B0-%D0%B4%D0%B0-%D1%81%D1%8B%D0%BD%D0%BE%D0%BA-%D1%8D%D1%82%D0%BE/?p=3 HTTP/1.1" 200 14563 "-" "Mozilla/5.0 (compatible; YandexBot/3.0; +http://yandex.com/bots)" "-"
5.45.207.181 - - [22/Jul/2020:23:09:53 +0000] "GET /-%D0%BF%D0%B0%D0%BF%D0%B0-%D0%B0-%D0%91%D0%B0%D1%80%D1%81%D0%B5%D0%BB%D0%BE%D0%BD%D0%B0-%D1%85%D0%BE%D1%80%D0%BE%D1%88%D0%B0%D1%8F-%D0%BA%D0%BE%D0%BC%D0%B0%D0%BD%D0%B4%D0%B0-%D0%B4%D0%B0-%D1%81%D1%8B%D0%BD%D0%BE%D0%BA-%D1%8D%D1%82%D0%BE/?p=3 HTTP/1.1" 200 14563 "-" "Mozilla/5.0 (compatible; YandexBot/3.0; +http://yandex.com/bots)"
178.154.200.81 - - [22/Jul/2020:23:09:54 +0000] "GET /%D1%87%D1%82%D0%BE-%D1%81%D0%B4%D0%B5%D0%BB%D0%B0%D0%BB-%D0%B4%D0%B0%D0%B3%D0%B5%D1%81%D1%82%D0%B0%D0%BD%D0%B5%D1%86-%D1%81-%D0%BC%D0%B0%D1%88%D0%B8%D0%BD%D0%BE%D0%B9-%D0%B2%D1%80%D0%B5%D0%BC%D0%B5%D0%BD%D0%B8/?p=2 HTTP/1.1" 200 13357 "-" "Mozilla/5.0 (compatible; YandexBot/3.0; +http://yandex.com/bots)" "-"
178.154.200.81 - - [22/Jul/2020:23:09:54 +0000] "GET /%D1%87%D1%82%D0%BE-%D1%81%D0%B4%D0%B5%D0%BB%D0%B0%D0%BB-%D0%B4%D0%B0%D0%B3%D0%B5%D1%81%D1%82%D0%B0%D0%BD%D0%B5%D1%86-%D1%81-%D0%BC%D0%B0%D1%88%D0%B8%D0%BD%D0%BE%D0%B9-%D0%B2%D1%80%D0%B5%D0%BC%D0%B5%D0%BD%D0%B8/?p=2 HTTP/1.1" 200 13357 "-" "Mozilla/5.0 (compatible; YandexBot/3.0; +http://yandex.com/bots)"
5.45.207.181 - - [22/Jul/2020:23:09:54 +0000] "GET /%D0%BF%D0%BE%D0%BC%D0%B5%D1%80-%D1%81%D1%80%D0%B5%D0%B4%D0%BD%D0%B5%D1%81%D1%82%D0%B0%D1%82%D0%B8%D1%81%D1%82%D0%B8%D1%87%D0%B5%D1%81%D0%BA%D0%B8%D0%B9-%D0%BC%D1%83%D0%B6%D0%B8%D0%BA-%D0%BB%D0%B5%D1%82-45-%D0%B5%D0%BC%D1%83-%D0%B1%D1%8B%D0%BB%D0%BE/?p=1 HTTP/1.1" 200 13057 "-" "Mozilla/5.0 (compatible; YandexBot/3.0; +http://yandex.com/bots)" "-"
5.45.207.181 - - [22/Jul/2020:23:09:54 +0000] "GET /%D0%BF%D0%BE%D0%BC%D0%B5%D1%80-%D1%81%D1%80%D0%B5%D0%B4%D0%BD%D0%B5%D1%81%D1%82%D0%B0%D1%82%D0%B8%D1%81%D1%82%D0%B8%D1%87%D0%B5%D1%81%D0%BA%D0%B8%D0%B9-%D0%BC%D1%83%D0%B6%D0%B8%D0%BA-%D0%BB%D0%B5%D1%82-45-%D0%B5%D0%BC%D1%83-%D0%B1%D1%8B%D0%BB%D0%BE/?p=1 HTTP/1.1" 200 13057 "-" "Mozilla/5.0 (compatible; YandexBot/3.0; +http://yandex.com/bots)"
109.252.76.248 - - [22/Jul/2020:23:09:54 +0000] "GET /%D0%B4%D0%B0-%D0%B0%D0%BB%D1%91-%D0%B4%D0%B0-%D0%B4%D0%B0-%D0%BD%D1%83-%D0%BA%D0%B0%D0%BA-%D1%82%D0%B0%D0%BC-%D1%81-%D0%B4%D0%B5%D0%BD%D1%8C%D0%B3%D0%B0%D0%BC%D0%B8/ HTTP/2.0" 200 15167 "-" "Mozilla/5.0 (iPhone; CPU iPhone OS 13_5_1 like Mac OS X) AppleWebKit/605.1.15 (KHTML, like Gecko) Version/13.1.1 Mobile/15E148 Safari/604.1" "-"
109.252.76.248 - - [22/Jul/2020:23:09:54 +0000] "GET /%D0%B4%D0%B0-%D0%B0%D0%BB%D1%91-%D0%B4%D0%B0-%D0%B4%D0%B0-%D0%BD%D1%83-%D0%BA%D0%B0%D0%BA-%D1%82%D0%B0%D0%BC-%D1%81-%D0%B4%D0%B5%D0%BD%D1%8C%D0%B3%D0%B0%D0%BC%D0%B8/ HTTP/2.0" 200 15167 "-" "Mozilla/5.0 (iPhone; CPU iPhone OS 13_5_1 like Mac OS X) AppleWebKit/605.1.15 (KHTML, like Gecko) Version/13.1.1 Mobile/15E148 Safari/604.1"
178.154.200.81 - - [22/Jul/2020:23:09:55 +0000] "GET /%D1%82%D1%80%D0%B5%D0%BC%D1%8F-%D0%B3%D0%BB%D0%B0%D0%B2%D0%BD%D1%8B%D0%BC%D0%B8-%D0%BA%D1%83%D1%80%D0%BE%D1%80%D1%82%D0%B0%D0%BC%D0%B8-%D1%8E%D0%B6%D0%BD%D0%BE%D0%B9-%D1%87%D0%B0%D1%81%D1%82%D0%B8-%D0%9A%D1%80%D1%8B%D0%BC%D0%B0/?p=3 HTTP/1.1" 200 11682 "-" "Mozilla/5.0 (compatible; YandexBot/3.0; +http://yandex.com/bots)" "-"
178.154.200.81 - - [22/Jul/2020:23:09:55 +0000] "GET /%D1%82%D1%80%D0%B5%D0%BC%D1%8F-%D0%B3%D0%BB%D0%B0%D0%B2%D0%BD%D1%8B%D0%BC%D0%B8-%D0%BA%D1%83%D1%80%D0%BE%D1%80%D1%82%D0%B0%D0%BC%D0%B8-%D1%8E%D0%B6%D0%BD%D0%BE%D0%B9-%D1%87%D0%B0%D1%81%D1%82%D0%B8-%D0%9A%D1%80%D1%8B%D0%BC%D0%B0/?p=3 HTTP/1.1" 200 11682 "-" "Mozilla/5.0 (compatible; YandexBot/3.0; +http://yandex.com/bots)"
5.45.207.181 - - [22/Jul/2020:23:09:55 +0000] "GET /%D0%BF%D0%BE%D0%B5%D0%B7%D0%B4-%D0%BA%D1%83%D0%BF%D0%B5-%D0%B5%D0%B4%D1%83%D1%82-%D1%82%D1%80%D0%BE%D0%B5-%D0%B3%D1%80%D1%83%D0%B7%D0%B8%D0%BD-%D0%B0%D1%80%D0%BC%D0%B5%D0%BD%D0%B8%D0%BD-%D1%80%D1%83%D1%81%D1%81%D0%BA%D0%B8%D0%B9-%D0%BD%D0%B0-%D0%B2%D0%B5%D1%80/?p=5 HTTP/1.1" 200 8644 "-" "Mozilla/5.0 (compatible; YandexBot/3.0; +http://yandex.com/bots)" "-"
5.45.207.181 - - [22/Jul/2020:23:09:55 +0000] "GET /%D0%BF%D0%BE%D0%B5%D0%B7%D0%B4-%D0%BA%D1%83%D0%BF%D0%B5-%D0%B5%D0%B4%D1%83%D1%82-%D1%82%D1%80%D0%BE%D0%B5-%D0%B3%D1%80%D1%83%D0%B7%D0%B8%D0%BD-%D0%B0%D1%80%D0%BC%D0%B5%D0%BD%D0%B8%D0%BD-%D1%80%D1%83%D1%81%D1%81%D0%BA%D0%B8%D0%B9-%D0%BD%D0%B0-%D0%B2%D0%B5%D1%80/?p=5 HTTP/1.1" 200 8644 "-" "Mozilla/5.0 (compatible; YandexBot/3.0; +http://yandex.com/bots)"
178.154.200.151 - - [22/Jul/2020:23:09:55 +0000] "GET /%D0%92%D0%B0%D1%85%D1%82%D0%B0%D0%BD%D0%B3-%D0%BE%D1%87%D0%B5%D0%BD%D1%8C-%D0%BF%D0%B5%D1%80%D0%B5%D0%B6%D0%B8%D0%B2%D0%B0%D0%BB-%D0%B8%D0%B7-%D0%B7%D0%B0-%D0%BE%D0%B1%D0%B8%D0%BB%D1%8C%D0%BD%D0%BE%D0%B9/?p=4 HTTP/1.1" 200 8398 "-" "Mozilla/5.0 (compatible; YandexBot/3.0; +http://yandex.com/bots)" "-"
178.154.200.151 - - [22/Jul/2020:23:09:55 +0000] "GET /%D0%92%D0%B0%D1%85%D1%82%D0%B0%D0%BD%D0%B3-%D0%BE%D1%87%D0%B5%D0%BD%D1%8C-%D0%BF%D0%B5%D1%80%D0%B5%D0%B6%D0%B8%D0%B2%D0%B0%D0%BB-%D0%B8%D0%B7-%D0%B7%D0%B0-%D0%BE%D0%B1%D0%B8%D0%BB%D1%8C%D0%BD%D0%BE%D0%B9/?p=4 HTTP/1.1" 200 8398 "-" "Mozilla/5.0 (compatible; YandexBot/3.0; +http://yandex.com/bots)"
109.252.76.248 - - [22/Jul/2020:23:09:56 +0000] "GET /%D0%B4%D0%B0-%D0%B0%D0%BB%D1%91-%D0%B4%D0%B0-%D0%B4%D0%B0-%D0%BD%D1%83-%D0%BA%D0%B0%D0%BA-%D1%82%D0%B0%D0%BC-%D1%81-%D0%B4%D0%B5%D0%BD%D1%8C%D0%B3%D0%B0%D0%BC%D0%B8/ HTTP/2.0" 200 15167 "https://baneks.site/%D0%B4%D0%B0-%D0%B0%D0%BB%D1%91-%D0%B4%D0%B0-%D0%B4%D0%B0-%D0%BD%D1%83-%D0%BA%D0%B0%D0%BA-%D1%82%D0%B0%D0%BC-%D1%81-%D0%B4%D0%B5%D0%BD%D1%8C%D0%B3%D0%B0%D0%BC%D0%B8/" "Mozilla/5.0 (iPhone; CPU iPhone OS 13_5_1 like Mac OS X) AppleWebKit/605.1.15 (KHTML, like Gecko) Version/13.1.1 Mobile/15E148 Safari/604.1" "-"
109.252.76.248 - - [22/Jul/2020:23:09:56 +0000] "GET /%D0%B4%D0%B0-%D0%B0%D0%BB%D1%91-%D0%B4%D0%B0-%D0%B4%D0%B0-%D0%BD%D1%83-%D0%BA%D0%B0%D0%BA-%D1%82%D0%B0%D0%BC-%D1%81-%D0%B4%D0%B5%D0%BD%D1%8C%D0%B3%D0%B0%D0%BC%D0%B8/ HTTP/2.0" 200 15167 "https://baneks.site/%D0%B4%D0%B0-%D0%B0%D0%BB%D1%91-%D0%B4%D0%B0-%D0%B4%D0%B0-%D0%BD%D1%83-%D0%BA%D0%B0%D0%BA-%D1%82%D0%B0%D0%BC-%D1%81-%D0%B4%D0%B5%D0%BD%D1%8C%D0%B3%D0%B0%D0%BC%D0%B8/" "Mozilla/5.0 (iPhone; CPU iPhone OS 13_5_1 like Mac OS X) AppleWebKit/605.1.15 (KHTML, like Gecko) Version/13.1.1 Mobile/15E148 Safari/604.1"
178.154.200.81 - - [22/Jul/2020:23:09:56 +0000] "GET /%D0%BF%D0%B5%D1%80%D0%B5%D0%B4-%D0%B7%D0%B2%D0%B0%D0%BD%D1%8B%D0%BC-%D0%B2%D0%B5%D1%87%D0%B5%D1%80%D0%BE%D0%BC-%D0%B2-%D0%BD%D0%B0%D1%83%D1%87%D0%BD%D0%BE%D0%BC-%D0%B8%D0%BD%D1%81%D1%82%D0%B8%D1%82%D1%83%D1%82%D0%B5/?p=3 HTTP/1.1" 200 14712 "-" "Mozilla/5.0 (compatible; YandexBot/3.0; +http://yandex.com/bots)" "-"
178.154.200.81 - - [22/Jul/2020:23:09:56 +0000] "GET /%D0%BF%D0%B5%D1%80%D0%B5%D0%B4-%D0%B7%D0%B2%D0%B0%D0%BD%D1%8B%D0%BC-%D0%B2%D0%B5%D1%87%D0%B5%D1%80%D0%BE%D0%BC-%D0%B2-%D0%BD%D0%B0%D1%83%D1%87%D0%BD%D0%BE%D0%BC-%D0%B8%D0%BD%D1%81%D1%82%D0%B8%D1%82%D1%83%D1%82%D0%B5/?p=3 HTTP/1.1" 200 14712 "-" "Mozilla/5.0 (compatible; YandexBot/3.0; +http://yandex.com/bots)"
178.154.200.81 - - [22/Jul/2020:23:09:58 +0000] "GET /%D0%9F%D0%B5%D1%82%D1%8C%D0%BA%D0%B0-%D0%B0-%D0%B8%D0%B7%D0%B2%D0%B5%D1%81%D1%82%D0%BD%D0%BE-%D0%BB%D0%B8-%D1%82%D0%B5%D0%B1%D0%B5-%D1%87%D1%82%D0%BE-%D1%82%D0%B0%D0%BA%D0%BE%D0%B5-%D0%BF%D0%B5%D1%80%D1%81%D0%BF%D0%B5%D0%BA%D1%82%D0%B8%D0%B2%D0%B0/ HTTP/1.1" 200 14230 "-" "Mozilla/5.0 (compatible; YandexBot/3.0; +http://yandex.com/bots)" "-"
178.154.200.81 - - [22/Jul/2020:23:09:58 +0000] "GET /%D0%9F%D0%B5%D1%82%D1%8C%D0%BA%D0%B0-%D0%B0-%D0%B8%D0%B7%D0%B2%D0%B5%D1%81%D1%82%D0%BD%D0%BE-%D0%BB%D0%B8-%D1%82%D0%B5%D0%B1%D0%B5-%D1%87%D1%82%D0%BE-%D1%82%D0%B0%D0%BA%D0%BE%D0%B5-%D0%BF%D0%B5%D1%80%D1%81%D0%BF%D0%B5%D0%BA%D1%82%D0%B8%D0%B2%D0%B0/ HTTP/1.1" 200 14230 "-" "Mozilla/5.0 (compatible; YandexBot/3.0; +http://yandex.com/bots)"
213.180.203.252 - - [22/Jul/2020:23:09:59 +0000] "GET /%D0%BC%D1%83%D0%B6%D1%87%D0%B8%D0%BD%D0%B0-%D1%83%D1%81%D1%82%D1%80%D0%B0%D0%B8%D0%B2%D0%B0%D0%B5%D1%82%D1%81%D1%8F-%D0%BD%D0%B0-%D1%80%D0%B0%D0%B1%D0%BE%D1%82%D1%83-%D1%87%D0%B0%D1%81%D1%82%D0%BD%D1%8B%D0%BC-%D0%B2%D0%BE%D0%B4%D0%B8%D1%82%D0%B5%D0%BB%D0%B5%D0%BC/?p=4 HTTP/1.1" 200 14052 "-" "Mozilla/5.0 (compatible; YandexBot/3.0; +http://yandex.com/bots)" "-"
213.180.203.252 - - [22/Jul/2020:23:09:59 +0000] "GET /%D0%BC%D1%83%D0%B6%D1%87%D0%B8%D0%BD%D0%B0-%D1%83%D1%81%D1%82%D1%80%D0%B0%D0%B8%D0%B2%D0%B0%D0%B5%D1%82%D1%81%D1%8F-%D0%BD%D0%B0-%D1%80%D0%B0%D0%B1%D0%BE%D1%82%D1%83-%D1%87%D0%B0%D1%81%D1%82%D0%BD%D1%8B%D0%BC-%D0%B2%D0%BE%D0%B4%D0%B8%D1%82%D0%B5%D0%BB%D0%B5%D0%BC/?p=4 HTTP/1.1" 200 14052 "-" "Mozilla/5.0 (compatible; YandexBot/3.0; +http://yandex.com/bots)"
178.154.200.81 - - [22/Jul/2020:23:10:00 +0000] "GET /%D0%91%D0%BE%D0%B3-%D1%81%D0%BC%D0%BE%D1%82%D1%80%D0%B8%D1%82-%D0%BD%D0%B0-%D0%B7%D0%B5%D0%BC%D0%BB%D1%8E-%D0%B2%D0%BD%D0%B8%D0%B7-%D0%BB%D1%8E%D0%B4%D0%B8-%D0%B2-%D0%B1%D0%BE%D0%BB%D1%8C%D0%BD%D0%B8%D1%86%D0%B0%D1%85-%D1%81%D1%82%D0%BE%D1%8F%D1%82/?p=1 HTTP/1.1" 200 14262 "-" "Mozilla/5.0 (compatible; YandexBot/3.0; +http://yandex.com/bots)" "-"
178.154.200.81 - - [22/Jul/2020:23:10:00 +0000] "GET /%D0%91%D0%BE%D0%B3-%D1%81%D0%BC%D0%BE%D1%82%D1%80%D0%B8%D1%82-%D0%BD%D0%B0-%D0%B7%D0%B5%D0%BC%D0%BB%D1%8E-%D0%B2%D0%BD%D0%B8%D0%B7-%D0%BB%D1%8E%D0%B4%D0%B8-%D0%B2-%D0%B1%D0%BE%D0%BB%D1%8C%D0%BD%D0%B8%D1%86%D0%B0%D1%85-%D1%81%D1%82%D0%BE%D1%8F%D1%82/?p=1 HTTP/1.1" 200 14262 "-" "Mozilla/5.0 (compatible; YandexBot/3.0; +http://yandex.com/bots)"
178.154.200.81 - - [22/Jul/2020:23:10:01 +0000] "GET /%D0%BF%D1%80%D0%B8%D1%85%D0%BE%D0%B4%D0%B8%D1%82-%D0%B8%D0%BD%D0%B4%D0%B5%D0%B5%D1%86-%D0%BA-%D0%B2%D0%BE%D0%B6%D0%B4%D1%8E/?p=2 HTTP/1.1" 200 14714 "-" "Mozilla/5.0 (compatible; YandexBot/3.0; +http://yandex.com/bots)" "-"
178.154.200.81 - - [22/Jul/2020:23:10:01 +0000] "GET /%D0%BF%D1%80%D0%B8%D1%85%D0%BE%D0%B4%D0%B8%D1%82-%D0%B8%D0%BD%D0%B4%D0%B5%D0%B5%D1%86-%D0%BA-%D0%B2%D0%BE%D0%B6%D0%B4%D1%8E/?p=2 HTTP/1.1" 200 14714 "-" "Mozilla/5.0 (compatible; YandexBot/3.0; +http://yandex.com/bots)"
5.45.207.181 - - [22/Jul/2020:23:10:01 +0000] "GET /-what-comes-between-fear-and-sex/?p=2 HTTP/1.1" 200 11854 "-" "Mozilla/5.0 (compatible; YandexBot/3.0; +http://yandex.com/bots)" "-"
5.45.207.181 - - [22/Jul/2020:23:10:01 +0000] "GET /-what-comes-between-fear-and-sex/?p=2 HTTP/1.1" 200 11854 "-" "Mozilla/5.0 (compatible; YandexBot/3.0; +http://yandex.com/bots)"
178.154.200.151 - - [22/Jul/2020:23:10:01 +0000] "GET /tag/%D0%BB%D0%B5%D0%B2/?p=6 HTTP/1.1" 200 11491 "-" "Mozilla/5.0 (compatible; YandexBot/3.0; +http://yandex.com/bots)" "-"
178.154.200.151 - - [22/Jul/2020:23:10:01 +0000] "GET /tag/%D0%BB%D0%B5%D0%B2/?p=6 HTTP/1.1" 200 11491 "-" "Mozilla/5.0 (compatible; YandexBot/3.0; +http://yandex.com/bots)"
178.154.200.81 - - [22/Jul/2020:23:10:02 +0000] "GET /%D0%BC%D0%BE%D0%BB%D0%BE%D0%B4%D0%BE%D0%B9-%D1%87%D0%B5%D0%BB%D0%BE%D0%B2%D0%B5%D0%BA-%D1%80%D0%B5%D1%88%D0%B8%D0%BB-%D1%81%D0%B4%D0%B5%D0%BB%D0%B0%D1%82%D1%8C-%D1%87%D1%82%D0%BE-%D1%82%D0%BE-%D0%BF%D1%80%D0%B8%D1%8F%D1%82%D0%BD%D0%BE%D0%B5/?p=2 HTTP/1.1" 200 15831 "-" "Mozilla/5.0 (compatible; YandexBot/3.0; +http://yandex.com/bots)" "-"
178.154.200.81 - - [22/Jul/2020:23:10:02 +0000] "GET /%D0%BC%D0%BE%D0%BB%D0%BE%D0%B4%D0%BE%D0%B9-%D1%87%D0%B5%D0%BB%D0%BE%D0%B2%D0%B5%D0%BA-%D1%80%D0%B5%D1%88%D0%B8%D0%BB-%D1%81%D0%B4%D0%B5%D0%BB%D0%B0%D1%82%D1%8C-%D1%87%D1%82%D0%BE-%D1%82%D0%BE-%D0%BF%D1%80%D0%B8%D1%8F%D1%82%D0%BD%D0%BE%D0%B5/?p=2 HTTP/1.1" 200 15831 "-" "Mozilla/5.0 (compatible; YandexBot/3.0; +http://yandex.com/bots)"
66.249.68.33 - - [22/Jul/2020:23:10:02 +0000] "GET /tag/%D1%80%D1%83%D1%81%D1%81%D0%BA%D0%B8%D0%B9/ HTTP/1.1" 200 11246 "-" "Mozilla/5.0 (compatible; Googlebot/2.1; +http://www.google.com/bot.html)" "-"
66.249.68.33 - - [22/Jul/2020:23:10:02 +0000] "GET /tag/%D1%80%D1%83%D1%81%D1%81%D0%BA%D0%B8%D0%B9/ HTTP/1.1" 200 11246 "-" "Mozilla/5.0 (compatible; Googlebot/2.1; +http://www.google.com/bot.html)"
5.45.207.181 - - [22/Jul/2020:23:10:02 +0000] "GET /%D0%BC%D1%83%D0%B6%D1%87%D0%B8%D0%BD%D0%B0-%D1%83%D1%81%D1%82%D1%80%D0%B0%D0%B8%D0%B2%D0%B0%D0%B5%D1%82%D1%81%D1%8F-%D0%BD%D0%B0-%D1%80%D0%B0%D0%B1%D0%BE%D1%82%D1%83-%D1%87%D0%B0%D1%81%D1%82%D0%BD%D1%8B%D0%BC-%D0%B2%D0%BE%D0%B4%D0%B8%D1%82%D0%B5%D0%BB%D0%B5%D0%BC/?p=4 HTTP/1.1" 200 14052 "-" "Mozilla/5.0 (compatible; YandexBot/3.0; +http://yandex.com/bots)" "-"
5.45.207.181 - - [22/Jul/2020:23:10:02 +0000] "GET /%D0%BC%D1%83%D0%B6%D1%87%D0%B8%D0%BD%D0%B0-%D1%83%D1%81%D1%82%D1%80%D0%B0%D0%B8%D0%B2%D0%B0%D0%B5%D1%82%D1%81%D1%8F-%D0%BD%D0%B0-%D1%80%D0%B0%D0%B1%D0%BE%D1%82%D1%83-%D1%87%D0%B0%D1%81%D1%82%D0%BD%D1%8B%D0%BC-%D0%B2%D0%BE%D0%B4%D0%B8%D1%82%D0%B5%D0%BB%D0%B5%D0%BC/?p=4 HTTP/1.1" 200 14052 "-" "Mozilla/5.0 (compatible; YandexBot/3.0; +http://yandex.com/bots)"
178.154.200.81 - - [22/Jul/2020:23:10:06 +0000] "GET /%D1%84%D0%B8%D1%80%D0%BC%D0%B0-%D0%9C%D0%B0%D0%B9%D0%BA%D1%80%D0%BE%D1%81%D0%BE%D1%84%D1%82-%D0%BF%D0%BE%D0%B4%D0%B0%D0%BB%D0%B0-%D0%B2-%D1%81%D1%83%D0%B4-%D0%BD%D0%B0-%D0%BE%D1%82%D0%B5%D1%87%D0%B5%D1%81%D1%82%D0%B2%D0%B5%D0%BD%D0%BD%D1%83%D1%8E/?p=2 HTTP/1.1" 200 13873 "-" "Mozilla/5.0 (compatible; YandexBot/3.0; +http://yandex.com/bots)" "-"
178.154.200.81 - - [22/Jul/2020:23:10:06 +0000] "GET /%D1%84%D0%B8%D1%80%D0%BC%D0%B0-%D0%9C%D0%B0%D0%B9%D0%BA%D1%80%D0%BE%D1%81%D0%BE%D1%84%D1%82-%D0%BF%D0%BE%D0%B4%D0%B0%D0%BB%D0%B0-%D0%B2-%D1%81%D1%83%D0%B4-%D0%BD%D0%B0-%D0%BE%D1%82%D0%B5%D1%87%D0%B5%D1%81%D1%82%D0%B2%D0%B5%D0%BD%D0%BD%D1%83%D1%8E/?p=2 HTTP/1.1" 200 13873 "-" "Mozilla/5.0 (compatible; YandexBot/3.0; +http://yandex.com/bots)"
178.151.94.4 - - [22/Jul/2020:23:10:06 +0000] "GET /%D0%BF%D0%B5%D1%80%D0%B5%D0%B4-%D0%B7%D0%B2%D0%B0%D0%BD%D1%8B%D0%BC-%D0%B2%D0%B5%D1%87%D0%B5%D1%80%D0%BE%D0%BC-%D0%B2-%D0%BD%D0%B0%D1%83%D1%87%D0%BD%D0%BE%D0%BC-%D0%B8%D0%BD%D1%81%D1%82%D0%B8%D1%82%D1%83%D1%82%D0%B5/ HTTP/2.0" 200 13403 "https://baneks.site/tag/%D0%BC%D0%B0%D1%82%D0%B5%D0%BC%D0%B0%D1%82%D0%B8%D0%BA/" "Mozilla/5.0 (Linux; Android 9; STK-LX1) AppleWebKit/537.36 (KHTML, like Gecko) Chrome/84.0.4147.89 Mobile Safari/537.36" "-"
178.151.94.4 - - [22/Jul/2020:23:10:06 +0000] "GET /%D0%BF%D0%B5%D1%80%D0%B5%D0%B4-%D0%B7%D0%B2%D0%B0%D0%BD%D1%8B%D0%BC-%D0%B2%D0%B5%D1%87%D0%B5%D1%80%D0%BE%D0%BC-%D0%B2-%D0%BD%D0%B0%D1%83%D1%87%D0%BD%D0%BE%D0%BC-%D0%B8%D0%BD%D1%81%D1%82%D0%B8%D1%82%D1%83%D1%82%D0%B5/ HTTP/2.0" 200 13403 "https://baneks.site/tag/%D0%BC%D0%B0%D1%82%D0%B5%D0%BC%D0%B0%D1%82%D0%B8%D0%BA/" "Mozilla/5.0 (Linux; Android 9; STK-LX1) AppleWebKit/537.36 (KHTML, like Gecko) Chrome/84.0.4147.89 Mobile Safari/537.36"
178.154.200.81 - - [22/Jul/2020:23:10:06 +0000] "GET /%D0%BC%D1%83%D0%B6%D0%B8%D0%BA-%D0%BF%D1%80%D0%B8%D1%88%D1%91%D0%BB-%D0%B2-%D1%80%D0%B5%D1%81%D1%82%D0%BE%D1%80%D0%B0%D0%BD-%D0%BC%D0%B5%D1%81%D1%82-%D0%BD%D0%B5%D1%82-%D0%BD%D1%83-%D0%BF%D0%BE%D0%B4%D1%81%D0%B0%D0%B6%D0%B8%D0%B2%D0%B0%D1%8E%D1%82/?p=2 HTTP/1.1" 200 14392 "-" "Mozilla/5.0 (compatible; YandexBot/3.0; +http://yandex.com/bots)" "-"
178.154.200.81 - - [22/Jul/2020:23:10:06 +0000] "GET /%D0%BC%D1%83%D0%B6%D0%B8%D0%BA-%D0%BF%D1%80%D0%B8%D1%88%D1%91%D0%BB-%D0%B2-%D1%80%D0%B5%D1%81%D1%82%D0%BE%D1%80%D0%B0%D0%BD-%D0%BC%D0%B5%D1%81%D1%82-%D0%BD%D0%B5%D1%82-%D0%BD%D1%83-%D0%BF%D0%BE%D0%B4%D1%81%D0%B0%D0%B6%D0%B8%D0%B2%D0%B0%D1%8E%D1%82/?p=2 HTTP/1.1" 200 14392 "-" "Mozilla/5.0 (compatible; YandexBot/3.0; +http://yandex.com/bots)"
213.87.163.69 - - [22/Jul/2020:23:10:06 +0000] "GET /%D0%BF%D0%BE%D1%81%D0%BF%D0%BE%D1%80%D0%B8%D0%BB%D0%B8-%D0%9A%D0%B0%D1%80%D1%82%D0%B5%D1%80-%D1%81-%D0%91%D1%80%D0%B5%D0%B6%D0%BD%D0%B5%D0%B2%D1%8B%D0%BC-%D0%B2-%D0%BA%D0%B0%D0%BA%D0%BE%D0%B9-%D1%81%D1%82%D1%80%D0%B0%D0%BD%D0%B5-%D1%87%D0%B0%D1%89%D0%B5/?p=2 HTTP/2.0" 200 14994 "https://www.google.ru/" "Mozilla/5.0 (iPhone; CPU iPhone OS 13_5_1 like Mac OS X) AppleWebKit/605.1.15 (KHTML, like Gecko) Version/13.1.1 Mobile/15E148 Safari/604.1" "-"
213.87.163.69 - - [22/Jul/2020:23:10:06 +0000] "GET /%D0%BF%D0%BE%D1%81%D0%BF%D0%BE%D1%80%D0%B8%D0%BB%D0%B8-%D0%9A%D0%B0%D1%80%D1%82%D0%B5%D1%80-%D1%81-%D0%91%D1%80%D0%B5%D0%B6%D0%BD%D0%B5%D0%B2%D1%8B%D0%BC-%D0%B2-%D0%BA%D0%B0%D0%BA%D0%BE%D0%B9-%D1%81%D1%82%D1%80%D0%B0%D0%BD%D0%B5-%D1%87%D0%B0%D1%89%D0%B5/?p=2 HTTP/2.0" 200 14994 "https://www.google.ru/" "Mozilla/5.0 (iPhone; CPU iPhone OS 13_5_1 like Mac OS X) AppleWebKit/605.1.15 (KHTML, like Gecko) Version/13.1.1 Mobile/15E148 Safari/604.1"
5.45.207.181 - - [22/Jul/2020:23:10:07 +0000] "GET /%D0%BF%D0%B0%D0%B1-%D0%B2-%D0%94%D1%83%D0%B1%D0%BB%D0%B8%D0%BD%D0%B5-%D0%B7%D0%B0%D1%85%D0%BE%D0%B4%D0%B8%D1%82-%D0%B0%D0%BD%D0%B3%D0%BB%D0%B8%D1%87%D0%B0%D0%BD%D0%B8%D0%BD-%D0%B2%D0%B8%D0%B4%D0%B8%D1%82-%D1%87%D1%82%D0%BE-%D0%B2%D0%BE%D0%BA%D1%80%D1%83%D0%B3/?p=3 HTTP/1.1" 200 9691 "-" "Mozilla/5.0 (compatible; YandexBot/3.0; +http://yandex.com/bots)" "-"
5.45.207.181 - - [22/Jul/2020:23:10:07 +0000] "GET /%D0%BF%D0%B0%D0%B1-%D0%B2-%D0%94%D1%83%D0%B1%D0%BB%D0%B8%D0%BD%D0%B5-%D0%B7%D0%B0%D1%85%D0%BE%D0%B4%D0%B8%D1%82-%D0%B0%D0%BD%D0%B3%D0%BB%D0%B8%D1%87%D0%B0%D0%BD%D0%B8%D0%BD-%D0%B2%D0%B8%D0%B4%D0%B8%D1%82-%D1%87%D1%82%D0%BE-%D0%B2%D0%BE%D0%BA%D1%80%D1%83%D0%B3/?p=3 HTTP/1.1" 200 9691 "-" "Mozilla/5.0 (compatible; YandexBot/3.0; +http://yandex.com/bots)"
178.154.200.151 - - [22/Jul/2020:23:10:07 +0000] "GET /%D0%BA%D0%B0%D0%BA-%D0%BF%D1%80%D0%B0%D0%B2%D0%B8%D0%BB%D1%8C%D0%BD%D0%BE-%D0%BC%D0%B5%D1%80%D0%B8%D1%82%D1%8C-%D1%87%D0%BB%D0%B5%D0%BD-%D1%87%D1%82%D0%BE%D0%B1%D1%8B/?p=3 HTTP/1.1" 200 12614 "-" "Mozilla/5.0 (compatible; YandexBot/3.0; +http://yandex.com/bots)" "-"
178.154.200.151 - - [22/Jul/2020:23:10:07 +0000] "GET /%D0%BA%D0%B0%D0%BA-%D0%BF%D1%80%D0%B0%D0%B2%D0%B8%D0%BB%D1%8C%D0%BD%D0%BE-%D0%BC%D0%B5%D1%80%D0%B8%D1%82%D1%8C-%D1%87%D0%BB%D0%B5%D0%BD-%D1%87%D1%82%D0%BE%D0%B1%D1%8B/?p=3 HTTP/1.1" 200 12614 "-" "Mozilla/5.0 (compatible; YandexBot/3.0; +http://yandex.com/bots)"
178.154.200.81 - - [22/Jul/2020:23:10:07 +0000] "GET /tag/%D0%BA%D0%BE%D1%80%D0%BE%D0%B2%D0%B0/?p=8 HTTP/1.1" 200 11495 "-" "Mozilla/5.0 (compatible; YandexBot/3.0; +http://yandex.com/bots)" "-"
178.154.200.81 - - [22/Jul/2020:23:10:07 +0000] "GET /tag/%D0%BA%D0%BE%D1%80%D0%BE%D0%B2%D0%B0/?p=8 HTTP/1.1" 200 11495 "-" "Mozilla/5.0 (compatible; YandexBot/3.0; +http://yandex.com/bots)"
213.87.163.69 - - [22/Jul/2020:23:10:07 +0000] "GET /%D0%BF%D0%BE%D1%81%D0%BF%D0%BE%D1%80%D0%B8%D0%BB%D0%B8-%D0%9A%D0%B0%D1%80%D1%82%D0%B5%D1%80-%D1%81-%D0%91%D1%80%D0%B5%D0%B6%D0%BD%D0%B5%D0%B2%D1%8B%D0%BC-%D0%B2-%D0%BA%D0%B0%D0%BA%D0%BE%D0%B9-%D1%81%D1%82%D1%80%D0%B0%D0%BD%D0%B5-%D1%87%D0%B0%D1%89%D0%B5/?p=2 HTTP/2.0" 200 14994 "https://baneks.site/%D0%BF%D0%BE%D1%81%D0%BF%D0%BE%D1%80%D0%B8%D0%BB%D0%B8-%D0%9A%D0%B0%D1%80%D1%82%D0%B5%D1%80-%D1%81-%D0%91%D1%80%D0%B5%D0%B6%D0%BD%D0%B5%D0%B2%D1%8B%D0%BC-%D0%B2-%D0%BA%D0%B0%D0%BA%D0%BE%D0%B9-%D1%81%D1%82%D1%80%D0%B0%D0%BD%D0%B5-%D1%87%D0%B0%D1%89%D0%B5/?p=2" "Mozilla/5.0 (iPhone; CPU iPhone OS 13_5_1 like Mac OS X) AppleWebKit/605.1.15 (KHTML, like Gecko) Version/13.1.1 Mobile/15E148 Safari/604.1" "-"
213.87.163.69 - - [22/Jul/2020:23:10:07 +0000] "GET /%D0%BF%D0%BE%D1%81%D0%BF%D0%BE%D1%80%D0%B8%D0%BB%D0%B8-%D0%9A%D0%B0%D1%80%D1%82%D0%B5%D1%80-%D1%81-%D0%91%D1%80%D0%B5%D0%B6%D0%BD%D0%B5%D0%B2%D1%8B%D0%BC-%D0%B2-%D0%BA%D0%B0%D0%BA%D0%BE%D0%B9-%D1%81%D1%82%D1%80%D0%B0%D0%BD%D0%B5-%D1%87%D0%B0%D1%89%D0%B5/?p=2 HTTP/2.0" 200 14994 "https://baneks.site/%D0%BF%D0%BE%D1%81%D0%BF%D0%BE%D1%80%D0%B8%D0%BB%D0%B8-%D0%9A%D0%B0%D1%80%D1%82%D0%B5%D1%80-%D1%81-%D0%91%D1%80%D0%B5%D0%B6%D0%BD%D0%B5%D0%B2%D1%8B%D0%BC-%D0%B2-%D0%BA%D0%B0%D0%BA%D0%BE%D0%B9-%D1%81%D1%82%D1%80%D0%B0%D0%BD%D0%B5-%D1%87%D0%B0%D1%89%D0%B5/?p=2" "Mozilla/5.0 (iPhone; CPU iPhone OS 13_5_1 like Mac OS X) AppleWebKit/605.1.15 (KHTML, like Gecko) Version/13.1.1 Mobile/15E148 Safari/604.1"
5.45.207.181 - - [22/Jul/2020:23:10:08 +0000] "GET /%D0%B7%D0%B0%D1%85%D0%BE%D0%B4%D0%B8%D1%82-%D0%BB%D0%BE%D1%88%D0%B0%D0%B4%D1%8C-%D0%BA-%D0%95%D0%BA%D0%B0%D1%82%D0%B5%D1%80%D0%B8%D0%BD%D0%B5-%D0%92%D1%82%D0%BE%D1%80%D0%BE%D0%B9-%D0%B2-%D1%81%D0%BF%D0%B0%D0%BB%D1%8C%D0%BD%D1%8E-%D0%B0-%D1%83/?p=2 HTTP/1.1" 200 13391 "-" "Mozilla/5.0 (compatible; YandexBot/3.0; +http://yandex.com/bots)" "-"
5.45.207.181 - - [22/Jul/2020:23:10:08 +0000] "GET /%D0%B7%D0%B0%D1%85%D0%BE%D0%B4%D0%B8%D1%82-%D0%BB%D0%BE%D1%88%D0%B0%D0%B4%D1%8C-%D0%BA-%D0%95%D0%BA%D0%B0%D1%82%D0%B5%D1%80%D0%B8%D0%BD%D0%B5-%D0%92%D1%82%D0%BE%D1%80%D0%BE%D0%B9-%D0%B2-%D1%81%D0%BF%D0%B0%D0%BB%D1%8C%D0%BD%D1%8E-%D0%B0-%D1%83/?p=2 HTTP/1.1" 200 13391 "-" "Mozilla/5.0 (compatible; YandexBot/3.0; +http://yandex.com/bots)"
178.154.200.151 - - [22/Jul/2020:23:10:08 +0000] "GET /%D1%86%D1%8B%D0%B3%D0%B0%D0%BD%D0%BA%D0%B8-%D0%B2%D1%8D%D0%B9%D0%BF%D0%B5%D1%80%D1%8B/?p=2 HTTP/1.1" 200 12850 "-" "Mozilla/5.0 (compatible; YandexBot/3.0; +http://yandex.com/bots)" "-"
178.154.200.151 - - [22/Jul/2020:23:10:08 +0000] "GET /%D1%86%D1%8B%D0%B3%D0%B0%D0%BD%D0%BA%D0%B8-%D0%B2%D1%8D%D0%B9%D0%BF%D0%B5%D1%80%D1%8B/?p=2 HTTP/1.1" 200 12850 "-" "Mozilla/5.0 (compatible; YandexBot/3.0; +http://yandex.com/bots)"
178.154.200.151 - - [22/Jul/2020:23:10:08 +0000] "GET /%D1%81%D0%BE%D0%B3%D0%BB%D0%B0%D1%81%D0%B8%D1%82%D0%B5%D1%81%D1%8C-%D0%BA%D0%B0%D0%BA-%D1%82%D0%BE-%D0%B4%D0%B2%D1%83%D1%81%D0%BC%D1%8B%D1%81%D0%BB%D0%B5%D0%BD%D0%BD%D0%BE-%D0%B7%D0%B2%D1%83%D1%87%D0%B8%D1%82-%D1%8D%D0%BA%D1%81%D0%BA%D1%83%D1%80%D1%81%D0%B8%D1%8F/?p=2 HTTP/1.1" 200 14461 "-" "Mozilla/5.0 (compatible; YandexBot/3.0; +http://yandex.com/bots)" "-"
178.154.200.151 - - [22/Jul/2020:23:10:08 +0000] "GET /%D1%81%D0%BE%D0%B3%D0%BB%D0%B0%D1%81%D0%B8%D1%82%D0%B5%D1%81%D1%8C-%D0%BA%D0%B0%D0%BA-%D1%82%D0%BE-%D0%B4%D0%B2%D1%83%D1%81%D0%BC%D1%8B%D1%81%D0%BB%D0%B5%D0%BD%D0%BD%D0%BE-%D0%B7%D0%B2%D1%83%D1%87%D0%B8%D1%82-%D1%8D%D0%BA%D1%81%D0%BA%D1%83%D1%80%D1%81%D0%B8%D1%8F/?p=2 HTTP/1.1" 200 14461 "-" "Mozilla/5.0 (compatible; YandexBot/3.0; +http://yandex.com/bots)"
178.154.200.206 - - [22/Jul/2020:23:10:09 +0000] "GET /-%D0%BE%D0%B9-%D0%B4%D0%BE%D0%BA%D1%82%D0%BE%D1%80-%D0%B3%D0%BE%D0%BB%D0%BE%D0%B2%D0%B0-%D0%B1%D0%BE%D0%BB%D0%B8%D1%82-%D1%81%D0%B8%D0%BB-%D0%BD%D0%B5%D1%82-%D1%87%D0%B5%D0%BC-%D0%B1%D1%8B-%D0%BC%D0%BD%D0%B5-%D1%81%D0%BD%D1%8F%D1%82%D1%8C/?p=3 HTTP/1.1" 200 13266 "-" "Mozilla/5.0 (compatible; YandexBot/3.0; +http://yandex.com/bots)" "-"
178.154.200.206 - - [22/Jul/2020:23:10:09 +0000] "GET /-%D0%BE%D0%B9-%D0%B4%D0%BE%D0%BA%D1%82%D0%BE%D1%80-%D0%B3%D0%BE%D0%BB%D0%BE%D0%B2%D0%B0-%D0%B1%D0%BE%D0%BB%D0%B8%D1%82-%D1%81%D0%B8%D0%BB-%D0%BD%D0%B5%D1%82-%D1%87%D0%B5%D0%BC-%D0%B1%D1%8B-%D0%BC%D0%BD%D0%B5-%D1%81%D0%BD%D1%8F%D1%82%D1%8C/?p=3 HTTP/1.1" 200 13266 "-" "Mozilla/5.0 (compatible; YandexBot/3.0; +http://yandex.com/bots)"
178.154.200.81 - - [22/Jul/2020:23:10:09 +0000] "GET /%D0%B0%D1%80%D0%BC%D1%8F%D0%BD%D1%81%D0%BA%D0%B8%D0%B9-%D0%BF%D1%80%D0%BE%D0%B3%D1%80%D0%B0%D0%BC%D0%BC%D0%B8%D1%81%D1%82-%D0%BD%D0%B0%D0%B7%D0%B2%D0%B0%D0%BB-%D1%81%D1%8B%D0%BD%D0%B0/?p=2 HTTP/1.1" 200 10991 "-" "Mozilla/5.0 (compatible; YandexBot/3.0; +http://yandex.com/bots)" "-"
178.154.200.81 - - [22/Jul/2020:23:10:09 +0000] "GET /%D0%B0%D1%80%D0%BC%D1%8F%D0%BD%D1%81%D0%BA%D0%B8%D0%B9-%D0%BF%D1%80%D0%BE%D0%B3%D1%80%D0%B0%D0%BC%D0%BC%D0%B8%D1%81%D1%82-%D0%BD%D0%B0%D0%B7%D0%B2%D0%B0%D0%BB-%D1%81%D1%8B%D0%BD%D0%B0/?p=2 HTTP/1.1" 200 10991 "-" "Mozilla/5.0 (compatible; YandexBot/3.0; +http://yandex.com/bots)"
178.154.200.81 - - [22/Jul/2020:23:10:14 +0000] "GET /%D0%B0-%D0%BA%D0%B0%D0%BA-%D0%B2-%D1%82%D1%8E%D1%80%D1%8C%D0%BC%D0%B5-%D0%BF%D1%80%D0%B0%D0%B7%D0%B4%D0%BD%D1%83%D1%8E%D1%82/?p=5 HTTP/1.1" 200 11527 "-" "Mozilla/5.0 (compatible; YandexBot/3.0; +http://yandex.com/bots)" "-"
178.154.200.81 - - [22/Jul/2020:23:10:14 +0000] "GET /%D0%B0-%D0%BA%D0%B0%D0%BA-%D0%B2-%D1%82%D1%8E%D1%80%D1%8C%D0%BC%D0%B5-%D0%BF%D1%80%D0%B0%D0%B7%D0%B4%D0%BD%D1%83%D1%8E%D1%82/?p=5 HTTP/1.1" 200 11527 "-" "Mozilla/5.0 (compatible; YandexBot/3.0; +http://yandex.com/bots)"
178.154.200.81 - - [22/Jul/2020:23:10:16 +0000] "GET /%D1%80%D0%B5%D0%B9%D1%81%D0%BE%D0%B2%D1%8B%D0%B9-%D0%B0%D0%B2%D1%82%D0%BE%D0%B1%D1%83%D1%81-%D0%A2%D0%B0%D0%BB%D0%B4%D1%8B%D0%BA%D0%BE%D1%80%D0%B3%D0%B0%D0%BD-%D0%90%D0%BB%D0%BC%D0%B0%D1%82%D1%8B/?p=2 HTTP/1.1" 200 13842 "-" "Mozilla/5.0 (compatible; YandexBot/3.0; +http://yandex.com/bots)" "-"
178.154.200.81 - - [22/Jul/2020:23:10:16 +0000] "GET /%D1%80%D0%B5%D0%B9%D1%81%D0%BE%D0%B2%D1%8B%D0%B9-%D0%B0%D0%B2%D1%82%D0%BE%D0%B1%D1%83%D1%81-%D0%A2%D0%B0%D0%BB%D0%B4%D1%8B%D0%BA%D0%BE%D1%80%D0%B3%D0%B0%D0%BD-%D0%90%D0%BB%D0%BC%D0%B0%D1%82%D1%8B/?p=2 HTTP/1.1" 200 13842 "-" "Mozilla/5.0 (compatible; YandexBot/3.0; +http://yandex.com/bots)"
5.45.207.181 - - [22/Jul/2020:23:10:16 +0000] "GET /%D0%B0-%D0%BA%D0%B0%D0%BA-%D0%B2-%D1%82%D1%8E%D1%80%D1%8C%D0%BC%D0%B5-%D0%BF%D1%80%D0%B0%D0%B7%D0%B4%D0%BD%D1%83%D1%8E%D1%82/?p=1 HTTP/1.1" 200 11849 "-" "Mozilla/5.0 (compatible; YandexBot/3.0; +http://yandex.com/bots)" "-"
