80.246.138.191 - - [22/Jul/2020:23:12:51 +0000] "GET /%D0%BC%D1%83%D0%B6-%D0%B6%D0%B5%D0%BD%D0%B5-%D1%81%D0%B5%D0%B3%D0%BE%D0%B4%D0%BD%D1%8F-%D0%B1%D1%83%D0%B4%D0%B5%D0%BC-%D0%B7%D0%B0%D0%BD%D0%B8%D0%BC%D0%B0%D1%82%D1%8C%D1%81%D1%8F-%D1%81%D0%B5%D0%BA%D1%81%D0%BE%D0%BC-%D0%BF%D0%BE/ HTTP/2.0" 200 13494 "https://baneks.site/%D0%BC%D1%83%D0%B6-%D0%B6%D0%B5%D0%BD%D0%B5-%D1%81%D0%B5%D0%B3%D0%BE%D0%B4%D0%BD%D1%8F-%D0%B1%D1%83%D0%B4%D0%B5%D0%BC-%D0%B7%D0%B0%D0%BD%D0%B8%D0%BC%D0%B0%D1%82%D1%8C%D1%81%D1%8F-%D1%81%D0%B5%D0%BA%D1%81%D0%BE%D0%BC-%D0%BF%D0%BE/" "Mozilla/5.0 (Linux; Android 8.0.0; SM-G960F Build/R16NW) AppleWebKit/537.36 (KHTML, like Gecko) Chrome/68.0.3440.91 Mobile Safari/537.36"
178.154.200.81 - - [22/Jul/2020:23:12:56 +0000] "GET /%D0%BF%D1%80%D0%B5%D0%BF%D0%BE%D0%B4%D0%B0%D0%B2%D0%B0%D1%82%D0%B5%D0%BB%D1%8C-%D0%BC%D0%B0%D1%82%D0%B0%D0%BD%D0%B0%D0%BB%D0%B8%D0%B7%D0%B0-%D0%BE%D0%B1%D1%89%D0%B0%D0%B5%D1%82%D1%81%D1%8F-%D1%81-%D0%B4%D0%B2%D1%83%D0%BC%D1%8F/?p=2 HTTP/1.1" 200 9866 "-" "Mozilla/5.0 (compatible; YandexBot/3.0; +http://yandex.com/bots)" "-"
178.154.200.81 - - [22/Jul/2020:23:12:56 +0000] "GET /%D0%BF%D1%80%D0%B5%D0%BF%D0%BE%D0%B4%D0%B0%D0%B2%D0%B0%D1%82%D0%B5%D0%BB%D1%8C-%D0%BC%D0%B0%D1%82%D0%B0%D0%BD%D0%B0%D0%BB%D0%B8%D0%B7%D0%B0-%D0%BE%D0%B1%D1%89%D0%B0%D0%B5%D1%82%D1%81%D1%8F-%D1%81-%D0%B4%D0%B2%D1%83%D0%BC%D1%8F/?p=2 HTTP/1.1" 200 9866 "-" "Mozilla/5.0 (compatible; YandexBot/3.0; +http://yandex.com/bots)"
66.249.68.62 - - [22/Jul/2020:23:12:56 +0000] "GET /%D0%B0%D1%80%D0%BC%D1%8F%D0%BD%D1%81%D0%BA%D0%B8%D0%B5-%D1%88%D0%BA%D0%BE%D0%BB%D1%8C%D0%BD%D0%B8%D0%BA%D0%B8-%D0%B4%D1%91%D1%80%D0%B3%D0%B0%D1%8E%D1%82-%D0%BE%D0%B4%D0%BD%D0%BE%D0%BA%D0%BB%D0%B0%D1%81%D1%81%D0%BD%D0%B8%D1%86-%D0%B7%D0%B0/?p=2 HTTP/1.1" 200 8360 "-" "Mozilla/5.0 (compatible; Googlebot/2.1; +http://www.google.com/bot.html)" "-"
66.249.68.62 - - [22/Jul/2020:23:12:56 +0000] "GET /%D0%B0%D1%80%D0%BC%D1%8F%D0%BD%D1%81%D0%BA%D0%B8%D0%B5-%D1%88%D0%BA%D0%BE%D0%BB%D1%8C%D0%BD%D0%B8%D0%BA%D0%B8-%D0%B4%D1%91%D1%80%D0%B3%D0%B0%D1%8E%D1%82-%D0%BE%D0%B4%D0%BD%D0%BE%D0%BA%D0%BB%D0%B0%D1%81%D1%81%D0%BD%D0%B8%D1%86-%D0%B7%D0%B0/?p=2 HTTP/1.1" 200 8360 "-" "Mozilla/5.0 (compatible; Googlebot/2.1; +http://www.google.com/bot.html)"
66.249.68.62 - - [22/Jul/2020:23:12:57 +0000] "GET /%D0%BF%D1%80%D0%B5%D1%81%D1%81-%D0%BA%D0%BE%D0%BD%D1%84%D0%B5%D1%80%D0%B5%D0%BD%D1%86%D0%B8%D1%8F-%D0%9F%D1%83%D1%82%D0%B8%D0%BD%D0%B0-%D0%B2-%D0%B8%D0%BD%D1%82%D0%B5%D1%80%D0%BD%D0%B5%D1%82%D0%B5/ HTTP/1.1" 200 10677 "-" "Mozilla/5.0 (Linux; Android 6.0.1; Nexus 5X Build/MMB29P) AppleWebKit/537.36 (KHTML, like Gecko) Chrome/80.0.3987.92 Mobile Safari/537.36 (compatible; Googlebot/2.1; +http://www.google.com/bot.html)" "-"
66.249.68.62 - - [22/Jul/2020:23:12:57 +0000] "GET /%D0%BF%D1%80%D0%B5%D1%81%D1%81-%D0%BA%D0%BE%D0%BD%D1%84%D0%B5%D1%80%D0%B5%D0%BD%D1%86%D0%B8%D1%8F-%D0%9F%D1%83%D1%82%D0%B8%D0%BD%D0%B0-%D0%B2-%D0%B8%D0%BD%D1%82%D0%B5%D1%80%D0%BD%D0%B5%D1%82%D0%B5/ HTTP/1.1" 200 10677 "-" "Mozilla/5.0 (Linux; Android 6.0.1; Nexus 5X Build/MMB29P) AppleWebKit/537.36 (KHTML, like Gecko) Chrome/80.0.3987.92 Mobile Safari/537.36 (compatible; Googlebot/2.1; +http://www.google.com/bot.html)"
178.154.200.81 - - [22/Jul/2020:23:12:58 +0000] "GET /%D0%BF%D0%BE%D0%B9%D0%B4%D0%B5%D0%BC-%D0%BA%D0%BE-%D0%BC%D0%BD%D0%B5-%D0%B4%D0%BE%D0%BC%D0%BE%D0%B9-%D0%B7%D0%B0%D1%87%D0%B5%D0%BC-%D0%BD%D1%83-%D0%BA%D0%BD%D0%B8%D0%B6%D0%BA%D0%B8-%D0%BF%D0%BE%D1%87%D0%B8%D1%82%D0%B0%D0%B5%D0%BC/?p=1 HTTP/1.1" 200 12937 "-" "Mozilla/5.0 (compatible; YandexBot/3.0; +http://yandex.com/bots)" "-"
178.154.200.81 - - [22/Jul/2020:23:12:58 +0000] "GET /%D0%BF%D0%BE%D0%B9%D0%B4%D0%B5%D0%BC-%D0%BA%D0%BE-%D0%BC%D0%BD%D0%B5-%D0%B4%D0%BE%D0%BC%D0%BE%D0%B9-%D0%B7%D0%B0%D1%87%D0%B5%D0%BC-%D0%BD%D1%83-%D0%BA%D0%BD%D0%B8%D0%B6%D0%BA%D0%B8-%D0%BF%D0%BE%D1%87%D0%B8%D1%82%D0%B0%D0%B5%D0%BC/?p=1 HTTP/1.1" 200 12937 "-" "Mozilla/5.0 (compatible; YandexBot/3.0; +http://yandex.com/bots)"
178.154.200.81 - - [22/Jul/2020:23:12:58 +0000] "GET /%D0%BB%D1%8E%D0%B1%D0%B8%D0%BC%D1%8B%D0%B9-%D1%82%D1%8B-%D0%BD%D0%B5-%D0%B2%D0%B8%D0%B4%D0%B5%D0%BB-%D0%BC%D0%BE%D0%B8-%D0%BA%D1%83%D0%BF%D0%BE%D0%BD%D1%8B-%D0%B2-%D1%81%D0%BE%D0%BB%D1%8F%D1%80%D0%B8%D0%B9/?p=2 HTTP/1.1" 200 15284 "-" "Mozilla/5.0 (compatible; YandexBot/3.0; +http://yandex.com/bots)" "-"
178.154.200.81 - - [22/Jul/2020:23:12:58 +0000] "GET /%D0%BB%D1%8E%D0%B1%D0%B8%D0%BC%D1%8B%D0%B9-%D1%82%D1%8B-%D0%BD%D0%B5-%D0%B2%D0%B8%D0%B4%D0%B5%D0%BB-%D0%BC%D0%BE%D0%B8-%D0%BA%D1%83%D0%BF%D0%BE%D0%BD%D1%8B-%D0%B2-%D1%81%D0%BE%D0%BB%D1%8F%D1%80%D0%B8%D0%B9/?p=2 HTTP/1.1" 200 15284 "-" "Mozilla/5.0 (compatible; YandexBot/3.0; +http://yandex.com/bots)"
46.229.168.149 - - [22/Jul/2020:23:13:03 +0000] "GET /%D0%B5%D0%B4%D0%B5%D1%82-%D0%BF%D0%BE%D0%B2%D0%BE%D0%B7%D0%BA%D0%B0-%D0%BF%D0%BE-%D0%B4%D0%BE%D1%80%D0%BE%D0%B3%D0%B5-%D0%B2-%D0%BD%D0%B5%D0%B9-%D1%81%D0%B8%D0%B4%D0%B8%D1%82-%D0%BC%D1%83%D0%B6%D0%B8%D1%87%D0%BE%D0%BA-%D0%B8/?p=2 HTTP/1.1" 200 16305 "-" "Mozilla/5.0 (compatible; SemrushBot/6~bl; +http://www.semrush.com/bot.html)" "-"
46.229.168.149 - - [22/Jul/2020:23:13:03 +0000] "GET /%D0%B5%D0%B4%D0%B5%D1%82-%D0%BF%D0%BE%D0%B2%D0%BE%D0%B7%D0%BA%D0%B0-%D0%BF%D0%BE-%D0%B4%D0%BE%D1%80%D0%BE%D0%B3%D0%B5-%D0%B2-%D0%BD%D0%B5%D0%B9-%D1%81%D0%B8%D0%B4%D0%B8%D1%82-%D0%BC%D1%83%D0%B6%D0%B8%D1%87%D0%BE%D0%BA-%D0%B8/?p=2 HTTP/1.1" 200 16305 "-" "Mozilla/5.0 (compatible; SemrushBot/6~bl; +http://www.semrush.com/bot.html)"
178.154.200.81 - - [22/Jul/2020:23:13:06 +0000] "GET /%D0%B2-%D0%B3%D0%BE%D1%81%D0%BF%D0%B8%D1%82%D0%B0%D0%BB%D1%8C-%D0%BF%D0%BE%D0%BF%D0%B0%D0%BB-%D0%BB%D0%B5%D0%B3%D0%B8%D0%BE%D0%BD%D0%B5%D1%80-%D1%81-%D1%80%D0%B0%D0%BD%D0%B5%D0%BD%D0%B8%D0%B5%D0%BC-%D0%BE%D1%82%D0%BE%D1%80%D0%B2%D0%B0%D0%BB%D0%BE/?p=2 HTTP/1.1" 200 13748 "-" "Mozilla/5.0 (compatible; YandexBot/3.0; +http://yandex.com/bots)" "-"
178.154.200.81 - - [22/Jul/2020:23:13:06 +0000] "GET /%D0%B2-%D0%B3%D0%BE%D1%81%D0%BF%D0%B8%D1%82%D0%B0%D0%BB%D1%8C-%D0%BF%D0%BE%D0%BF%D0%B0%D0%BB-%D0%BB%D0%B5%D0%B3%D0%B8%D0%BE%D0%BD%D0%B5%D1%80-%D1%81-%D1%80%D0%B0%D0%BD%D0%B5%D0%BD%D0%B8%D0%B5%D0%BC-%D0%BE%D1%82%D0%BE%D1%80%D0%B2%D0%B0%D0%BB%D0%BE/?p=2 HTTP/1.1" 200 13748 "-" "Mozilla/5.0 (compatible; YandexBot/3.0; +http://yandex.com/bots)"
178.154.200.81 - - [22/Jul/2020:23:13:06 +0000] "GET /%D0%B8%D0%BD%D1%82%D0%B5%D1%80%D1%8C%D0%B2%D1%8C%D1%8E-%D0%BD%D0%B0-%D1%83%D0%BB%D0%B8%D1%86%D0%B5-%D1%81%D0%BA%D0%B0%D0%B6%D0%B8%D1%82%D0%B5-%D0%B0-%D0%B3%D0%B4%D0%B5-%D0%B2%D1%8B-%D1%80%D0%B0%D0%B1%D0%BE%D1%82%D0%B0%D0%B5%D1%82%D0%B5/?p=3 HTTP/1.1" 200 11251 "-" "Mozilla/5.0 (compatible; YandexBot/3.0; +http://yandex.com/bots)" "-"
178.154.200.81 - - [22/Jul/2020:23:13:06 +0000] "GET /%D0%B8%D0%BD%D1%82%D0%B5%D1%80%D1%8C%D0%B2%D1%8C%D1%8E-%D0%BD%D0%B0-%D1%83%D0%BB%D0%B8%D1%86%D0%B5-%D1%81%D0%BA%D0%B0%D0%B6%D0%B8%D1%82%D0%B5-%D0%B0-%D0%B3%D0%B4%D0%B5-%D0%B2%D1%8B-%D1%80%D0%B0%D0%B1%D0%BE%D1%82%D0%B0%D0%B5%D1%82%D0%B5/?p=3 HTTP/1.1" 200 11251 "-" "Mozilla/5.0 (compatible; YandexBot/3.0; +http://yandex.com/bots)"
66.249.68.33 - - [22/Jul/2020:23:13:08 +0000] "GET /tag/%D0%91%D1%83%D0%B4%D1%91%D0%BD%D0%BD%D1%8B%D0%B9/ HTTP/1.1" 200 11426 "-" "Mozilla/5.0 (compatible; Googlebot/2.1; +http://www.google.com/bot.html)" "-"
66.249.68.33 - - [22/Jul/2020:23:13:08 +0000] "GET /tag/%D0%91%D1%83%D0%B4%D1%91%D0%BD%D0%BD%D1%8B%D0%B9/ HTTP/1.1" 200 11426 "-" "Mozilla/5.0 (compatible; Googlebot/2.1; +http://www.google.com/bot.html)"
46.229.168.162 - - [22/Jul/2020:23:13:15 +0000] "GET /%D0%B5%D0%B4%D1%83-%D1%8F-%D0%BA%D0%B0%D0%BA-%D1%82%D0%BE-%D0%B2-%D0%BC%D0%B0%D1%80%D1%88%D1%80%D1%83%D1%82%D0%BA%D0%B5-%D0%B6%D1%83%D1%8E-%D0%B6%D0%B2%D0%B0%D1%87%D0%BA%D1%83-%D0%BD%D0%B0%D0%BF%D1%80%D0%BE%D1%82%D0%B8%D0%B2-%D0%BC%D0%B5%D0%BD%D1%8F/?p=2 HTTP/1.1" 200 11327 "-" "Mozilla/5.0 (compatible; SemrushBot/6~bl; +http://www.semrush.com/bot.html)" "-"
46.229.168.162 - - [22/Jul/2020:23:13:15 +0000] "GET /%D0%B5%D0%B4%D1%83-%D1%8F-%D0%BA%D0%B0%D0%BA-%D1%82%D0%BE-%D0%B2-%D0%BC%D0%B0%D1%80%D1%88%D1%80%D1%83%D1%82%D0%BA%D0%B5-%D0%B6%D1%83%D1%8E-%D0%B6%D0%B2%D0%B0%D1%87%D0%BA%D1%83-%D0%BD%D0%B0%D0%BF%D1%80%D0%BE%D1%82%D0%B8%D0%B2-%D0%BC%D0%B5%D0%BD%D1%8F/?p=2 HTTP/1.1" 200 11327 "-" "Mozilla/5.0 (compatible; SemrushBot/6~bl; +http://www.semrush.com/bot.html)"
188.243.28.224 - - [22/Jul/2020:23:13:19 +0000] "GET /%D0%B8%D0%B4%D1%91%D1%82-%D0%B3%D1%80%D1%83%D0%B7%D0%B8%D0%BD-%D1%81-%D0%B1%D1%83%D0%BC%D0%B5%D1%80%D0%B0%D0%BD%D0%B3%D0%BE%D0%BC-%D0%B2%D0%B5%D1%81%D1%8C-%D0%B2-%D1%81%D0%B8%D0%BD%D1%8F%D0%BA%D0%B0%D1%85-%D0%B8-%D1%81%D1%81%D0%B0%D0%B4%D0%B8%D0%BD%D0%B0%D1%85/?p=2 HTTP/2.0" 200 9144 "https://www.google.ru/" "Mozilla/5.0 (iPhone; CPU iPhone OS 13_5_1 like Mac OS X) AppleWebKit/605.1.15 (KHTML, like Gecko) Version/13.1.1 Mobile/15E148 Safari/604.1" "-"
188.243.28.224 - - [22/Jul/2020:23:13:19 +0000] "GET /%D0%B8%D0%B4%D1%91%D1%82-%D0%B3%D1%80%D1%83%D0%B7%D0%B8%D0%BD-%D1%81-%D0%B1%D1%83%D0%BC%D0%B5%D1%80%D0%B0%D0%BD%D0%B3%D0%BE%D0%BC-%D0%B2%D0%B5%D1%81%D1%8C-%D0%B2-%D1%81%D0%B8%D0%BD%D1%8F%D0%BA%D0%B0%D1%85-%D0%B8-%D1%81%D1%81%D0%B0%D0%B4%D0%B8%D0%BD%D0%B0%D1%85/?p=2 HTTP/2.0" 200 9144 "https://www.google.ru/" "Mozilla/5.0 (iPhone; CPU iPhone OS 13_5_1 like Mac OS X) AppleWebKit/605.1.15 (KHTML, like Gecko) Version/13.1.1 Mobile/15E148 Safari/604.1"
188.243.28.224 - - [22/Jul/2020:23:13:20 +0000] "GET /%D0%B8%D0%B4%D1%91%D1%82-%D0%B3%D1%80%D1%83%D0%B7%D0%B8%D0%BD-%D1%81-%D0%B1%D1%83%D0%BC%D0%B5%D1%80%D0%B0%D0%BD%D0%B3%D0%BE%D0%BC-%D0%B2%D0%B5%D1%81%D1%8C-%D0%B2-%D1%81%D0%B8%D0%BD%D1%8F%D0%BA%D0%B0%D1%85-%D0%B8-%D1%81%D1%81%D0%B0%D0%B4%D0%B8%D0%BD%D0%B0%D1%85/?p=2 HTTP/2.0" 200 9144 "https://baneks.site/%D0%B8%D0%B4%D1%91%D1%82-%D0%B3%D1%80%D1%83%D0%B7%D0%B8%D0%BD-%D1%81-%D0%B1%D1%83%D0%BC%D0%B5%D1%80%D0%B0%D0%BD%D0%B3%D0%BE%D0%BC-%D0%B2%D0%B5%D1%81%D1%8C-%D0%B2-%D1%81%D0%B8%D0%BD%D1%8F%D0%BA%D0%B0%D1%85-%D0%B8-%D1%81%D1%81%D0%B0%D0%B4%D0%B8%D0%BD%D0%B0%D1%85/?p=2" "Mozilla/5.0 (iPhone; CPU iPhone OS 13_5_1 like Mac OS X) AppleWebKit/605.1.15 (KHTML, like Gecko) Version/13.1.1 Mobile/15E148 Safari/604.1" "-"
188.243.28.224 - - [22/Jul/2020:23:13:20 +0000] "GET /%D0%B8%D0%B4%D1%91%D1%82-%D0%B3%D1%80%D1%83%D0%B7%D0%B8%D0%BD-%D1%81-%D0%B1%D1%83%D0%BC%D0%B5%D1%80%D0%B0%D0%BD%D0%B3%D0%BE%D0%BC-%D0%B2%D0%B5%D1%81%D1%8C-%D0%B2-%D1%81%D0%B8%D0%BD%D1%8F%D0%BA%D0%B0%D1%85-%D0%B8-%D1%81%D1%81%D0%B0%D0%B4%D0%B8%D0%BD%D0%B0%D1%85/?p=2 HTTP/2.0" 200 9144 "https://baneks.site/%D0%B8%D0%B4%D1%91%D1%82-%D0%B3%D1%80%D1%83%D0%B7%D0%B8%D0%BD-%D1%81-%D0%B1%D1%83%D0%BC%D0%B5%D1%80%D0%B0%D0%BD%D0%B3%D0%BE%D0%BC-%D0%B2%D0%B5%D1%81%D1%8C-%D0%B2-%D1%81%D0%B8%D0%BD%D1%8F%D0%BA%D0%B0%D1%85-%D0%B8-%D1%81%D1%81%D0%B0%D0%B4%D0%B8%D0%BD%D0%B0%D1%85/?p=2" "Mozilla/5.0 (iPhone; CPU iPhone OS 13_5_1 like Mac OS X) AppleWebKit/605.1.15 (KHTML, like Gecko) Version/13.1.1 Mobile/15E148 Safari/604.1"
40.77.167.180 - - [22/Jul/2020:23:13:20 +0000] "GET /%D0%B2%D0%B7%D1%8F%D0%BB%D0%B8-%D0%BF%D0%B8%D1%80%D0%B0%D1%82%D1%8B-%D1%81%D1%83%D0%B4%D0%BD%D0%BE-%D0%BD%D0%B0-%D0%B0%D0%B1%D0%BE%D1%80%D0%B4%D0%B0%D0%B6/?p=1 HTTP/1.1" 200 14741 "-" "Mozilla/5.0 (compatible; bingbot/2.0; +http://www.bing.com/bingbot.htm)" "-"
40.77.167.180 - - [22/Jul/2020:23:13:20 +0000] "GET /%D0%B2%D0%B7%D1%8F%D0%BB%D0%B8-%D0%BF%D0%B8%D1%80%D0%B0%D1%82%D1%8B-%D1%81%D1%83%D0%B4%D0%BD%D0%BE-%D0%BD%D0%B0-%D0%B0%D0%B1%D0%BE%D1%80%D0%B4%D0%B0%D0%B6/?p=1 HTTP/1.1" 200 14741 "-" "Mozilla/5.0 (compatible; bingbot/2.0; +http://www.bing.com/bingbot.htm)"
178.154.200.81 - - [22/Jul/2020:23:13:24 +0000] "GET /%D0%B0%D0%BD%D0%B5%D0%BA%D0%B4%D0%BE%D1%82-%D0%BF%D1%80%D0%B5%D0%B4%D1%81%D1%82%D0%B0%D0%B2%D1%8C%D1%82%D0%B5-%D1%87%D1%82%D0%BE-%D0%B2%D1%8B-%D0%BB%D0%B5%D0%B6%D0%B8%D1%82%D0%B5-%D0%B2-%D0%B1%D0%BE%D0%BB%D1%8C%D0%BD%D0%B8%D1%86%D0%B5/?p=4 HTTP/1.1" 200 15694 "-" "Mozilla/5.0 (compatible; YandexBot/3.0; +http://yandex.com/bots)" "-"
178.154.200.81 - - [22/Jul/2020:23:13:24 +0000] "GET /%D0%B0%D0%BD%D0%B5%D0%BA%D0%B4%D0%BE%D1%82-%D0%BF%D1%80%D0%B5%D0%B4%D1%81%D1%82%D0%B0%D0%B2%D1%8C%D1%82%D0%B5-%D1%87%D1%82%D0%BE-%D0%B2%D1%8B-%D0%BB%D0%B5%D0%B6%D0%B8%D1%82%D0%B5-%D0%B2-%D0%B1%D0%BE%D0%BB%D1%8C%D0%BD%D0%B8%D1%86%D0%B5/?p=4 HTTP/1.1" 200 15694 "-" "Mozilla/5.0 (compatible; YandexBot/3.0; +http://yandex.com/bots)"
178.151.94.4 - - [22/Jul/2020:23:13:24 +0000] "GET /tag/%D0%BC%D0%B0%D1%82%D0%B5%D0%BC%D0%B0%D1%82%D0%B8%D0%BA/?p=15 HTTP/2.0" 200 9057 "https://baneks.site/tag/%D0%BC%D0%B0%D1%82%D0%B5%D0%BC%D0%B0%D1%82%D0%B8%D0%BA/?p=2" "Mozilla/5.0 (Linux; Android 9; STK-LX1) AppleWebKit/537.36 (KHTML, like Gecko) Chrome/84.0.4147.89 Mobile Safari/537.36" "-"
178.151.94.4 - - [22/Jul/2020:23:13:24 +0000] "GET /tag/%D0%BC%D0%B0%D1%82%D0%B5%D0%BC%D0%B0%D1%82%D0%B8%D0%BA/?p=15 HTTP/2.0" 200 9057 "https://baneks.site/tag/%D0%BC%D0%B0%D1%82%D0%B5%D0%BC%D0%B0%D1%82%D0%B8%D0%BA/?p=2" "Mozilla/5.0 (Linux; Android 9; STK-LX1) AppleWebKit/537.36 (KHTML, like Gecko) Chrome/84.0.4147.89 Mobile Safari/537.36"
178.151.94.4 - - [22/Jul/2020:23:13:30 +0000] "GET /tag/%D0%BC%D0%B0%D1%82%D0%B5%D0%BC%D0%B0%D1%82%D0%B8%D0%BA/?p=3 HTTP/2.0" 200 10661 "https://baneks.site/tag/%D0%BC%D0%B0%D1%82%D0%B5%D0%BC%D0%B0%D1%82%D0%B8%D0%BA/?p=2" "Mozilla/5.0 (Linux; Android 9; STK-LX1) AppleWebKit/537.36 (KHTML, like Gecko) Chrome/84.0.4147.89 Mobile Safari/537.36" "-"
178.151.94.4 - - [22/Jul/2020:23:13:30 +0000] "GET /tag/%D0%BC%D0%B0%D1%82%D0%B5%D0%BC%D0%B0%D1%82%D0%B8%D0%BA/?p=3 HTTP/2.0" 200 10661 "https://baneks.site/tag/%D0%BC%D0%B0%D1%82%D0%B5%D0%BC%D0%B0%D1%82%D0%B8%D0%BA/?p=2" "Mozilla/5.0 (Linux; Android 9; STK-LX1) AppleWebKit/537.36 (KHTML, like Gecko) Chrome/84.0.4147.89 Mobile Safari/537.36"
178.154.200.81 - - [22/Jul/2020:23:13:30 +0000] "GET /%D0%B0%D0%B2%D1%82%D0%BE%D0%BC%D0%BE%D0%B1%D0%B8%D0%BB%D1%8C-%D0%A2%D0%B5%D1%81%D0%BB%D0%B0-%D1%81%D0%B1%D0%B8%D0%BB-%D0%BF%D1%82%D0%B5%D0%BD%D1%86%D0%B0-%D0%B2%D0%BE%D1%80%D0%BE%D0%BD%D1%8B-%D0%BD%D0%B0%D1%81%D0%BC%D0%B5%D1%80%D1%82%D1%8C-%D0%B8/?p=1 HTTP/1.1" 200 13560 "-" "Mozilla/5.0 (compatible; YandexBot/3.0; +http://yandex.com/bots)" "-"
178.154.200.81 - - [22/Jul/2020:23:13:30 +0000] "GET /%D0%B0%D0%B2%D1%82%D0%BE%D0%BC%D0%BE%D0%B1%D0%B8%D0%BB%D1%8C-%D0%A2%D0%B5%D1%81%D0%BB%D0%B0-%D1%81%D0%B1%D0%B8%D0%BB-%D0%BF%D1%82%D0%B5%D0%BD%D1%86%D0%B0-%D0%B2%D0%BE%D1%80%D0%BE%D0%BD%D1%8B-%D0%BD%D0%B0%D1%81%D0%BC%D0%B5%D1%80%D1%82%D1%8C-%D0%B8/?p=1 HTTP/1.1" 200 13560 "-" "Mozilla/5.0 (compatible; YandexBot/3.0; +http://yandex.com/bots)"
46.229.168.135 - - [22/Jul/2020:23:13:30 +0000] "GET /%D1%83%D1%87%D0%B8%D1%82%D0%B5%D0%BB%D1%8C%D0%BD%D0%B8%D1%86%D0%B0-%D0%B7%D0%B0%D0%B4%D0%B0%D0%B5%D1%82-%D0%B2-%D1%88%D0%BA%D0%BE%D0%BB%D0%B5-%D0%B2%D0%BE%D0%BF%D1%80%D0%BE%D1%81/ HTTP/1.1" 200 14366 "-" "Mozilla/5.0 (compatible; SemrushBot/6~bl; +http://www.semrush.com/bot.html)" "-"
46.229.168.135 - - [22/Jul/2020:23:13:30 +0000] "GET /%D1%83%D1%87%D0%B8%D1%82%D0%B5%D0%BB%D1%8C%D0%BD%D0%B8%D1%86%D0%B0-%D0%B7%D0%B0%D0%B4%D0%B0%D0%B5%D1%82-%D0%B2-%D1%88%D0%BA%D0%BE%D0%BB%D0%B5-%D0%B2%D0%BE%D0%BF%D1%80%D0%BE%D1%81/ HTTP/1.1" 200 14366 "-" "Mozilla/5.0 (compatible; SemrushBot/6~bl; +http://www.semrush.com/bot.html)"
5.45.207.181 - - [22/Jul/2020:23:13:31 +0000] "GET /%D0%BF%D0%BE%D0%B4%D1%81%D1%83%D0%B4%D0%B8%D0%BC%D1%8B%D0%B9-%D1%81%D1%83%D0%B4%D1%8C%D0%B5-%D0%B8-%D0%BA%D0%B0%D0%BA-%D0%BD%D0%B0%D0%B7%D1%8B%D0%B2%D0%B0%D0%B5%D1%82%D1%81%D1%8F-%D0%BC%D0%BE%D1%8F-%D0%B1%D1%83%D0%B4%D1%83%D1%89%D0%B0%D1%8F-%D0%B7%D0%BE%D0%BD%D0%B0/ HTTP/1.1" 200 9657 "-" "Mozilla/5.0 (compatible; YandexBot/3.0; +http://yandex.com/bots)" "-"
5.45.207.181 - - [22/Jul/2020:23:13:31 +0000] "GET /%D0%BF%D0%BE%D0%B4%D1%81%D1%83%D0%B4%D0%B8%D0%BC%D1%8B%D0%B9-%D1%81%D1%83%D0%B4%D1%8C%D0%B5-%D0%B8-%D0%BA%D0%B0%D0%BA-%D0%BD%D0%B0%D0%B7%D1%8B%D0%B2%D0%B0%D0%B5%D1%82%D1%81%D1%8F-%D0%BC%D0%BE%D1%8F-%D0%B1%D1%83%D0%B4%D1%83%D1%89%D0%B0%D1%8F-%D0%B7%D0%BE%D0%BD%D0%B0/ HTTP/1.1" 200 9657 "-" "Mozilla/5.0 (compatible; YandexBot/3.0; +http://yandex.com/bots)"
217.66.158.138 - - [22/Jul/2020:23:13:31 +0000] "GET /best/ HTTP/2.0" 200 15938 "https://www.google.com/" "Mozilla/5.0 (Linux; Android 10; HRY-LX1T) AppleWebKit/537.36 (KHTML, like Gecko) Chrome/84.0.4147.89 Mobile Safari/537.36" "-"
217.66.158.138 - - [22/Jul/2020:23:13:31 +0000] "GET /best/ HTTP/2.0" 200 15938 "https://www.google.com/" "Mozilla/5.0 (Linux; Android 10; HRY-LX1T) AppleWebKit/537.36 (KHTML, like Gecko) Chrome/84.0.4147.89 Mobile Safari/537.36"
178.154.200.81 - - [22/Jul/2020:23:13:31 +0000] "GET /%D0%B6%D0%B5%D0%BD%D0%B8%D1%82%D1%81%D1%8F-%D0%BC%D1%83%D0%B6%D0%B8%D0%BA-%D0%BD%D0%B0-%D1%87%D1%83%D0%BA%D1%87%D0%B5-%D0%B6%D0%B5%D0%BD%D1%89%D0%B8%D0%BD%D0%B5/?p=2 HTTP/1.1" 200 14111 "-" "Mozilla/5.0 (compatible; YandexBot/3.0; +http://yandex.com/bots)" "-"
178.154.200.81 - - [22/Jul/2020:23:13:31 +0000] "GET /%D0%B6%D0%B5%D0%BD%D0%B8%D1%82%D1%81%D1%8F-%D0%BC%D1%83%D0%B6%D0%B8%D0%BA-%D0%BD%D0%B0-%D1%87%D1%83%D0%BA%D1%87%D0%B5-%D0%B6%D0%B5%D0%BD%D1%89%D0%B8%D0%BD%D0%B5/?p=2 HTTP/1.1" 200 14111 "-" "Mozilla/5.0 (compatible; YandexBot/3.0; +http://yandex.com/bots)"
217.66.158.138 - - [22/Jul/2020:23:13:32 +0000] "GET /%D0%B6%D0%B5%D0%BD%D1%89%D0%B8%D0%BD%D0%B0-%D0%B8-%D0%B5%D1%91-%D0%BB%D1%8E%D0%B1%D0%BE%D0%B2%D0%BD%D0%B8%D0%BA-%D0%BD%D0%B0%D1%85%D0%BE%D0%B4%D0%B8%D0%BB%D0%B8%D1%81%D1%8C-%D0%B2-%D0%B4%D0%BE%D0%BC%D0%B5-%D0%BF%D0%BE%D0%BA%D0%B0-%D0%BC%D1%83%D0%B6/ HTTP/2.0" 200 15930 "https://baneks.site/best/" "Mozilla/5.0 (Linux; Android 10; HRY-LX1T) AppleWebKit/537.36 (KHTML, like Gecko) Chrome/84.0.4147.89 Mobile Safari/537.36" "-"
217.66.158.138 - - [22/Jul/2020:23:13:32 +0000] "GET /%D0%B6%D0%B5%D0%BD%D1%89%D0%B8%D0%BD%D0%B0-%D0%B8-%D0%B5%D1%91-%D0%BB%D1%8E%D0%B1%D0%BE%D0%B2%D0%BD%D0%B8%D0%BA-%D0%BD%D0%B0%D1%85%D0%BE%D0%B4%D0%B8%D0%BB%D0%B8%D1%81%D1%8C-%D0%B2-%D0%B4%D0%BE%D0%BC%D0%B5-%D0%BF%D0%BE%D0%BA%D0%B0-%D0%BC%D1%83%D0%B6/ HTTP/2.0" 200 15930 "https://baneks.site/best/" "Mozilla/5.0 (Linux; Android 10; HRY-LX1T) AppleWebKit/537.36 (KHTML, like Gecko) Chrome/84.0.4147.89 Mobile Safari/537.36"
217.66.158.138 - - [22/Jul/2020:23:13:33 +0000] "GET /best/ HTTP/2.0" 304 0 "https://baneks.site/best/" "Mozilla/5.0 (Linux; Android 10; HRY-LX1T) AppleWebKit/537.36 (KHTML, like Gecko) Chrome/84.0.4147.89 Mobile Safari/537.36" "-"
217.66.158.138 - - [22/Jul/2020:23:13:33 +0000] "GET /best/ HTTP/2.0" 304 0 "https://baneks.site/best/" "Mozilla/5.0 (Linux; Android 10; HRY-LX1T) AppleWebKit/537.36 (KHTML, like Gecko) Chrome/84.0.4147.89 Mobile Safari/537.36"
217.66.158.138 - - [22/Jul/2020:23:13:33 +0000] "GET /%D0%B6%D0%B5%D0%BD%D1%89%D0%B8%D0%BD%D0%B0-%D0%B8-%D0%B5%D1%91-%D0%BB%D1%8E%D0%B1%D0%BE%D0%B2%D0%BD%D0%B8%D0%BA-%D0%BD%D0%B0%D1%85%D0%BE%D0%B4%D0%B8%D0%BB%D0%B8%D1%81%D1%8C-%D0%B2-%D0%B4%D0%BE%D0%BC%D0%B5-%D0%BF%D0%BE%D0%BA%D0%B0-%D0%BC%D1%83%D0%B6/ HTTP/2.0" 200 15930 "https://baneks.site/%D0%B6%D0%B5%D0%BD%D1%89%D0%B8%D0%BD%D0%B0-%D0%B8-%D0%B5%D1%91-%D0%BB%D1%8E%D0%B1%D0%BE%D0%B2%D0%BD%D0%B8%D0%BA-%D0%BD%D0%B0%D1%85%D0%BE%D0%B4%D0%B8%D0%BB%D0%B8%D1%81%D1%8C-%D0%B2-%D0%B4%D0%BE%D0%BC%D0%B5-%D0%BF%D0%BE%D0%BA%D0%B0-%D0%BC%D1%83%D0%B6/" "Mozilla/5.0 (Linux; Android 10; HRY-LX1T) AppleWebKit/537.36 (KHTML, like Gecko) Chrome/84.0.4147.89 Mobile Safari/537.36" "-"
217.66.158.138 - - [22/Jul/2020:23:13:33 +0000] "GET /%D0%B6%D0%B5%D0%BD%D1%89%D0%B8%D0%BD%D0%B0-%D0%B8-%D0%B5%D1%91-%D0%BB%D1%8E%D0%B1%D0%BE%D0%B2%D0%BD%D0%B8%D0%BA-%D0%BD%D0%B0%D1%85%D0%BE%D0%B4%D0%B8%D0%BB%D0%B8%D1%81%D1%8C-%D0%B2-%D0%B4%D0%BE%D0%BC%D0%B5-%D0%BF%D0%BE%D0%BA%D0%B0-%D0%BC%D1%83%D0%B6/ HTTP/2.0" 200 15930 "https://baneks.site/%D0%B6%D0%B5%D0%BD%D1%89%D0%B8%D0%BD%D0%B0-%D0%B8-%D0%B5%D1%91-%D0%BB%D1%8E%D0%B1%D0%BE%D0%B2%D0%BD%D0%B8%D0%BA-%D0%BD%D0%B0%D1%85%D0%BE%D0%B4%D0%B8%D0%BB%D0%B8%D1%81%D1%8C-%D0%B2-%D0%B4%D0%BE%D0%BC%D0%B5-%D0%BF%D0%BE%D0%BA%D0%B0-%D0%BC%D1%83%D0%B6/" "Mozilla/5.0 (Linux; Android 10; HRY-LX1T) AppleWebKit/537.36 (KHTML, like Gecko) Chrome/84.0.4147.89 Mobile Safari/537.36"
178.151.94.4 - - [22/Jul/2020:23:13:40 +0000] "GET /%D0%B0%D0%BD%D0%B5%D0%BA%D0%B8-%D0%BF%D1%80%D0%BE-%D0%B0%D1%80%D0%BC%D1%8F%D0%BD-%D0%B0%D1%81%D1%82%D1%80%D0%BE%D0%BD%D0%BE%D0%BC%D0%BE%D0%B2-%D0%BF%D1%80%D0%B5%D0%BF%D0%BE%D0%B4%D0%BE%D0%B2-%D0%B8-%D0%BC%D0%B0%D1%82%D0%B5%D0%BC%D0%B0%D1%82%D0%B8%D0%BA%D0%BE%D0%B2/ HTTP/2.0" 200 13277 "https://baneks.site/tag/%D0%BC%D0%B0%D1%82%D0%B5%D0%BC%D0%B0%D1%82%D0%B8%D0%BA/?p=3" "Mozilla/5.0 (Linux; Android 9; STK-LX1) AppleWebKit/537.36 (KHTML, like Gecko) Chrome/84.0.4147.89 Mobile Safari/537.36" "-"
178.151.94.4 - - [22/Jul/2020:23:13:40 +0000] "GET /%D0%B0%D0%BD%D0%B5%D0%BA%D0%B8-%D0%BF%D1%80%D0%BE-%D0%B0%D1%80%D0%BC%D1%8F%D0%BD-%D0%B0%D1%81%D1%82%D1%80%D0%BE%D0%BD%D0%BE%D0%BC%D0%BE%D0%B2-%D0%BF%D1%80%D0%B5%D0%BF%D0%BE%D0%B4%D0%BE%D0%B2-%D0%B8-%D0%BC%D0%B0%D1%82%D0%B5%D0%BC%D0%B0%D1%82%D0%B8%D0%BA%D0%BE%D0%B2/ HTTP/2.0" 200 13277 "https://baneks.site/tag/%D0%BC%D0%B0%D1%82%D0%B5%D0%BC%D0%B0%D1%82%D0%B8%D0%BA/?p=3" "Mozilla/5.0 (Linux; Android 9; STK-LX1) AppleWebKit/537.36 (KHTML, like Gecko) Chrome/84.0.4147.89 Mobile Safari/537.36"
46.229.168.147 - - [22/Jul/2020:23:13:43 +0000] "GET /%D0%B0%D0%BD%D0%B5%D0%BA%D0%B8-%D0%BF%D1%80%D0%BE-%D0%B0%D1%81%D1%82%D1%80%D0%BE%D0%BD%D0%BE%D0%BC%D0%BE%D0%B2-%D0%BF%D0%BE%D0%B2%D0%B0%D1%80%D0%BE%D0%B2-%D0%B4%D0%B6%D0%B0%D0%B7-%D0%B8-%D0%BF%D1%83%D1%82%D0%B5%D1%88%D0%B5%D1%81%D1%82%D0%B2%D0%B8%D1%8F/?p=2 HTTP/1.1" 200 9034 "-" "Mozilla/5.0 (compatible; SemrushBot/6~bl; +http://www.semrush.com/bot.html)" "-"
46.229.168.147 - - [22/Jul/2020:23:13:43 +0000] "GET /%D0%B0%D0%BD%D0%B5%D0%BA%D0%B8-%D0%BF%D1%80%D0%BE-%D0%B0%D1%81%D1%82%D1%80%D0%BE%D0%BD%D0%BE%D0%BC%D0%BE%D0%B2-%D0%BF%D0%BE%D0%B2%D0%B0%D1%80%D0%BE%D0%B2-%D0%B4%D0%B6%D0%B0%D0%B7-%D0%B8-%D0%BF%D1%83%D1%82%D0%B5%D1%88%D0%B5%D1%81%D1%82%D0%B2%D0%B8%D1%8F/?p=2 HTTP/1.1" 200 9034 "-" "Mozilla/5.0 (compatible; SemrushBot/6~bl; +http://www.semrush.com/bot.html)"
178.154.200.81 - - [22/Jul/2020:23:13:45 +0000] "GET /%D0%BC%D0%B0%D1%82%D0%B5%D0%BC%D0%B0%D1%82%D0%B8%D0%BA-%D0%BA%D0%B0%D0%BA%D0%BE%D0%B9-%D1%80%D0%B0%D0%B7%D0%B4%D0%B5%D0%BB-%D0%BC%D0%B0%D1%82%D0%B5%D0%BC%D0%B0%D1%82%D0%B8%D0%BA%D0%B8-%D0%B4%D0%BB%D1%8F-%D1%82%D0%B5%D0%B1%D1%8F-%D1%81%D0%B0%D0%BC%D1%8B%D0%B9/?p=4 HTTP/1.1" 200 13202 "-" "Mozilla/5.0 (compatible; YandexBot/3.0; +http://yandex.com/bots)" "-"
178.154.200.81 - - [22/Jul/2020:23:13:45 +0000] "GET /%D0%BC%D0%B0%D1%82%D0%B5%D0%BC%D0%B0%D1%82%D0%B8%D0%BA-%D0%BA%D0%B0%D0%BA%D0%BE%D0%B9-%D1%80%D0%B0%D0%B7%D0%B4%D0%B5%D0%BB-%D0%BC%D0%B0%D1%82%D0%B5%D0%BC%D0%B0%D1%82%D0%B8%D0%BA%D0%B8-%D0%B4%D0%BB%D1%8F-%D1%82%D0%B5%D0%B1%D1%8F-%D1%81%D0%B0%D0%BC%D1%8B%D0%B9/?p=4 HTTP/1.1" 200 13202 "-" "Mozilla/5.0 (compatible; YandexBot/3.0; +http://yandex.com/bots)"
178.154.200.81 - - [22/Jul/2020:23:13:47 +0000] "GET /%D0%BF%D0%BE%D0%B4%D1%85%D0%BE%D0%B4%D0%B8%D1%82-%D0%94%D0%B7%D0%B5%D1%80%D0%B6%D0%B8%D0%BD%D1%81%D0%BA%D0%B8%D0%B9-%D0%BA-%D0%9B%D0%B5%D0%BD%D0%B8%D0%BD%D1%83-%D0%B8-%D1%81%D0%BF%D1%80%D0%B0%D1%88%D0%B8%D0%B2%D0%B0%D0%B5%D1%82/?p=2 HTTP/1.1" 200 13213 "-" "Mozilla/5.0 (compatible; YandexBot/3.0; +http://yandex.com/bots)" "-"
178.154.200.81 - - [22/Jul/2020:23:13:47 +0000] "GET /%D0%BF%D0%BE%D0%B4%D1%85%D0%BE%D0%B4%D0%B8%D1%82-%D0%94%D0%B7%D0%B5%D1%80%D0%B6%D0%B8%D0%BD%D1%81%D0%BA%D0%B8%D0%B9-%D0%BA-%D0%9B%D0%B5%D0%BD%D0%B8%D0%BD%D1%83-%D0%B8-%D1%81%D0%BF%D1%80%D0%B0%D1%88%D0%B8%D0%B2%D0%B0%D0%B5%D1%82/?p=2 HTTP/1.1" 200 13213 "-" "Mozilla/5.0 (compatible; YandexBot/3.0; +http://yandex.com/bots)"
95.163.255.171 - - [22/Jul/2020:23:13:47 +0000] "GET /%D1%81%D0%B5%D0%B3%D0%BE%D0%B4%D0%BD%D1%8F-%D0%BD%D0%B0%D0%B4%D0%BE-%D0%BC%D0%BD%D0%BE%D0%B9-%D0%BF%D1%80%D0%BE%D0%BB%D0%B5%D1%82%D0%B5%D0%BB%D0%BE-%D0%BE%D0%B1%D0%BB%D0%B0%D0%BA%D0%BE-%D0%B2-%D0%B2%D0%B8%D0%B4%D0%B5-%D1%85%D1%83%D1%8F%D0%BA-%D1%87%D0%B5%D0%BC/ HTTP/1.1" 200 12436 "-" "Mozilla/5.0 (compatible; Linux x86_64; Mail.RU_Bot/2.0; +http://go.mail.ru/help/robots)" "-"
95.163.255.171 - - [22/Jul/2020:23:13:47 +0000] "GET /%D1%81%D0%B5%D0%B3%D0%BE%D0%B4%D0%BD%D1%8F-%D0%BD%D0%B0%D0%B4%D0%BE-%D0%BC%D0%BD%D0%BE%D0%B9-%D0%BF%D1%80%D0%BE%D0%BB%D0%B5%D1%82%D0%B5%D0%BB%D0%BE-%D0%BE%D0%B1%D0%BB%D0%B0%D0%BA%D0%BE-%D0%B2-%D0%B2%D0%B8%D0%B4%D0%B5-%D1%85%D1%83%D1%8F%D0%BA-%D1%87%D0%B5%D0%BC/ HTTP/1.1" 200 12436 "-" "Mozilla/5.0 (compatible; Linux x86_64; Mail.RU_Bot/2.0; +http://go.mail.ru/help/robots)"
46.229.168.129 - - [22/Jul/2020:23:13:54 +0000] "GET /%D0%B5%D0%B4%D0%B5%D1%82-%D0%BD%D0%B0-%D0%B7%D0%B0%D0%BF%D0%BE%D1%80%D0%BE%D0%B6%D1%86%D0%B5-%D1%81%D1%82%D0%B0%D1%80%D1%8B%D0%B9-%D0%B4%D0%B5%D0%B4-%D0%B8-%D0%B2%D1%80%D0%B5%D0%B7%D0%B0%D0%B5%D1%82%D1%81%D1%8F/?p=1 HTTP/1.1" 200 14859 "-" "Mozilla/5.0 (compatible; SemrushBot/6~bl; +http://www.semrush.com/bot.html)" "-"
46.229.168.129 - - [22/Jul/2020:23:13:54 +0000] "GET /%D0%B5%D0%B4%D0%B5%D1%82-%D0%BD%D0%B0-%D0%B7%D0%B0%D0%BF%D0%BE%D1%80%D0%BE%D0%B6%D1%86%D0%B5-%D1%81%D1%82%D0%B0%D1%80%D1%8B%D0%B9-%D0%B4%D0%B5%D0%B4-%D0%B8-%D0%B2%D1%80%D0%B5%D0%B7%D0%B0%D0%B5%D1%82%D1%81%D1%8F/?p=1 HTTP/1.1" 200 14859 "-" "Mozilla/5.0 (compatible; SemrushBot/6~bl; +http://www.semrush.com/bot.html)"
178.154.200.81 - - [22/Jul/2020:23:13:55 +0000] "GET /%D0%B6%D0%B5%D0%BD%D0%B0-%D0%BB%D0%B5%D0%B6%D0%B8%D1%82-%D0%B2-%D0%B1%D0%BE%D0%BB%D1%8C%D0%BD%D0%B8%D1%86%D0%B5-%D0%BE%D1%87%D0%B5%D0%BD%D1%8C-%D1%82%D1%8F%D0%B6%D0%B5%D0%BB%D0%BE-%D0%B1%D0%BE%D0%BB%D1%8C%D0%BD%D0%B0%D1%8F/ HTTP/1.1" 200 14832 "-" "Mozilla/5.0 (compatible; YandexBot/3.0; +http://yandex.com/bots)" "-"
178.154.200.81 - - [22/Jul/2020:23:13:55 +0000] "GET /%D0%B6%D0%B5%D0%BD%D0%B0-%D0%BB%D0%B5%D0%B6%D0%B8%D1%82-%D0%B2-%D0%B1%D0%BE%D0%BB%D1%8C%D0%BD%D0%B8%D1%86%D0%B5-%D0%BE%D1%87%D0%B5%D0%BD%D1%8C-%D1%82%D1%8F%D0%B6%D0%B5%D0%BB%D0%BE-%D0%B1%D0%BE%D0%BB%D1%8C%D0%BD%D0%B0%D1%8F/ HTTP/1.1" 200 14832 "-" "Mozilla/5.0 (compatible; YandexBot/3.0; +http://yandex.com/bots)"
178.154.200.81 - - [22/Jul/2020:23:14:00 +0000] "GET /%D0%B7%D0%B0%D1%85%D0%BE%D0%B4%D1%8F%D1%82-%D0%B2-%D0%B1%D0%B0%D1%80-%D1%84%D1%83%D1%82%D0%B1%D0%BE%D0%BB%D1%8C%D0%BD%D1%8B%D0%B9-%D1%84%D0%B0%D0%BD%D0%B0%D1%82-%D0%B0%D0%BD%D0%B8%D0%BC%D0%B5%D1%88%D0%BD%D0%B8%D0%BA-%D0%BB%D1%8E%D0%B1%D0%B8%D1%82%D0%B5%D0%BB%D1%8C/?p=2 HTTP/1.1" 200 13738 "-" "Mozilla/5.0 (compatible; YandexBot/3.0; +http://yandex.com/bots)" "-"
178.154.200.81 - - [22/Jul/2020:23:14:00 +0000] "GET /%D0%B7%D0%B0%D1%85%D0%BE%D0%B4%D1%8F%D1%82-%D0%B2-%D0%B1%D0%B0%D1%80-%D1%84%D1%83%D1%82%D0%B1%D0%BE%D0%BB%D1%8C%D0%BD%D1%8B%D0%B9-%D1%84%D0%B0%D0%BD%D0%B0%D1%82-%D0%B0%D0%BD%D0%B8%D0%BC%D0%B5%D1%88%D0%BD%D0%B8%D0%BA-%D0%BB%D1%8E%D0%B1%D0%B8%D1%82%D0%B5%D0%BB%D1%8C/?p=2 HTTP/1.1" 200 13738 "-" "Mozilla/5.0 (compatible; YandexBot/3.0; +http://yandex.com/bots)"
5.45.207.181 - - [22/Jul/2020:23:14:01 +0000] "GET /%D0%B7%D0%B0%D1%85%D0%BE%D0%B4%D1%8F%D1%82-%D0%B2-%D0%B1%D0%B0%D1%80-%D1%84%D1%83%D1%82%D0%B1%D0%BE%D0%BB%D1%8C%D0%BD%D1%8B%D0%B9-%D1%84%D0%B0%D0%BD%D0%B0%D1%82-%D0%B0%D0%BD%D0%B8%D0%BC%D0%B5%D1%88%D0%BD%D0%B8%D0%BA-%D0%BB%D1%8E%D0%B1%D0%B8%D1%82%D0%B5%D0%BB%D1%8C/?p=4 HTTP/1.1" 200 14921 "-" "Mozilla/5.0 (compatible; YandexBot/3.0; +http://yandex.com/bots)" "-"
5.45.207.181 - - [22/Jul/2020:23:14:01 +0000] "GET /%D0%B7%D0%B0%D1%85%D0%BE%D0%B4%D1%8F%D1%82-%D0%B2-%D0%B1%D0%B0%D1%80-%D1%84%D1%83%D1%82%D0%B1%D0%BE%D0%BB%D1%8C%D0%BD%D1%8B%D0%B9-%D1%84%D0%B0%D0%BD%D0%B0%D1%82-%D0%B0%D0%BD%D0%B8%D0%BC%D0%B5%D1%88%D0%BD%D0%B8%D0%BA-%D0%BB%D1%8E%D0%B1%D0%B8%D1%82%D0%B5%D0%BB%D1%8C/?p=4 HTTP/1.1" 200 14921 "-" "Mozilla/5.0 (compatible; YandexBot/3.0; +http://yandex.com/bots)"
178.154.200.81 - - [22/Jul/2020:23:14:01 +0000] "GET /%D0%B7%D0%B0%D1%85%D0%BE%D0%B4%D1%8F%D1%82-%D0%B2-%D0%B1%D0%B0%D1%80-%D1%84%D1%83%D1%82%D0%B1%D0%BE%D0%BB%D1%8C%D0%BD%D1%8B%D0%B9-%D1%84%D0%B0%D0%BD%D0%B0%D1%82-%D0%B0%D0%BD%D0%B8%D0%BC%D0%B5%D1%88%D0%BD%D0%B8%D0%BA-%D0%BB%D1%8E%D0%B1%D0%B8%D1%82%D0%B5%D0%BB%D1%8C/?p=5 HTTP/1.1" 200 10532 "-" "Mozilla/5.0 (compatible; YandexBot/3.0; +http://yandex.com/bots)" "-"
178.154.200.81 - - [22/Jul/2020:23:14:01 +0000] "GET /%D0%B7%D0%B0%D1%85%D0%BE%D0%B4%D1%8F%D1%82-%D0%B2-%D0%B1%D0%B0%D1%80-%D1%84%D1%83%D1%82%D0%B1%D0%BE%D0%BB%D1%8C%D0%BD%D1%8B%D0%B9-%D1%84%D0%B0%D0%BD%D0%B0%D1%82-%D0%B0%D0%BD%D0%B8%D0%BC%D0%B5%D1%88%D0%BD%D0%B8%D0%BA-%D0%BB%D1%8E%D0%B1%D0%B8%D1%82%D0%B5%D0%BB%D1%8C/?p=5 HTTP/1.1" 200 10532 "-" "Mozilla/5.0 (compatible; YandexBot/3.0; +http://yandex.com/bots)"
178.154.200.81 - - [22/Jul/2020:23:14:04 +0000] "GET /%D1%87%D1%82%D0%BE-%D1%81%D0%BA%D0%B0%D0%B7%D0%B0%D0%BB-%D0%BC%D1%83%D0%B6-%D0%B7%D0%B8%D0%B1%D0%B8%D1%80%D0%B0%D1%8F-%D1%83-%D0%B6%D0%B5%D0%BD%D1%8B-%D1%80%D0%B5%D0%B7%D0%B8%D0%BD%D0%BE%D0%B2%D1%8B%D0%B9-%D1%87%D0%BB%D0%B5%D0%BD/ HTTP/1.1" 200 13502 "-" "Mozilla/5.0 (compatible; YandexBot/3.0; +http://yandex.com/bots)" "-"
178.154.200.81 - - [22/Jul/2020:23:14:04 +0000] "GET /%D1%87%D1%82%D0%BE-%D1%81%D0%BA%D0%B0%D0%B7%D0%B0%D0%BB-%D0%BC%D1%83%D0%B6-%D0%B7%D0%B8%D0%B1%D0%B8%D1%80%D0%B0%D1%8F-%D1%83-%D0%B6%D0%B5%D0%BD%D1%8B-%D1%80%D0%B5%D0%B7%D0%B8%D0%BD%D0%BE%D0%B2%D1%8B%D0%B9-%D1%87%D0%BB%D0%B5%D0%BD/ HTTP/1.1" 200 13502 "-" "Mozilla/5.0 (compatible; YandexBot/3.0; +http://yandex.com/bots)"
46.229.168.150 - - [22/Jul/2020:23:14:06 +0000] "GET /%D0%BA%D1%82%D0%BE-%D1%82%D0%B0%D0%BC-%D0%90%D0%BB%D0%B5%D0%BA%D1%81%D0%B5%D0%B9-%D0%9F%D0%B0%D0%BD%D0%B8%D0%BD/ HTTP/1.1" 200 11848 "-" "Mozilla/5.0 (compatible; SemrushBot/6~bl; +http://www.semrush.com/bot.html)" "-"
46.229.168.150 - - [22/Jul/2020:23:14:06 +0000] "GET /%D0%BA%D1%82%D0%BE-%D1%82%D0%B0%D0%BC-%D0%90%D0%BB%D0%B5%D0%BA%D1%81%D0%B5%D0%B9-%D0%9F%D0%B0%D0%BD%D0%B8%D0%BD/ HTTP/1.1" 200 11848 "-" "Mozilla/5.0 (compatible; SemrushBot/6~bl; +http://www.semrush.com/bot.html)"
66.249.68.36 - - [22/Jul/2020:23:14:10 +0000] "GET /%D0%9C%D0%B0%D1%8F%D0%B4%D0%B7%D1%83%D0%BA%D0%BE-%D0%BA%D0%B0%D0%BA-%D1%82%D0%BE-%D0%BF%D0%BE%D0%BF%D0%B8%D0%B2%D0%B0%D0%BB-%D1%81%D0%B2%D0%BE%D0%B9-%D0%BB%D1%8E%D0%B1%D0%B8%D0%BC%D1%8B%D0%B9-%D1%87%D0%B0%D0%B9-%D0%B8-%D0%BA-%D0%BD%D0%B5%D0%BC%D1%83/?p=2 HTTP/1.1" 304 0 "-" "Mozilla/5.0 (Linux; Android 6.0.1; Nexus 5X Build/MMB29P) AppleWebKit/537.36 (KHTML, like Gecko) Chrome/80.0.3987.92 Mobile Safari/537.36 (compatible; Googlebot/2.1; +http://www.google.com/bot.html)" "-"
66.249.68.36 - - [22/Jul/2020:23:14:10 +0000] "GET /%D0%9C%D0%B0%D1%8F%D0%B4%D0%B7%D1%83%D0%BA%D0%BE-%D0%BA%D0%B0%D0%BA-%D1%82%D0%BE-%D0%BF%D0%BE%D0%BF%D0%B8%D0%B2%D0%B0%D0%BB-%D1%81%D0%B2%D0%BE%D0%B9-%D0%BB%D1%8E%D0%B1%D0%B8%D0%BC%D1%8B%D0%B9-%D1%87%D0%B0%D0%B9-%D0%B8-%D0%BA-%D0%BD%D0%B5%D0%BC%D1%83/?p=2 HTTP/1.1" 304 0 "-" "Mozilla/5.0 (Linux; Android 6.0.1; Nexus 5X Build/MMB29P) AppleWebKit/537.36 (KHTML, like Gecko) Chrome/80.0.3987.92 Mobile Safari/537.36 (compatible; Googlebot/2.1; +http://www.google.com/bot.html)"
178.151.94.4 - - [22/Jul/2020:23:14:12 +0000] "GET /%D0%B7%D0%B0%D0%B2%D1%82%D1%80%D0%B0-%D0%B2-%D1%88%D0%BA%D0%BE%D0%BB%D0%B5-%D0%B8%D0%BD%D1%82%D0%B5%D0%BB%D0%BB%D0%B5%D0%BA%D1%82%D1%83%D0%B0%D0%BB%D1%8C%D0%BD%D0%B0%D1%8F-%D0%B8%D0%B3%D1%80%D0%B0-%D0%BF%D0%BE-%D0%BC%D0%B0%D1%82%D0%B5%D0%BC%D0%B0%D1%82%D0%B8%D0%BA%D0%B5/ HTTP/2.0" 200 13283 "https://baneks.site/tag/%D0%BC%D0%B0%D1%82%D0%B5%D0%BC%D0%B0%D1%82%D0%B8%D0%BA/?p=3" "Mozilla/5.0 (Linux; Android 9; STK-LX1) AppleWebKit/537.36 (KHTML, like Gecko) Chrome/84.0.4147.89 Mobile Safari/537.36" "-"
178.151.94.4 - - [22/Jul/2020:23:14:12 +0000] "GET /%D0%B7%D0%B0%D0%B2%D1%82%D1%80%D0%B0-%D0%B2-%D1%88%D0%BA%D0%BE%D0%BB%D0%B5-%D0%B8%D0%BD%D1%82%D0%B5%D0%BB%D0%BB%D0%B5%D0%BA%D1%82%D1%83%D0%B0%D0%BB%D1%8C%D0%BD%D0%B0%D1%8F-%D0%B8%D0%B3%D1%80%D0%B0-%D0%BF%D0%BE-%D0%BC%D0%B0%D1%82%D0%B5%D0%BC%D0%B0%D1%82%D0%B8%D0%BA%D0%B5/ HTTP/2.0" 200 13283 "https://baneks.site/tag/%D0%BC%D0%B0%D1%82%D0%B5%D0%BC%D0%B0%D1%82%D0%B8%D0%BA/?p=3" "Mozilla/5.0 (Linux; Android 9; STK-LX1) AppleWebKit/537.36 (KHTML, like Gecko) Chrome/84.0.4147.89 Mobile Safari/537.36"
178.151.94.4 - - [22/Jul/2020:23:14:20 +0000] "GET /%D1%84%D0%B8%D0%B7%D0%B8%D0%BA%D1%83-%D0%BC%D0%B0%D1%82%D0%B5%D0%BC%D0%B0%D1%82%D0%B8%D0%BA%D1%83-%D0%B8-%D0%B8%D0%BD%D0%B6%D0%B5%D0%BD%D0%B5%D1%80%D1%83-%D0%B4%D0%B0%D0%BB%D0%B8-%D0%B7%D0%B0%D0%B4%D0%B0%D0%BD%D0%B8%D0%B5/ HTTP/2.0" 200 13839 "https://baneks.site/tag/%D0%BC%D0%B0%D1%82%D0%B5%D0%BC%D0%B0%D1%82%D0%B8%D0%BA/?p=3" "Mozilla/5.0 (Linux; Android 9; STK-LX1) AppleWebKit/537.36 (KHTML, like Gecko) Chrome/84.0.4147.89 Mobile Safari/537.36" "-"
178.151.94.4 - - [22/Jul/2020:23:14:20 +0000] "GET /%D1%84%D0%B8%D0%B7%D0%B8%D0%BA%D1%83-%D0%BC%D0%B0%D1%82%D0%B5%D0%BC%D0%B0%D1%82%D0%B8%D0%BA%D1%83-%D0%B8-%D0%B8%D0%BD%D0%B6%D0%B5%D0%BD%D0%B5%D1%80%D1%83-%D0%B4%D0%B0%D0%BB%D0%B8-%D0%B7%D0%B0%D0%B4%D0%B0%D0%BD%D0%B8%D0%B5/ HTTP/2.0" 200 13839 "https://baneks.site/tag/%D0%BC%D0%B0%D1%82%D0%B5%D0%BC%D0%B0%D1%82%D0%B8%D0%BA/?p=3" "Mozilla/5.0 (Linux; Android 9; STK-LX1) AppleWebKit/537.36 (KHTML, like Gecko) Chrome/84.0.4147.89 Mobile Safari/537.36"
178.154.200.81 - - [22/Jul/2020:23:14:28 +0000] "GET /%D0%B2-%D0%B3%D0%BE%D1%81%D0%BF%D0%B8%D1%82%D0%B0%D0%BB%D1%8C-%D0%BF%D0%BE%D0%BF%D0%B0%D0%BB-%D0%BB%D0%B5%D0%B3%D0%B8%D0%BE%D0%BD%D0%B5%D1%80-%D1%81-%D1%80%D0%B0%D0%BD%D0%B5%D0%BD%D0%B8%D0%B5%D0%BC-%D0%BE%D1%82%D0%BE%D1%80%D0%B2%D0%B0%D0%BB%D0%BE/?p=3 HTTP/1.1" 200 11996 "-" "Mozilla/5.0 (compatible; YandexBot/3.0; +http://yandex.com/bots)" "-"
178.154.200.81 - - [22/Jul/2020:23:14:28 +0000] "GET /%D0%B2-%D0%B3%D0%BE%D1%81%D0%BF%D0%B8%D1%82%D0%B0%D0%BB%D1%8C-%D0%BF%D0%BE%D0%BF%D0%B0%D0%BB-%D0%BB%D0%B5%D0%B3%D0%B8%D0%BE%D0%BD%D0%B5%D1%80-%D1%81-%D1%80%D0%B0%D0%BD%D0%B5%D0%BD%D0%B8%D0%B5%D0%BC-%D0%BE%D1%82%D0%BE%D1%80%D0%B2%D0%B0%D0%BB%D0%BE/?p=3 HTTP/1.1" 200 11996 "-" "Mozilla/5.0 (compatible; YandexBot/3.0; +http://yandex.com/bots)"
5.45.207.181 - - [22/Jul/2020:23:14:29 +0000] "GET /%D0%B8%D0%BD%D1%82%D0%B5%D1%80%D1%8C%D0%B2%D1%8C%D1%8E-%D0%BD%D0%B0-%D1%83%D0%BB%D0%B8%D1%86%D0%B5-%D1%81%D0%BA%D0%B0%D0%B6%D0%B8%D1%82%D0%B5-%D0%B0-%D0%B3%D0%B4%D0%B5-%D0%B2%D1%8B-%D1%80%D0%B0%D0%B1%D0%BE%D1%82%D0%B0%D0%B5%D1%82%D0%B5/?p=2 HTTP/1.1" 200 13214 "-" "Mozilla/5.0 (compatible; YandexBot/3.0; +http://yandex.com/bots)" "-"
5.45.207.181 - - [22/Jul/2020:23:14:29 +0000] "GET /%D0%B8%D0%BD%D1%82%D0%B5%D1%80%D1%8C%D0%B2%D1%8C%D1%8E-%D0%BD%D0%B0-%D1%83%D0%BB%D0%B8%D1%86%D0%B5-%D1%81%D0%BA%D0%B0%D0%B6%D0%B8%D1%82%D0%B5-%D0%B0-%D0%B3%D0%B4%D0%B5-%D0%B2%D1%8B-%D1%80%D0%B0%D0%B1%D0%BE%D1%82%D0%B0%D0%B5%D1%82%D0%B5/?p=2 HTTP/1.1" 200 13214 "-" "Mozilla/5.0 (compatible; YandexBot/3.0; +http://yandex.com/bots)"
178.154.200.81 - - [22/Jul/2020:23:14:29 +0000] "GET /%D0%BE%D0%BD-%D1%82%D1%8B-%D1%81%D0%BB%D1%83%D1%87%D0%B0%D0%B9%D0%BD%D0%BE-%D0%BD%D0%B5-%D0%B2%D0%B0%D0%BC%D0%BF%D0%B8%D1%80%D1%88%D0%B0-%D0%BE%D0%BD%D0%B0-%D0%BD%D1%83-%D1%82%D0%B0%D0%BA/?p=1 HTTP/1.1" 200 12489 "-" "Mozilla/5.0 (compatible; YandexBot/3.0; +http://yandex.com/bots)" "-"
178.154.200.81 - - [22/Jul/2020:23:14:29 +0000] "GET /%D0%BE%D0%BD-%D1%82%D1%8B-%D1%81%D0%BB%D1%83%D1%87%D0%B0%D0%B9%D0%BD%D0%BE-%D0%BD%D0%B5-%D0%B2%D0%B0%D0%BC%D0%BF%D0%B8%D1%80%D1%88%D0%B0-%D0%BE%D0%BD%D0%B0-%D0%BD%D1%83-%D1%82%D0%B0%D0%BA/?p=1 HTTP/1.1" 200 12489 "-" "Mozilla/5.0 (compatible; YandexBot/3.0; +http://yandex.com/bots)"
46.229.168.161 - - [22/Jul/2020:23:14:38 +0000] "GET /%D1%8D%D0%BA%D0%B7%D0%B0%D0%BC%D0%B5%D0%BD-%D0%BF%D0%BE-%D0%B0%D0%BD%D0%B0%D1%82%D0%BE%D0%BC%D0%B8%D0%B8-%D1%83-%D1%81%D1%82%D1%83%D0%B4%D0%B5%D0%BD%D1%82%D0%B0-%D0%BF%D0%BE%D0%BB%D0%BD%D1%8B%D0%B9-%D0%B7%D0%B0%D0%B2%D0%B0%D0%BB-%D0%B8-%D1%82%D1%83%D1%82/?p=3 HTTP/1.1" 200 13954 "-" "Mozilla/5.0 (compatible; SemrushBot/6~bl; +http://www.semrush.com/bot.html)" "-"
46.229.168.161 - - [22/Jul/2020:23:14:38 +0000] "GET /%D1%8D%D0%BA%D0%B7%D0%B0%D0%BC%D0%B5%D0%BD-%D0%BF%D0%BE-%D0%B0%D0%BD%D0%B0%D1%82%D0%BE%D0%BC%D0%B8%D0%B8-%D1%83-%D1%81%D1%82%D1%83%D0%B4%D0%B5%D0%BD%D1%82%D0%B0-%D0%BF%D0%BE%D0%BB%D0%BD%D1%8B%D0%B9-%D0%B7%D0%B0%D0%B2%D0%B0%D0%BB-%D0%B8-%D1%82%D1%83%D1%82/?p=3 HTTP/1.1" 200 13954 "-" "Mozilla/5.0 (compatible; SemrushBot/6~bl; +http://www.semrush.com/bot.html)"
178.154.200.81 - - [22/Jul/2020:23:14:38 +0000] "GET /%D1%88%D0%B5%D0%BB-%D0%BA%D0%B0%D0%BA-%D1%82%D0%BE-%D1%80%D0%B0%D0%B7-%D0%9C%D0%B0%D1%83%D0%B3%D0%BB%D0%B8-%D0%BF%D0%BE-%D0%BB%D0%B5%D1%81%D1%83-%D0%B8-%D1%83%D0%B2%D0%B8%D0%B4%D0%B5%D0%BB-%D1%81%D0%BB%D0%BE%D0%BD%D0%B8%D0%BA%D0%B0/?p=2 HTTP/1.1" 200 8844 "-" "Mozilla/5.0 (compatible; YandexBot/3.0; +http://yandex.com/bots)" "-"
178.154.200.81 - - [22/Jul/2020:23:14:38 +0000] "GET /%D1%88%D0%B5%D0%BB-%D0%BA%D0%B0%D0%BA-%D1%82%D0%BE-%D1%80%D0%B0%D0%B7-%D0%9C%D0%B0%D1%83%D0%B3%D0%BB%D0%B8-%D0%BF%D0%BE-%D0%BB%D0%B5%D1%81%D1%83-%D0%B8-%D1%83%D0%B2%D0%B8%D0%B4%D0%B5%D0%BB-%D1%81%D0%BB%D0%BE%D0%BD%D0%B8%D0%BA%D0%B0/?p=2 HTTP/1.1" 200 8844 "-" "Mozilla/5.0 (compatible; YandexBot/3.0; +http://yandex.com/bots)"
178.154.200.81 - - [22/Jul/2020:23:14:43 +0000] "GET /%D1%87%D1%83%D0%B2%D0%B0%D0%BA%D0%B8-%D0%B8%D0%B7-%D0%9F%D0%B8%D1%82%D0%B5%D1%80%D0%B0-%D0%BA%D0%B0%D0%BA-%D1%83-%D0%B2%D0%B0%D1%81-%D0%BD%D0%B0%D1%85%D0%BE%D0%B4%D0%B8%D1%82%D1%8C-%D0%B2%D1%81%D1%8F%D0%BA%D0%B8%D0%B5/?p=2 HTTP/1.1" 200 14042 "-" "Mozilla/5.0 (compatible; YandexBot/3.0; +http://yandex.com/bots)" "-"
178.154.200.81 - - [22/Jul/2020:23:14:43 +0000] "GET /%D1%87%D1%83%D0%B2%D0%B0%D0%BA%D0%B8-%D0%B8%D0%B7-%D0%9F%D0%B8%D1%82%D0%B5%D1%80%D0%B0-%D0%BA%D0%B0%D0%BA-%D1%83-%D0%B2%D0%B0%D1%81-%D0%BD%D0%B0%D1%85%D0%BE%D0%B4%D0%B8%D1%82%D1%8C-%D0%B2%D1%81%D1%8F%D0%BA%D0%B8%D0%B5/?p=2 HTTP/1.1" 200 14042 "-" "Mozilla/5.0 (compatible; YandexBot/3.0; +http://yandex.com/bots)"
95.163.255.157 - - [22/Jul/2020:23:14:46 +0000] "GET /%D0%B7%D0%B0%D1%85%D0%BE%D0%B4%D0%B8%D1%82-%D0%A2%D0%BE%D0%BC%D0%B0%D0%B7%D0%B7%D0%BE-%D0%9A%D0%B0%D0%BC%D0%BF%D0%B0%D0%BD%D0%B5%D0%BB%D0%BB%D0%B0-%D0%B2-%D0%B1%D0%B0%D1%80-%D0%B0-%D0%B1%D0%B0%D1%80%D0%BC%D0%B5%D0%BD-%D0%B5%D0%BC%D1%83/ HTTP/1.1" 200 13546 "-" "Mozilla/5.0 (compatible; Linux x86_64; Mail.RU_Bot/2.0; +http://go.mail.ru/help/robots)" "-"
95.163.255.157 - - [22/Jul/2020:23:14:46 +0000] "GET /%D0%B7%D0%B0%D1%85%D0%BE%D0%B4%D0%B8%D1%82-%D0%A2%D0%BE%D0%BC%D0%B0%D0%B7%D0%B7%D0%BE-%D0%9A%D0%B0%D0%BC%D0%BF%D0%B0%D0%BD%D0%B5%D0%BB%D0%BB%D0%B0-%D0%B2-%D0%B1%D0%B0%D1%80-%D0%B0-%D0%B1%D0%B0%D1%80%D0%BC%D0%B5%D0%BD-%D0%B5%D0%BC%D1%83/ HTTP/1.1" 200 13546 "-" "Mozilla/5.0 (compatible; Linux x86_64; Mail.RU_Bot/2.0; +http://go.mail.ru/help/robots)"
157.55.39.141 - - [22/Jul/2020:23:14:54 +0000] "GET /tag/%D0%93%D1%80%D0%B8%D1%88%D0%BA%D0%BE%D0%B2%D0%B5%D1%86/ HTTP/1.1" 200 11139 "-" "Mozilla/5.0 (compatible; bingbot/2.0; +http://www.bing.com/bingbot.htm)" "-"
157.55.39.141 - - [22/Jul/2020:23:14:54 +0000] "GET /tag/%D0%93%D1%80%D0%B8%D1%88%D0%BA%D0%BE%D0%B2%D0%B5%D1%86/ HTTP/1.1" 200 11139 "-" "Mozilla/5.0 (compatible; bingbot/2.0; +http://www.bing.com/bingbot.htm)"
178.151.94.4 - - [22/Jul/2020:23:14:59 +0000] "GET /tag/%D0%BC%D0%B0%D1%82%D0%B5%D0%BC%D0%B0%D1%82%D0%B8%D0%BA/?p=4 HTTP/2.0" 200 10818 "https://baneks.site/tag/%D0%BC%D0%B0%D1%82%D0%B5%D0%BC%D0%B0%D1%82%D0%B8%D0%BA/?p=3" "Mozilla/5.0 (Linux; Android 9; STK-LX1) AppleWebKit/537.36 (KHTML, like Gecko) Chrome/84.0.4147.89 Mobile Safari/537.36" "-"
178.151.94.4 - - [22/Jul/2020:23:14:59 +0000] "GET /tag/%D0%BC%D0%B0%D1%82%D0%B5%D0%BC%D0%B0%D1%82%D0%B8%D0%BA/?p=4 HTTP/2.0" 200 10818 "https://baneks.site/tag/%D0%BC%D0%B0%D1%82%D0%B5%D0%BC%D0%B0%D1%82%D0%B8%D0%BA/?p=3" "Mozilla/5.0 (Linux; Android 9; STK-LX1) AppleWebKit/537.36 (KHTML, like Gecko) Chrome/84.0.4147.89 Mobile Safari/537.36"
217.66.158.138 - - [22/Jul/2020:23:15:03 +0000] "GET /best/ HTTP/2.0" 200 15976 "https://www.google.com/" "Mozilla/5.0 (Linux; Android 10; HRY-LX1T) AppleWebKit/537.36 (KHTML, like Gecko) Chrome/84.0.4147.89 Mobile Safari/537.36" "-"
217.66.158.138 - - [22/Jul/2020:23:15:03 +0000] "GET /best/ HTTP/2.0" 200 15976 "https://www.google.com/" "Mozilla/5.0 (Linux; Android 10; HRY-LX1T) AppleWebKit/537.36 (KHTML, like Gecko) Chrome/84.0.4147.89 Mobile Safari/537.36"
178.151.94.4 - - [22/Jul/2020:23:15:07 +0000] "GET /%D1%83%D0%BC%D0%B8%D1%80%D0%B0%D1%8F-%D0%BC%D0%B0%D1%82%D0%B5%D0%BC%D0%B0%D1%82%D0%B8%D0%BA-%D0%96%D0%B0%D0%BA-%D0%A8%D1%82%D1%83%D1%80%D0%BC-%D0%B2%D0%BF%D0%B0%D0%BB-%D0%B2-%D0%BF%D0%BE%D0%BB%D0%BD%D0%B5%D0%B9%D1%88%D0%B5%D0%B5/ HTTP/2.0" 200 13076 "https://baneks.site/tag/%D0%BC%D0%B0%D1%82%D0%B5%D0%BC%D0%B0%D1%82%D0%B8%D0%BA/?p=4" "Mozilla/5.0 (Linux; Android 9; STK-LX1) AppleWebKit/537.36 (KHTML, like Gecko) Chrome/84.0.4147.89 Mobile Safari/537.36" "-"
178.151.94.4 - - [22/Jul/2020:23:15:07 +0000] "GET /%D1%83%D0%BC%D0%B8%D1%80%D0%B0%D1%8F-%D0%BC%D0%B0%D1%82%D0%B5%D0%BC%D0%B0%D1%82%D0%B8%D0%BA-%D0%96%D0%B0%D0%BA-%D0%A8%D1%82%D1%83%D1%80%D0%BC-%D0%B2%D0%BF%D0%B0%D0%BB-%D0%B2-%D0%BF%D0%BE%D0%BB%D0%BD%D0%B5%D0%B9%D1%88%D0%B5%D0%B5/ HTTP/2.0" 200 13076 "https://baneks.site/tag/%D0%BC%D0%B0%D1%82%D0%B5%D0%BC%D0%B0%D1%82%D0%B8%D0%BA/?p=4" "Mozilla/5.0 (Linux; Android 9; STK-LX1) AppleWebKit/537.36 (KHTML, like Gecko) Chrome/84.0.4147.89 Mobile Safari/537.36"
217.66.158.138 - - [22/Jul/2020:23:15:08 +0000] "GET /%D0%B7%D0%B0%D1%85%D0%BE%D0%B4%D1%8F%D1%82-%D0%BA%D0%B0%D0%BA-%D1%82%D0%BE-%D0%B0%D0%BC%D0%BE%D1%80%D0%B0%D0%BB-%D0%BD%D0%B8%D0%B3%D0%B8%D0%BB%D0%B8%D1%81%D1%82-%D0%B8-%D1%86%D0%B8%D0%BD%D0%B8%D0%BA-%D0%B2-%D0%B1%D0%B0%D1%80-%D0%B0-%D0%B1%D0%B0%D1%80/ HTTP/2.0" 200 13114 "https://baneks.site/best/" "Mozilla/5.0 (Linux; Android 10; HRY-LX1T) AppleWebKit/537.36 (KHTML, like Gecko) Chrome/84.0.4147.89 Mobile Safari/537.36" "-"
217.66.158.138 - - [22/Jul/2020:23:15:08 +0000] "GET /%D0%B7%D0%B0%D1%85%D0%BE%D0%B4%D1%8F%D1%82-%D0%BA%D0%B0%D0%BA-%D1%82%D0%BE-%D0%B0%D0%BC%D0%BE%D1%80%D0%B0%D0%BB-%D0%BD%D0%B8%D0%B3%D0%B8%D0%BB%D0%B8%D1%81%D1%82-%D0%B8-%D1%86%D0%B8%D0%BD%D0%B8%D0%BA-%D0%B2-%D0%B1%D0%B0%D1%80-%D0%B0-%D0%B1%D0%B0%D1%80/ HTTP/2.0" 200 13114 "https://baneks.site/best/" "Mozilla/5.0 (Linux; Android 10; HRY-LX1T) AppleWebKit/537.36 (KHTML, like Gecko) Chrome/84.0.4147.89 Mobile Safari/537.36"
217.66.158.138 - - [22/Jul/2020:23:15:08 +0000] "GET /%D0%B7%D0%B0%D1%85%D0%BE%D0%B4%D1%8F%D1%82-%D0%BA%D0%B0%D0%BA-%D1%82%D0%BE-%D0%B0%D0%BC%D0%BE%D1%80%D0%B0%D0%BB-%D0%BD%D0%B8%D0%B3%D0%B8%D0%BB%D0%B8%D1%81%D1%82-%D0%B8-%D1%86%D0%B8%D0%BD%D0%B8%D0%BA-%D0%B2-%D0%B1%D0%B0%D1%80-%D0%B0-%D0%B1%D0%B0%D1%80/ HTTP/2.0" 200 13114 "https://baneks.site/%D0%B7%D0%B0%D1%85%D0%BE%D0%B4%D1%8F%D1%82-%D0%BA%D0%B0%D0%BA-%D1%82%D0%BE-%D0%B0%D0%BC%D0%BE%D1%80%D0%B0%D0%BB-%D0%BD%D0%B8%D0%B3%D0%B8%D0%BB%D0%B8%D1%81%D1%82-%D0%B8-%D1%86%D0%B8%D0%BD%D0%B8%D0%BA-%D0%B2-%D0%B1%D0%B0%D1%80-%D0%B0-%D0%B1%D0%B0%D1%80/" "Mozilla/5.0 (Linux; Android 10; HRY-LX1T) AppleWebKit/537.36 (KHTML, like Gecko) Chrome/84.0.4147.89 Mobile Safari/537.36" "-"
217.66.158.138 - - [22/Jul/2020:23:15:08 +0000] "GET /%D0%B7%D0%B0%D1%85%D0%BE%D0%B4%D1%8F%D1%82-%D0%BA%D0%B0%D0%BA-%D1%82%D0%BE-%D0%B0%D0%BC%D0%BE%D1%80%D0%B0%D0%BB-%D0%BD%D0%B8%D0%B3%D0%B8%D0%BB%D0%B8%D1%81%D1%82-%D0%B8-%D1%86%D0%B8%D0%BD%D0%B8%D0%BA-%D0%B2-%D0%B1%D0%B0%D1%80-%D0%B0-%D0%B1%D0%B0%D1%80/ HTTP/2.0" 200 13114 "https://baneks.site/%D0%B7%D0%B0%D1%85%D0%BE%D0%B4%D1%8F%D1%82-%D0%BA%D0%B0%D0%BA-%D1%82%D0%BE-%D0%B0%D0%BC%D0%BE%D1%80%D0%B0%D0%BB-%D0%BD%D0%B8%D0%B3%D0%B8%D0%BB%D0%B8%D1%81%D1%82-%D0%B8-%D1%86%D0%B8%D0%BD%D0%B8%D0%BA-%D0%B2-%D0%B1%D0%B0%D1%80-%D0%B0-%D0%B1%D0%B0%D1%80/" "Mozilla/5.0 (Linux; Android 10; HRY-LX1T) AppleWebKit/537.36 (KHTML, like Gecko) Chrome/84.0.4147.89 Mobile Safari/537.36"
178.154.200.81 - - [22/Jul/2020:23:15:11 +0000] "GET /%D0%BB%D1%8E%D0%B1%D0%B8%D0%BC%D1%8B%D0%B9-%D1%82%D1%8B-%D0%BD%D0%B5-%D0%B2%D0%B8%D0%B4%D0%B5%D0%BB-%D0%BC%D0%BE%D0%B8-%D0%BA%D1%83%D0%BF%D0%BE%D0%BD%D1%8B-%D0%B2-%D1%81%D0%BE%D0%BB%D1%8F%D1%80%D0%B8%D0%B9/?p=1 HTTP/1.1" 200 12239 "-" "Mozilla/5.0 (compatible; YandexBot/3.0; +http://yandex.com/bots)" "-"
178.154.200.81 - - [22/Jul/2020:23:15:11 +0000] "GET /%D0%BB%D1%8E%D0%B1%D0%B8%D0%BC%D1%8B%D0%B9-%D1%82%D1%8B-%D0%BD%D0%B5-%D0%B2%D0%B8%D0%B4%D0%B5%D0%BB-%D0%BC%D0%BE%D0%B8-%D0%BA%D1%83%D0%BF%D0%BE%D0%BD%D1%8B-%D0%B2-%D1%81%D0%BE%D0%BB%D1%8F%D1%80%D0%B8%D0%B9/?p=1 HTTP/1.1" 200 12239 "-" "Mozilla/5.0 (compatible; YandexBot/3.0; +http://yandex.com/bots)"
66.249.68.62 - - [22/Jul/2020:23:15:12 +0000] "GET /%D0%BA%D0%B8%D0%B4%D0%B0%D0%B5%D1%82-%D0%BA%D0%B0%D0%BA-%D1%82%D0%BE-%D0%9F%D0%B0%D0%BD%D0%B8%D0%BD/ HTTP/1.1" 200 11843 "-" "Mozilla/5.0 (compatible; Googlebot/2.1; +http://www.google.com/bot.html)" "-"
66.249.68.62 - - [22/Jul/2020:23:15:12 +0000] "GET /%D0%BA%D0%B8%D0%B4%D0%B0%D0%B5%D1%82-%D0%BA%D0%B0%D0%BA-%D1%82%D0%BE-%D0%9F%D0%B0%D0%BD%D0%B8%D0%BD/ HTTP/1.1" 200 11843 "-" "Mozilla/5.0 (compatible; Googlebot/2.1; +http://www.google.com/bot.html)"
5.45.207.181 - - [22/Jul/2020:23:15:13 +0000] "GET /%D0%B7%D0%B0%D1%85%D0%BE%D0%B4%D1%8F%D1%82-%D0%B2-%D0%B1%D0%B0%D1%80-%D1%84%D1%83%D1%82%D0%B1%D0%BE%D0%BB%D1%8C%D0%BD%D1%8B%D0%B9-%D1%84%D0%B0%D0%BD%D0%B0%D1%82-%D0%B0%D0%BD%D0%B8%D0%BC%D0%B5%D1%88%D0%BD%D0%B8%D0%BA-%D0%BB%D1%8E%D0%B1%D0%B8%D1%82%D0%B5%D0%BB%D1%8C/?p=1 HTTP/1.1" 200 13395 "-" "Mozilla/5.0 (compatible; YandexBot/3.0; +http://yandex.com/bots)" "-"
5.45.207.181 - - [22/Jul/2020:23:15:13 +0000] "GET /%D0%B7%D0%B0%D1%85%D0%BE%D0%B4%D1%8F%D1%82-%D0%B2-%D0%B1%D0%B0%D1%80-%D1%84%D1%83%D1%82%D0%B1%D0%BE%D0%BB%D1%8C%D0%BD%D1%8B%D0%B9-%D1%84%D0%B0%D0%BD%D0%B0%D1%82-%D0%B0%D0%BD%D0%B8%D0%BC%D0%B5%D1%88%D0%BD%D0%B8%D0%BA-%D0%BB%D1%8E%D0%B1%D0%B8%D1%82%D0%B5%D0%BB%D1%8C/?p=1 HTTP/1.1" 200 13395 "-" "Mozilla/5.0 (compatible; YandexBot/3.0; +http://yandex.com/bots)"
46.229.168.150 - - [22/Jul/2020:23:15:14 +0000] "GET /%D0%B2-%D0%BF%D0%B8%D0%B7%D0%B4%D0%B5-%D1%83-%D0%9D%D0%B0%D1%82%D0%B0%D1%88%D0%BA%D0%B8-%D1%83%D0%B2%D0%B8%D0%B4%D0%B5%D0%BB-%D1%80%D0%BE%D0%BC%D0%B0%D1%88%D0%BA%D0%B8-%D0%B0-%D1%8F-%D0%BD%D0%B5-%D0%B4%D0%B0%D1%80%D0%B8%D0%BB/?p=2 HTTP/1.1" 200 11421 "-" "Mozilla/5.0 (compatible; SemrushBot/6~bl; +http://www.semrush.com/bot.html)" "-"
46.229.168.150 - - [22/Jul/2020:23:15:14 +0000] "GET /%D0%B2-%D0%BF%D0%B8%D0%B7%D0%B4%D0%B5-%D1%83-%D0%9D%D0%B0%D1%82%D0%B0%D1%88%D0%BA%D0%B8-%D1%83%D0%B2%D0%B8%D0%B4%D0%B5%D0%BB-%D1%80%D0%BE%D0%BC%D0%B0%D1%88%D0%BA%D0%B8-%D0%B0-%D1%8F-%D0%BD%D0%B5-%D0%B4%D0%B0%D1%80%D0%B8%D0%BB/?p=2 HTTP/1.1" 200 11421 "-" "Mozilla/5.0 (compatible; SemrushBot/6~bl; +http://www.semrush.com/bot.html)"
45.32.193.13 - - [22/Jul/2020:23:15:27 +0000] "GET / HTTP/1.1" 200 4615 "-" "Mozilla/5.0 (Windows NT 6.2; WOW64) AppleWebKit/537.4 (KHTML, like Gecko) Chrome/98 Safari/537.4 (StatusCake)" "-"
45.32.193.13 - - [22/Jul/2020:23:15:27 +0000] "GET / HTTP/1.1" 200 4615 "-" "Mozilla/5.0 (Windows NT 6.2; WOW64) AppleWebKit/537.4 (KHTML, like Gecko) Chrome/98 Safari/537.4 (StatusCake)"
91.76.162.177 - - [22/Jul/2020:23:15:29 +0000] "GET /%D0%B8%D0%B4%D1%91%D1%82-%D0%B3%D1%80%D1%83%D0%B7%D0%B8%D0%BD-%D1%81-%D0%B1%D1%83%D0%BC%D0%B5%D1%80%D0%B0%D0%BD%D0%B3%D0%BE%D0%BC-%D0%B2%D0%B5%D1%81%D1%8C-%D0%B2-%D1%81%D0%B8%D0%BD%D1%8F%D0%BA%D0%B0%D1%85-%D0%B8-%D1%81%D1%81%D0%B0%D0%B4%D0%B8%D0%BD%D0%B0%D1%85/?p=2 HTTP/2.0" 200 9144 "https://www.google.com/" "Mozilla/5.0 (Windows NT 10.0; Win64; x64) AppleWebKit/537.36 (KHTML, like Gecko) Chrome/81.0.4044.138 Safari/537.36 OPR/68.0.3618.173" "-"
91.76.162.177 - - [22/Jul/2020:23:15:29 +0000] "GET /%D0%B8%D0%B4%D1%91%D1%82-%D0%B3%D1%80%D1%83%D0%B7%D0%B8%D0%BD-%D1%81-%D0%B1%D1%83%D0%BC%D0%B5%D1%80%D0%B0%D0%BD%D0%B3%D0%BE%D0%BC-%D0%B2%D0%B5%D1%81%D1%8C-%D0%B2-%D1%81%D0%B8%D0%BD%D1%8F%D0%BA%D0%B0%D1%85-%D0%B8-%D1%81%D1%81%D0%B0%D0%B4%D0%B8%D0%BD%D0%B0%D1%85/?p=2 HTTP/2.0" 200 9144 "https://www.google.com/" "Mozilla/5.0 (Windows NT 10.0; Win64; x64) AppleWebKit/537.36 (KHTML, like Gecko) Chrome/81.0.4044.138 Safari/537.36 OPR/68.0.3618.173"
66.249.68.33 - - [22/Jul/2020:23:15:29 +0000] "GET /%D1%81%D1%83%D0%B4%D1%8F%D1%82-%D0%B7%D0%B0-%D0%B8%D0%B7%D0%BD%D0%B0%D1%81%D0%B8%D0%BB%D0%BE%D0%B2%D0%B0%D0%BD%D0%B8%D0%B5-80-%D0%BB%D0%B5%D1%82%D0%BD%D0%B5%D0%B3%D0%BE-%D0%B4%D0%B5%D0%B4%D0%B0/ HTTP/1.1" 200 13337 "-" "Mozilla/5.0 (Linux; Android 6.0.1; Nexus 5X Build/MMB29P) AppleWebKit/537.36 (KHTML, like Gecko) Chrome/80.0.3987.92 Mobile Safari/537.36 (compatible; Googlebot/2.1; +http://www.google.com/bot.html)" "-"
66.249.68.33 - - [22/Jul/2020:23:15:29 +0000] "GET /%D1%81%D1%83%D0%B4%D1%8F%D1%82-%D0%B7%D0%B0-%D0%B8%D0%B7%D0%BD%D0%B0%D1%81%D0%B8%D0%BB%D0%BE%D0%B2%D0%B0%D0%BD%D0%B8%D0%B5-80-%D0%BB%D0%B5%D1%82%D0%BD%D0%B5%D0%B3%D0%BE-%D0%B4%D0%B5%D0%B4%D0%B0/ HTTP/1.1" 200 13337 "-" "Mozilla/5.0 (Linux; Android 6.0.1; Nexus 5X Build/MMB29P) AppleWebKit/537.36 (KHTML, like Gecko) Chrome/80.0.3987.92 Mobile Safari/537.36 (compatible; Googlebot/2.1; +http://www.google.com/bot.html)"
178.154.200.81 - - [22/Jul/2020:23:15:30 +0000] "GET /%D0%BF%D1%80%D0%B8%D1%85%D0%BE%D0%B4%D0%B8%D1%82-%D0%B8%D0%BD%D1%82%D0%B5%D0%BB%D0%BB%D0%B8%D0%B3%D0%B5%D0%BD%D1%82-%D0%B2-%D0%B1%D0%B0%D0%BD%D1%8E-%D0%BF%D0%BE%D0%BC%D1%8B%D1%82%D1%8C%D1%81%D1%8F/?p=2 HTTP/1.1" 200 12836 "-" "Mozilla/5.0 (compatible; YandexBot/3.0; +http://yandex.com/bots)" "-"
178.154.200.81 - - [22/Jul/2020:23:15:30 +0000] "GET /%D0%BF%D1%80%D0%B8%D1%85%D0%BE%D0%B4%D0%B8%D1%82-%D0%B8%D0%BD%D1%82%D0%B5%D0%BB%D0%BB%D0%B8%D0%B3%D0%B5%D0%BD%D1%82-%D0%B2-%D0%B1%D0%B0%D0%BD%D1%8E-%D0%BF%D0%BE%D0%BC%D1%8B%D1%82%D1%8C%D1%81%D1%8F/?p=2 HTTP/1.1" 200 12836 "-" "Mozilla/5.0 (compatible; YandexBot/3.0; +http://yandex.com/bots)"
178.154.200.81 - - [22/Jul/2020:23:15:33 +0000] "GET /%D1%83%D1%81%D1%82%D1%80%D0%B0%D0%B8%D0%B2%D0%B0%D0%B5%D1%82%D1%81%D1%8F-%D0%BD%D0%B0-%D1%80%D0%B0%D0%B1%D0%BE%D1%82%D1%83-%D1%81%D0%B5%D0%BA%D1%80%D0%B5%D1%82%D0%B0%D1%80%D1%88%D0%B0-%D0%B5%D1%91-%D1%81%D0%BF%D1%80%D0%B0%D1%88%D0%B8%D0%B2%D0%B0%D1%8E%D1%82/ HTTP/1.1" 200 14284 "-" "Mozilla/5.0 (compatible; YandexBot/3.0; +http://yandex.com/bots)" "-"
178.154.200.81 - - [22/Jul/2020:23:15:33 +0000] "GET /%D1%83%D1%81%D1%82%D1%80%D0%B0%D0%B8%D0%B2%D0%B0%D0%B5%D1%82%D1%81%D1%8F-%D0%BD%D0%B0-%D1%80%D0%B0%D0%B1%D0%BE%D1%82%D1%83-%D1%81%D0%B5%D0%BA%D1%80%D0%B5%D1%82%D0%B0%D1%80%D1%88%D0%B0-%D0%B5%D1%91-%D1%81%D0%BF%D1%80%D0%B0%D1%88%D0%B8%D0%B2%D0%B0%D1%8E%D1%82/ HTTP/1.1" 200 14284 "-" "Mozilla/5.0 (compatible; YandexBot/3.0; +http://yandex.com/bots)"
