144.76.6.230 - - [22/Jul/2020:22:38:22 +0000] "GET /%D0%B3%D1%80%D1%83%D0%B7%D0%B8%D0%BD-%D1%82%D0%BE%D0%BD%D0%B5%D1%82-%D0%B2%D0%B8%D0%B4%D0%B8%D1%82-%D0%BF%D0%BE-%D0%B1%D0%B5%D1%80%D0%B5%D0%B3%D1%83-%D1%80%D1%83%D1%81%D1%81%D0%BA%D0%B8%D0%B9-%D0%B8%D0%B4%D1%91%D1%82/?p=2/ HTTP/1.1" 404 3940 "-" "Mozilla/5.0 (compatible; MJ12bot/v1.4.8; http://mj12bot.com/)"
178.69.208.70 - - [22/Jul/2020:22:38:35 +0000] "GET /%D0%BE%D0%B4%D0%B8%D0%BD-%D0%BC%D0%B0%D0%BB%D1%8C%D1%87%D0%B8%D0%BA-%D1%80%D0%BE%D0%B4%D0%B8%D0%BB%D1%81%D1%8F-%D1%81-%D0%B3%D0%B0%D0%B9%D0%BA%D0%BE%D0%B9-%D0%B2%D0%BC%D0%B5%D1%81%D1%82%D0%BE-%D0%BF%D1%83%D0%BF%D0%BA%D0%B0/ HTTP/2.0" 200 13492 "https://www.google.ru/" "Mozilla/5.0 (iPhone; CPU iPhone OS 14_0 like Mac OS X) AppleWebKit/605.1.15 (KHTML, like Gecko) Version/14.0 Mobile/15E148 Safari/604.1" "-"
178.69.208.70 - - [22/Jul/2020:22:38:35 +0000] "GET /%D0%BE%D0%B4%D0%B8%D0%BD-%D0%BC%D0%B0%D0%BB%D1%8C%D1%87%D0%B8%D0%BA-%D1%80%D0%BE%D0%B4%D0%B8%D0%BB%D1%81%D1%8F-%D1%81-%D0%B3%D0%B0%D0%B9%D0%BA%D0%BE%D0%B9-%D0%B2%D0%BC%D0%B5%D1%81%D1%82%D0%BE-%D0%BF%D1%83%D0%BF%D0%BA%D0%B0/ HTTP/2.0" 200 13492 "https://www.google.ru/" "Mozilla/5.0 (iPhone; CPU iPhone OS 14_0 like Mac OS X) AppleWebKit/605.1.15 (KHTML, like Gecko) Version/14.0 Mobile/15E148 Safari/604.1"
178.69.208.70 - - [22/Jul/2020:22:38:37 +0000] "GET /%D0%BE%D0%B4%D0%B8%D0%BD-%D0%BC%D0%B0%D0%BB%D1%8C%D1%87%D0%B8%D0%BA-%D1%80%D0%BE%D0%B4%D0%B8%D0%BB%D1%81%D1%8F-%D1%81-%D0%B3%D0%B0%D0%B9%D0%BA%D0%BE%D0%B9-%D0%B2%D0%BC%D0%B5%D1%81%D1%82%D0%BE-%D0%BF%D1%83%D0%BF%D0%BA%D0%B0/ HTTP/2.0" 200 13492 "https://baneks.site/%D0%BE%D0%B4%D0%B8%D0%BD-%D0%BC%D0%B0%D0%BB%D1%8C%D1%87%D0%B8%D0%BA-%D1%80%D0%BE%D0%B4%D0%B8%D0%BB%D1%81%D1%8F-%D1%81-%D0%B3%D0%B0%D0%B9%D0%BA%D0%BE%D0%B9-%D0%B2%D0%BC%D0%B5%D1%81%D1%82%D0%BE-%D0%BF%D1%83%D0%BF%D0%BA%D0%B0/" "Mozilla/5.0 (iPhone; CPU iPhone OS 14_0 like Mac OS X) AppleWebKit/605.1.15 (KHTML, like Gecko) Version/14.0 Mobile/15E148 Safari/604.1" "-"
178.69.208.70 - - [22/Jul/2020:22:38:37 +0000] "GET /%D0%BE%D0%B4%D0%B8%D0%BD-%D0%BC%D0%B0%D0%BB%D1%8C%D1%87%D0%B8%D0%BA-%D1%80%D0%BE%D0%B4%D0%B8%D0%BB%D1%81%D1%8F-%D1%81-%D0%B3%D0%B0%D0%B9%D0%BA%D0%BE%D0%B9-%D0%B2%D0%BC%D0%B5%D1%81%D1%82%D0%BE-%D0%BF%D1%83%D0%BF%D0%BA%D0%B0/ HTTP/2.0" 200 13492 "https://baneks.site/%D0%BE%D0%B4%D0%B8%D0%BD-%D0%BC%D0%B0%D0%BB%D1%8C%D1%87%D0%B8%D0%BA-%D1%80%D0%BE%D0%B4%D0%B8%D0%BB%D1%81%D1%8F-%D1%81-%D0%B3%D0%B0%D0%B9%D0%BA%D0%BE%D0%B9-%D0%B2%D0%BC%D0%B5%D1%81%D1%82%D0%BE-%D0%BF%D1%83%D0%BF%D0%BA%D0%B0/" "Mozilla/5.0 (iPhone; CPU iPhone OS 14_0 like Mac OS X) AppleWebKit/605.1.15 (KHTML, like Gecko) Version/14.0 Mobile/15E148 Safari/604.1"
144.76.6.230 - - [22/Jul/2020:22:38:43 +0000] "GET /%D0%B3%D1%80%D1%83%D0%B7%D0%B8%D0%BD-%D1%82%D0%BE%D0%BD%D0%B5%D1%82-%D0%B2%D0%B8%D0%B4%D0%B8%D1%82-%D0%BF%D0%BE-%D0%B1%D0%B5%D1%80%D0%B5%D0%B3%D1%83-%D1%80%D1%83%D1%81%D1%81%D0%BA%D0%B8%D0%B9-%D0%B8%D0%B4%D1%91%D1%82/?p=4/ HTTP/1.1" 404 3940 "-" "Mozilla/5.0 (compatible; MJ12bot/v1.4.8; http://mj12bot.com/)" "-"
144.76.6.230 - - [22/Jul/2020:22:38:43 +0000] "GET /%D0%B3%D1%80%D1%83%D0%B7%D0%B8%D0%BD-%D1%82%D0%BE%D0%BD%D0%B5%D1%82-%D0%B2%D0%B8%D0%B4%D0%B8%D1%82-%D0%BF%D0%BE-%D0%B1%D0%B5%D1%80%D0%B5%D0%B3%D1%83-%D1%80%D1%83%D1%81%D1%81%D0%BA%D0%B8%D0%B9-%D0%B8%D0%B4%D1%91%D1%82/?p=4/ HTTP/1.1" 404 3940 "-" "Mozilla/5.0 (compatible; MJ12bot/v1.4.8; http://mj12bot.com/)"
46.229.168.136 - - [22/Jul/2020:22:38:50 +0000] "GET /%D0%BF%D1%80%D0%B8%D1%88%D0%BB%D0%B0-%D0%B6%D0%B5%D0%BD%D0%B0-%D0%BD%D0%B0-%D0%BA%D1%83%D1%85%D0%BD%D1%8E-%D0%B8-%D0%B4%D0%B0%D0%B2%D0%B0%D0%B9-%D0%BF%D0%B5%D1%80%D0%B4%D0%B5%D1%82%D1%8C/?p=1 HTTP/1.1" 200 12451 "-" "Mozilla/5.0 (compatible; SemrushBot/6~bl; +http://www.semrush.com/bot.html)" "-"
46.229.168.136 - - [22/Jul/2020:22:38:50 +0000] "GET /%D0%BF%D1%80%D0%B8%D1%88%D0%BB%D0%B0-%D0%B6%D0%B5%D0%BD%D0%B0-%D0%BD%D0%B0-%D0%BA%D1%83%D1%85%D0%BD%D1%8E-%D0%B8-%D0%B4%D0%B0%D0%B2%D0%B0%D0%B9-%D0%BF%D0%B5%D1%80%D0%B4%D0%B5%D1%82%D1%8C/?p=1 HTTP/1.1" 200 12451 "-" "Mozilla/5.0 (compatible; SemrushBot/6~bl; +http://www.semrush.com/bot.html)"
66.249.68.36 - - [22/Jul/2020:22:39:00 +0000] "GET /%D1%8E%D0%BD%D0%B3%D0%B0-%D0%BD%D0%B0%D0%BD%D1%8F%D0%BB%D1%81%D1%8F-%D0%BD%D0%B0-%D0%BA%D0%BE%D1%80%D0%B0%D0%B1%D0%BB%D1%8C/ HTTP/1.1" 304 0 "-" "Mozilla/5.0 (Linux; Android 6.0.1; Nexus 5X Build/MMB29P) AppleWebKit/537.36 (KHTML, like Gecko) Chrome/80.0.3987.92 Mobile Safari/537.36 (compatible; Googlebot/2.1; +http://www.google.com/bot.html)" "-"
66.249.68.36 - - [22/Jul/2020:22:39:00 +0000] "GET /%D1%8E%D0%BD%D0%B3%D0%B0-%D0%BD%D0%B0%D0%BD%D1%8F%D0%BB%D1%81%D1%8F-%D0%BD%D0%B0-%D0%BA%D0%BE%D1%80%D0%B0%D0%B1%D0%BB%D1%8C/ HTTP/1.1" 304 0 "-" "Mozilla/5.0 (Linux; Android 6.0.1; Nexus 5X Build/MMB29P) AppleWebKit/537.36 (KHTML, like Gecko) Chrome/80.0.3987.92 Mobile Safari/537.36 (compatible; Googlebot/2.1; +http://www.google.com/bot.html)"
213.87.145.4 - - [22/Jul/2020:22:39:02 +0000] "GET /%D0%B2-%D0%A1%D0%BA%D0%BE%D0%BB%D0%BA%D0%BE%D0%B2%D0%BE-%D0%B2-%D0%BE%D1%82%D0%B4%D0%B5%D0%BB%D0%B5-%D0%BE%D0%BF%D1%82%D0%B8%D0%BA%D0%B8-%D1%83%D1%87%D1%91%D0%BD%D1%8B%D0%B9-%D0%B7%D0%B0%D0%BA%D0%B0%D0%B7%D0%B0%D0%BB-%D0%BD%D0%BE%D0%B2%D1%83%D1%8E/ HTTP/2.0" 200 10664 "https://baneks.site/%D0%B2-%D0%A1%D0%BA%D0%BE%D0%BB%D0%BA%D0%BE%D0%B2%D0%BE-%D0%B2-%D0%BE%D1%82%D0%B4%D0%B5%D0%BB%D0%B5-%D0%BE%D0%BF%D1%82%D0%B8%D0%BA%D0%B8-%D1%83%D1%87%D1%91%D0%BD%D1%8B%D0%B9-%D0%B7%D0%B0%D0%BA%D0%B0%D0%B7%D0%B0%D0%BB-%D0%BD%D0%BE%D0%B2%D1%83%D1%8E/" "Mozilla/5.0 (iPhone; CPU iPhone OS 13_5 like Mac OS X) AppleWebKit/605.1.15 (KHTML, like Gecko) CriOS/81.0.4044.124 Mobile/15E148 Safari/604.1" "-"
213.87.145.4 - - [22/Jul/2020:22:39:02 +0000] "GET /%D0%B2-%D0%A1%D0%BA%D0%BE%D0%BB%D0%BA%D0%BE%D0%B2%D0%BE-%D0%B2-%D0%BE%D1%82%D0%B4%D0%B5%D0%BB%D0%B5-%D0%BE%D0%BF%D1%82%D0%B8%D0%BA%D0%B8-%D1%83%D1%87%D1%91%D0%BD%D1%8B%D0%B9-%D0%B7%D0%B0%D0%BA%D0%B0%D0%B7%D0%B0%D0%BB-%D0%BD%D0%BE%D0%B2%D1%83%D1%8E/ HTTP/2.0" 200 10664 "https://baneks.site/%D0%B2-%D0%A1%D0%BA%D0%BE%D0%BB%D0%BA%D0%BE%D0%B2%D0%BE-%D0%B2-%D0%BE%D1%82%D0%B4%D0%B5%D0%BB%D0%B5-%D0%BE%D0%BF%D1%82%D0%B8%D0%BA%D0%B8-%D1%83%D1%87%D1%91%D0%BD%D1%8B%D0%B9-%D0%B7%D0%B0%D0%BA%D0%B0%D0%B7%D0%B0%D0%BB-%D0%BD%D0%BE%D0%B2%D1%83%D1%8E/" "Mozilla/5.0 (iPhone; CPU iPhone OS 13_5 like Mac OS X) AppleWebKit/605.1.15 (KHTML, like Gecko) CriOS/81.0.4044.124 Mobile/15E148 Safari/604.1"
144.76.6.230 - - [22/Jul/2020:22:39:05 +0000] "GET /%D0%B3%D1%80%D1%83%D0%B7%D0%B8%D0%BD%D1%81%D0%BA%D0%B0%D1%8F-%D1%81%D0%B2%D0%B0%D0%B4%D1%8C%D0%B1%D0%B0-%D1%82%D0%B0%D0%BC%D0%B0%D0%B4%D0%B0-%D0%BF%D1%80%D0%BE%D0%B8%D0%B7%D0%BD%D0%BE%D1%81%D0%B8%D1%82-%D1%82%D0%BE%D1%81%D1%82/ HTTP/1.1" 200 13230 "-" "Mozilla/5.0 (compatible; MJ12bot/v1.4.8; http://mj12bot.com/)" "-"
144.76.6.230 - - [22/Jul/2020:22:39:05 +0000] "GET /%D0%B3%D1%80%D1%83%D0%B7%D0%B8%D0%BD%D1%81%D0%BA%D0%B0%D1%8F-%D1%81%D0%B2%D0%B0%D0%B4%D1%8C%D0%B1%D0%B0-%D1%82%D0%B0%D0%BC%D0%B0%D0%B4%D0%B0-%D0%BF%D1%80%D0%BE%D0%B8%D0%B7%D0%BD%D0%BE%D1%81%D0%B8%D1%82-%D1%82%D0%BE%D1%81%D1%82/ HTTP/1.1" 200 13230 "-" "Mozilla/5.0 (compatible; MJ12bot/v1.4.8; http://mj12bot.com/)"
213.87.145.4 - - [22/Jul/2020:22:39:13 +0000] "GET /%D0%B8%D0%B4%D1%91%D1%82-%D0%9B%D0%B5%D0%BD%D0%B8%D0%BD-%D0%BF%D0%BE-%D0%BF%D0%B0%D1%80%D0%BA%D1%83-%D0%B2%D0%B8%D0%B4%D0%B8%D1%82-%D1%88%D0%B0%D1%85%D0%BC%D0%B0%D1%82%D0%B8%D1%81%D1%82%D1%8B-%D1%81%D0%B8%D0%B4%D1%8F%D1%82/ HTTP/2.0" 200 10936 "https://baneks.site/%D0%B8%D0%B4%D1%91%D1%82-%D0%9B%D0%B5%D0%BD%D0%B8%D0%BD-%D0%BF%D0%BE-%D0%BF%D0%B0%D1%80%D0%BA%D1%83-%D0%B2%D0%B8%D0%B4%D0%B8%D1%82-%D1%88%D0%B0%D1%85%D0%BC%D0%B0%D1%82%D0%B8%D1%81%D1%82%D1%8B-%D1%81%D0%B8%D0%B4%D1%8F%D1%82/" "Mozilla/5.0 (iPhone; CPU iPhone OS 13_5 like Mac OS X) AppleWebKit/605.1.15 (KHTML, like Gecko) CriOS/81.0.4044.124 Mobile/15E148 Safari/604.1" "-"
213.87.145.4 - - [22/Jul/2020:22:39:13 +0000] "GET /%D0%B8%D0%B4%D1%91%D1%82-%D0%9B%D0%B5%D0%BD%D0%B8%D0%BD-%D0%BF%D0%BE-%D0%BF%D0%B0%D1%80%D0%BA%D1%83-%D0%B2%D0%B8%D0%B4%D0%B8%D1%82-%D1%88%D0%B0%D1%85%D0%BC%D0%B0%D1%82%D0%B8%D1%81%D1%82%D1%8B-%D1%81%D0%B8%D0%B4%D1%8F%D1%82/ HTTP/2.0" 200 10936 "https://baneks.site/%D0%B8%D0%B4%D1%91%D1%82-%D0%9B%D0%B5%D0%BD%D0%B8%D0%BD-%D0%BF%D0%BE-%D0%BF%D0%B0%D1%80%D0%BA%D1%83-%D0%B2%D0%B8%D0%B4%D0%B8%D1%82-%D1%88%D0%B0%D1%85%D0%BC%D0%B0%D1%82%D0%B8%D1%81%D1%82%D1%8B-%D1%81%D0%B8%D0%B4%D1%8F%D1%82/" "Mozilla/5.0 (iPhone; CPU iPhone OS 13_5 like Mac OS X) AppleWebKit/605.1.15 (KHTML, like Gecko) CriOS/81.0.4044.124 Mobile/15E148 Safari/604.1"
213.87.145.4 - - [22/Jul/2020:22:39:20 +0000] "GET /%D1%81%D0%B8%D0%B4%D0%B8%D1%82-%D0%BD%D0%BE%D0%B2%D1%8B%D0%B9-%D1%80%D1%83%D1%81%D1%81%D0%BA%D0%B8%D0%B9-%D0%B2-%D1%85%D0%BE%D1%80%D0%BE%D1%88%D0%B5%D0%BC-%D1%80%D0%B5%D1%81%D1%82%D0%BE%D1%80%D0%B0%D0%BD%D0%B5/ HTTP/2.0" 200 15282 "https://baneks.site/%D1%81%D0%B8%D0%B4%D0%B8%D1%82-%D0%BD%D0%BE%D0%B2%D1%8B%D0%B9-%D1%80%D1%83%D1%81%D1%81%D0%BA%D0%B8%D0%B9-%D0%B2-%D1%85%D0%BE%D1%80%D0%BE%D1%88%D0%B5%D0%BC-%D1%80%D0%B5%D1%81%D1%82%D0%BE%D1%80%D0%B0%D0%BD%D0%B5/" "Mozilla/5.0 (iPhone; CPU iPhone OS 13_5 like Mac OS X) AppleWebKit/605.1.15 (KHTML, like Gecko) CriOS/81.0.4044.124 Mobile/15E148 Safari/604.1" "-"
213.87.145.4 - - [22/Jul/2020:22:39:20 +0000] "GET /%D1%81%D0%B8%D0%B4%D0%B8%D1%82-%D0%BD%D0%BE%D0%B2%D1%8B%D0%B9-%D1%80%D1%83%D1%81%D1%81%D0%BA%D0%B8%D0%B9-%D0%B2-%D1%85%D0%BE%D1%80%D0%BE%D1%88%D0%B5%D0%BC-%D1%80%D0%B5%D1%81%D1%82%D0%BE%D1%80%D0%B0%D0%BD%D0%B5/ HTTP/2.0" 200 15282 "https://baneks.site/%D1%81%D0%B8%D0%B4%D0%B8%D1%82-%D0%BD%D0%BE%D0%B2%D1%8B%D0%B9-%D1%80%D1%83%D1%81%D1%81%D0%BA%D0%B8%D0%B9-%D0%B2-%D1%85%D0%BE%D1%80%D0%BE%D1%88%D0%B5%D0%BC-%D1%80%D0%B5%D1%81%D1%82%D0%BE%D1%80%D0%B0%D0%BD%D0%B5/" "Mozilla/5.0 (iPhone; CPU iPhone OS 13_5 like Mac OS X) AppleWebKit/605.1.15 (KHTML, like Gecko) CriOS/81.0.4044.124 Mobile/15E148 Safari/604.1"
46.229.168.154 - - [22/Jul/2020:22:39:23 +0000] "GET /%D0%B0%D0%B3%D0%B5%D0%BD%D1%82-007-%D1%83%D0%B1%D0%B5%D0%B4%D0%B8%D0%BB%D1%81%D1%8F-%D1%87%D1%82%D0%BE-%D0%BD%D0%B5%D1%82-%D1%81%D0%BB%D0%B5%D0%B6%D0%BA%D0%B8-%D0%B8-%D1%8E%D1%80%D0%BA%D0%BD%D1%83%D0%BB-%D0%B2/?p=2 HTTP/1.1" 200 13734 "-" "Mozilla/5.0 (compatible; SemrushBot/6~bl; +http://www.semrush.com/bot.html)" "-"
46.229.168.154 - - [22/Jul/2020:22:39:23 +0000] "GET /%D0%B0%D0%B3%D0%B5%D0%BD%D1%82-007-%D1%83%D0%B1%D0%B5%D0%B4%D0%B8%D0%BB%D1%81%D1%8F-%D1%87%D1%82%D0%BE-%D0%BD%D0%B5%D1%82-%D1%81%D0%BB%D0%B5%D0%B6%D0%BA%D0%B8-%D0%B8-%D1%8E%D1%80%D0%BA%D0%BD%D1%83%D0%BB-%D0%B2/?p=2 HTTP/1.1" 200 13734 "-" "Mozilla/5.0 (compatible; SemrushBot/6~bl; +http://www.semrush.com/bot.html)"
144.76.6.230 - - [22/Jul/2020:22:39:26 +0000] "GET /%D0%B3%D1%80%D1%83%D0%B7%D0%B8%D0%BD%D1%81%D0%BA%D0%B0%D1%8F-%D1%81%D0%B2%D0%B0%D0%B4%D1%8C%D0%B1%D0%B0-%D1%82%D0%B0%D0%BC%D0%B0%D0%B4%D0%B0-%D0%BF%D1%80%D0%BE%D0%B8%D0%B7%D0%BD%D0%BE%D1%81%D0%B8%D1%82-%D1%82%D0%BE%D1%81%D1%82/?p=1/ HTTP/1.1" 404 3941 "-" "Mozilla/5.0 (compatible; MJ12bot/v1.4.8; http://mj12bot.com/)" "-"
144.76.6.230 - - [22/Jul/2020:22:39:26 +0000] "GET /%D0%B3%D1%80%D1%83%D0%B7%D0%B8%D0%BD%D1%81%D0%BA%D0%B0%D1%8F-%D1%81%D0%B2%D0%B0%D0%B4%D1%8C%D0%B1%D0%B0-%D1%82%D0%B0%D0%BC%D0%B0%D0%B4%D0%B0-%D0%BF%D1%80%D0%BE%D0%B8%D0%B7%D0%BD%D0%BE%D1%81%D0%B8%D1%82-%D1%82%D0%BE%D1%81%D1%82/?p=1/ HTTP/1.1" 404 3941 "-" "Mozilla/5.0 (compatible; MJ12bot/v1.4.8; http://mj12bot.com/)"
46.229.168.162 - - [22/Jul/2020:22:39:40 +0000] "GET /tag/%D0%B4%D0%BE%D0%BA%D1%82%D0%BE%D1%80/?p=32 HTTP/1.1" 200 11502 "-" "Mozilla/5.0 (compatible; SemrushBot/6~bl; +http://www.semrush.com/bot.html)" "-"
46.229.168.162 - - [22/Jul/2020:22:39:40 +0000] "GET /tag/%D0%B4%D0%BE%D0%BA%D1%82%D0%BE%D1%80/?p=32 HTTP/1.1" 200 11502 "-" "Mozilla/5.0 (compatible; SemrushBot/6~bl; +http://www.semrush.com/bot.html)"
144.76.6.230 - - [22/Jul/2020:22:39:46 +0000] "GET /%D0%B3%D1%80%D1%83%D0%B7%D0%B8%D0%BD%D1%81%D0%BA%D0%B0%D1%8F-%D1%81%D0%B2%D0%B0%D0%B4%D1%8C%D0%B1%D0%B0-%D1%82%D0%B0%D0%BC%D0%B0%D0%B4%D0%B0-%D0%BF%D1%80%D0%BE%D0%B8%D0%B7%D0%BD%D0%BE%D1%81%D0%B8%D1%82-%D1%82%D0%BE%D1%81%D1%82/?p=2/ HTTP/1.1" 404 3941 "-" "Mozilla/5.0 (compatible; MJ12bot/v1.4.8; http://mj12bot.com/)" "-"
144.76.6.230 - - [22/Jul/2020:22:39:46 +0000] "GET /%D0%B3%D1%80%D1%83%D0%B7%D0%B8%D0%BD%D1%81%D0%BA%D0%B0%D1%8F-%D1%81%D0%B2%D0%B0%D0%B4%D1%8C%D0%B1%D0%B0-%D1%82%D0%B0%D0%BC%D0%B0%D0%B4%D0%B0-%D0%BF%D1%80%D0%BE%D0%B8%D0%B7%D0%BD%D0%BE%D1%81%D0%B8%D1%82-%D1%82%D0%BE%D1%81%D1%82/?p=2/ HTTP/1.1" 404 3941 "-" "Mozilla/5.0 (compatible; MJ12bot/v1.4.8; http://mj12bot.com/)"
45.32.195.93 - - [22/Jul/2020:22:39:50 +0000] "GET / HTTP/1.1" 200 4615 "-" "Mozilla/5.0 (Windows NT 6.2; WOW64) AppleWebKit/537.4 (KHTML, like Gecko) Chrome/98 Safari/537.4 (StatusCake)" "-"
45.32.195.93 - - [22/Jul/2020:22:39:50 +0000] "GET / HTTP/1.1" 200 4615 "-" "Mozilla/5.0 (Windows NT 6.2; WOW64) AppleWebKit/537.4 (KHTML, like Gecko) Chrome/98 Safari/537.4 (StatusCake)"
46.229.168.135 - - [22/Jul/2020:22:39:52 +0000] "GET /%D0%BF%D0%BE%D0%BF%D0%B0%D0%BB%D0%B8-%D0%BA%D0%B0%D0%BA-%D1%82%D0%BE-%D1%80%D0%B0%D0%B7-%D0%B2-%D1%8F%D0%BC%D1%83-%D0%B7%D0%B2%D0%B5%D1%80%D0%B8-%D0%BB%D0%B5%D0%B2-%D0%BB%D0%B8%D1%81%D0%B0-%D0%B7%D0%B0%D1%8F%D1%86/?p=1 HTTP/1.1" 200 15562 "-" "Mozilla/5.0 (compatible; SemrushBot/6~bl; +http://www.semrush.com/bot.html)" "-"
46.229.168.135 - - [22/Jul/2020:22:39:52 +0000] "GET /%D0%BF%D0%BE%D0%BF%D0%B0%D0%BB%D0%B8-%D0%BA%D0%B0%D0%BA-%D1%82%D0%BE-%D1%80%D0%B0%D0%B7-%D0%B2-%D1%8F%D0%BC%D1%83-%D0%B7%D0%B2%D0%B5%D1%80%D0%B8-%D0%BB%D0%B5%D0%B2-%D0%BB%D0%B8%D1%81%D0%B0-%D0%B7%D0%B0%D1%8F%D1%86/?p=1 HTTP/1.1" 200 15562 "-" "Mozilla/5.0 (compatible; SemrushBot/6~bl; +http://www.semrush.com/bot.html)"
66.249.68.62 - - [22/Jul/2020:22:40:02 +0000] "GET /%D0%B0%D0%BD%D0%B3%D0%BB%D0%B8%D0%B9%D1%81%D0%BA%D0%B8%D0%B9-%D0%BB%D0%BE%D1%80%D0%B4-%D0%BF%D0%BE%D1%81%D0%BB%D0%B5-%D0%BA%D0%BE%D1%80%D0%B0%D0%B1%D0%BB%D0%B5%D0%BA%D1%80%D1%83%D1%88%D0%B5%D0%BD%D0%B8%D1%8F-%D0%BE%D1%87%D1%83%D1%82%D0%B8%D0%BB%D1%81%D1%8F-%D0%BD%D0%B0/ HTTP/1.1" 304 0 "-" "Mozilla/5.0 (Linux; Android 6.0.1; Nexus 5X Build/MMB29P) AppleWebKit/537.36 (KHTML, like Gecko) Chrome/80.0.3987.92 Mobile Safari/537.36 (compatible; Googlebot/2.1; +http://www.google.com/bot.html)" "-"
66.249.68.62 - - [22/Jul/2020:22:40:02 +0000] "GET /%D0%B0%D0%BD%D0%B3%D0%BB%D0%B8%D0%B9%D1%81%D0%BA%D0%B8%D0%B9-%D0%BB%D0%BE%D1%80%D0%B4-%D0%BF%D0%BE%D1%81%D0%BB%D0%B5-%D0%BA%D0%BE%D1%80%D0%B0%D0%B1%D0%BB%D0%B5%D0%BA%D1%80%D1%83%D1%88%D0%B5%D0%BD%D0%B8%D1%8F-%D0%BE%D1%87%D1%83%D1%82%D0%B8%D0%BB%D1%81%D1%8F-%D0%BD%D0%B0/ HTTP/1.1" 304 0 "-" "Mozilla/5.0 (Linux; Android 6.0.1; Nexus 5X Build/MMB29P) AppleWebKit/537.36 (KHTML, like Gecko) Chrome/80.0.3987.92 Mobile Safari/537.36 (compatible; Googlebot/2.1; +http://www.google.com/bot.html)"
195.250.64.255 - - [22/Jul/2020:22:40:02 +0000] "GET /%D1%81%D0%BB%D0%BE%D0%BC%D0%B0%D0%BB%D1%81%D1%8F-%D1%83-%D0%BC%D1%83%D0%B6%D0%B8%D0%BA%D0%B0-%D1%83%D1%82%D1%8E%D0%B3-%D1%81%D0%BF%D1%83%D1%81%D1%82%D0%B8%D0%BB%D1%81%D1%8F-%D0%B2%D0%BD%D0%B8%D0%B7-%D0%BA-%D0%BA%D0%BE%D0%BD%D1%81%D1%8C%D0%B5%D1%80%D0%B6%D0%BA%D0%B5/ HTTP/2.0" 200 13060 "-" "Mozilla/5.0 (Windows NT 10.0; Win64; x64) AppleWebKit/537.36 (KHTML, like Gecko) Chrome/84.0.4147.89 Safari/537.36" "-"
195.250.64.255 - - [22/Jul/2020:22:40:02 +0000] "GET /%D1%81%D0%BB%D0%BE%D0%BC%D0%B0%D0%BB%D1%81%D1%8F-%D1%83-%D0%BC%D1%83%D0%B6%D0%B8%D0%BA%D0%B0-%D1%83%D1%82%D1%8E%D0%B3-%D1%81%D0%BF%D1%83%D1%81%D1%82%D0%B8%D0%BB%D1%81%D1%8F-%D0%B2%D0%BD%D0%B8%D0%B7-%D0%BA-%D0%BA%D0%BE%D0%BD%D1%81%D1%8C%D0%B5%D1%80%D0%B6%D0%BA%D0%B5/ HTTP/2.0" 200 13060 "-" "Mozilla/5.0 (Windows NT 10.0; Win64; x64) AppleWebKit/537.36 (KHTML, like Gecko) Chrome/84.0.4147.89 Safari/537.36"
54.36.148.18 - - [22/Jul/2020:22:40:03 +0000] "GET /%D1%81%D1%81%D0%BE%D1%80%D1%8F%D1%82%D1%81%D1%8F-%D0%B4%D0%B2%D0%B0-%D0%B3%D0%BE%D0%BC%D0%BE%D1%81%D0%B5%D0%BA%D0%B0-%D1%82%D1%8B-%D0%BC%D1%83%D0%B4%D0%B0%D0%BA-%D0%B0-%D1%82%D1%8B-%D0%BA%D0%BE%D0%B7%D0%B5%D0%BB-%D0%B0-%D1%82%D0%BE%D0%B3%D0%B4%D0%B0/ HTTP/2.0" 200 11674 "-" "Mozilla/5.0 (compatible; AhrefsBot/6.1; +http://ahrefs.com/robot/)" "-"
54.36.148.18 - - [22/Jul/2020:22:40:03 +0000] "GET /%D1%81%D1%81%D0%BE%D1%80%D1%8F%D1%82%D1%81%D1%8F-%D0%B4%D0%B2%D0%B0-%D0%B3%D0%BE%D0%BC%D0%BE%D1%81%D0%B5%D0%BA%D0%B0-%D1%82%D1%8B-%D0%BC%D1%83%D0%B4%D0%B0%D0%BA-%D0%B0-%D1%82%D1%8B-%D0%BA%D0%BE%D0%B7%D0%B5%D0%BB-%D0%B0-%D1%82%D0%BE%D0%B3%D0%B4%D0%B0/ HTTP/2.0" 200 11674 "-" "Mozilla/5.0 (compatible; AhrefsBot/6.1; +http://ahrefs.com/robot/)"
66.249.68.36 - - [22/Jul/2020:22:40:04 +0000] "GET /%D0%B2-%D0%B0%D1%80%D0%BC%D0%B8%D1%8E-%D0%BD%D0%B5-%D1%85%D0%BE%D1%87%D1%83-%D1%82%D0%B0%D0%BC-%D0%BD%D0%B0%D0%B4%D0%BE-%D1%81%D0%B0%D0%BF%D0%BE%D0%B3%D0%B8-%D0%B7%D0%B0%D1%89%D0%B8%D1%89%D0%B0%D1%82%D1%8C-%D0%B5%D1%81%D0%BB%D0%B8-%D0%BD%D0%B5/ HTTP/1.1" 200 24473 "-" "Mozilla/5.0 (Linux; Android 6.0.1; Nexus 5X Build/MMB29P) AppleWebKit/537.36 (KHTML, like Gecko) Chrome/80.0.3987.92 Mobile Safari/537.36 (compatible; Googlebot/2.1; +http://www.google.com/bot.html)" "-"
66.249.68.36 - - [22/Jul/2020:22:40:04 +0000] "GET /%D0%B2-%D0%B0%D1%80%D0%BC%D0%B8%D1%8E-%D0%BD%D0%B5-%D1%85%D0%BE%D1%87%D1%83-%D1%82%D0%B0%D0%BC-%D0%BD%D0%B0%D0%B4%D0%BE-%D1%81%D0%B0%D0%BF%D0%BE%D0%B3%D0%B8-%D0%B7%D0%B0%D1%89%D0%B8%D1%89%D0%B0%D1%82%D1%8C-%D0%B5%D1%81%D0%BB%D0%B8-%D0%BD%D0%B5/ HTTP/1.1" 200 24473 "-" "Mozilla/5.0 (Linux; Android 6.0.1; Nexus 5X Build/MMB29P) AppleWebKit/537.36 (KHTML, like Gecko) Chrome/80.0.3987.92 Mobile Safari/537.36 (compatible; Googlebot/2.1; +http://www.google.com/bot.html)"
213.87.145.4 - - [22/Jul/2020:22:40:08 +0000] "GET /%D1%80%D0%B0%D0%B7%D0%B3%D0%BE%D0%B2%D0%B0%D1%80%D0%B8%D0%B2%D0%B0%D1%8E%D1%82-3-%D0%B4%D1%80%D1%83%D0%B3%D0%B0-%D0%BE%D0%B4%D0%B8%D0%BD-%D0%B3%D0%BE%D0%B2%D0%BE%D1%80%D0%B8%D1%82-%D0%BC%D0%BD%D0%B5-%D0%BA%D0%B0%D0%B6%D0%B5%D1%82%D1%81%D1%8F-%D0%BC%D0%BE%D1%8F/ HTTP/2.0" 200 13563 "https://baneks.site/%D1%80%D0%B0%D0%B7%D0%B3%D0%BE%D0%B2%D0%B0%D1%80%D0%B8%D0%B2%D0%B0%D1%8E%D1%82-3-%D0%B4%D1%80%D1%83%D0%B3%D0%B0-%D0%BE%D0%B4%D0%B8%D0%BD-%D0%B3%D0%BE%D0%B2%D0%BE%D1%80%D0%B8%D1%82-%D0%BC%D0%BD%D0%B5-%D0%BA%D0%B0%D0%B6%D0%B5%D1%82%D1%81%D1%8F-%D0%BC%D0%BE%D1%8F/" "Mozilla/5.0 (iPhone; CPU iPhone OS 13_5 like Mac OS X) AppleWebKit/605.1.15 (KHTML, like Gecko) CriOS/81.0.4044.124 Mobile/15E148 Safari/604.1" "-"
213.87.145.4 - - [22/Jul/2020:22:40:08 +0000] "GET /%D1%80%D0%B0%D0%B7%D0%B3%D0%BE%D0%B2%D0%B0%D1%80%D0%B8%D0%B2%D0%B0%D1%8E%D1%82-3-%D0%B4%D1%80%D1%83%D0%B3%D0%B0-%D0%BE%D0%B4%D0%B8%D0%BD-%D0%B3%D0%BE%D0%B2%D0%BE%D1%80%D0%B8%D1%82-%D0%BC%D0%BD%D0%B5-%D0%BA%D0%B0%D0%B6%D0%B5%D1%82%D1%81%D1%8F-%D0%BC%D0%BE%D1%8F/ HTTP/2.0" 200 13563 "https://baneks.site/%D1%80%D0%B0%D0%B7%D0%B3%D0%BE%D0%B2%D0%B0%D1%80%D0%B8%D0%B2%D0%B0%D1%8E%D1%82-3-%D0%B4%D1%80%D1%83%D0%B3%D0%B0-%D0%BE%D0%B4%D0%B8%D0%BD-%D0%B3%D0%BE%D0%B2%D0%BE%D1%80%D0%B8%D1%82-%D0%BC%D0%BD%D0%B5-%D0%BA%D0%B0%D0%B6%D0%B5%D1%82%D1%81%D1%8F-%D0%BC%D0%BE%D1%8F/" "Mozilla/5.0 (iPhone; CPU iPhone OS 13_5 like Mac OS X) AppleWebKit/605.1.15 (KHTML, like Gecko) CriOS/81.0.4044.124 Mobile/15E148 Safari/604.1"
144.76.6.230 - - [22/Jul/2020:22:40:08 +0000] "GET /%D0%B3%D1%80%D1%83%D0%B7%D0%B8%D0%BD%D1%81%D0%BA%D0%B0%D1%8F-%D1%81%D0%B2%D0%B0%D0%B4%D1%8C%D0%B1%D0%B0-%D1%82%D0%B0%D0%BC%D0%B0%D0%B4%D0%B0-%D0%BF%D1%80%D0%BE%D0%B8%D0%B7%D0%BD%D0%BE%D1%81%D0%B8%D1%82-%D1%82%D0%BE%D1%81%D1%82/?p=3/ HTTP/1.1" 404 3941 "-" "Mozilla/5.0 (compatible; MJ12bot/v1.4.8; http://mj12bot.com/)" "-"
144.76.6.230 - - [22/Jul/2020:22:40:08 +0000] "GET /%D0%B3%D1%80%D1%83%D0%B7%D0%B8%D0%BD%D1%81%D0%BA%D0%B0%D1%8F-%D1%81%D0%B2%D0%B0%D0%B4%D1%8C%D0%B1%D0%B0-%D1%82%D0%B0%D0%BC%D0%B0%D0%B4%D0%B0-%D0%BF%D1%80%D0%BE%D0%B8%D0%B7%D0%BD%D0%BE%D1%81%D0%B8%D1%82-%D1%82%D0%BE%D1%81%D1%82/?p=3/ HTTP/1.1" 404 3941 "-" "Mozilla/5.0 (compatible; MJ12bot/v1.4.8; http://mj12bot.com/)"
93.79.170.20 - - [22/Jul/2020:22:40:14 +0000] "GET /%D0%BC%D0%BE%D1%85-%D0%BF%D0%BE%D0%BC%D0%BE%D0%B3-%D0%B3%D1%80%D1%83%D0%BF%D0%BF%D0%B5-%D0%B3%D1%80%D0%B8%D0%B1%D0%BD%D0%B8%D0%BA%D0%BE%D0%B2-%D0%BD%D0%B5-%D0%BF%D0%BE%D1%82%D0%B5%D1%80%D1%8F%D1%82%D1%8C%D1%81%D1%8F-%D0%B2-%D0%BB%D0%B5%D1%81%D1%83/?p=2 HTTP/2.0" 200 12876 "https://www.google.com/" "Mozilla/5.0 (Linux; Android 10; SNE-LX1) AppleWebKit/537.36 (KHTML, like Gecko) Chrome/84.0.4147.89 Mobile Safari/537.36" "-"
93.79.170.20 - - [22/Jul/2020:22:40:14 +0000] "GET /%D0%BC%D0%BE%D1%85-%D0%BF%D0%BE%D0%BC%D0%BE%D0%B3-%D0%B3%D1%80%D1%83%D0%BF%D0%BF%D0%B5-%D0%B3%D1%80%D0%B8%D0%B1%D0%BD%D0%B8%D0%BA%D0%BE%D0%B2-%D0%BD%D0%B5-%D0%BF%D0%BE%D1%82%D0%B5%D1%80%D1%8F%D1%82%D1%8C%D1%81%D1%8F-%D0%B2-%D0%BB%D0%B5%D1%81%D1%83/?p=2 HTTP/2.0" 200 12876 "https://www.google.com/" "Mozilla/5.0 (Linux; Android 10; SNE-LX1) AppleWebKit/537.36 (KHTML, like Gecko) Chrome/84.0.4147.89 Mobile Safari/537.36"
46.229.168.153 - - [22/Jul/2020:22:40:15 +0000] "GET /%D0%A6%D0%B8%D0%BB%D1%8F-%D1%82%D1%8B-%D1%81%D0%BB%D1%8B%D1%88%D0%B0%D0%BB%D0%B0-%D1%87%D1%82%D0%BE-%D0%A1%D0%B0%D1%80%D0%B0-%D0%B8-%D0%AF%D1%88%D0%B0-%D1%80%D0%B5%D1%88%D0%B8%D0%BB%D0%B8-%D0%BF%D0%BE%D0%B6%D0%B5%D0%BD%D0%B8%D1%82%D1%8C%D1%81%D1%8F/ HTTP/1.1" 200 10525 "-" "Mozilla/5.0 (compatible; SemrushBot/6~bl; +http://www.semrush.com/bot.html)" "-"
46.229.168.153 - - [22/Jul/2020:22:40:15 +0000] "GET /%D0%A6%D0%B8%D0%BB%D1%8F-%D1%82%D1%8B-%D1%81%D0%BB%D1%8B%D1%88%D0%B0%D0%BB%D0%B0-%D1%87%D1%82%D0%BE-%D0%A1%D0%B0%D1%80%D0%B0-%D0%B8-%D0%AF%D1%88%D0%B0-%D1%80%D0%B5%D1%88%D0%B8%D0%BB%D0%B8-%D0%BF%D0%BE%D0%B6%D0%B5%D0%BD%D0%B8%D1%82%D1%8C%D1%81%D1%8F/ HTTP/1.1" 200 10525 "-" "Mozilla/5.0 (compatible; SemrushBot/6~bl; +http://www.semrush.com/bot.html)"
66.249.68.33 - - [22/Jul/2020:22:40:17 +0000] "GET /%D0%BF%D0%B0%D1%81%D0%B5%D1%82-%D0%BF%D0%B0%D1%80%D0%B5%D0%BD%D1%8C-%D0%BE%D0%B2%D0%B5%D1%86-%D0%B5%D0%BC%D1%83-%D1%81%D1%82%D0%B0%D0%BD%D0%BE%D0%B2%D0%B8%D1%82%D1%81%D1%8F-%D1%81%D0%BA%D1%83%D1%87%D0%BD%D0%BE-%D0%BE%D0%BD/?p=2 HTTP/1.1" 200 10846 "-" "Mozilla/5.0 (compatible; Googlebot/2.1; +http://www.google.com/bot.html)" "-"
66.249.68.33 - - [22/Jul/2020:22:40:17 +0000] "GET /%D0%BF%D0%B0%D1%81%D0%B5%D1%82-%D0%BF%D0%B0%D1%80%D0%B5%D0%BD%D1%8C-%D0%BE%D0%B2%D0%B5%D1%86-%D0%B5%D0%BC%D1%83-%D1%81%D1%82%D0%B0%D0%BD%D0%BE%D0%B2%D0%B8%D1%82%D1%81%D1%8F-%D1%81%D0%BA%D1%83%D1%87%D0%BD%D0%BE-%D0%BE%D0%BD/?p=2 HTTP/1.1" 200 10846 "-" "Mozilla/5.0 (compatible; Googlebot/2.1; +http://www.google.com/bot.html)"
46.229.168.153 - - [22/Jul/2020:22:40:27 +0000] "GET /%D1%81%D0%BB%D1%83%D1%88%D0%B0%D0%B9%D1%82%D0%B5-%D0%A5%D0%B0%D0%B8%D0%BC-%D0%B2%D1%8B-%D0%BD%D0%B5-%D0%B1%D1%8B%D0%BB%D0%B8-%D0%B2-%D0%9E%D0%B4%D0%B5%D1%81%D1%81%D0%B5-%D1%82%D0%B0%D0%BA-%D0%B2%D1%8B-%D1%82%D0%B0%D0%BA%D0%B8/?p=2 HTTP/1.1" 200 10725 "-" "Mozilla/5.0 (compatible; SemrushBot/6~bl; +http://www.semrush.com/bot.html)" "-"
46.229.168.153 - - [22/Jul/2020:22:40:27 +0000] "GET /%D1%81%D0%BB%D1%83%D1%88%D0%B0%D0%B9%D1%82%D0%B5-%D0%A5%D0%B0%D0%B8%D0%BC-%D0%B2%D1%8B-%D0%BD%D0%B5-%D0%B1%D1%8B%D0%BB%D0%B8-%D0%B2-%D0%9E%D0%B4%D0%B5%D1%81%D1%81%D0%B5-%D1%82%D0%B0%D0%BA-%D0%B2%D1%8B-%D1%82%D0%B0%D0%BA%D0%B8/?p=2 HTTP/1.1" 200 10725 "-" "Mozilla/5.0 (compatible; SemrushBot/6~bl; +http://www.semrush.com/bot.html)"
213.87.145.4 - - [22/Jul/2020:22:40:30 +0000] "GET /%D0%90%D0%BD%D0%B4%D1%80%D0%B5%D0%B9-%D0%BF%D1%80%D0%B8%D1%88%D1%91%D0%BB-%D0%B4%D0%BE%D0%BC%D0%BE%D0%B9-%D0%BE%D1%87%D0%B5%D0%BD%D1%8C-%D0%BD%D0%B5%D1%81%D1%87%D0%B0%D1%81%D1%82%D0%BD%D1%8B%D0%BC-%D0%B8-%D0%BF%D0%BE%D0%B4%D0%B0%D0%B2%D0%BB%D0%B5%D0%BD%D0%BD%D1%8B%D0%BC/ HTTP/2.0" 200 15492 "https://baneks.site/%D0%90%D0%BD%D0%B4%D1%80%D0%B5%D0%B9-%D0%BF%D1%80%D0%B8%D1%88%D1%91%D0%BB-%D0%B4%D0%BE%D0%BC%D0%BE%D0%B9-%D0%BE%D1%87%D0%B5%D0%BD%D1%8C-%D0%BD%D0%B5%D1%81%D1%87%D0%B0%D1%81%D1%82%D0%BD%D1%8B%D0%BC-%D0%B8-%D0%BF%D0%BE%D0%B4%D0%B0%D0%B2%D0%BB%D0%B5%D0%BD%D0%BD%D1%8B%D0%BC/" "Mozilla/5.0 (iPhone; CPU iPhone OS 13_5 like Mac OS X) AppleWebKit/605.1.15 (KHTML, like Gecko) CriOS/81.0.4044.124 Mobile/15E148 Safari/604.1" "-"
213.87.145.4 - - [22/Jul/2020:22:40:30 +0000] "GET /%D0%90%D0%BD%D0%B4%D1%80%D0%B5%D0%B9-%D0%BF%D1%80%D0%B8%D1%88%D1%91%D0%BB-%D0%B4%D0%BE%D0%BC%D0%BE%D0%B9-%D0%BE%D1%87%D0%B5%D0%BD%D1%8C-%D0%BD%D0%B5%D1%81%D1%87%D0%B0%D1%81%D1%82%D0%BD%D1%8B%D0%BC-%D0%B8-%D0%BF%D0%BE%D0%B4%D0%B0%D0%B2%D0%BB%D0%B5%D0%BD%D0%BD%D1%8B%D0%BC/ HTTP/2.0" 200 15492 "https://baneks.site/%D0%90%D0%BD%D0%B4%D1%80%D0%B5%D0%B9-%D0%BF%D1%80%D0%B8%D1%88%D1%91%D0%BB-%D0%B4%D0%BE%D0%BC%D0%BE%D0%B9-%D0%BE%D1%87%D0%B5%D0%BD%D1%8C-%D0%BD%D0%B5%D1%81%D1%87%D0%B0%D1%81%D1%82%D0%BD%D1%8B%D0%BC-%D0%B8-%D0%BF%D0%BE%D0%B4%D0%B0%D0%B2%D0%BB%D0%B5%D0%BD%D0%BD%D1%8B%D0%BC/" "Mozilla/5.0 (iPhone; CPU iPhone OS 13_5 like Mac OS X) AppleWebKit/605.1.15 (KHTML, like Gecko) CriOS/81.0.4044.124 Mobile/15E148 Safari/604.1"
144.76.6.230 - - [22/Jul/2020:22:40:32 +0000] "GET /%D0%B3%D1%80%D1%83%D0%B7%D0%B8%D0%BD%D1%81%D0%BA%D0%B0%D1%8F-%D1%81%D0%B2%D0%B0%D0%B4%D1%8C%D0%B1%D0%B0-%D1%82%D0%B0%D0%BC%D0%B0%D0%B4%D0%B0-%D0%BF%D1%80%D0%BE%D0%B8%D0%B7%D0%BD%D0%BE%D1%81%D0%B8%D1%82-%D1%82%D0%BE%D1%81%D1%82/?p=4/ HTTP/1.1" 404 3942 "-" "Mozilla/5.0 (compatible; MJ12bot/v1.4.8; http://mj12bot.com/)" "-"
144.76.6.230 - - [22/Jul/2020:22:40:32 +0000] "GET /%D0%B3%D1%80%D1%83%D0%B7%D0%B8%D0%BD%D1%81%D0%BA%D0%B0%D1%8F-%D1%81%D0%B2%D0%B0%D0%B4%D1%8C%D0%B1%D0%B0-%D1%82%D0%B0%D0%BC%D0%B0%D0%B4%D0%B0-%D0%BF%D1%80%D0%BE%D0%B8%D0%B7%D0%BD%D0%BE%D1%81%D0%B8%D1%82-%D1%82%D0%BE%D1%81%D1%82/?p=4/ HTTP/1.1" 404 3942 "-" "Mozilla/5.0 (compatible; MJ12bot/v1.4.8; http://mj12bot.com/)"
46.229.168.139 - - [22/Jul/2020:22:40:40 +0000] "GET /%D1%81%D0%B8%D0%B4%D1%8F%D1%82-%D0%BA%D0%BE%D1%80%D0%BE%D1%87%D0%B5-%D1%82%D1%80%D0%BE%D0%B5-%D0%BF%D0%B5%D0%B4%D0%B8%D0%BA%D0%BE%D0%B2-%D0%B8-%D1%80%D0%B0%D0%B7%D0%B3%D0%BE%D0%B2%D0%B0%D1%80%D0%B8%D0%B2%D0%B0%D1%8E%D1%82/ HTTP/1.1" 200 13719 "-" "Mozilla/5.0 (compatible; SemrushBot/6~bl; +http://www.semrush.com/bot.html)" "-"
46.229.168.139 - - [22/Jul/2020:22:40:40 +0000] "GET /%D1%81%D0%B8%D0%B4%D1%8F%D1%82-%D0%BA%D0%BE%D1%80%D0%BE%D1%87%D0%B5-%D1%82%D1%80%D0%BE%D0%B5-%D0%BF%D0%B5%D0%B4%D0%B8%D0%BA%D0%BE%D0%B2-%D0%B8-%D1%80%D0%B0%D0%B7%D0%B3%D0%BE%D0%B2%D0%B0%D1%80%D0%B8%D0%B2%D0%B0%D1%8E%D1%82/ HTTP/1.1" 200 13719 "-" "Mozilla/5.0 (compatible; SemrushBot/6~bl; +http://www.semrush.com/bot.html)"
114.119.164.178 - - [22/Jul/2020:22:40:44 +0000] "GET /%D0%BF%D0%B5%D1%80%D0%B2%D1%8B%D0%BC-%D1%87%D0%B5%D0%BB%D0%BE%D0%B2%D0%B5%D0%BA%D0%BE%D0%BC-%D0%BA%D0%BE%D1%82%D0%BE%D1%80%D1%8B%D0%B9-%D0%B2-%D0%BD%D0%B0%D1%82%D1%83%D1%80%D0%B5-%D0%B1%D0%B5%D1%80%D0%B5%D0%B3%D0%B0-%D0%BF%D0%BE%D0%BF%D1%83%D1%82%D0%B0%D0%BB HTTP/1.1" 301 0 "-" "Mozilla/5.0 (Linux; Android 7.0;) AppleWebKit/537.36 (KHTML, like Gecko) Mobile Safari/537.36 (compatible; PetalBot;+https://aspiegel.com/petalbot)" "-"
114.119.164.178 - - [22/Jul/2020:22:40:44 +0000] "GET /%D0%BF%D0%B5%D1%80%D0%B2%D1%8B%D0%BC-%D1%87%D0%B5%D0%BB%D0%BE%D0%B2%D0%B5%D0%BA%D0%BE%D0%BC-%D0%BA%D0%BE%D1%82%D0%BE%D1%80%D1%8B%D0%B9-%D0%B2-%D0%BD%D0%B0%D1%82%D1%83%D1%80%D0%B5-%D0%B1%D0%B5%D1%80%D0%B5%D0%B3%D0%B0-%D0%BF%D0%BE%D0%BF%D1%83%D1%82%D0%B0%D0%BB HTTP/1.1" 301 0 "-" "Mozilla/5.0 (Linux; Android 7.0;) AppleWebKit/537.36 (KHTML, like Gecko) Mobile Safari/537.36 (compatible; PetalBot;+https://aspiegel.com/petalbot)"
114.119.164.178 - - [22/Jul/2020:22:40:46 +0000] "GET /%D0%BF%D0%B5%D1%80%D0%B2%D1%8B%D0%BC-%D1%87%D0%B5%D0%BB%D0%BE%D0%B2%D0%B5%D0%BA%D0%BE%D0%BC-%D0%BA%D0%BE%D1%82%D0%BE%D1%80%D1%8B%D0%B9-%D0%B2-%D0%BD%D0%B0%D1%82%D1%83%D1%80%D0%B5-%D0%B1%D0%B5%D1%80%D0%B5%D0%B3%D0%B0-%D0%BF%D0%BE%D0%BF%D1%83%D1%82%D0%B0%D0%BB/ HTTP/1.1" 200 8940 "-" "Mozilla/5.0 (Linux; Android 7.0;) AppleWebKit/537.36 (KHTML, like Gecko) Mobile Safari/537.36 (compatible; PetalBot;+https://aspiegel.com/petalbot)" "-"
114.119.164.178 - - [22/Jul/2020:22:40:46 +0000] "GET /%D0%BF%D0%B5%D1%80%D0%B2%D1%8B%D0%BC-%D1%87%D0%B5%D0%BB%D0%BE%D0%B2%D0%B5%D0%BA%D0%BE%D0%BC-%D0%BA%D0%BE%D1%82%D0%BE%D1%80%D1%8B%D0%B9-%D0%B2-%D0%BD%D0%B0%D1%82%D1%83%D1%80%D0%B5-%D0%B1%D0%B5%D1%80%D0%B5%D0%B3%D0%B0-%D0%BF%D0%BE%D0%BF%D1%83%D1%82%D0%B0%D0%BB/ HTTP/1.1" 200 8940 "-" "Mozilla/5.0 (Linux; Android 7.0;) AppleWebKit/537.36 (KHTML, like Gecko) Mobile Safari/537.36 (compatible; PetalBot;+https://aspiegel.com/petalbot)"
78.37.249.182 - - [22/Jul/2020:22:40:49 +0000] "GET / HTTP/2.0" 200 5030 "-" "Mozilla/5.0 (Windows NT 6.3; Win64; x64; rv:78.0) Gecko/20100101 Firefox/78.0" "-"
78.37.249.182 - - [22/Jul/2020:22:40:49 +0000] "GET / HTTP/2.0" 200 5030 "-" "Mozilla/5.0 (Windows NT 6.3; Win64; x64; rv:78.0) Gecko/20100101 Firefox/78.0"
80.110.117.191 - - [22/Jul/2020:22:40:51 +0000] "GET /%D0%BA%D1%80%D1%83%D1%82%D0%BE%D0%B9-%D0%B4%D0%B6%D0%B0%D0%B7%D0%BE%D0%B2%D1%8B%D0%B9-%D0%B1%D0%B0%D1%80-%D0%BF%D1%80%D0%BE%D0%B2%D0%BE%D0%B4%D0%B8%D1%82-%D0%BA%D0%BE%D0%BD%D0%BA%D1%83%D1%80%D1%81/ HTTP/2.0" 200 14772 "https://www.google.com/" "Mozilla/5.0 (Linux; Android 9; ONEPLUS A3003) AppleWebKit/537.36 (KHTML, like Gecko) Chrome/84.0.4147.89 Mobile Safari/537.36" "-"
80.110.117.191 - - [22/Jul/2020:22:40:51 +0000] "GET /%D0%BA%D1%80%D1%83%D1%82%D0%BE%D0%B9-%D0%B4%D0%B6%D0%B0%D0%B7%D0%BE%D0%B2%D1%8B%D0%B9-%D0%B1%D0%B0%D1%80-%D0%BF%D1%80%D0%BE%D0%B2%D0%BE%D0%B4%D0%B8%D1%82-%D0%BA%D0%BE%D0%BD%D0%BA%D1%83%D1%80%D1%81/ HTTP/2.0" 200 14772 "https://www.google.com/" "Mozilla/5.0 (Linux; Android 9; ONEPLUS A3003) AppleWebKit/537.36 (KHTML, like Gecko) Chrome/84.0.4147.89 Mobile Safari/537.36"
78.37.249.182 - - [22/Jul/2020:22:40:54 +0000] "GET /%D0%B7%D0%BB%D0%BE%D0%B1%D0%BE%D0%B4%D0%BD%D0%B5%D0%B2%D0%BD%D0%BE%D0%B5-%D0%BF%D1%80%D0%BE-%D1%84%D0%B5%D0%BC%D0%B8%D0%BD%D0%B8%D1%82%D0%B8%D0%B2%D1%8B-%D0%B6%D0%B8%D0%BB%D0%B8-%D1%83-%D0%BC%D1%83%D0%B6%D0%B8%D0%BA%D0%B0-%D0%BF%D1%91%D1%81/ HTTP/2.0" 200 12599 "https://baneks.site/" "Mozilla/5.0 (Windows NT 6.3; Win64; x64; rv:78.0) Gecko/20100101 Firefox/78.0" "-"
78.37.249.182 - - [22/Jul/2020:22:40:54 +0000] "GET /%D0%B7%D0%BB%D0%BE%D0%B1%D0%BE%D0%B4%D0%BD%D0%B5%D0%B2%D0%BD%D0%BE%D0%B5-%D0%BF%D1%80%D0%BE-%D1%84%D0%B5%D0%BC%D0%B8%D0%BD%D0%B8%D1%82%D0%B8%D0%B2%D1%8B-%D0%B6%D0%B8%D0%BB%D0%B8-%D1%83-%D0%BC%D1%83%D0%B6%D0%B8%D0%BA%D0%B0-%D0%BF%D1%91%D1%81/ HTTP/2.0" 200 12599 "https://baneks.site/" "Mozilla/5.0 (Windows NT 6.3; Win64; x64; rv:78.0) Gecko/20100101 Firefox/78.0"
80.110.117.191 - - [22/Jul/2020:22:40:54 +0000] "GET /%D0%BA%D1%80%D1%83%D1%82%D0%BE%D0%B9-%D0%B4%D0%B6%D0%B0%D0%B7%D0%BE%D0%B2%D1%8B%D0%B9-%D0%B1%D0%B0%D1%80-%D0%BF%D1%80%D0%BE%D0%B2%D0%BE%D0%B4%D0%B8%D1%82-%D0%BA%D0%BE%D0%BD%D0%BA%D1%83%D1%80%D1%81/ HTTP/2.0" 200 14772 "https://baneks.site/%D0%BA%D1%80%D1%83%D1%82%D0%BE%D0%B9-%D0%B4%D0%B6%D0%B0%D0%B7%D0%BE%D0%B2%D1%8B%D0%B9-%D0%B1%D0%B0%D1%80-%D0%BF%D1%80%D0%BE%D0%B2%D0%BE%D0%B4%D0%B8%D1%82-%D0%BA%D0%BE%D0%BD%D0%BA%D1%83%D1%80%D1%81/" "Mozilla/5.0 (Linux; Android 9; ONEPLUS A3003) AppleWebKit/537.36 (KHTML, like Gecko) Chrome/84.0.4147.89 Mobile Safari/537.36" "-"
80.110.117.191 - - [22/Jul/2020:22:40:54 +0000] "GET /%D0%BA%D1%80%D1%83%D1%82%D0%BE%D0%B9-%D0%B4%D0%B6%D0%B0%D0%B7%D0%BE%D0%B2%D1%8B%D0%B9-%D0%B1%D0%B0%D1%80-%D0%BF%D1%80%D0%BE%D0%B2%D0%BE%D0%B4%D0%B8%D1%82-%D0%BA%D0%BE%D0%BD%D0%BA%D1%83%D1%80%D1%81/ HTTP/2.0" 200 14772 "https://baneks.site/%D0%BA%D1%80%D1%83%D1%82%D0%BE%D0%B9-%D0%B4%D0%B6%D0%B0%D0%B7%D0%BE%D0%B2%D1%8B%D0%B9-%D0%B1%D0%B0%D1%80-%D0%BF%D1%80%D0%BE%D0%B2%D0%BE%D0%B4%D0%B8%D1%82-%D0%BA%D0%BE%D0%BD%D0%BA%D1%83%D1%80%D1%81/" "Mozilla/5.0 (Linux; Android 9; ONEPLUS A3003) AppleWebKit/537.36 (KHTML, like Gecko) Chrome/84.0.4147.89 Mobile Safari/537.36"
144.76.6.230 - - [22/Jul/2020:22:40:57 +0000] "GET /%D0%B3%D1%80%D1%83%D0%B7%D0%B8%D0%BD%D1%81%D0%BA%D0%B0%D1%8F-%D1%81%D0%B2%D0%B0%D0%B4%D1%8C%D0%B1%D0%B0-%D1%82%D0%B0%D0%BC%D0%B0%D0%B4%D0%B0-%D0%BF%D1%80%D0%BE%D0%B8%D0%B7%D0%BD%D0%BE%D1%81%D0%B8%D1%82-%D1%82%D0%BE%D1%81%D1%82/?p=5/ HTTP/1.1" 404 3942 "-" "Mozilla/5.0 (compatible; MJ12bot/v1.4.8; http://mj12bot.com/)" "-"
144.76.6.230 - - [22/Jul/2020:22:40:57 +0000] "GET /%D0%B3%D1%80%D1%83%D0%B7%D0%B8%D0%BD%D1%81%D0%BA%D0%B0%D1%8F-%D1%81%D0%B2%D0%B0%D0%B4%D1%8C%D0%B1%D0%B0-%D1%82%D0%B0%D0%BC%D0%B0%D0%B4%D0%B0-%D0%BF%D1%80%D0%BE%D0%B8%D0%B7%D0%BD%D0%BE%D1%81%D0%B8%D1%82-%D1%82%D0%BE%D1%81%D1%82/?p=5/ HTTP/1.1" 404 3942 "-" "Mozilla/5.0 (compatible; MJ12bot/v1.4.8; http://mj12bot.com/)"
80.110.117.191 - - [22/Jul/2020:22:41:00 +0000] "POST /like/1 HTTP/2.0" 204 0 "https://baneks.site/%D0%BA%D1%80%D1%83%D1%82%D0%BE%D0%B9-%D0%B4%D0%B6%D0%B0%D0%B7%D0%BE%D0%B2%D1%8B%D0%B9-%D0%B1%D0%B0%D1%80-%D0%BF%D1%80%D0%BE%D0%B2%D0%BE%D0%B4%D0%B8%D1%82-%D0%BA%D0%BE%D0%BD%D0%BA%D1%83%D1%80%D1%81/" "Mozilla/5.0 (Linux; Android 9; ONEPLUS A3003) AppleWebKit/537.36 (KHTML, like Gecko) Chrome/84.0.4147.89 Mobile Safari/537.36" "-"
80.110.117.191 - - [22/Jul/2020:22:41:00 +0000] "POST /like/1 HTTP/2.0" 204 0 "https://baneks.site/%D0%BA%D1%80%D1%83%D1%82%D0%BE%D0%B9-%D0%B4%D0%B6%D0%B0%D0%B7%D0%BE%D0%B2%D1%8B%D0%B9-%D0%B1%D0%B0%D1%80-%D0%BF%D1%80%D0%BE%D0%B2%D0%BE%D0%B4%D0%B8%D1%82-%D0%BA%D0%BE%D0%BD%D0%BA%D1%83%D1%80%D1%81/" "Mozilla/5.0 (Linux; Android 9; ONEPLUS A3003) AppleWebKit/537.36 (KHTML, like Gecko) Chrome/84.0.4147.89 Mobile Safari/537.36"
66.249.68.33 - - [22/Jul/2020:22:41:03 +0000] "GET /%D0%B2%D0%B7%D1%8F%D0%BB%D0%B8-%D0%BF%D0%B8%D1%80%D0%B0%D1%82%D1%8B-%D1%81%D1%83%D0%B4%D0%BD%D0%BE-%D0%BD%D0%B0-%D0%B0%D0%B1%D0%BE%D1%80%D0%B4%D0%B0%D0%B6/ HTTP/1.1" 304 0 "-" "Mozilla/5.0 (Linux; Android 6.0.1; Nexus 5X Build/MMB29P) AppleWebKit/537.36 (KHTML, like Gecko) Chrome/80.0.3987.92 Mobile Safari/537.36 (compatible; Googlebot/2.1; +http://www.google.com/bot.html)" "-"
66.249.68.33 - - [22/Jul/2020:22:41:03 +0000] "GET /%D0%B2%D0%B7%D1%8F%D0%BB%D0%B8-%D0%BF%D0%B8%D1%80%D0%B0%D1%82%D1%8B-%D1%81%D1%83%D0%B4%D0%BD%D0%BE-%D0%BD%D0%B0-%D0%B0%D0%B1%D0%BE%D1%80%D0%B4%D0%B0%D0%B6/ HTTP/1.1" 304 0 "-" "Mozilla/5.0 (Linux; Android 6.0.1; Nexus 5X Build/MMB29P) AppleWebKit/537.36 (KHTML, like Gecko) Chrome/80.0.3987.92 Mobile Safari/537.36 (compatible; Googlebot/2.1; +http://www.google.com/bot.html)"
213.87.145.4 - - [22/Jul/2020:22:41:06 +0000] "GET /%D1%80%D0%B0%D0%B1%D0%BE%D1%82%D0%BE%D0%B4%D0%B0%D1%82%D0%B5%D0%BB%D1%8C-%D0%BF%D1%80%D0%B5%D1%82%D0%B5%D0%BD%D0%B4%D0%B5%D0%BD%D1%82%D1%83-%D0%BD%D0%B0-%D0%B4%D0%BE%D0%BB%D0%B6%D0%BD%D0%BE%D1%81%D1%82%D1%8C-%D0%BF%D1%80%D0%BE%D0%B3%D1%80%D0%B0%D0%BC%D0%BC%D0%B8%D1%81%D1%82%D0%B0/ HTTP/2.0" 200 15422 "https://baneks.site/%D1%80%D0%B0%D0%B1%D0%BE%D1%82%D0%BE%D0%B4%D0%B0%D1%82%D0%B5%D0%BB%D1%8C-%D0%BF%D1%80%D0%B5%D1%82%D0%B5%D0%BD%D0%B4%D0%B5%D0%BD%D1%82%D1%83-%D0%BD%D0%B0-%D0%B4%D0%BE%D0%BB%D0%B6%D0%BD%D0%BE%D1%81%D1%82%D1%8C-%D0%BF%D1%80%D0%BE%D0%B3%D1%80%D0%B0%D0%BC%D0%BC%D0%B8%D1%81%D1%82%D0%B0/" "Mozilla/5.0 (iPhone; CPU iPhone OS 13_5 like Mac OS X) AppleWebKit/605.1.15 (KHTML, like Gecko) CriOS/81.0.4044.124 Mobile/15E148 Safari/604.1" "-"
213.87.145.4 - - [22/Jul/2020:22:41:06 +0000] "GET /%D1%80%D0%B0%D0%B1%D0%BE%D1%82%D0%BE%D0%B4%D0%B0%D1%82%D0%B5%D0%BB%D1%8C-%D0%BF%D1%80%D0%B5%D1%82%D0%B5%D0%BD%D0%B4%D0%B5%D0%BD%D1%82%D1%83-%D0%BD%D0%B0-%D0%B4%D0%BE%D0%BB%D0%B6%D0%BD%D0%BE%D1%81%D1%82%D1%8C-%D0%BF%D1%80%D0%BE%D0%B3%D1%80%D0%B0%D0%BC%D0%BC%D0%B8%D1%81%D1%82%D0%B0/ HTTP/2.0" 200 15422 "https://baneks.site/%D1%80%D0%B0%D0%B1%D0%BE%D1%82%D0%BE%D0%B4%D0%B0%D1%82%D0%B5%D0%BB%D1%8C-%D0%BF%D1%80%D0%B5%D1%82%D0%B5%D0%BD%D0%B4%D0%B5%D0%BD%D1%82%D1%83-%D0%BD%D0%B0-%D0%B4%D0%BE%D0%BB%D0%B6%D0%BD%D0%BE%D1%81%D1%82%D1%8C-%D0%BF%D1%80%D0%BE%D0%B3%D1%80%D0%B0%D0%BC%D0%BC%D0%B8%D1%81%D1%82%D0%B0/" "Mozilla/5.0 (iPhone; CPU iPhone OS 13_5 like Mac OS X) AppleWebKit/605.1.15 (KHTML, like Gecko) CriOS/81.0.4044.124 Mobile/15E148 Safari/604.1"
46.229.168.163 - - [22/Jul/2020:22:41:07 +0000] "GET /%D0%BA%D1%80%D0%BE%D1%88%D0%BA%D0%B0-%D1%81%D1%8B%D0%BD-%D0%BA-%D0%BE%D1%82%D1%86%D1%83-%D0%BF%D1%80%D0%B8%D1%88%D0%B5%D0%BB-%D0%B8-%D1%81%D0%BF%D1%80%D0%B0%D1%88%D0%B8%D0%B2%D0%B0%D0%B5%D1%82/ HTTP/1.1" 200 14870 "-" "Mozilla/5.0 (compatible; SemrushBot/6~bl; +http://www.semrush.com/bot.html)" "-"
46.229.168.163 - - [22/Jul/2020:22:41:07 +0000] "GET /%D0%BA%D1%80%D0%BE%D1%88%D0%BA%D0%B0-%D1%81%D1%8B%D0%BD-%D0%BA-%D0%BE%D1%82%D1%86%D1%83-%D0%BF%D1%80%D0%B8%D1%88%D0%B5%D0%BB-%D0%B8-%D1%81%D0%BF%D1%80%D0%B0%D1%88%D0%B8%D0%B2%D0%B0%D0%B5%D1%82/ HTTP/1.1" 200 14870 "-" "Mozilla/5.0 (compatible; SemrushBot/6~bl; +http://www.semrush.com/bot.html)"
95.84.9.62 - - [22/Jul/2020:22:41:17 +0000] "GET /%D1%83%D1%87%D0%B8%D1%82%D0%B5%D0%BB%D1%8C%D0%BD%D0%B8%D1%86%D0%B0-%D0%B4%D0%B5%D1%82%D0%B8-%D0%BF%D1%80%D0%B8%D0%B4%D1%83%D0%BC%D0%B0%D0%B9%D1%82%D0%B5-%D0%BF%D1%80%D0%B5%D0%B4%D0%BB%D0%BE%D0%B6%D0%B5%D0%BD%D0%B8%D0%B5/ HTTP/2.0" 200 12967 "https://www.google.ru/" "Mozilla/5.0 (iPhone; CPU iPhone OS 13_5_1 like Mac OS X) AppleWebKit/605.1.15 (KHTML, like Gecko) Version/13.1.1 Mobile/15E148 Safari/604.1" "-"
95.84.9.62 - - [22/Jul/2020:22:41:17 +0000] "GET /%D1%83%D1%87%D0%B8%D1%82%D0%B5%D0%BB%D1%8C%D0%BD%D0%B8%D1%86%D0%B0-%D0%B4%D0%B5%D1%82%D0%B8-%D0%BF%D1%80%D0%B8%D0%B4%D1%83%D0%BC%D0%B0%D0%B9%D1%82%D0%B5-%D0%BF%D1%80%D0%B5%D0%B4%D0%BB%D0%BE%D0%B6%D0%B5%D0%BD%D0%B8%D0%B5/ HTTP/2.0" 200 12967 "https://www.google.ru/" "Mozilla/5.0 (iPhone; CPU iPhone OS 13_5_1 like Mac OS X) AppleWebKit/605.1.15 (KHTML, like Gecko) Version/13.1.1 Mobile/15E148 Safari/604.1"
144.76.6.230 - - [22/Jul/2020:22:41:20 +0000] "GET /%D0%B4%D0%B0%D0%B9%D1%82%D0%B5-%D0%BC%D0%BD%D0%B5-%D1%82%D0%BE%D1%87%D0%BA%D1%83-%D0%BE%D0%BF%D0%BE%D1%80%D1%8B-%D0%B8-%D1%8F-%D0%BF%D0%B5%D1%80%D0%B5%D0%B2%D0%B5%D1%80%D0%BD%D1%83-%D0%B7%D0%B5%D0%BC%D0%BB%D1%8E/ HTTP/1.1" 200 12489 "-" "Mozilla/5.0 (compatible; MJ12bot/v1.4.8; http://mj12bot.com/)" "-"
144.76.6.230 - - [22/Jul/2020:22:41:20 +0000] "GET /%D0%B4%D0%B0%D0%B9%D1%82%D0%B5-%D0%BC%D0%BD%D0%B5-%D1%82%D0%BE%D1%87%D0%BA%D1%83-%D0%BE%D0%BF%D0%BE%D1%80%D1%8B-%D0%B8-%D1%8F-%D0%BF%D0%B5%D1%80%D0%B5%D0%B2%D0%B5%D1%80%D0%BD%D1%83-%D0%B7%D0%B5%D0%BC%D0%BB%D1%8E/ HTTP/1.1" 200 12489 "-" "Mozilla/5.0 (compatible; MJ12bot/v1.4.8; http://mj12bot.com/)"
46.229.168.163 - - [22/Jul/2020:22:41:20 +0000] "GET /%D0%BE%D0%B4%D0%B8%D0%BD-%D0%B3%D1%80%D1%83%D0%B7%D0%B8%D0%BD-%D1%82%D0%B0%D0%BA-%D0%B4%D0%BE%D0%BB%D0%B3%D0%BE-%D1%82%D1%83%D1%88%D0%B8%D0%BB-%D1%81%D0%B2%D0%B5%D1%87%D0%BA%D0%B8-%D1%87%D1%82%D0%BE-%D0%BF%D0%BE%D0%BB%D1%83%D1%87%D0%B8%D0%BB%D0%BE%D1%81%D1%8C/ HTTP/1.1" 200 9683 "-" "Mozilla/5.0 (compatible; SemrushBot/6~bl; +http://www.semrush.com/bot.html)" "-"
46.229.168.163 - - [22/Jul/2020:22:41:20 +0000] "GET /%D0%BE%D0%B4%D0%B8%D0%BD-%D0%B3%D1%80%D1%83%D0%B7%D0%B8%D0%BD-%D1%82%D0%B0%D0%BA-%D0%B4%D0%BE%D0%BB%D0%B3%D0%BE-%D1%82%D1%83%D1%88%D0%B8%D0%BB-%D1%81%D0%B2%D0%B5%D1%87%D0%BA%D0%B8-%D1%87%D1%82%D0%BE-%D0%BF%D0%BE%D0%BB%D1%83%D1%87%D0%B8%D0%BB%D0%BE%D1%81%D1%8C/ HTTP/1.1" 200 9683 "-" "Mozilla/5.0 (compatible; SemrushBot/6~bl; +http://www.semrush.com/bot.html)"
78.37.249.182 - - [22/Jul/2020:22:41:22 +0000] "GET / HTTP/2.0" 304 0 "-" "Mozilla/5.0 (Windows NT 6.3; Win64; x64; rv:78.0) Gecko/20100101 Firefox/78.0" "-"
78.37.249.182 - - [22/Jul/2020:22:41:22 +0000] "GET / HTTP/2.0" 304 0 "-" "Mozilla/5.0 (Windows NT 6.3; Win64; x64; rv:78.0) Gecko/20100101 Firefox/78.0"
176.59.200.190 - - [22/Jul/2020:22:41:23 +0000] "GET /%D0%BF%D0%BE%D1%81%D0%BF%D0%BE%D1%80%D0%B8%D0%BB%D0%B8-%D0%9A%D0%B0%D1%80%D1%82%D0%B5%D1%80-%D1%81-%D0%91%D1%80%D0%B5%D0%B6%D0%BD%D0%B5%D0%B2%D1%8B%D0%BC-%D0%B2-%D0%BA%D0%B0%D0%BA%D0%BE%D0%B9-%D1%81%D1%82%D1%80%D0%B0%D0%BD%D0%B5-%D1%87%D0%B0%D1%89%D0%B5/?p=2 HTTP/2.0" 200 14994 "https://www.google.ru/" "Mozilla/5.0 (iPhone; CPU iPhone OS 13_3_1 like Mac OS X) AppleWebKit/605.1.15 (KHTML, like Gecko) Version/13.0.5 Mobile/15E148 Safari/604.1" "-"
176.59.200.190 - - [22/Jul/2020:22:41:23 +0000] "GET /%D0%BF%D0%BE%D1%81%D0%BF%D0%BE%D1%80%D0%B8%D0%BB%D0%B8-%D0%9A%D0%B0%D1%80%D1%82%D0%B5%D1%80-%D1%81-%D0%91%D1%80%D0%B5%D0%B6%D0%BD%D0%B5%D0%B2%D1%8B%D0%BC-%D0%B2-%D0%BA%D0%B0%D0%BA%D0%BE%D0%B9-%D1%81%D1%82%D1%80%D0%B0%D0%BD%D0%B5-%D1%87%D0%B0%D1%89%D0%B5/?p=2 HTTP/2.0" 200 14994 "https://www.google.ru/" "Mozilla/5.0 (iPhone; CPU iPhone OS 13_3_1 like Mac OS X) AppleWebKit/605.1.15 (KHTML, like Gecko) Version/13.0.5 Mobile/15E148 Safari/604.1"
176.59.200.190 - - [22/Jul/2020:22:41:25 +0000] "GET /%D0%BF%D0%BE%D1%81%D0%BF%D0%BE%D1%80%D0%B8%D0%BB%D0%B8-%D0%9A%D0%B0%D1%80%D1%82%D0%B5%D1%80-%D1%81-%D0%91%D1%80%D0%B5%D0%B6%D0%BD%D0%B5%D0%B2%D1%8B%D0%BC-%D0%B2-%D0%BA%D0%B0%D0%BA%D0%BE%D0%B9-%D1%81%D1%82%D1%80%D0%B0%D0%BD%D0%B5-%D1%87%D0%B0%D1%89%D0%B5/?p=2 HTTP/2.0" 200 14994 "https://baneks.site/%D0%BF%D0%BE%D1%81%D0%BF%D0%BE%D1%80%D0%B8%D0%BB%D0%B8-%D0%9A%D0%B0%D1%80%D1%82%D0%B5%D1%80-%D1%81-%D0%91%D1%80%D0%B5%D0%B6%D0%BD%D0%B5%D0%B2%D1%8B%D0%BC-%D0%B2-%D0%BA%D0%B0%D0%BA%D0%BE%D0%B9-%D1%81%D1%82%D1%80%D0%B0%D0%BD%D0%B5-%D1%87%D0%B0%D1%89%D0%B5/?p=2" "Mozilla/5.0 (iPhone; CPU iPhone OS 13_3_1 like Mac OS X) AppleWebKit/605.1.15 (KHTML, like Gecko) Version/13.0.5 Mobile/15E148 Safari/604.1" "-"
176.59.200.190 - - [22/Jul/2020:22:41:25 +0000] "GET /%D0%BF%D0%BE%D1%81%D0%BF%D0%BE%D1%80%D0%B8%D0%BB%D0%B8-%D0%9A%D0%B0%D1%80%D1%82%D0%B5%D1%80-%D1%81-%D0%91%D1%80%D0%B5%D0%B6%D0%BD%D0%B5%D0%B2%D1%8B%D0%BC-%D0%B2-%D0%BA%D0%B0%D0%BA%D0%BE%D0%B9-%D1%81%D1%82%D1%80%D0%B0%D0%BD%D0%B5-%D1%87%D0%B0%D1%89%D0%B5/?p=2 HTTP/2.0" 200 14994 "https://baneks.site/%D0%BF%D0%BE%D1%81%D0%BF%D0%BE%D1%80%D0%B8%D0%BB%D0%B8-%D0%9A%D0%B0%D1%80%D1%82%D0%B5%D1%80-%D1%81-%D0%91%D1%80%D0%B5%D0%B6%D0%BD%D0%B5%D0%B2%D1%8B%D0%BC-%D0%B2-%D0%BA%D0%B0%D0%BA%D0%BE%D0%B9-%D1%81%D1%82%D1%80%D0%B0%D0%BD%D0%B5-%D1%87%D0%B0%D1%89%D0%B5/?p=2" "Mozilla/5.0 (iPhone; CPU iPhone OS 13_3_1 like Mac OS X) AppleWebKit/605.1.15 (KHTML, like Gecko) Version/13.0.5 Mobile/15E148 Safari/604.1"
178.154.200.81 - - [22/Jul/2020:22:41:25 +0000] "GET /%D0%B2%D0%BD%D1%83%D0%BA-%D1%88%D0%BA%D0%BE%D0%BB%D1%8C%D0%BD%D0%B8%D0%BA-%D1%81%D0%BF%D1%80%D0%B0%D1%88%D0%B8%D0%B0%D0%B0%D0%B5%D1%82-%D0%B1%D0%B0%D0%B1%D0%BA%D1%83/ HTTP/1.1" 200 12855 "-" "Mozilla/5.0 (compatible; YandexBot/3.0; +http://yandex.com/bots)" "-"
178.154.200.81 - - [22/Jul/2020:22:41:25 +0000] "GET /%D0%B2%D0%BD%D1%83%D0%BA-%D1%88%D0%BA%D0%BE%D0%BB%D1%8C%D0%BD%D0%B8%D0%BA-%D1%81%D0%BF%D1%80%D0%B0%D1%88%D0%B8%D0%B0%D0%B0%D0%B5%D1%82-%D0%B1%D0%B0%D0%B1%D0%BA%D1%83/ HTTP/1.1" 200 12855 "-" "Mozilla/5.0 (compatible; YandexBot/3.0; +http://yandex.com/bots)"
80.110.117.191 - - [22/Jul/2020:22:41:26 +0000] "GET /%D0%BA%D1%80%D1%83%D1%82%D0%BE%D0%B9-%D0%B4%D0%B6%D0%B0%D0%B7%D0%BE%D0%B2%D1%8B%D0%B9-%D0%B1%D0%B0%D1%80-%D0%BF%D1%80%D0%BE%D0%B2%D0%BE%D0%B4%D0%B8%D1%82-%D0%BA%D0%BE%D0%BD%D0%BA%D1%83%D1%80%D1%81/?p=2 HTTP/2.0" 200 15233 "https://baneks.site/%D0%BA%D1%80%D1%83%D1%82%D0%BE%D0%B9-%D0%B4%D0%B6%D0%B0%D0%B7%D0%BE%D0%B2%D1%8B%D0%B9-%D0%B1%D0%B0%D1%80-%D0%BF%D1%80%D0%BE%D0%B2%D0%BE%D0%B4%D0%B8%D1%82-%D0%BA%D0%BE%D0%BD%D0%BA%D1%83%D1%80%D1%81/" "Mozilla/5.0 (Linux; Android 9; ONEPLUS A3003) AppleWebKit/537.36 (KHTML, like Gecko) Chrome/84.0.4147.89 Mobile Safari/537.36" "-"
80.110.117.191 - - [22/Jul/2020:22:41:26 +0000] "GET /%D0%BA%D1%80%D1%83%D1%82%D0%BE%D0%B9-%D0%B4%D0%B6%D0%B0%D0%B7%D0%BE%D0%B2%D1%8B%D0%B9-%D0%B1%D0%B0%D1%80-%D0%BF%D1%80%D0%BE%D0%B2%D0%BE%D0%B4%D0%B8%D1%82-%D0%BA%D0%BE%D0%BD%D0%BA%D1%83%D1%80%D1%81/?p=2 HTTP/2.0" 200 15233 "https://baneks.site/%D0%BA%D1%80%D1%83%D1%82%D0%BE%D0%B9-%D0%B4%D0%B6%D0%B0%D0%B7%D0%BE%D0%B2%D1%8B%D0%B9-%D0%B1%D0%B0%D1%80-%D0%BF%D1%80%D0%BE%D0%B2%D0%BE%D0%B4%D0%B8%D1%82-%D0%BA%D0%BE%D0%BD%D0%BA%D1%83%D1%80%D1%81/" "Mozilla/5.0 (Linux; Android 9; ONEPLUS A3003) AppleWebKit/537.36 (KHTML, like Gecko) Chrome/84.0.4147.89 Mobile Safari/537.36"
80.110.117.191 - - [22/Jul/2020:22:41:28 +0000] "GET /%D0%BA%D1%80%D1%83%D1%82%D0%BE%D0%B9-%D0%B4%D0%B6%D0%B0%D0%B7%D0%BE%D0%B2%D1%8B%D0%B9-%D0%B1%D0%B0%D1%80-%D0%BF%D1%80%D0%BE%D0%B2%D0%BE%D0%B4%D0%B8%D1%82-%D0%BA%D0%BE%D0%BD%D0%BA%D1%83%D1%80%D1%81/?p=2 HTTP/2.0" 200 15233 "https://baneks.site/%D0%BA%D1%80%D1%83%D1%82%D0%BE%D0%B9-%D0%B4%D0%B6%D0%B0%D0%B7%D0%BE%D0%B2%D1%8B%D0%B9-%D0%B1%D0%B0%D1%80-%D0%BF%D1%80%D0%BE%D0%B2%D0%BE%D0%B4%D0%B8%D1%82-%D0%BA%D0%BE%D0%BD%D0%BA%D1%83%D1%80%D1%81/?p=2" "Mozilla/5.0 (Linux; Android 9; ONEPLUS A3003) AppleWebKit/537.36 (KHTML, like Gecko) Chrome/84.0.4147.89 Mobile Safari/537.36" "-"
80.110.117.191 - - [22/Jul/2020:22:41:28 +0000] "GET /%D0%BA%D1%80%D1%83%D1%82%D0%BE%D0%B9-%D0%B4%D0%B6%D0%B0%D0%B7%D0%BE%D0%B2%D1%8B%D0%B9-%D0%B1%D0%B0%D1%80-%D0%BF%D1%80%D0%BE%D0%B2%D0%BE%D0%B4%D0%B8%D1%82-%D0%BA%D0%BE%D0%BD%D0%BA%D1%83%D1%80%D1%81/?p=2 HTTP/2.0" 200 15233 "https://baneks.site/%D0%BA%D1%80%D1%83%D1%82%D0%BE%D0%B9-%D0%B4%D0%B6%D0%B0%D0%B7%D0%BE%D0%B2%D1%8B%D0%B9-%D0%B1%D0%B0%D1%80-%D0%BF%D1%80%D0%BE%D0%B2%D0%BE%D0%B4%D0%B8%D1%82-%D0%BA%D0%BE%D0%BD%D0%BA%D1%83%D1%80%D1%81/?p=2" "Mozilla/5.0 (Linux; Android 9; ONEPLUS A3003) AppleWebKit/537.36 (KHTML, like Gecko) Chrome/84.0.4147.89 Mobile Safari/537.36"
178.154.200.81 - - [22/Jul/2020:22:41:31 +0000] "GET /tag/%D0%B5%D0%B2%D1%80%D0%B5%D0%B9/?p=68 HTTP/1.1" 200 11410 "-" "Mozilla/5.0 (compatible; YandexBot/3.0; +http://yandex.com/bots)" "-"
178.154.200.81 - - [22/Jul/2020:22:41:31 +0000] "GET /tag/%D0%B5%D0%B2%D1%80%D0%B5%D0%B9/?p=68 HTTP/1.1" 200 11410 "-" "Mozilla/5.0 (compatible; YandexBot/3.0; +http://yandex.com/bots)"
193.33.64.129 - - [22/Jul/2020:22:41:40 +0000] "GET /best/ HTTP/2.0" 200 16371 "https://www.google.com/" "Mozilla/5.0 (Linux; Android 9; Redmi Note 7) AppleWebKit/537.36 (KHTML, like Gecko) Chrome/84.0.4147.89 Mobile Safari/537.36" "-"
193.33.64.129 - - [22/Jul/2020:22:41:40 +0000] "GET /best/ HTTP/2.0" 200 16371 "https://www.google.com/" "Mozilla/5.0 (Linux; Android 9; Redmi Note 7) AppleWebKit/537.36 (KHTML, like Gecko) Chrome/84.0.4147.89 Mobile Safari/537.36"
78.37.249.182 - - [22/Jul/2020:22:41:41 +0000] "GET /new/ HTTP/2.0" 200 16296 "https://baneks.site/" "Mozilla/5.0 (Windows NT 6.3; Win64; x64; rv:78.0) Gecko/20100101 Firefox/78.0" "-"
78.37.249.182 - - [22/Jul/2020:22:41:41 +0000] "GET /new/ HTTP/2.0" 200 16296 "https://baneks.site/" "Mozilla/5.0 (Windows NT 6.3; Win64; x64; rv:78.0) Gecko/20100101 Firefox/78.0"
93.170.25.47 - - [22/Jul/2020:22:41:42 +0000] "GET /%D0%B6%D0%B0%D0%BB%D1%8C-%D1%87%D1%82%D0%BE-%D1%83-%D0%A2%D0%BE%D0%B1%D0%B8-%D0%9C%D0%B0%D0%B3%D1%83%D0%B0%D0%B9%D1%80%D0%B0-%D1%84%D0%B0%D0%BC%D0%B8%D0%BB%D0%B8%D1%8F-%D0%BD%D0%B5/ HTTP/2.0" 200 9731 "https://www.google.com.ua/" "Mozilla/5.0 (iPhone; CPU iPhone OS 13_5_1 like Mac OS X) AppleWebKit/605.1.15 (KHTML, like Gecko) Version/13.1.1 Mobile/15E148 Safari/604.1" "-"
93.170.25.47 - - [22/Jul/2020:22:41:42 +0000] "GET /%D0%B6%D0%B0%D0%BB%D1%8C-%D1%87%D1%82%D0%BE-%D1%83-%D0%A2%D0%BE%D0%B1%D0%B8-%D0%9C%D0%B0%D0%B3%D1%83%D0%B0%D0%B9%D1%80%D0%B0-%D1%84%D0%B0%D0%BC%D0%B8%D0%BB%D0%B8%D1%8F-%D0%BD%D0%B5/ HTTP/2.0" 200 9731 "https://www.google.com.ua/" "Mozilla/5.0 (iPhone; CPU iPhone OS 13_5_1 like Mac OS X) AppleWebKit/605.1.15 (KHTML, like Gecko) Version/13.1.1 Mobile/15E148 Safari/604.1"
193.33.64.129 - - [22/Jul/2020:22:41:43 +0000] "GET /best/ HTTP/2.0" 304 0 "https://baneks.site/best/" "Mozilla/5.0 (Linux; Android 9; Redmi Note 7) AppleWebKit/537.36 (KHTML, like Gecko) Chrome/84.0.4147.89 Mobile Safari/537.36" "-"
193.33.64.129 - - [22/Jul/2020:22:41:43 +0000] "GET /best/ HTTP/2.0" 304 0 "https://baneks.site/best/" "Mozilla/5.0 (Linux; Android 9; Redmi Note 7) AppleWebKit/537.36 (KHTML, like Gecko) Chrome/84.0.4147.89 Mobile Safari/537.36"
144.76.6.230 - - [22/Jul/2020:22:41:43 +0000] "GET /%D0%B4%D0%B0%D0%B9%D1%82%D0%B5-%D0%BC%D0%BD%D0%B5-%D1%82%D0%BE%D1%87%D0%BA%D1%83-%D0%BE%D0%BF%D0%BE%D1%80%D1%8B-%D0%B8-%D1%8F-%D0%BF%D0%B5%D1%80%D0%B5%D0%B2%D0%B5%D1%80%D0%BD%D1%83-%D0%B7%D0%B5%D0%BC%D0%BB%D1%8E/?p=1/ HTTP/1.1" 404 3939 "-" "Mozilla/5.0 (compatible; MJ12bot/v1.4.8; http://mj12bot.com/)" "-"
144.76.6.230 - - [22/Jul/2020:22:41:43 +0000] "GET /%D0%B4%D0%B0%D0%B9%D1%82%D0%B5-%D0%BC%D0%BD%D0%B5-%D1%82%D0%BE%D1%87%D0%BA%D1%83-%D0%BE%D0%BF%D0%BE%D1%80%D1%8B-%D0%B8-%D1%8F-%D0%BF%D0%B5%D1%80%D0%B5%D0%B2%D0%B5%D1%80%D0%BD%D1%83-%D0%B7%D0%B5%D0%BC%D0%BB%D1%8E/?p=1/ HTTP/1.1" 404 3939 "-" "Mozilla/5.0 (compatible; MJ12bot/v1.4.8; http://mj12bot.com/)"
178.154.200.81 - - [22/Jul/2020:22:41:44 +0000] "GET /tag/%D0%BC%D1%83%D0%B6%D0%B8%D0%BA/?p=27 HTTP/1.1" 200 11371 "-" "Mozilla/5.0 (compatible; YandexBot/3.0; +http://yandex.com/bots)" "-"
178.154.200.81 - - [22/Jul/2020:22:41:44 +0000] "GET /tag/%D0%BC%D1%83%D0%B6%D0%B8%D0%BA/?p=27 HTTP/1.1" 200 11371 "-" "Mozilla/5.0 (compatible; YandexBot/3.0; +http://yandex.com/bots)"
5.45.207.181 - - [22/Jul/2020:22:41:46 +0000] "GET /%D0%B2%D0%B0%D1%88-%D1%80%D0%B5%D0%B1%D0%B5%D0%BD%D0%BE%D0%BA-%D0%BF%D1%80%D0%BE%D1%81%D0%BB%D1%83%D0%B6%D0%B8%D1%82-%D0%B4%D0%BE%D0%BB%D1%8C%D1%88%D0%B5/?p=2 HTTP/1.1" 200 14669 "-" "Mozilla/5.0 (iPhone; CPU iPhone OS 8_1 like Mac OS X) AppleWebKit/600.1.4 (KHTML, like Gecko) Version/8.0 Mobile/12B411 Safari/600.1.4 (compatible; YandexMobileBot/3.0; +http://yandex.com/bots)" "-"
5.45.207.181 - - [22/Jul/2020:22:41:46 +0000] "GET /%D0%B2%D0%B0%D1%88-%D1%80%D0%B5%D0%B1%D0%B5%D0%BD%D0%BE%D0%BA-%D0%BF%D1%80%D0%BE%D1%81%D0%BB%D1%83%D0%B6%D0%B8%D1%82-%D0%B4%D0%BE%D0%BB%D1%8C%D1%88%D0%B5/?p=2 HTTP/1.1" 200 14669 "-" "Mozilla/5.0 (iPhone; CPU iPhone OS 8_1 like Mac OS X) AppleWebKit/600.1.4 (KHTML, like Gecko) Version/8.0 Mobile/12B411 Safari/600.1.4 (compatible; YandexMobileBot/3.0; +http://yandex.com/bots)"
193.33.64.129 - - [22/Jul/2020:22:41:48 +0000] "GET /%D0%B6%D0%B5%D0%BD%D1%89%D0%B8%D0%BD%D0%B0-%D0%B8-%D0%B5%D1%91-%D0%BB%D1%8E%D0%B1%D0%BE%D0%B2%D0%BD%D0%B8%D0%BA-%D0%BD%D0%B0%D1%85%D0%BE%D0%B4%D0%B8%D0%BB%D0%B8%D1%81%D1%8C-%D0%B2-%D0%B4%D0%BE%D0%BC%D0%B5-%D0%BF%D0%BE%D0%BA%D0%B0-%D0%BC%D1%83%D0%B6/ HTTP/2.0" 200 15930 "https://baneks.site/best/" "Mozilla/5.0 (Linux; Android 9; Redmi Note 7) AppleWebKit/537.36 (KHTML, like Gecko) Chrome/84.0.4147.89 Mobile Safari/537.36" "-"
193.33.64.129 - - [22/Jul/2020:22:41:48 +0000] "GET /%D0%B6%D0%B5%D0%BD%D1%89%D0%B8%D0%BD%D0%B0-%D0%B8-%D0%B5%D1%91-%D0%BB%D1%8E%D0%B1%D0%BE%D0%B2%D0%BD%D0%B8%D0%BA-%D0%BD%D0%B0%D1%85%D0%BE%D0%B4%D0%B8%D0%BB%D0%B8%D1%81%D1%8C-%D0%B2-%D0%B4%D0%BE%D0%BC%D0%B5-%D0%BF%D0%BE%D0%BA%D0%B0-%D0%BC%D1%83%D0%B6/ HTTP/2.0" 200 15930 "https://baneks.site/best/" "Mozilla/5.0 (Linux; Android 9; Redmi Note 7) AppleWebKit/537.36 (KHTML, like Gecko) Chrome/84.0.4147.89 Mobile Safari/537.36"
