144.76.6.230 - - [22/Jul/2020:22:43:53 +0000] "GET /%D0%B4%D0%B2%D0%B0-%D0%B3%D1%80%D1%83%D0%B7%D0%B8%D0%BD%D0%B0-%D0%BF%D0%BE%D1%88%D0%BB%D0%B8-%D0%BF%D0%BE%D0%B4%D1%81%D1%82%D1%80%D0%B8%D0%B3%D0%B0%D1%82%D1%8C%D1%81%D1%8F/ HTTP/1.1" 200 13438 "-" "Mozilla/5.0 (compatible; MJ12bot/v1.4.8; http://mj12bot.com/)"
95.153.134.214 - - [22/Jul/2020:22:43:54 +0000] "GET /%D0%B8%D0%B4%D1%83%D1%82-%D0%BF%D0%BE-%D0%BB%D0%B5%D1%81%D1%83-%D0%B4%D1%8E%D0%B9%D0%BC%D0%BE%D0%B2%D0%BE%D1%87%D0%BA%D0%B0-%D0%B1%D0%B5%D0%BB%D0%BE%D1%81%D0%BD%D0%B5%D0%B6%D0%BA%D0%B0-%D0%B8-%D1%85%D1%83%D0%B5%D1%81%D0%BE%D1%81/?p=3 HTTP/2.0" 200 13542 "https://www.google.ru/" "Mozilla/5.0 (iPhone; CPU iPhone OS 13_5_1 like Mac OS X) AppleWebKit/605.1.15 (KHTML, like Gecko) Version/13.1.1 Mobile/15E148 Safari/604.1" "-"
95.153.134.214 - - [22/Jul/2020:22:43:54 +0000] "GET /%D0%B8%D0%B4%D1%83%D1%82-%D0%BF%D0%BE-%D0%BB%D0%B5%D1%81%D1%83-%D0%B4%D1%8E%D0%B9%D0%BC%D0%BE%D0%B2%D0%BE%D1%87%D0%BA%D0%B0-%D0%B1%D0%B5%D0%BB%D0%BE%D1%81%D0%BD%D0%B5%D0%B6%D0%BA%D0%B0-%D0%B8-%D1%85%D1%83%D0%B5%D1%81%D0%BE%D1%81/?p=3 HTTP/2.0" 200 13542 "https://www.google.ru/" "Mozilla/5.0 (iPhone; CPU iPhone OS 13_5_1 like Mac OS X) AppleWebKit/605.1.15 (KHTML, like Gecko) Version/13.1.1 Mobile/15E148 Safari/604.1"
213.87.145.4 - - [22/Jul/2020:22:43:54 +0000] "GET /%D0%B4%D0%B2%D0%B0-%D0%B3%D1%80%D1%83%D0%B7%D0%B8%D0%BD%D0%B0-%D0%BF%D0%BE%D1%88%D0%BB%D0%B8-%D0%BF%D0%BE%D0%B4%D1%81%D1%82%D1%80%D0%B8%D0%B3%D0%B0%D1%82%D1%8C%D1%81%D1%8F/ HTTP/2.0" 200 13516 "https://baneks.site/%D0%B4%D0%B2%D0%B0-%D0%B3%D1%80%D1%83%D0%B7%D0%B8%D0%BD%D0%B0-%D0%BF%D0%BE%D1%88%D0%BB%D0%B8-%D0%BF%D0%BE%D0%B4%D1%81%D1%82%D1%80%D0%B8%D0%B3%D0%B0%D1%82%D1%8C%D1%81%D1%8F/" "Mozilla/5.0 (iPhone; CPU iPhone OS 13_5 like Mac OS X) AppleWebKit/605.1.15 (KHTML, like Gecko) CriOS/81.0.4044.124 Mobile/15E148 Safari/604.1" "-"
213.87.145.4 - - [22/Jul/2020:22:43:54 +0000] "GET /%D0%B4%D0%B2%D0%B0-%D0%B3%D1%80%D1%83%D0%B7%D0%B8%D0%BD%D0%B0-%D0%BF%D0%BE%D1%88%D0%BB%D0%B8-%D0%BF%D0%BE%D0%B4%D1%81%D1%82%D1%80%D0%B8%D0%B3%D0%B0%D1%82%D1%8C%D1%81%D1%8F/ HTTP/2.0" 200 13516 "https://baneks.site/%D0%B4%D0%B2%D0%B0-%D0%B3%D1%80%D1%83%D0%B7%D0%B8%D0%BD%D0%B0-%D0%BF%D0%BE%D1%88%D0%BB%D0%B8-%D0%BF%D0%BE%D0%B4%D1%81%D1%82%D1%80%D0%B8%D0%B3%D0%B0%D1%82%D1%8C%D1%81%D1%8F/" "Mozilla/5.0 (iPhone; CPU iPhone OS 13_5 like Mac OS X) AppleWebKit/605.1.15 (KHTML, like Gecko) CriOS/81.0.4044.124 Mobile/15E148 Safari/604.1"
95.153.134.214 - - [22/Jul/2020:22:43:56 +0000] "GET /%D0%B8%D0%B4%D1%83%D1%82-%D0%BF%D0%BE-%D0%BB%D0%B5%D1%81%D1%83-%D0%B4%D1%8E%D0%B9%D0%BC%D0%BE%D0%B2%D0%BE%D1%87%D0%BA%D0%B0-%D0%B1%D0%B5%D0%BB%D0%BE%D1%81%D0%BD%D0%B5%D0%B6%D0%BA%D0%B0-%D0%B8-%D1%85%D1%83%D0%B5%D1%81%D0%BE%D1%81/?p=3 HTTP/2.0" 200 13542 "https://baneks.site/%D0%B8%D0%B4%D1%83%D1%82-%D0%BF%D0%BE-%D0%BB%D0%B5%D1%81%D1%83-%D0%B4%D1%8E%D0%B9%D0%BC%D0%BE%D0%B2%D0%BE%D1%87%D0%BA%D0%B0-%D0%B1%D0%B5%D0%BB%D0%BE%D1%81%D0%BD%D0%B5%D0%B6%D0%BA%D0%B0-%D0%B8-%D1%85%D1%83%D0%B5%D1%81%D0%BE%D1%81/?p=3" "Mozilla/5.0 (iPhone; CPU iPhone OS 13_5_1 like Mac OS X) AppleWebKit/605.1.15 (KHTML, like Gecko) Version/13.1.1 Mobile/15E148 Safari/604.1" "-"
95.153.134.214 - - [22/Jul/2020:22:43:56 +0000] "GET /%D0%B8%D0%B4%D1%83%D1%82-%D0%BF%D0%BE-%D0%BB%D0%B5%D1%81%D1%83-%D0%B4%D1%8E%D0%B9%D0%BC%D0%BE%D0%B2%D0%BE%D1%87%D0%BA%D0%B0-%D0%B1%D0%B5%D0%BB%D0%BE%D1%81%D0%BD%D0%B5%D0%B6%D0%BA%D0%B0-%D0%B8-%D1%85%D1%83%D0%B5%D1%81%D0%BE%D1%81/?p=3 HTTP/2.0" 200 13542 "https://baneks.site/%D0%B8%D0%B4%D1%83%D1%82-%D0%BF%D0%BE-%D0%BB%D0%B5%D1%81%D1%83-%D0%B4%D1%8E%D0%B9%D0%BC%D0%BE%D0%B2%D0%BE%D1%87%D0%BA%D0%B0-%D0%B1%D0%B5%D0%BB%D0%BE%D1%81%D0%BD%D0%B5%D0%B6%D0%BA%D0%B0-%D0%B8-%D1%85%D1%83%D0%B5%D1%81%D0%BE%D1%81/?p=3" "Mozilla/5.0 (iPhone; CPU iPhone OS 13_5_1 like Mac OS X) AppleWebKit/605.1.15 (KHTML, like Gecko) Version/13.1.1 Mobile/15E148 Safari/604.1"
46.229.168.162 - - [22/Jul/2020:22:43:57 +0000] "GET /tag/%D0%B0%D0%BF%D1%82%D0%B5%D0%BA%D0%B0/ HTTP/1.1" 200 11164 "-" "Mozilla/5.0 (compatible; SemrushBot/6~bl; +http://www.semrush.com/bot.html)" "-"
46.229.168.162 - - [22/Jul/2020:22:43:57 +0000] "GET /tag/%D0%B0%D0%BF%D1%82%D0%B5%D0%BA%D0%B0/ HTTP/1.1" 200 11164 "-" "Mozilla/5.0 (compatible; SemrushBot/6~bl; +http://www.semrush.com/bot.html)"
213.136.78.110 - - [22/Jul/2020:22:43:58 +0000] "HEAD /%D1%83-%D0%B2%D0%B0%D1%81-%D0%BA%D1%80%D0%B5%D1%81%D1%82%D0%B8%D0%BA%D0%B8-%D0%B4%D0%BB%D1%8F-%D0%BC%D0%BE%D0%BD%D1%82%D0%B0%D0%B6%D0%B0-%D0%BF%D0%BB%D0%B8%D1%82%D0%BA%D0%B8-%D0%B5%D1%81%D1%82%D1%8C/ HTTP/2.0" 200 0 "-" "Mozilla/5.0 (Page Audit bot; https://page-audit.com) AppleWebKit/537.36 (KHTML, like Gecko) Chrome/80.0.3987.149 Safari/537.36" "-"
213.136.78.110 - - [22/Jul/2020:22:43:58 +0000] "HEAD /%D1%83-%D0%B2%D0%B0%D1%81-%D0%BA%D1%80%D0%B5%D1%81%D1%82%D0%B8%D0%BA%D0%B8-%D0%B4%D0%BB%D1%8F-%D0%BC%D0%BE%D0%BD%D1%82%D0%B0%D0%B6%D0%B0-%D0%BF%D0%BB%D0%B8%D1%82%D0%BA%D0%B8-%D0%B5%D1%81%D1%82%D1%8C/ HTTP/2.0" 200 0 "-" "Mozilla/5.0 (Page Audit bot; https://page-audit.com) AppleWebKit/537.36 (KHTML, like Gecko) Chrome/80.0.3987.149 Safari/537.36"
212.16.13.129 - - [22/Jul/2020:22:44:08 +0000] "GET /%D0%BF%D0%BE%D1%81%D0%BF%D0%BE%D1%80%D0%B8%D0%BB%D0%B8-%D0%9A%D0%B0%D1%80%D1%82%D0%B5%D1%80-%D1%81-%D0%91%D1%80%D0%B5%D0%B6%D0%BD%D0%B5%D0%B2%D1%8B%D0%BC-%D0%B2-%D0%BA%D0%B0%D0%BA%D0%BE%D0%B9-%D1%81%D1%82%D1%80%D0%B0%D0%BD%D0%B5-%D1%87%D0%B0%D1%89%D0%B5/?p=2 HTTP/2.0" 200 14994 "https://www.google.com/" "Mozilla/5.0 (Linux; Android 7.0; JMM-L22) AppleWebKit/537.36 (KHTML, like Gecko) Chrome/84.0.4147.89 Mobile Safari/537.36" "-"
212.16.13.129 - - [22/Jul/2020:22:44:08 +0000] "GET /%D0%BF%D0%BE%D1%81%D0%BF%D0%BE%D1%80%D0%B8%D0%BB%D0%B8-%D0%9A%D0%B0%D1%80%D1%82%D0%B5%D1%80-%D1%81-%D0%91%D1%80%D0%B5%D0%B6%D0%BD%D0%B5%D0%B2%D1%8B%D0%BC-%D0%B2-%D0%BA%D0%B0%D0%BA%D0%BE%D0%B9-%D1%81%D1%82%D1%80%D0%B0%D0%BD%D0%B5-%D1%87%D0%B0%D1%89%D0%B5/?p=2 HTTP/2.0" 200 14994 "https://www.google.com/" "Mozilla/5.0 (Linux; Android 7.0; JMM-L22) AppleWebKit/537.36 (KHTML, like Gecko) Chrome/84.0.4147.89 Mobile Safari/537.36"
66.249.68.62 - - [22/Jul/2020:22:44:10 +0000] "GET /%D1%80%D1%83%D1%81%D1%81%D0%BA%D0%B8%D0%B9-%D1%81%D0%BF%D1%80%D0%B0%D1%88%D0%B8%D0%B2%D0%B0%D0%B5%D1%82-%D1%83%D0%BA%D1%80%D0%B0%D0%B8%D0%BD%D1%86%D0%B0-%D0%BA%D0%B0%D0%BA-%D0%BF%D0%BE-%D1%83%D0%BA%D1%80%D0%B0%D0%B8%D0%BD%D1%81%D0%BA%D0%B8-%D1%81%D0%BF%D0%B8%D0%BD%D0%B0/ HTTP/1.1" 304 0 "-" "Mozilla/5.0 (Linux; Android 6.0.1; Nexus 5X Build/MMB29P) AppleWebKit/537.36 (KHTML, like Gecko) Chrome/80.0.3987.92 Mobile Safari/537.36 (compatible; Googlebot/2.1; +http://www.google.com/bot.html)" "-"
66.249.68.62 - - [22/Jul/2020:22:44:10 +0000] "GET /%D1%80%D1%83%D1%81%D1%81%D0%BA%D0%B8%D0%B9-%D1%81%D0%BF%D1%80%D0%B0%D1%88%D0%B8%D0%B2%D0%B0%D0%B5%D1%82-%D1%83%D0%BA%D1%80%D0%B0%D0%B8%D0%BD%D1%86%D0%B0-%D0%BA%D0%B0%D0%BA-%D0%BF%D0%BE-%D1%83%D0%BA%D1%80%D0%B0%D0%B8%D0%BD%D1%81%D0%BA%D0%B8-%D1%81%D0%BF%D0%B8%D0%BD%D0%B0/ HTTP/1.1" 304 0 "-" "Mozilla/5.0 (Linux; Android 6.0.1; Nexus 5X Build/MMB29P) AppleWebKit/537.36 (KHTML, like Gecko) Chrome/80.0.3987.92 Mobile Safari/537.36 (compatible; Googlebot/2.1; +http://www.google.com/bot.html)"
212.16.13.129 - - [22/Jul/2020:22:44:11 +0000] "GET /%D0%BF%D0%BE%D1%81%D0%BF%D0%BE%D1%80%D0%B8%D0%BB%D0%B8-%D0%9A%D0%B0%D1%80%D1%82%D0%B5%D1%80-%D1%81-%D0%91%D1%80%D0%B5%D0%B6%D0%BD%D0%B5%D0%B2%D1%8B%D0%BC-%D0%B2-%D0%BA%D0%B0%D0%BA%D0%BE%D0%B9-%D1%81%D1%82%D1%80%D0%B0%D0%BD%D0%B5-%D1%87%D0%B0%D1%89%D0%B5/?p=2 HTTP/2.0" 200 14994 "https://baneks.site/%D0%BF%D0%BE%D1%81%D0%BF%D0%BE%D1%80%D0%B8%D0%BB%D0%B8-%D0%9A%D0%B0%D1%80%D1%82%D0%B5%D1%80-%D1%81-%D0%91%D1%80%D0%B5%D0%B6%D0%BD%D0%B5%D0%B2%D1%8B%D0%BC-%D0%B2-%D0%BA%D0%B0%D0%BA%D0%BE%D0%B9-%D1%81%D1%82%D1%80%D0%B0%D0%BD%D0%B5-%D1%87%D0%B0%D1%89%D0%B5/?p=2" "Mozilla/5.0 (Linux; Android 7.0; JMM-L22) AppleWebKit/537.36 (KHTML, like Gecko) Chrome/84.0.4147.89 Mobile Safari/537.36" "-"
212.16.13.129 - - [22/Jul/2020:22:44:11 +0000] "GET /%D0%BF%D0%BE%D1%81%D0%BF%D0%BE%D1%80%D0%B8%D0%BB%D0%B8-%D0%9A%D0%B0%D1%80%D1%82%D0%B5%D1%80-%D1%81-%D0%91%D1%80%D0%B5%D0%B6%D0%BD%D0%B5%D0%B2%D1%8B%D0%BC-%D0%B2-%D0%BA%D0%B0%D0%BA%D0%BE%D0%B9-%D1%81%D1%82%D1%80%D0%B0%D0%BD%D0%B5-%D1%87%D0%B0%D1%89%D0%B5/?p=2 HTTP/2.0" 200 14994 "https://baneks.site/%D0%BF%D0%BE%D1%81%D0%BF%D0%BE%D1%80%D0%B8%D0%BB%D0%B8-%D0%9A%D0%B0%D1%80%D1%82%D0%B5%D1%80-%D1%81-%D0%91%D1%80%D0%B5%D0%B6%D0%BD%D0%B5%D0%B2%D1%8B%D0%BC-%D0%B2-%D0%BA%D0%B0%D0%BA%D0%BE%D0%B9-%D1%81%D1%82%D1%80%D0%B0%D0%BD%D0%B5-%D1%87%D0%B0%D1%89%D0%B5/?p=2" "Mozilla/5.0 (Linux; Android 7.0; JMM-L22) AppleWebKit/537.36 (KHTML, like Gecko) Chrome/84.0.4147.89 Mobile Safari/537.36"
144.76.6.230 - - [22/Jul/2020:22:44:15 +0000] "GET /%D0%B4%D0%B2%D0%B0-%D0%B3%D1%80%D1%83%D0%B7%D0%B8%D0%BD%D0%B0-%D0%BF%D0%BE%D1%88%D0%BB%D0%B8-%D0%BF%D0%BE%D0%B4%D1%81%D1%82%D1%80%D0%B8%D0%B3%D0%B0%D1%82%D1%8C%D1%81%D1%8F/?p=1/ HTTP/1.1" 404 3922 "-" "Mozilla/5.0 (compatible; MJ12bot/v1.4.8; http://mj12bot.com/)" "-"
144.76.6.230 - - [22/Jul/2020:22:44:15 +0000] "GET /%D0%B4%D0%B2%D0%B0-%D0%B3%D1%80%D1%83%D0%B7%D0%B8%D0%BD%D0%B0-%D0%BF%D0%BE%D1%88%D0%BB%D0%B8-%D0%BF%D0%BE%D0%B4%D1%81%D1%82%D1%80%D0%B8%D0%B3%D0%B0%D1%82%D1%8C%D1%81%D1%8F/?p=1/ HTTP/1.1" 404 3922 "-" "Mozilla/5.0 (compatible; MJ12bot/v1.4.8; http://mj12bot.com/)"
213.87.145.4 - - [22/Jul/2020:22:44:17 +0000] "GET /%D0%BA%D0%BE%D0%BC%D0%B0%D0%BD%D0%B4%D0%B8%D1%80-%D1%8D%D0%BA%D0%B8%D0%BF%D0%B0%D0%B6%D0%B0-%D0%B2%D1%8B%D0%B7%D1%8B%D0%B2%D0%B0%D0%B5%D1%82-%D1%81%D1%82%D1%8E%D0%B0%D1%80%D0%B4%D0%B5%D1%81%D1%81%D1%83-%D0%B8-%D0%B3%D0%BE%D0%B2%D0%BE%D1%80%D0%B8%D1%82/ HTTP/2.0" 200 13145 "https://baneks.site/%D0%BA%D0%BE%D0%BC%D0%B0%D0%BD%D0%B4%D0%B8%D1%80-%D1%8D%D0%BA%D0%B8%D0%BF%D0%B0%D0%B6%D0%B0-%D0%B2%D1%8B%D0%B7%D1%8B%D0%B2%D0%B0%D0%B5%D1%82-%D1%81%D1%82%D1%8E%D0%B0%D1%80%D0%B4%D0%B5%D1%81%D1%81%D1%83-%D0%B8-%D0%B3%D0%BE%D0%B2%D0%BE%D1%80%D0%B8%D1%82/" "Mozilla/5.0 (iPhone; CPU iPhone OS 13_5 like Mac OS X) AppleWebKit/605.1.15 (KHTML, like Gecko) CriOS/81.0.4044.124 Mobile/15E148 Safari/604.1" "-"
213.87.145.4 - - [22/Jul/2020:22:44:17 +0000] "GET /%D0%BA%D0%BE%D0%BC%D0%B0%D0%BD%D0%B4%D0%B8%D1%80-%D1%8D%D0%BA%D0%B8%D0%BF%D0%B0%D0%B6%D0%B0-%D0%B2%D1%8B%D0%B7%D1%8B%D0%B2%D0%B0%D0%B5%D1%82-%D1%81%D1%82%D1%8E%D0%B0%D1%80%D0%B4%D0%B5%D1%81%D1%81%D1%83-%D0%B8-%D0%B3%D0%BE%D0%B2%D0%BE%D1%80%D0%B8%D1%82/ HTTP/2.0" 200 13145 "https://baneks.site/%D0%BA%D0%BE%D0%BC%D0%B0%D0%BD%D0%B4%D0%B8%D1%80-%D1%8D%D0%BA%D0%B8%D0%BF%D0%B0%D0%B6%D0%B0-%D0%B2%D1%8B%D0%B7%D1%8B%D0%B2%D0%B0%D0%B5%D1%82-%D1%81%D1%82%D1%8E%D0%B0%D1%80%D0%B4%D0%B5%D1%81%D1%81%D1%83-%D0%B8-%D0%B3%D0%BE%D0%B2%D0%BE%D1%80%D0%B8%D1%82/" "Mozilla/5.0 (iPhone; CPU iPhone OS 13_5 like Mac OS X) AppleWebKit/605.1.15 (KHTML, like Gecko) CriOS/81.0.4044.124 Mobile/15E148 Safari/604.1"
54.36.148.179 - - [22/Jul/2020:22:44:20 +0000] "GET /tag/%D0%B3%D0%B5%D0%B9/?p=10 HTTP/2.0" 200 10938 "-" "Mozilla/5.0 (compatible; AhrefsBot/6.1; +http://ahrefs.com/robot/)" "-"
54.36.148.179 - - [22/Jul/2020:22:44:20 +0000] "GET /tag/%D0%B3%D0%B5%D0%B9/?p=10 HTTP/2.0" 200 10938 "-" "Mozilla/5.0 (compatible; AhrefsBot/6.1; +http://ahrefs.com/robot/)"
46.229.168.147 - - [22/Jul/2020:22:44:23 +0000] "GET /%D0%BF%D0%BE%D0%B9%D0%BC%D0%B0%D0%BB-%D0%B4%D1%80%D0%B0%D0%BA%D0%BE%D0%BD-%D0%B2-%D0%BB%D0%B5%D1%81%D1%83-%D0%B2%D0%BE%D0%BB%D0%BA%D0%B0-%D0%B3%D0%BE%D0%B2%D0%BE%D1%80%D0%B8%D1%82-%D0%B5%D0%BC%D1%83-%D1%81%D0%BC%D0%BE%D1%82%D1%80%D0%B8/?p=4 HTTP/1.1" 200 8854 "-" "Mozilla/5.0 (compatible; SemrushBot/6~bl; +http://www.semrush.com/bot.html)" "-"
46.229.168.147 - - [22/Jul/2020:22:44:23 +0000] "GET /%D0%BF%D0%BE%D0%B9%D0%BC%D0%B0%D0%BB-%D0%B4%D1%80%D0%B0%D0%BA%D0%BE%D0%BD-%D0%B2-%D0%BB%D0%B5%D1%81%D1%83-%D0%B2%D0%BE%D0%BB%D0%BA%D0%B0-%D0%B3%D0%BE%D0%B2%D0%BE%D1%80%D0%B8%D1%82-%D0%B5%D0%BC%D1%83-%D1%81%D0%BC%D0%BE%D1%82%D1%80%D0%B8/?p=4 HTTP/1.1" 200 8854 "-" "Mozilla/5.0 (compatible; SemrushBot/6~bl; +http://www.semrush.com/bot.html)"
40.77.167.180 - - [22/Jul/2020:22:44:25 +0000] "GET /-%D0%B1%D1%83%D0%B4%D0%B7%D0%B5%D1%88-%D1%86%D1%8B%D0%B1%D1%83%D0%BB%D1%8E-%D0%B5%D1%81%D1%8C%D1%86%D1%96-%D0%B0-%D1%87%D1%82%D0%BE-%D1%8D%D1%82%D0%BE-%D0%BB%D1%83%D0%BA/ HTTP/1.1" 200 12744 "-" "Mozilla/5.0 (compatible; bingbot/2.0; +http://www.bing.com/bingbot.htm)" "-"
40.77.167.180 - - [22/Jul/2020:22:44:25 +0000] "GET /-%D0%B1%D1%83%D0%B4%D0%B7%D0%B5%D1%88-%D1%86%D1%8B%D0%B1%D1%83%D0%BB%D1%8E-%D0%B5%D1%81%D1%8C%D1%86%D1%96-%D0%B0-%D1%87%D1%82%D0%BE-%D1%8D%D1%82%D0%BE-%D0%BB%D1%83%D0%BA/ HTTP/1.1" 200 12744 "-" "Mozilla/5.0 (compatible; bingbot/2.0; +http://www.bing.com/bingbot.htm)"
213.87.160.157 - - [22/Jul/2020:22:44:31 +0000] "GET /%D0%BF%D0%BE%D1%81%D0%BF%D0%BE%D1%80%D0%B8%D0%BB%D0%B8-%D0%9A%D0%B0%D1%80%D1%82%D0%B5%D1%80-%D1%81-%D0%91%D1%80%D0%B5%D0%B6%D0%BD%D0%B5%D0%B2%D1%8B%D0%BC-%D0%B2-%D0%BA%D0%B0%D0%BA%D0%BE%D0%B9-%D1%81%D1%82%D1%80%D0%B0%D0%BD%D0%B5-%D1%87%D0%B0%D1%89%D0%B5/ HTTP/2.0" 200 15110 "http://yandex.ru/searchapp?text=" "Mozilla/5.0 (Linux; Android 10; vivo 1938 Build/QP1A.190711.020) AppleWebKit/537.36 (KHTML, like Gecko) Chrome/78.0.3904.96 Mobile Safari/537.36 YaApp_Android/11.20 YaSearchBrowser/11.20" "-"
213.87.160.157 - - [22/Jul/2020:22:44:31 +0000] "GET /%D0%BF%D0%BE%D1%81%D0%BF%D0%BE%D1%80%D0%B8%D0%BB%D0%B8-%D0%9A%D0%B0%D1%80%D1%82%D0%B5%D1%80-%D1%81-%D0%91%D1%80%D0%B5%D0%B6%D0%BD%D0%B5%D0%B2%D1%8B%D0%BC-%D0%B2-%D0%BA%D0%B0%D0%BA%D0%BE%D0%B9-%D1%81%D1%82%D1%80%D0%B0%D0%BD%D0%B5-%D1%87%D0%B0%D1%89%D0%B5/ HTTP/2.0" 200 15110 "http://yandex.ru/searchapp?text=" "Mozilla/5.0 (Linux; Android 10; vivo 1938 Build/QP1A.190711.020) AppleWebKit/537.36 (KHTML, like Gecko) Chrome/78.0.3904.96 Mobile Safari/537.36 YaApp_Android/11.20 YaSearchBrowser/11.20"
213.87.160.157 - - [22/Jul/2020:22:44:33 +0000] "GET /%D0%BF%D0%BE%D1%81%D0%BF%D0%BE%D1%80%D0%B8%D0%BB%D0%B8-%D0%9A%D0%B0%D1%80%D1%82%D0%B5%D1%80-%D1%81-%D0%91%D1%80%D0%B5%D0%B6%D0%BD%D0%B5%D0%B2%D1%8B%D0%BC-%D0%B2-%D0%BA%D0%B0%D0%BA%D0%BE%D0%B9-%D1%81%D1%82%D1%80%D0%B0%D0%BD%D0%B5-%D1%87%D0%B0%D1%89%D0%B5/ HTTP/2.0" 200 15110 "https://baneks.site/%D0%BF%D0%BE%D1%81%D0%BF%D0%BE%D1%80%D0%B8%D0%BB%D0%B8-%D0%9A%D0%B0%D1%80%D1%82%D0%B5%D1%80-%D1%81-%D0%91%D1%80%D0%B5%D0%B6%D0%BD%D0%B5%D0%B2%D1%8B%D0%BC-%D0%B2-%D0%BA%D0%B0%D0%BA%D0%BE%D0%B9-%D1%81%D1%82%D1%80%D0%B0%D0%BD%D0%B5-%D1%87%D0%B0%D1%89%D0%B5/" "Mozilla/5.0 (Linux; Android 10; vivo 1938 Build/QP1A.190711.020) AppleWebKit/537.36 (KHTML, like Gecko) Chrome/78.0.3904.96 Mobile Safari/537.36 YaApp_Android/11.20 YaSearchBrowser/11.20" "-"
213.87.160.157 - - [22/Jul/2020:22:44:33 +0000] "GET /%D0%BF%D0%BE%D1%81%D0%BF%D0%BE%D1%80%D0%B8%D0%BB%D0%B8-%D0%9A%D0%B0%D1%80%D1%82%D0%B5%D1%80-%D1%81-%D0%91%D1%80%D0%B5%D0%B6%D0%BD%D0%B5%D0%B2%D1%8B%D0%BC-%D0%B2-%D0%BA%D0%B0%D0%BA%D0%BE%D0%B9-%D1%81%D1%82%D1%80%D0%B0%D0%BD%D0%B5-%D1%87%D0%B0%D1%89%D0%B5/ HTTP/2.0" 200 15110 "https://baneks.site/%D0%BF%D0%BE%D1%81%D0%BF%D0%BE%D1%80%D0%B8%D0%BB%D0%B8-%D0%9A%D0%B0%D1%80%D1%82%D0%B5%D1%80-%D1%81-%D0%91%D1%80%D0%B5%D0%B6%D0%BD%D0%B5%D0%B2%D1%8B%D0%BC-%D0%B2-%D0%BA%D0%B0%D0%BA%D0%BE%D0%B9-%D1%81%D1%82%D1%80%D0%B0%D0%BD%D0%B5-%D1%87%D0%B0%D1%89%D0%B5/" "Mozilla/5.0 (Linux; Android 10; vivo 1938 Build/QP1A.190711.020) AppleWebKit/537.36 (KHTML, like Gecko) Chrome/78.0.3904.96 Mobile Safari/537.36 YaApp_Android/11.20 YaSearchBrowser/11.20"
178.154.200.81 - - [22/Jul/2020:22:44:34 +0000] "GET /%D0%BF%D0%B0%D1%80%D0%BD%D1%8F-%D0%BA%D0%BE%D1%82%D0%BE%D1%80%D1%8B%D0%B9-%D0%BB%D1%8E%D0%B1%D0%B8%D1%82-%D0%B4%D0%BB%D0%B8%D0%BD%D0%BD%D1%8B%D0%B5-%D0%BA%D1%83%D1%80%D1%82%D0%BA%D0%B8/ HTTP/1.1" 200 12842 "-" "Mozilla/5.0 (compatible; YandexBot/3.0; +http://yandex.com/bots)" "-"
178.154.200.81 - - [22/Jul/2020:22:44:34 +0000] "GET /%D0%BF%D0%B0%D1%80%D0%BD%D1%8F-%D0%BA%D0%BE%D1%82%D0%BE%D1%80%D1%8B%D0%B9-%D0%BB%D1%8E%D0%B1%D0%B8%D1%82-%D0%B4%D0%BB%D0%B8%D0%BD%D0%BD%D1%8B%D0%B5-%D0%BA%D1%83%D1%80%D1%82%D0%BA%D0%B8/ HTTP/1.1" 200 12842 "-" "Mozilla/5.0 (compatible; YandexBot/3.0; +http://yandex.com/bots)"
46.229.168.162 - - [22/Jul/2020:22:44:35 +0000] "GET /%D0%BC%D1%83%D0%B6%D0%B8%D0%BA-%D0%B5%D0%B1%D0%B5%D1%82-%D0%B1%D0%B0%D0%B1%D1%83/?p=2 HTTP/1.1" 200 11225 "-" "Mozilla/5.0 (compatible; SemrushBot/6~bl; +http://www.semrush.com/bot.html)" "-"
46.229.168.162 - - [22/Jul/2020:22:44:35 +0000] "GET /%D0%BC%D1%83%D0%B6%D0%B8%D0%BA-%D0%B5%D0%B1%D0%B5%D1%82-%D0%B1%D0%B0%D0%B1%D1%83/?p=2 HTTP/1.1" 200 11225 "-" "Mozilla/5.0 (compatible; SemrushBot/6~bl; +http://www.semrush.com/bot.html)"
144.76.6.230 - - [22/Jul/2020:22:44:37 +0000] "GET /%D0%B4%D0%B2%D0%B0-%D0%B3%D1%80%D1%83%D0%B7%D0%B8%D0%BD%D0%B0-%D0%BF%D0%BE%D1%88%D0%BB%D0%B8-%D0%BF%D0%BE%D0%B4%D1%81%D1%82%D1%80%D0%B8%D0%B3%D0%B0%D1%82%D1%8C%D1%81%D1%8F/?p=2/ HTTP/1.1" 404 3922 "-" "Mozilla/5.0 (compatible; MJ12bot/v1.4.8; http://mj12bot.com/)" "-"
144.76.6.230 - - [22/Jul/2020:22:44:37 +0000] "GET /%D0%B4%D0%B2%D0%B0-%D0%B3%D1%80%D1%83%D0%B7%D0%B8%D0%BD%D0%B0-%D0%BF%D0%BE%D1%88%D0%BB%D0%B8-%D0%BF%D0%BE%D0%B4%D1%81%D1%82%D1%80%D0%B8%D0%B3%D0%B0%D1%82%D1%8C%D1%81%D1%8F/?p=2/ HTTP/1.1" 404 3922 "-" "Mozilla/5.0 (compatible; MJ12bot/v1.4.8; http://mj12bot.com/)"
178.68.139.117 - - [22/Jul/2020:22:44:41 +0000] "GET /best/ HTTP/2.0" 200 16371 "https://baneks.site/%D0%B2%D1%8B%D1%85%D0%BE%D0%B4%D0%B8%D1%82-%D1%82%D1%91%D1%89%D0%B0-%D0%B8%D0%B7-%D1%82%D0%BE%D0%BB%D1%87%D0%BA%D0%B0-%D0%B2%D0%B8%D0%B4%D0%B8%D1%82-%D0%B7%D1%8F%D1%82%D1%8C-%D0%B2-%D0%B2%D0%B0%D0%BD%D0%BD%D0%BE%D0%B9-%D0%B1%D1%80%D0%B5%D0%B5%D1%82%D1%81%D1%8F/" "Mozilla/5.0 (Windows NT 10.0; Win64; x64) AppleWebKit/537.36 (KHTML, like Gecko) Chrome/83.0.4103.106 YaBrowser/20.7.1.70 Yowser/2.5 Yptp/1.23 Safari/537.36" "-"
178.68.139.117 - - [22/Jul/2020:22:44:41 +0000] "GET /best/ HTTP/2.0" 200 16371 "https://baneks.site/%D0%B2%D1%8B%D1%85%D0%BE%D0%B4%D0%B8%D1%82-%D1%82%D1%91%D1%89%D0%B0-%D0%B8%D0%B7-%D1%82%D0%BE%D0%BB%D1%87%D0%BA%D0%B0-%D0%B2%D0%B8%D0%B4%D0%B8%D1%82-%D0%B7%D1%8F%D1%82%D1%8C-%D0%B2-%D0%B2%D0%B0%D0%BD%D0%BD%D0%BE%D0%B9-%D0%B1%D1%80%D0%B5%D0%B5%D1%82%D1%81%D1%8F/" "Mozilla/5.0 (Windows NT 10.0; Win64; x64) AppleWebKit/537.36 (KHTML, like Gecko) Chrome/83.0.4103.106 YaBrowser/20.7.1.70 Yowser/2.5 Yptp/1.23 Safari/537.36"
178.154.200.81 - - [22/Jul/2020:22:44:46 +0000] "GET /%D0%BF%D0%BE%D1%81%D0%BF%D0%BE%D1%80%D0%B8%D0%BB%D0%B8-%D0%9A%D0%B0%D1%80%D1%82%D0%B5%D1%80-%D1%81-%D0%91%D1%80%D0%B5%D0%B6%D0%BD%D0%B5%D0%B2%D1%8B%D0%BC-%D0%B2-%D0%BA%D0%B0%D0%BA%D0%BE%D0%B9-%D1%81%D1%82%D1%80%D0%B0%D0%BD%D0%B5-%D1%87%D0%B0%D1%89%D0%B5/ HTTP/1.1" 200 15302 "-" "Mozilla/5.0 (compatible; YandexBot/3.0; +http://yandex.com/bots)" "-"
178.154.200.81 - - [22/Jul/2020:22:44:46 +0000] "GET /%D0%BF%D0%BE%D1%81%D0%BF%D0%BE%D1%80%D0%B8%D0%BB%D0%B8-%D0%9A%D0%B0%D1%80%D1%82%D0%B5%D1%80-%D1%81-%D0%91%D1%80%D0%B5%D0%B6%D0%BD%D0%B5%D0%B2%D1%8B%D0%BC-%D0%B2-%D0%BA%D0%B0%D0%BA%D0%BE%D0%B9-%D1%81%D1%82%D1%80%D0%B0%D0%BD%D0%B5-%D1%87%D0%B0%D1%89%D0%B5/ HTTP/1.1" 200 15302 "-" "Mozilla/5.0 (compatible; YandexBot/3.0; +http://yandex.com/bots)"
178.68.139.117 - - [22/Jul/2020:22:44:49 +0000] "GET /%D0%B6%D0%B5%D0%BD%D1%89%D0%B8%D0%BD%D0%B0-%D0%B8-%D0%B5%D1%91-%D0%BB%D1%8E%D0%B1%D0%BE%D0%B2%D0%BD%D0%B8%D0%BA-%D0%BD%D0%B0%D1%85%D0%BE%D0%B4%D0%B8%D0%BB%D0%B8%D1%81%D1%8C-%D0%B2-%D0%B4%D0%BE%D0%BC%D0%B5-%D0%BF%D0%BE%D0%BA%D0%B0-%D0%BC%D1%83%D0%B6/ HTTP/2.0" 200 15930 "https://baneks.site/best/" "Mozilla/5.0 (Windows NT 10.0; Win64; x64) AppleWebKit/537.36 (KHTML, like Gecko) Chrome/83.0.4103.106 YaBrowser/20.7.1.70 Yowser/2.5 Yptp/1.23 Safari/537.36" "-"
178.68.139.117 - - [22/Jul/2020:22:44:49 +0000] "GET /%D0%B6%D0%B5%D0%BD%D1%89%D0%B8%D0%BD%D0%B0-%D0%B8-%D0%B5%D1%91-%D0%BB%D1%8E%D0%B1%D0%BE%D0%B2%D0%BD%D0%B8%D0%BA-%D0%BD%D0%B0%D1%85%D0%BE%D0%B4%D0%B8%D0%BB%D0%B8%D1%81%D1%8C-%D0%B2-%D0%B4%D0%BE%D0%BC%D0%B5-%D0%BF%D0%BE%D0%BA%D0%B0-%D0%BC%D1%83%D0%B6/ HTTP/2.0" 200 15930 "https://baneks.site/best/" "Mozilla/5.0 (Windows NT 10.0; Win64; x64) AppleWebKit/537.36 (KHTML, like Gecko) Chrome/83.0.4103.106 YaBrowser/20.7.1.70 Yowser/2.5 Yptp/1.23 Safari/537.36"
178.68.139.117 - - [22/Jul/2020:22:44:50 +0000] "GET /%D0%B6%D0%B5%D0%BD%D1%89%D0%B8%D0%BD%D0%B0-%D0%B8-%D0%B5%D1%91-%D0%BB%D1%8E%D0%B1%D0%BE%D0%B2%D0%BD%D0%B8%D0%BA-%D0%BD%D0%B0%D1%85%D0%BE%D0%B4%D0%B8%D0%BB%D0%B8%D1%81%D1%8C-%D0%B2-%D0%B4%D0%BE%D0%BC%D0%B5-%D0%BF%D0%BE%D0%BA%D0%B0-%D0%BC%D1%83%D0%B6/ HTTP/2.0" 200 15930 "https://baneks.site/%D0%B6%D0%B5%D0%BD%D1%89%D0%B8%D0%BD%D0%B0-%D0%B8-%D0%B5%D1%91-%D0%BB%D1%8E%D0%B1%D0%BE%D0%B2%D0%BD%D0%B8%D0%BA-%D0%BD%D0%B0%D1%85%D0%BE%D0%B4%D0%B8%D0%BB%D0%B8%D1%81%D1%8C-%D0%B2-%D0%B4%D0%BE%D0%BC%D0%B5-%D0%BF%D0%BE%D0%BA%D0%B0-%D0%BC%D1%83%D0%B6/" "Mozilla/5.0 (Windows NT 10.0; Win64; x64) AppleWebKit/537.36 (KHTML, like Gecko) Chrome/83.0.4103.106 YaBrowser/20.7.1.70 Yowser/2.5 Yptp/1.23 Safari/537.36" "-"
178.68.139.117 - - [22/Jul/2020:22:44:50 +0000] "GET /%D0%B6%D0%B5%D0%BD%D1%89%D0%B8%D0%BD%D0%B0-%D0%B8-%D0%B5%D1%91-%D0%BB%D1%8E%D0%B1%D0%BE%D0%B2%D0%BD%D0%B8%D0%BA-%D0%BD%D0%B0%D1%85%D0%BE%D0%B4%D0%B8%D0%BB%D0%B8%D1%81%D1%8C-%D0%B2-%D0%B4%D0%BE%D0%BC%D0%B5-%D0%BF%D0%BE%D0%BA%D0%B0-%D0%BC%D1%83%D0%B6/ HTTP/2.0" 200 15930 "https://baneks.site/%D0%B6%D0%B5%D0%BD%D1%89%D0%B8%D0%BD%D0%B0-%D0%B8-%D0%B5%D1%91-%D0%BB%D1%8E%D0%B1%D0%BE%D0%B2%D0%BD%D0%B8%D0%BA-%D0%BD%D0%B0%D1%85%D0%BE%D0%B4%D0%B8%D0%BB%D0%B8%D1%81%D1%8C-%D0%B2-%D0%B4%D0%BE%D0%BC%D0%B5-%D0%BF%D0%BE%D0%BA%D0%B0-%D0%BC%D1%83%D0%B6/" "Mozilla/5.0 (Windows NT 10.0; Win64; x64) AppleWebKit/537.36 (KHTML, like Gecko) Chrome/83.0.4103.106 YaBrowser/20.7.1.70 Yowser/2.5 Yptp/1.23 Safari/537.36"
80.110.117.191 - - [22/Jul/2020:22:44:55 +0000] "GET /%D0%BF%D0%BE%D1%82%D0%BE%D0%BF-%D0%B7%D0%B0%D0%BA%D0%B0%D0%BD%D1%87%D0%B8%D0%B2%D0%B0%D0%B5%D1%82%D1%81%D1%8F-%D0%BA%D0%BE%D0%B2%D1%87%D0%B5%D0%B3-%D0%BF%D1%80%D0%B8%D1%87%D0%B0%D0%BB%D0%B8%D0%B2%D0%B0%D0%B5%D1%82-%D0%BA-%D0%90%D1%80%D0%B0%D1%80%D0%B0%D1%82%D1%83/?p=3 HTTP/2.0" 200 13192 "https://www.google.com/" "Mozilla/5.0 (Linux; Android 9; ONEPLUS A3003) AppleWebKit/537.36 (KHTML, like Gecko) Chrome/84.0.4147.89 Mobile Safari/537.36" "-"
80.110.117.191 - - [22/Jul/2020:22:44:55 +0000] "GET /%D0%BF%D0%BE%D1%82%D0%BE%D0%BF-%D0%B7%D0%B0%D0%BA%D0%B0%D0%BD%D1%87%D0%B8%D0%B2%D0%B0%D0%B5%D1%82%D1%81%D1%8F-%D0%BA%D0%BE%D0%B2%D1%87%D0%B5%D0%B3-%D0%BF%D1%80%D0%B8%D1%87%D0%B0%D0%BB%D0%B8%D0%B2%D0%B0%D0%B5%D1%82-%D0%BA-%D0%90%D1%80%D0%B0%D1%80%D0%B0%D1%82%D1%83/?p=3 HTTP/2.0" 200 13192 "https://www.google.com/" "Mozilla/5.0 (Linux; Android 9; ONEPLUS A3003) AppleWebKit/537.36 (KHTML, like Gecko) Chrome/84.0.4147.89 Mobile Safari/537.36"
107.170.227.23 - - [22/Jul/2020:22:44:56 +0000] "GET / HTTP/1.1" 200 4615 "-" "Mozilla/5.0 (Windows NT 6.2; WOW64) AppleWebKit/537.4 (KHTML, like Gecko) Chrome/98 Safari/537.4 (StatusCake)" "-"
107.170.227.23 - - [22/Jul/2020:22:44:56 +0000] "GET / HTTP/1.1" 200 4615 "-" "Mozilla/5.0 (Windows NT 6.2; WOW64) AppleWebKit/537.4 (KHTML, like Gecko) Chrome/98 Safari/537.4 (StatusCake)"
78.37.249.182 - - [22/Jul/2020:22:44:58 +0000] "GET /new/?p=2 HTTP/2.0" 200 0 "https://baneks.site/new/" "Mozilla/5.0 (Windows NT 6.3; Win64; x64; rv:78.0) Gecko/20100101 Firefox/78.0" "-"
78.37.249.182 - - [22/Jul/2020:22:44:58 +0000] "GET /new/?p=2 HTTP/2.0" 200 0 "https://baneks.site/new/" "Mozilla/5.0 (Windows NT 6.3; Win64; x64; rv:78.0) Gecko/20100101 Firefox/78.0"
144.76.6.230 - - [22/Jul/2020:22:45:00 +0000] "GET /%D0%B4%D0%B2%D0%B0-%D0%B3%D1%80%D1%83%D0%B7%D0%B8%D0%BD%D0%B0-%D0%BF%D0%BE%D1%88%D0%BB%D0%B8-%D0%BF%D0%BE%D0%B4%D1%81%D1%82%D1%80%D0%B8%D0%B3%D0%B0%D1%82%D1%8C%D1%81%D1%8F/?p=3/ HTTP/1.1" 404 3922 "-" "Mozilla/5.0 (compatible; MJ12bot/v1.4.8; http://mj12bot.com/)" "-"
144.76.6.230 - - [22/Jul/2020:22:45:00 +0000] "GET /%D0%B4%D0%B2%D0%B0-%D0%B3%D1%80%D1%83%D0%B7%D0%B8%D0%BD%D0%B0-%D0%BF%D0%BE%D1%88%D0%BB%D0%B8-%D0%BF%D0%BE%D0%B4%D1%81%D1%82%D1%80%D0%B8%D0%B3%D0%B0%D1%82%D1%8C%D1%81%D1%8F/?p=3/ HTTP/1.1" 404 3922 "-" "Mozilla/5.0 (compatible; MJ12bot/v1.4.8; http://mj12bot.com/)"
78.37.249.182 - - [22/Jul/2020:22:45:04 +0000] "GET /%D0%BF%D1%80%D0%B8%D1%88%D0%BB%D0%B8-%D0%BE%D0%B2%D1%86%D1%8B-%D0%BA-%D0%BF%D1%80%D0%B5%D0%B4%D1%81%D0%B5%D0%B4%D0%B0%D1%82%D0%B5%D0%BB%D1%8E-%D0%BA%D0%BE%D0%BB%D1%85%D0%BE%D0%B7%D0%B0-%D0%98%D0%B2%D0%B0%D0%BD-%D0%9D%D0%B8%D0%BA%D0%B8%D1%84%D1%80%D1%8B%D1%87/ HTTP/2.0" 200 13578 "https://baneks.site/new/?p=2" "Mozilla/5.0 (Windows NT 6.3; Win64; x64; rv:78.0) Gecko/20100101 Firefox/78.0" "-"
78.37.249.182 - - [22/Jul/2020:22:45:04 +0000] "GET /%D0%BF%D1%80%D0%B8%D1%88%D0%BB%D0%B8-%D0%BE%D0%B2%D1%86%D1%8B-%D0%BA-%D0%BF%D1%80%D0%B5%D0%B4%D1%81%D0%B5%D0%B4%D0%B0%D1%82%D0%B5%D0%BB%D1%8E-%D0%BA%D0%BE%D0%BB%D1%85%D0%BE%D0%B7%D0%B0-%D0%98%D0%B2%D0%B0%D0%BD-%D0%9D%D0%B8%D0%BA%D0%B8%D1%84%D1%80%D1%8B%D1%87/ HTTP/2.0" 200 13578 "https://baneks.site/new/?p=2" "Mozilla/5.0 (Windows NT 6.3; Win64; x64; rv:78.0) Gecko/20100101 Firefox/78.0"
66.249.68.62 - - [22/Jul/2020:22:45:07 +0000] "GET /-%D0%B4%D0%BE%D1%87%D0%B0-%D1%85%D0%BE%D1%87%D0%B5%D1%88%D1%8C-%D0%BD%D0%B0-%D1%80%D1%83%D1%87%D0%BA%D0%B8-%D0%BD%D0%B5%D1%82/ HTTP/1.1" 200 12382 "-" "Mozilla/5.0 (Linux; Android 6.0.1; Nexus 5X Build/MMB29P) AppleWebKit/537.36 (KHTML, like Gecko) Chrome/80.0.3987.92 Mobile Safari/537.36 (compatible; Googlebot/2.1; +http://www.google.com/bot.html)" "-"
66.249.68.62 - - [22/Jul/2020:22:45:07 +0000] "GET /-%D0%B4%D0%BE%D1%87%D0%B0-%D1%85%D0%BE%D1%87%D0%B5%D1%88%D1%8C-%D0%BD%D0%B0-%D1%80%D1%83%D1%87%D0%BA%D0%B8-%D0%BD%D0%B5%D1%82/ HTTP/1.1" 200 12382 "-" "Mozilla/5.0 (Linux; Android 6.0.1; Nexus 5X Build/MMB29P) AppleWebKit/537.36 (KHTML, like Gecko) Chrome/80.0.3987.92 Mobile Safari/537.36 (compatible; Googlebot/2.1; +http://www.google.com/bot.html)"
80.110.117.191 - - [22/Jul/2020:22:45:08 +0000] "POST /like/1 HTTP/2.0" 204 0 "https://baneks.site/%D0%BF%D0%BE%D1%82%D0%BE%D0%BF-%D0%B7%D0%B0%D0%BA%D0%B0%D0%BD%D1%87%D0%B8%D0%B2%D0%B0%D0%B5%D1%82%D1%81%D1%8F-%D0%BA%D0%BE%D0%B2%D1%87%D0%B5%D0%B3-%D0%BF%D1%80%D0%B8%D1%87%D0%B0%D0%BB%D0%B8%D0%B2%D0%B0%D0%B5%D1%82-%D0%BA-%D0%90%D1%80%D0%B0%D1%80%D0%B0%D1%82%D1%83/?p=3" "Mozilla/5.0 (Linux; Android 9; ONEPLUS A3003) AppleWebKit/537.36 (KHTML, like Gecko) Chrome/84.0.4147.89 Mobile Safari/537.36" "-"
80.110.117.191 - - [22/Jul/2020:22:45:08 +0000] "POST /like/1 HTTP/2.0" 204 0 "https://baneks.site/%D0%BF%D0%BE%D1%82%D0%BE%D0%BF-%D0%B7%D0%B0%D0%BA%D0%B0%D0%BD%D1%87%D0%B8%D0%B2%D0%B0%D0%B5%D1%82%D1%81%D1%8F-%D0%BA%D0%BE%D0%B2%D1%87%D0%B5%D0%B3-%D0%BF%D1%80%D0%B8%D1%87%D0%B0%D0%BB%D0%B8%D0%B2%D0%B0%D0%B5%D1%82-%D0%BA-%D0%90%D1%80%D0%B0%D1%80%D0%B0%D1%82%D1%83/?p=3" "Mozilla/5.0 (Linux; Android 9; ONEPLUS A3003) AppleWebKit/537.36 (KHTML, like Gecko) Chrome/84.0.4147.89 Mobile Safari/537.36"
193.33.64.129 - - [22/Jul/2020:22:45:09 +0000] "GET /%D0%BF%D0%B0%D1%80%D0%B5%D0%BD%D1%8C-%D0%BA%D0%B0%D0%B6%D0%B4%D1%8B%D0%B9-%D0%B4%D0%B5%D0%BD%D1%8C-%D0%BF%D0%B5%D1%80%D0%B5%D0%B4-%D1%81%D0%BD%D0%BE%D0%BC-%D0%BF%D0%B8%D1%81%D0%B0%D0%BB-%D1%81%D0%B2%D0%BE%D0%B5%D0%B9-%D0%BB%D1%8E%D0%B1%D0%B8%D0%BC%D0%BE%D0%B9-/ HTTP/2.0" 200 13882 "https://baneks.site/best/" "Mozilla/5.0 (Linux; Android 9; Redmi Note 7) AppleWebKit/537.36 (KHTML, like Gecko) Chrome/84.0.4147.89 Mobile Safari/537.36" "-"
193.33.64.129 - - [22/Jul/2020:22:45:09 +0000] "GET /%D0%BF%D0%B0%D1%80%D0%B5%D0%BD%D1%8C-%D0%BA%D0%B0%D0%B6%D0%B4%D1%8B%D0%B9-%D0%B4%D0%B5%D0%BD%D1%8C-%D0%BF%D0%B5%D1%80%D0%B5%D0%B4-%D1%81%D0%BD%D0%BE%D0%BC-%D0%BF%D0%B8%D1%81%D0%B0%D0%BB-%D1%81%D0%B2%D0%BE%D0%B5%D0%B9-%D0%BB%D1%8E%D0%B1%D0%B8%D0%BC%D0%BE%D0%B9-/ HTTP/2.0" 200 13882 "https://baneks.site/best/" "Mozilla/5.0 (Linux; Android 9; Redmi Note 7) AppleWebKit/537.36 (KHTML, like Gecko) Chrome/84.0.4147.89 Mobile Safari/537.36"
193.33.64.129 - - [22/Jul/2020:22:45:10 +0000] "GET /%D0%BF%D0%B0%D1%80%D0%B5%D0%BD%D1%8C-%D0%BA%D0%B0%D0%B6%D0%B4%D1%8B%D0%B9-%D0%B4%D0%B5%D0%BD%D1%8C-%D0%BF%D0%B5%D1%80%D0%B5%D0%B4-%D1%81%D0%BD%D0%BE%D0%BC-%D0%BF%D0%B8%D1%81%D0%B0%D0%BB-%D1%81%D0%B2%D0%BE%D0%B5%D0%B9-%D0%BB%D1%8E%D0%B1%D0%B8%D0%BC%D0%BE%D0%B9-/ HTTP/2.0" 200 13882 "https://baneks.site/%D0%BF%D0%B0%D1%80%D0%B5%D0%BD%D1%8C-%D0%BA%D0%B0%D0%B6%D0%B4%D1%8B%D0%B9-%D0%B4%D0%B5%D0%BD%D1%8C-%D0%BF%D0%B5%D1%80%D0%B5%D0%B4-%D1%81%D0%BD%D0%BE%D0%BC-%D0%BF%D0%B8%D1%81%D0%B0%D0%BB-%D1%81%D0%B2%D0%BE%D0%B5%D0%B9-%D0%BB%D1%8E%D0%B1%D0%B8%D0%BC%D0%BE%D0%B9-/" "Mozilla/5.0 (Linux; Android 9; Redmi Note 7) AppleWebKit/537.36 (KHTML, like Gecko) Chrome/84.0.4147.89 Mobile Safari/537.36" "-"
193.33.64.129 - - [22/Jul/2020:22:45:10 +0000] "GET /%D0%BF%D0%B0%D1%80%D0%B5%D0%BD%D1%8C-%D0%BA%D0%B0%D0%B6%D0%B4%D1%8B%D0%B9-%D0%B4%D0%B5%D0%BD%D1%8C-%D0%BF%D0%B5%D1%80%D0%B5%D0%B4-%D1%81%D0%BD%D0%BE%D0%BC-%D0%BF%D0%B8%D1%81%D0%B0%D0%BB-%D1%81%D0%B2%D0%BE%D0%B5%D0%B9-%D0%BB%D1%8E%D0%B1%D0%B8%D0%BC%D0%BE%D0%B9-/ HTTP/2.0" 200 13882 "https://baneks.site/%D0%BF%D0%B0%D1%80%D0%B5%D0%BD%D1%8C-%D0%BA%D0%B0%D0%B6%D0%B4%D1%8B%D0%B9-%D0%B4%D0%B5%D0%BD%D1%8C-%D0%BF%D0%B5%D1%80%D0%B5%D0%B4-%D1%81%D0%BD%D0%BE%D0%BC-%D0%BF%D0%B8%D1%81%D0%B0%D0%BB-%D1%81%D0%B2%D0%BE%D0%B5%D0%B9-%D0%BB%D1%8E%D0%B1%D0%B8%D0%BC%D0%BE%D0%B9-/" "Mozilla/5.0 (Linux; Android 9; Redmi Note 7) AppleWebKit/537.36 (KHTML, like Gecko) Chrome/84.0.4147.89 Mobile Safari/537.36"
80.110.117.191 - - [22/Jul/2020:22:45:10 +0000] "POST /like/1 HTTP/2.0" 204 0 "https://baneks.site/%D0%BF%D0%BE%D1%82%D0%BE%D0%BF-%D0%B7%D0%B0%D0%BA%D0%B0%D0%BD%D1%87%D0%B8%D0%B2%D0%B0%D0%B5%D1%82%D1%81%D1%8F-%D0%BA%D0%BE%D0%B2%D1%87%D0%B5%D0%B3-%D0%BF%D1%80%D0%B8%D1%87%D0%B0%D0%BB%D0%B8%D0%B2%D0%B0%D0%B5%D1%82-%D0%BA-%D0%90%D1%80%D0%B0%D1%80%D0%B0%D1%82%D1%83/?p=3" "Mozilla/5.0 (Linux; Android 9; ONEPLUS A3003) AppleWebKit/537.36 (KHTML, like Gecko) Chrome/84.0.4147.89 Mobile Safari/537.36" "-"
80.110.117.191 - - [22/Jul/2020:22:45:10 +0000] "POST /like/1 HTTP/2.0" 204 0 "https://baneks.site/%D0%BF%D0%BE%D1%82%D0%BE%D0%BF-%D0%B7%D0%B0%D0%BA%D0%B0%D0%BD%D1%87%D0%B8%D0%B2%D0%B0%D0%B5%D1%82%D1%81%D1%8F-%D0%BA%D0%BE%D0%B2%D1%87%D0%B5%D0%B3-%D0%BF%D1%80%D0%B8%D1%87%D0%B0%D0%BB%D0%B8%D0%B2%D0%B0%D0%B5%D1%82-%D0%BA-%D0%90%D1%80%D0%B0%D1%80%D0%B0%D1%82%D1%83/?p=3" "Mozilla/5.0 (Linux; Android 9; ONEPLUS A3003) AppleWebKit/537.36 (KHTML, like Gecko) Chrome/84.0.4147.89 Mobile Safari/537.36"
66.249.68.62 - - [22/Jul/2020:22:45:12 +0000] "GET /%D0%96%D1%83%D0%BA%D0%BE%D0%B2-%D0%B2%D1%8B%D1%85%D0%BE%D0%B4%D0%B8%D1%82-%D0%B8%D0%B7-%D0%BA%D0%B0%D0%B1%D0%B8%D0%BD%D0%B5%D1%82%D0%B0-%D0%A1%D1%82%D0%B0%D0%BB%D0%B8%D0%BD%D0%B0-%D0%B2%D1%8B%D1%82%D0%B8%D1%80%D0%B0%D0%B5%D1%82-%D0%BB%D0%BE%D0%B1-%D1%84%D1%83/ HTTP/1.1" 200 14238 "-" "Mozilla/5.0 (compatible; Googlebot/2.1; +http://www.google.com/bot.html)" "-"
66.249.68.62 - - [22/Jul/2020:22:45:12 +0000] "GET /%D0%96%D1%83%D0%BA%D0%BE%D0%B2-%D0%B2%D1%8B%D1%85%D0%BE%D0%B4%D0%B8%D1%82-%D0%B8%D0%B7-%D0%BA%D0%B0%D0%B1%D0%B8%D0%BD%D0%B5%D1%82%D0%B0-%D0%A1%D1%82%D0%B0%D0%BB%D0%B8%D0%BD%D0%B0-%D0%B2%D1%8B%D1%82%D0%B8%D1%80%D0%B0%D0%B5%D1%82-%D0%BB%D0%BE%D0%B1-%D1%84%D1%83/ HTTP/1.1" 200 14238 "-" "Mozilla/5.0 (compatible; Googlebot/2.1; +http://www.google.com/bot.html)"
80.110.117.191 - - [22/Jul/2020:22:45:12 +0000] "POST /like/1 HTTP/2.0" 204 0 "https://baneks.site/%D0%BF%D0%BE%D1%82%D0%BE%D0%BF-%D0%B7%D0%B0%D0%BA%D0%B0%D0%BD%D1%87%D0%B8%D0%B2%D0%B0%D0%B5%D1%82%D1%81%D1%8F-%D0%BA%D0%BE%D0%B2%D1%87%D0%B5%D0%B3-%D0%BF%D1%80%D0%B8%D1%87%D0%B0%D0%BB%D0%B8%D0%B2%D0%B0%D0%B5%D1%82-%D0%BA-%D0%90%D1%80%D0%B0%D1%80%D0%B0%D1%82%D1%83/?p=3" "Mozilla/5.0 (Linux; Android 9; ONEPLUS A3003) AppleWebKit/537.36 (KHTML, like Gecko) Chrome/84.0.4147.89 Mobile Safari/537.36" "-"
80.110.117.191 - - [22/Jul/2020:22:45:12 +0000] "POST /like/1 HTTP/2.0" 204 0 "https://baneks.site/%D0%BF%D0%BE%D1%82%D0%BE%D0%BF-%D0%B7%D0%B0%D0%BA%D0%B0%D0%BD%D1%87%D0%B8%D0%B2%D0%B0%D0%B5%D1%82%D1%81%D1%8F-%D0%BA%D0%BE%D0%B2%D1%87%D0%B5%D0%B3-%D0%BF%D1%80%D0%B8%D1%87%D0%B0%D0%BB%D0%B8%D0%B2%D0%B0%D0%B5%D1%82-%D0%BA-%D0%90%D1%80%D0%B0%D1%80%D0%B0%D1%82%D1%83/?p=3" "Mozilla/5.0 (Linux; Android 9; ONEPLUS A3003) AppleWebKit/537.36 (KHTML, like Gecko) Chrome/84.0.4147.89 Mobile Safari/537.36"
80.110.117.191 - - [22/Jul/2020:22:45:13 +0000] "POST /like/0 HTTP/2.0" 204 0 "https://baneks.site/%D0%BF%D0%BE%D1%82%D0%BE%D0%BF-%D0%B7%D0%B0%D0%BA%D0%B0%D0%BD%D1%87%D0%B8%D0%B2%D0%B0%D0%B5%D1%82%D1%81%D1%8F-%D0%BA%D0%BE%D0%B2%D1%87%D0%B5%D0%B3-%D0%BF%D1%80%D0%B8%D1%87%D0%B0%D0%BB%D0%B8%D0%B2%D0%B0%D0%B5%D1%82-%D0%BA-%D0%90%D1%80%D0%B0%D1%80%D0%B0%D1%82%D1%83/?p=3" "Mozilla/5.0 (Linux; Android 9; ONEPLUS A3003) AppleWebKit/537.36 (KHTML, like Gecko) Chrome/84.0.4147.89 Mobile Safari/537.36" "-"
80.110.117.191 - - [22/Jul/2020:22:45:13 +0000] "POST /like/0 HTTP/2.0" 204 0 "https://baneks.site/%D0%BF%D0%BE%D1%82%D0%BE%D0%BF-%D0%B7%D0%B0%D0%BA%D0%B0%D0%BD%D1%87%D0%B8%D0%B2%D0%B0%D0%B5%D1%82%D1%81%D1%8F-%D0%BA%D0%BE%D0%B2%D1%87%D0%B5%D0%B3-%D0%BF%D1%80%D0%B8%D1%87%D0%B0%D0%BB%D0%B8%D0%B2%D0%B0%D0%B5%D1%82-%D0%BA-%D0%90%D1%80%D0%B0%D1%80%D0%B0%D1%82%D1%83/?p=3" "Mozilla/5.0 (Linux; Android 9; ONEPLUS A3003) AppleWebKit/537.36 (KHTML, like Gecko) Chrome/84.0.4147.89 Mobile Safari/537.36"
80.110.117.191 - - [22/Jul/2020:22:45:15 +0000] "POST /like/1 HTTP/2.0" 204 0 "https://baneks.site/%D0%BF%D0%BE%D1%82%D0%BE%D0%BF-%D0%B7%D0%B0%D0%BA%D0%B0%D0%BD%D1%87%D0%B8%D0%B2%D0%B0%D0%B5%D1%82%D1%81%D1%8F-%D0%BA%D0%BE%D0%B2%D1%87%D0%B5%D0%B3-%D0%BF%D1%80%D0%B8%D1%87%D0%B0%D0%BB%D0%B8%D0%B2%D0%B0%D0%B5%D1%82-%D0%BA-%D0%90%D1%80%D0%B0%D1%80%D0%B0%D1%82%D1%83/?p=3" "Mozilla/5.0 (Linux; Android 9; ONEPLUS A3003) AppleWebKit/537.36 (KHTML, like Gecko) Chrome/84.0.4147.89 Mobile Safari/537.36" "-"
80.110.117.191 - - [22/Jul/2020:22:45:15 +0000] "POST /like/1 HTTP/2.0" 204 0 "https://baneks.site/%D0%BF%D0%BE%D1%82%D0%BE%D0%BF-%D0%B7%D0%B0%D0%BA%D0%B0%D0%BD%D1%87%D0%B8%D0%B2%D0%B0%D0%B5%D1%82%D1%81%D1%8F-%D0%BA%D0%BE%D0%B2%D1%87%D0%B5%D0%B3-%D0%BF%D1%80%D0%B8%D1%87%D0%B0%D0%BB%D0%B8%D0%B2%D0%B0%D0%B5%D1%82-%D0%BA-%D0%90%D1%80%D0%B0%D1%80%D0%B0%D1%82%D1%83/?p=3" "Mozilla/5.0 (Linux; Android 9; ONEPLUS A3003) AppleWebKit/537.36 (KHTML, like Gecko) Chrome/84.0.4147.89 Mobile Safari/537.36"
46.229.168.153 - - [22/Jul/2020:22:45:16 +0000] "GET /%D0%B8%D0%B7-%D0%B7%D0%B0-%D1%81%D0%BB%D0%BE%D0%B6%D0%B8%D0%B2%D1%88%D0%B5%D0%B9%D1%81%D1%8F-%D1%84%D0%B8%D0%BD%D0%B0%D0%BD%D1%81%D0%BE%D0%B2%D0%BE%D0%B9-%D1%81%D0%B8%D1%82%D1%83%D0%B0%D1%86%D0%B8%D0%B8-%D0%A2%D0%B0%D1%80%D0%B7%D0%B0%D0%BD/?p=2 HTTP/1.1" 200 14433 "-" "Mozilla/5.0 (compatible; SemrushBot/6~bl; +http://www.semrush.com/bot.html)" "-"
46.229.168.153 - - [22/Jul/2020:22:45:16 +0000] "GET /%D0%B8%D0%B7-%D0%B7%D0%B0-%D1%81%D0%BB%D0%BE%D0%B6%D0%B8%D0%B2%D1%88%D0%B5%D0%B9%D1%81%D1%8F-%D1%84%D0%B8%D0%BD%D0%B0%D0%BD%D1%81%D0%BE%D0%B2%D0%BE%D0%B9-%D1%81%D0%B8%D1%82%D1%83%D0%B0%D1%86%D0%B8%D0%B8-%D0%A2%D0%B0%D1%80%D0%B7%D0%B0%D0%BD/?p=2 HTTP/1.1" 200 14433 "-" "Mozilla/5.0 (compatible; SemrushBot/6~bl; +http://www.semrush.com/bot.html)"
78.37.249.182 - - [22/Jul/2020:22:45:21 +0000] "GET /new/?p=2 HTTP/2.0" 200 16454 "https://baneks.site/new/" "Mozilla/5.0 (Windows NT 6.3; Win64; x64; rv:78.0) Gecko/20100101 Firefox/78.0" "-"
78.37.249.182 - - [22/Jul/2020:22:45:21 +0000] "GET /new/?p=2 HTTP/2.0" 200 16454 "https://baneks.site/new/" "Mozilla/5.0 (Windows NT 6.3; Win64; x64; rv:78.0) Gecko/20100101 Firefox/78.0"
144.76.6.230 - - [22/Jul/2020:22:45:22 +0000] "GET /%D0%B4%D0%B2%D0%B0-%D0%B3%D1%80%D1%83%D0%B7%D0%B8%D0%BD%D0%B0-%D0%BF%D0%BE%D1%88%D0%BB%D0%B8-%D0%BF%D0%BE%D0%B4%D1%81%D1%82%D1%80%D0%B8%D0%B3%D0%B0%D1%82%D1%8C%D1%81%D1%8F/?p=4/ HTTP/1.1" 404 3923 "-" "Mozilla/5.0 (compatible; MJ12bot/v1.4.8; http://mj12bot.com/)" "-"
144.76.6.230 - - [22/Jul/2020:22:45:22 +0000] "GET /%D0%B4%D0%B2%D0%B0-%D0%B3%D1%80%D1%83%D0%B7%D0%B8%D0%BD%D0%B0-%D0%BF%D0%BE%D1%88%D0%BB%D0%B8-%D0%BF%D0%BE%D0%B4%D1%81%D1%82%D1%80%D0%B8%D0%B3%D0%B0%D1%82%D1%8C%D1%81%D1%8F/?p=4/ HTTP/1.1" 404 3923 "-" "Mozilla/5.0 (compatible; MJ12bot/v1.4.8; http://mj12bot.com/)"
80.110.117.191 - - [22/Jul/2020:22:45:23 +0000] "GET /%D0%BF%D0%BE%D1%82%D0%BE%D0%BF-%D0%B7%D0%B0%D0%BA%D0%B0%D0%BD%D1%87%D0%B8%D0%B2%D0%B0%D0%B5%D1%82%D1%81%D1%8F-%D0%BA%D0%BE%D0%B2%D1%87%D0%B5%D0%B3-%D0%BF%D1%80%D0%B8%D1%87%D0%B0%D0%BB%D0%B8%D0%B2%D0%B0%D0%B5%D1%82-%D0%BA-%D0%90%D1%80%D0%B0%D1%80%D0%B0%D1%82%D1%83/?p=2 HTTP/2.0" 200 13731 "https://baneks.site/%D0%BF%D0%BE%D1%82%D0%BE%D0%BF-%D0%B7%D0%B0%D0%BA%D0%B0%D0%BD%D1%87%D0%B8%D0%B2%D0%B0%D0%B5%D1%82%D1%81%D1%8F-%D0%BA%D0%BE%D0%B2%D1%87%D0%B5%D0%B3-%D0%BF%D1%80%D0%B8%D1%87%D0%B0%D0%BB%D0%B8%D0%B2%D0%B0%D0%B5%D1%82-%D0%BA-%D0%90%D1%80%D0%B0%D1%80%D0%B0%D1%82%D1%83/?p=3" "Mozilla/5.0 (Linux; Android 9; ONEPLUS A3003) AppleWebKit/537.36 (KHTML, like Gecko) Chrome/84.0.4147.89 Mobile Safari/537.36" "-"
80.110.117.191 - - [22/Jul/2020:22:45:23 +0000] "GET /%D0%BF%D0%BE%D1%82%D0%BE%D0%BF-%D0%B7%D0%B0%D0%BA%D0%B0%D0%BD%D1%87%D0%B8%D0%B2%D0%B0%D0%B5%D1%82%D1%81%D1%8F-%D0%BA%D0%BE%D0%B2%D1%87%D0%B5%D0%B3-%D0%BF%D1%80%D0%B8%D1%87%D0%B0%D0%BB%D0%B8%D0%B2%D0%B0%D0%B5%D1%82-%D0%BA-%D0%90%D1%80%D0%B0%D1%80%D0%B0%D1%82%D1%83/?p=2 HTTP/2.0" 200 13731 "https://baneks.site/%D0%BF%D0%BE%D1%82%D0%BE%D0%BF-%D0%B7%D0%B0%D0%BA%D0%B0%D0%BD%D1%87%D0%B8%D0%B2%D0%B0%D0%B5%D1%82%D1%81%D1%8F-%D0%BA%D0%BE%D0%B2%D1%87%D0%B5%D0%B3-%D0%BF%D1%80%D0%B8%D1%87%D0%B0%D0%BB%D0%B8%D0%B2%D0%B0%D0%B5%D1%82-%D0%BA-%D0%90%D1%80%D0%B0%D1%80%D0%B0%D1%82%D1%83/?p=3" "Mozilla/5.0 (Linux; Android 9; ONEPLUS A3003) AppleWebKit/537.36 (KHTML, like Gecko) Chrome/84.0.4147.89 Mobile Safari/537.36"
78.37.249.182 - - [22/Jul/2020:22:45:25 +0000] "GET /%D0%BC%D0%BE%D0%BD%D0%B0%D1%80%D1%85%D0%B8%D1%81%D1%82%D1%8B-%D0%BF%D1%80%D0%B8%D1%88%D0%BB%D0%B8-%D0%B2-%D0%A0%D0%BE%D1%81%D1%81%D0%B8%D0%B8-%D0%BA-%D0%B2%D0%BB%D0%B0%D1%81%D1%82%D0%B8-%D0%BD%D1%83-%D0%B2%D0%BE%D1%82-%D1%82%D0%B5%D0%BF%D0%B5%D1%80%D1%8C/ HTTP/2.0" 200 13780 "https://baneks.site/new/?p=2" "Mozilla/5.0 (Windows NT 6.3; Win64; x64; rv:78.0) Gecko/20100101 Firefox/78.0" "-"
78.37.249.182 - - [22/Jul/2020:22:45:25 +0000] "GET /%D0%BC%D0%BE%D0%BD%D0%B0%D1%80%D1%85%D0%B8%D1%81%D1%82%D1%8B-%D0%BF%D1%80%D0%B8%D1%88%D0%BB%D0%B8-%D0%B2-%D0%A0%D0%BE%D1%81%D1%81%D0%B8%D0%B8-%D0%BA-%D0%B2%D0%BB%D0%B0%D1%81%D1%82%D0%B8-%D0%BD%D1%83-%D0%B2%D0%BE%D1%82-%D1%82%D0%B5%D0%BF%D0%B5%D1%80%D1%8C/ HTTP/2.0" 200 13780 "https://baneks.site/new/?p=2" "Mozilla/5.0 (Windows NT 6.3; Win64; x64; rv:78.0) Gecko/20100101 Firefox/78.0"
178.68.139.117 - - [22/Jul/2020:22:45:26 +0000] "GET /%D0%BF%D0%B0%D1%80%D0%B5%D0%BD%D1%8C-%D0%BA%D0%B0%D0%B6%D0%B4%D1%8B%D0%B9-%D0%B4%D0%B5%D0%BD%D1%8C-%D0%BF%D0%B5%D1%80%D0%B5%D0%B4-%D1%81%D0%BD%D0%BE%D0%BC-%D0%BF%D0%B8%D1%81%D0%B0%D0%BB-%D1%81%D0%B2%D0%BE%D0%B5%D0%B9-%D0%BB%D1%8E%D0%B1%D0%B8%D0%BC%D0%BE%D0%B9-/ HTTP/2.0" 200 13882 "https://baneks.site/best/" "Mozilla/5.0 (Windows NT 10.0; Win64; x64) AppleWebKit/537.36 (KHTML, like Gecko) Chrome/83.0.4103.106 YaBrowser/20.7.1.70 Yowser/2.5 Yptp/1.23 Safari/537.36" "-"
178.68.139.117 - - [22/Jul/2020:22:45:26 +0000] "GET /%D0%BF%D0%B0%D1%80%D0%B5%D0%BD%D1%8C-%D0%BA%D0%B0%D0%B6%D0%B4%D1%8B%D0%B9-%D0%B4%D0%B5%D0%BD%D1%8C-%D0%BF%D0%B5%D1%80%D0%B5%D0%B4-%D1%81%D0%BD%D0%BE%D0%BC-%D0%BF%D0%B8%D1%81%D0%B0%D0%BB-%D1%81%D0%B2%D0%BE%D0%B5%D0%B9-%D0%BB%D1%8E%D0%B1%D0%B8%D0%BC%D0%BE%D0%B9-/ HTTP/2.0" 200 13882 "https://baneks.site/best/" "Mozilla/5.0 (Windows NT 10.0; Win64; x64) AppleWebKit/537.36 (KHTML, like Gecko) Chrome/83.0.4103.106 YaBrowser/20.7.1.70 Yowser/2.5 Yptp/1.23 Safari/537.36"
213.87.160.157 - - [22/Jul/2020:22:45:26 +0000] "GET /random HTTP/2.0" 302 0 "https://baneks.site/%D0%BF%D0%BE%D1%81%D0%BF%D0%BE%D1%80%D0%B8%D0%BB%D0%B8-%D0%9A%D0%B0%D1%80%D1%82%D0%B5%D1%80-%D1%81-%D0%91%D1%80%D0%B5%D0%B6%D0%BD%D0%B5%D0%B2%D1%8B%D0%BC-%D0%B2-%D0%BA%D0%B0%D0%BA%D0%BE%D0%B9-%D1%81%D1%82%D1%80%D0%B0%D0%BD%D0%B5-%D1%87%D0%B0%D1%89%D0%B5/" "Mozilla/5.0 (Linux; Android 10; vivo 1938 Build/QP1A.190711.020) AppleWebKit/537.36 (KHTML, like Gecko) Chrome/78.0.3904.96 Mobile Safari/537.36 YaApp_Android/11.20 YaSearchBrowser/11.20" "-"
213.87.160.157 - - [22/Jul/2020:22:45:26 +0000] "GET /random HTTP/2.0" 302 0 "https://baneks.site/%D0%BF%D0%BE%D1%81%D0%BF%D0%BE%D1%80%D0%B8%D0%BB%D0%B8-%D0%9A%D0%B0%D1%80%D1%82%D0%B5%D1%80-%D1%81-%D0%91%D1%80%D0%B5%D0%B6%D0%BD%D0%B5%D0%B2%D1%8B%D0%BC-%D0%B2-%D0%BA%D0%B0%D0%BA%D0%BE%D0%B9-%D1%81%D1%82%D1%80%D0%B0%D0%BD%D0%B5-%D1%87%D0%B0%D1%89%D0%B5/" "Mozilla/5.0 (Linux; Android 10; vivo 1938 Build/QP1A.190711.020) AppleWebKit/537.36 (KHTML, like Gecko) Chrome/78.0.3904.96 Mobile Safari/537.36 YaApp_Android/11.20 YaSearchBrowser/11.20"
213.87.160.157 - - [22/Jul/2020:22:45:27 +0000] "GET /%D1%82%D0%B8%D1%85%D0%B8%D0%BC-%D0%B2%D0%B5%D1%87%D0%B5%D1%80%D0%BE%D0%BC-%D0%A5%D0%BE%D0%BB%D0%BC%D1%81-%D0%B8-%D0%92%D0%B0%D1%82%D1%81%D0%BE%D0%BD-%D0%B3%D1%80%D0%B5%D1%8E%D1%82%D1%81%D1%8F-%D1%83-%D0%BA%D0%B0%D0%BC%D0%B8%D0%BD%D0%B0/ HTTP/2.0" 200 13524 "https://baneks.site/%D0%BF%D0%BE%D1%81%D0%BF%D0%BE%D1%80%D0%B8%D0%BB%D0%B8-%D0%9A%D0%B0%D1%80%D1%82%D0%B5%D1%80-%D1%81-%D0%91%D1%80%D0%B5%D0%B6%D0%BD%D0%B5%D0%B2%D1%8B%D0%BC-%D0%B2-%D0%BA%D0%B0%D0%BA%D0%BE%D0%B9-%D1%81%D1%82%D1%80%D0%B0%D0%BD%D0%B5-%D1%87%D0%B0%D1%89%D0%B5/" "Mozilla/5.0 (Linux; Android 10; vivo 1938 Build/QP1A.190711.020) AppleWebKit/537.36 (KHTML, like Gecko) Chrome/78.0.3904.96 Mobile Safari/537.36 YaApp_Android/11.20 YaSearchBrowser/11.20" "-"
213.87.160.157 - - [22/Jul/2020:22:45:27 +0000] "GET /%D1%82%D0%B8%D1%85%D0%B8%D0%BC-%D0%B2%D0%B5%D1%87%D0%B5%D1%80%D0%BE%D0%BC-%D0%A5%D0%BE%D0%BB%D0%BC%D1%81-%D0%B8-%D0%92%D0%B0%D1%82%D1%81%D0%BE%D0%BD-%D0%B3%D1%80%D0%B5%D1%8E%D1%82%D1%81%D1%8F-%D1%83-%D0%BA%D0%B0%D0%BC%D0%B8%D0%BD%D0%B0/ HTTP/2.0" 200 13524 "https://baneks.site/%D0%BF%D0%BE%D1%81%D0%BF%D0%BE%D1%80%D0%B8%D0%BB%D0%B8-%D0%9A%D0%B0%D1%80%D1%82%D0%B5%D1%80-%D1%81-%D0%91%D1%80%D0%B5%D0%B6%D0%BD%D0%B5%D0%B2%D1%8B%D0%BC-%D0%B2-%D0%BA%D0%B0%D0%BA%D0%BE%D0%B9-%D1%81%D1%82%D1%80%D0%B0%D0%BD%D0%B5-%D1%87%D0%B0%D1%89%D0%B5/" "Mozilla/5.0 (Linux; Android 10; vivo 1938 Build/QP1A.190711.020) AppleWebKit/537.36 (KHTML, like Gecko) Chrome/78.0.3904.96 Mobile Safari/537.36 YaApp_Android/11.20 YaSearchBrowser/11.20"
178.68.139.117 - - [22/Jul/2020:22:45:27 +0000] "GET /%D0%BF%D0%B0%D1%80%D0%B5%D0%BD%D1%8C-%D0%BA%D0%B0%D0%B6%D0%B4%D1%8B%D0%B9-%D0%B4%D0%B5%D0%BD%D1%8C-%D0%BF%D0%B5%D1%80%D0%B5%D0%B4-%D1%81%D0%BD%D0%BE%D0%BC-%D0%BF%D0%B8%D1%81%D0%B0%D0%BB-%D1%81%D0%B2%D0%BE%D0%B5%D0%B9-%D0%BB%D1%8E%D0%B1%D0%B8%D0%BC%D0%BE%D0%B9-/ HTTP/2.0" 200 13882 "https://baneks.site/%D0%BF%D0%B0%D1%80%D0%B5%D0%BD%D1%8C-%D0%BA%D0%B0%D0%B6%D0%B4%D1%8B%D0%B9-%D0%B4%D0%B5%D0%BD%D1%8C-%D0%BF%D0%B5%D1%80%D0%B5%D0%B4-%D1%81%D0%BD%D0%BE%D0%BC-%D0%BF%D0%B8%D1%81%D0%B0%D0%BB-%D1%81%D0%B2%D0%BE%D0%B5%D0%B9-%D0%BB%D1%8E%D0%B1%D0%B8%D0%BC%D0%BE%D0%B9-/" "Mozilla/5.0 (Windows NT 10.0; Win64; x64) AppleWebKit/537.36 (KHTML, like Gecko) Chrome/83.0.4103.106 YaBrowser/20.7.1.70 Yowser/2.5 Yptp/1.23 Safari/537.36" "-"
178.68.139.117 - - [22/Jul/2020:22:45:27 +0000] "GET /%D0%BF%D0%B0%D1%80%D0%B5%D0%BD%D1%8C-%D0%BA%D0%B0%D0%B6%D0%B4%D1%8B%D0%B9-%D0%B4%D0%B5%D0%BD%D1%8C-%D0%BF%D0%B5%D1%80%D0%B5%D0%B4-%D1%81%D0%BD%D0%BE%D0%BC-%D0%BF%D0%B8%D1%81%D0%B0%D0%BB-%D1%81%D0%B2%D0%BE%D0%B5%D0%B9-%D0%BB%D1%8E%D0%B1%D0%B8%D0%BC%D0%BE%D0%B9-/ HTTP/2.0" 200 13882 "https://baneks.site/%D0%BF%D0%B0%D1%80%D0%B5%D0%BD%D1%8C-%D0%BA%D0%B0%D0%B6%D0%B4%D1%8B%D0%B9-%D0%B4%D0%B5%D0%BD%D1%8C-%D0%BF%D0%B5%D1%80%D0%B5%D0%B4-%D1%81%D0%BD%D0%BE%D0%BC-%D0%BF%D0%B8%D1%81%D0%B0%D0%BB-%D1%81%D0%B2%D0%BE%D0%B5%D0%B9-%D0%BB%D1%8E%D0%B1%D0%B8%D0%BC%D0%BE%D0%B9-/" "Mozilla/5.0 (Windows NT 10.0; Win64; x64) AppleWebKit/537.36 (KHTML, like Gecko) Chrome/83.0.4103.106 YaBrowser/20.7.1.70 Yowser/2.5 Yptp/1.23 Safari/537.36"
213.87.160.157 - - [22/Jul/2020:22:45:28 +0000] "GET /%D1%82%D0%B8%D1%85%D0%B8%D0%BC-%D0%B2%D0%B5%D1%87%D0%B5%D1%80%D0%BE%D0%BC-%D0%A5%D0%BE%D0%BB%D0%BC%D1%81-%D0%B8-%D0%92%D0%B0%D1%82%D1%81%D0%BE%D0%BD-%D0%B3%D1%80%D0%B5%D1%8E%D1%82%D1%81%D1%8F-%D1%83-%D0%BA%D0%B0%D0%BC%D0%B8%D0%BD%D0%B0/ HTTP/2.0" 200 13524 "https://baneks.site/%D1%82%D0%B8%D1%85%D0%B8%D0%BC-%D0%B2%D0%B5%D1%87%D0%B5%D1%80%D0%BE%D0%BC-%D0%A5%D0%BE%D0%BB%D0%BC%D1%81-%D0%B8-%D0%92%D0%B0%D1%82%D1%81%D0%BE%D0%BD-%D0%B3%D1%80%D0%B5%D1%8E%D1%82%D1%81%D1%8F-%D1%83-%D0%BA%D0%B0%D0%BC%D0%B8%D0%BD%D0%B0/" "Mozilla/5.0 (Linux; Android 10; vivo 1938 Build/QP1A.190711.020) AppleWebKit/537.36 (KHTML, like Gecko) Chrome/78.0.3904.96 Mobile Safari/537.36 YaApp_Android/11.20 YaSearchBrowser/11.20" "-"
213.87.160.157 - - [22/Jul/2020:22:45:28 +0000] "GET /%D1%82%D0%B8%D1%85%D0%B8%D0%BC-%D0%B2%D0%B5%D1%87%D0%B5%D1%80%D0%BE%D0%BC-%D0%A5%D0%BE%D0%BB%D0%BC%D1%81-%D0%B8-%D0%92%D0%B0%D1%82%D1%81%D0%BE%D0%BD-%D0%B3%D1%80%D0%B5%D1%8E%D1%82%D1%81%D1%8F-%D1%83-%D0%BA%D0%B0%D0%BC%D0%B8%D0%BD%D0%B0/ HTTP/2.0" 200 13524 "https://baneks.site/%D1%82%D0%B8%D1%85%D0%B8%D0%BC-%D0%B2%D0%B5%D1%87%D0%B5%D1%80%D0%BE%D0%BC-%D0%A5%D0%BE%D0%BB%D0%BC%D1%81-%D0%B8-%D0%92%D0%B0%D1%82%D1%81%D0%BE%D0%BD-%D0%B3%D1%80%D0%B5%D1%8E%D1%82%D1%81%D1%8F-%D1%83-%D0%BA%D0%B0%D0%BC%D0%B8%D0%BD%D0%B0/" "Mozilla/5.0 (Linux; Android 10; vivo 1938 Build/QP1A.190711.020) AppleWebKit/537.36 (KHTML, like Gecko) Chrome/78.0.3904.96 Mobile Safari/537.36 YaApp_Android/11.20 YaSearchBrowser/11.20"
178.68.139.117 - - [22/Jul/2020:22:45:43 +0000] "GET /new/ HTTP/2.0" 200 16296 "https://baneks.site/%D0%BF%D0%B0%D1%80%D0%B5%D0%BD%D1%8C-%D0%BA%D0%B0%D0%B6%D0%B4%D1%8B%D0%B9-%D0%B4%D0%B5%D0%BD%D1%8C-%D0%BF%D0%B5%D1%80%D0%B5%D0%B4-%D1%81%D0%BD%D0%BE%D0%BC-%D0%BF%D0%B8%D1%81%D0%B0%D0%BB-%D1%81%D0%B2%D0%BE%D0%B5%D0%B9-%D0%BB%D1%8E%D0%B1%D0%B8%D0%BC%D0%BE%D0%B9-/" "Mozilla/5.0 (Windows NT 10.0; Win64; x64) AppleWebKit/537.36 (KHTML, like Gecko) Chrome/83.0.4103.106 YaBrowser/20.7.1.70 Yowser/2.5 Yptp/1.23 Safari/537.36" "-"
178.68.139.117 - - [22/Jul/2020:22:45:43 +0000] "GET /new/ HTTP/2.0" 200 16296 "https://baneks.site/%D0%BF%D0%B0%D1%80%D0%B5%D0%BD%D1%8C-%D0%BA%D0%B0%D0%B6%D0%B4%D1%8B%D0%B9-%D0%B4%D0%B5%D0%BD%D1%8C-%D0%BF%D0%B5%D1%80%D0%B5%D0%B4-%D1%81%D0%BD%D0%BE%D0%BC-%D0%BF%D0%B8%D1%81%D0%B0%D0%BB-%D1%81%D0%B2%D0%BE%D0%B5%D0%B9-%D0%BB%D1%8E%D0%B1%D0%B8%D0%BC%D0%BE%D0%B9-/" "Mozilla/5.0 (Windows NT 10.0; Win64; x64) AppleWebKit/537.36 (KHTML, like Gecko) Chrome/83.0.4103.106 YaBrowser/20.7.1.70 Yowser/2.5 Yptp/1.23 Safari/537.36"
178.154.200.81 - - [22/Jul/2020:22:45:44 +0000] "GET /rss/ HTTP/1.1" 200 8823 "-" "Mozilla/5.0 (compatible; YandexBot/3.0; +http://yandex.com/bots)" "-"
178.154.200.81 - - [22/Jul/2020:22:45:44 +0000] "GET /rss/ HTTP/1.1" 200 8823 "-" "Mozilla/5.0 (compatible; YandexBot/3.0; +http://yandex.com/bots)"
144.76.6.230 - - [22/Jul/2020:22:45:44 +0000] "GET /%D0%B4%D0%B2%D0%B0-%D0%B5%D0%B2%D1%80%D0%B5%D1%8F-%D0%BD%D0%B0-%D0%91%D1%80%D0%B0%D0%B9%D1%82%D0%BE%D0%BD-%D0%91%D0%B8%D1%87-%D1%81%D1%82%D0%BE%D1%8F%D1%82/ HTTP/1.1" 200 12455 "-" "Mozilla/5.0 (compatible; MJ12bot/v1.4.8; http://mj12bot.com/)" "-"
144.76.6.230 - - [22/Jul/2020:22:45:44 +0000] "GET /%D0%B4%D0%B2%D0%B0-%D0%B5%D0%B2%D1%80%D0%B5%D1%8F-%D0%BD%D0%B0-%D0%91%D1%80%D0%B0%D0%B9%D1%82%D0%BE%D0%BD-%D0%91%D0%B8%D1%87-%D1%81%D1%82%D0%BE%D1%8F%D1%82/ HTTP/1.1" 200 12455 "-" "Mozilla/5.0 (compatible; MJ12bot/v1.4.8; http://mj12bot.com/)"
109.238.247.83 - - [22/Jul/2020:22:45:45 +0000] "GET / HTTP/1.0" 200 12486 "-" "Mozilla/5.0 (Windows NT 6.1; Win64; x64; rv:57.0) Gecko/20100101 Firefox/57.0" "-"
109.238.247.83 - - [22/Jul/2020:22:45:45 +0000] "GET / HTTP/1.0" 200 12486 "-" "Mozilla/5.0 (Windows NT 6.1; Win64; x64; rv:57.0) Gecko/20100101 Firefox/57.0"
5.45.207.181 - - [22/Jul/2020:22:45:45 +0000] "GET /search/ HTTP/1.1" 200 3832 "-" "Mozilla/5.0 (compatible; YandexBot/3.0; +http://yandex.com/bots)" "-"
5.45.207.181 - - [22/Jul/2020:22:45:45 +0000] "GET /search/ HTTP/1.1" 200 3832 "-" "Mozilla/5.0 (compatible; YandexBot/3.0; +http://yandex.com/bots)"
178.154.200.81 - - [22/Jul/2020:22:45:45 +0000] "GET /atom/ HTTP/1.1" 200 20080 "-" "Mozilla/5.0 (compatible; YandexBot/3.0; +http://yandex.com/bots)" "-"
178.154.200.81 - - [22/Jul/2020:22:45:45 +0000] "GET /atom/ HTTP/1.1" 200 20080 "-" "Mozilla/5.0 (compatible; YandexBot/3.0; +http://yandex.com/bots)"
5.45.207.181 - - [22/Jul/2020:22:45:46 +0000] "GET /%D0%BF%D0%BE%D1%81%D0%BF%D0%BE%D1%80%D0%B8%D0%BB%D0%B8-%D0%9A%D0%B0%D1%80%D1%82%D0%B5%D1%80-%D1%81-%D0%91%D1%80%D0%B5%D0%B6%D0%BD%D0%B5%D0%B2%D1%8B%D0%BC-%D0%B2-%D0%BA%D0%B0%D0%BA%D0%BE%D0%B9-%D1%81%D1%82%D1%80%D0%B0%D0%BD%D0%B5-%D1%87%D0%B0%D1%89%D0%B5/?p=3 HTTP/1.1" 200 9229 "-" "Mozilla/5.0 (compatible; YandexBot/3.0; +http://yandex.com/bots)" "-"
5.45.207.181 - - [22/Jul/2020:22:45:46 +0000] "GET /%D0%BF%D0%BE%D1%81%D0%BF%D0%BE%D1%80%D0%B8%D0%BB%D0%B8-%D0%9A%D0%B0%D1%80%D1%82%D0%B5%D1%80-%D1%81-%D0%91%D1%80%D0%B5%D0%B6%D0%BD%D0%B5%D0%B2%D1%8B%D0%BC-%D0%B2-%D0%BA%D0%B0%D0%BA%D0%BE%D0%B9-%D1%81%D1%82%D1%80%D0%B0%D0%BD%D0%B5-%D1%87%D0%B0%D1%89%D0%B5/?p=3 HTTP/1.1" 200 9229 "-" "Mozilla/5.0 (compatible; YandexBot/3.0; +http://yandex.com/bots)"
178.154.200.151 - - [22/Jul/2020:22:45:46 +0000] "GET / HTTP/1.1" 200 5068 "-" "Mozilla/5.0 (compatible; YandexBot/3.0; +http://yandex.com/bots)" "-"
178.154.200.151 - - [22/Jul/2020:22:45:46 +0000] "GET / HTTP/1.1" 200 5068 "-" "Mozilla/5.0 (compatible; YandexBot/3.0; +http://yandex.com/bots)"
178.68.139.117 - - [22/Jul/2020:22:45:48 +0000] "GET /%D1%81%D1%82%D0%BE%D0%B8%D1%82-%D0%B0%D0%BB%D0%BA%D0%B0%D1%88-%D1%83-%D0%BB%D0%B0%D1%80%D1%8C%D0%BA%D0%B0-%D1%82%D1%80%D1%8F%D1%81%D1%91%D1%82%D1%81%D1%8F-%D0%B7%D0%BD%D0%B0%D0%B5%D1%82-%D1%87%D1%82%D0%BE-%D0%B4%D0%B5%D0%BD%D0%B5%D0%B3-%D0%BD%D0%B5%D1%82/ HTTP/2.0" 200 12643 "https://baneks.site/new/" "Mozilla/5.0 (Windows NT 10.0; Win64; x64) AppleWebKit/537.36 (KHTML, like Gecko) Chrome/83.0.4103.106 YaBrowser/20.7.1.70 Yowser/2.5 Yptp/1.23 Safari/537.36" "-"
178.68.139.117 - - [22/Jul/2020:22:45:48 +0000] "GET /%D1%81%D1%82%D0%BE%D0%B8%D1%82-%D0%B0%D0%BB%D0%BA%D0%B0%D1%88-%D1%83-%D0%BB%D0%B0%D1%80%D1%8C%D0%BA%D0%B0-%D1%82%D1%80%D1%8F%D1%81%D1%91%D1%82%D1%81%D1%8F-%D0%B7%D0%BD%D0%B0%D0%B5%D1%82-%D1%87%D1%82%D0%BE-%D0%B4%D0%B5%D0%BD%D0%B5%D0%B3-%D0%BD%D0%B5%D1%82/ HTTP/2.0" 200 12643 "https://baneks.site/new/" "Mozilla/5.0 (Windows NT 10.0; Win64; x64) AppleWebKit/537.36 (KHTML, like Gecko) Chrome/83.0.4103.106 YaBrowser/20.7.1.70 Yowser/2.5 Yptp/1.23 Safari/537.36"
