213.230.102.220 - - [22/Jul/2020:22:31:56 +0000] "GET /%D0%BC%D1%83%D0%B6%D0%B8%D0%BA-%D0%B5%D0%B1%D0%B5%D1%82-%D0%B1%D0%B0%D0%B1%D1%83-%D0%B1%D0%B0%D0%B1%D0%B0-%D0%BD%D0%B0-7%D0%BE%D0%BC-%D0%BD%D0%B5%D0%B1%D0%B5-%D0%BE%D1%82-%D1%81%D1%87%D0%B0%D1%81%D1%82%D1%8C%D1%8F/ HTTP/2.0" 200 13696 "https://baneks.site/%D0%BC%D1%83%D0%B6%D0%B8%D0%BA-%D0%B5%D0%B1%D0%B5%D1%82-%D0%B1%D0%B0%D0%B1%D1%83-%D0%B1%D0%B0%D0%B1%D0%B0-%D0%BD%D0%B0-7%D0%BE%D0%BC-%D0%BD%D0%B5%D0%B1%D0%B5-%D0%BE%D1%82-%D1%81%D1%87%D0%B0%D1%81%D1%82%D1%8C%D1%8F/" "Mozilla/5.0 (Linux; Android 9; MAR-LX1A) AppleWebKit/537.36 (KHTML, like Gecko) Chrome/84.0.4147.89 Mobile Safari/537.36" "-"
213.230.102.220 - - [22/Jul/2020:22:31:56 +0000] "GET /%D0%BC%D1%83%D0%B6%D0%B8%D0%BA-%D0%B5%D0%B1%D0%B5%D1%82-%D0%B1%D0%B0%D0%B1%D1%83-%D0%B1%D0%B0%D0%B1%D0%B0-%D0%BD%D0%B0-7%D0%BE%D0%BC-%D0%BD%D0%B5%D0%B1%D0%B5-%D0%BE%D1%82-%D1%81%D1%87%D0%B0%D1%81%D1%82%D1%8C%D1%8F/ HTTP/2.0" 200 13696 "https://baneks.site/%D0%BC%D1%83%D0%B6%D0%B8%D0%BA-%D0%B5%D0%B1%D0%B5%D1%82-%D0%B1%D0%B0%D0%B1%D1%83-%D0%B1%D0%B0%D0%B1%D0%B0-%D0%BD%D0%B0-7%D0%BE%D0%BC-%D0%BD%D0%B5%D0%B1%D0%B5-%D0%BE%D1%82-%D1%81%D1%87%D0%B0%D1%81%D1%82%D1%8C%D1%8F/" "Mozilla/5.0 (Linux; Android 9; MAR-LX1A) AppleWebKit/537.36 (KHTML, like Gecko) Chrome/84.0.4147.89 Mobile Safari/537.36"
178.154.200.81 - - [22/Jul/2020:22:32:02 +0000] "GET /%D0%BA%D0%B0%D0%BA%D0%BE%D0%B5-%D1%83-%D1%82%D0%B5%D0%B1%D1%8F-%D0%B7%D1%80%D0%B5%D0%BD%D0%B8%D0%B5-%D0%BC%D0%B8%D0%BD%D1%83%D1%81-4/?p=2 HTTP/1.1" 200 11321 "-" "Mozilla/5.0 (compatible; YandexBot/3.0; +http://yandex.com/bots)" "-"
178.154.200.81 - - [22/Jul/2020:22:32:02 +0000] "GET /%D0%BA%D0%B0%D0%BA%D0%BE%D0%B5-%D1%83-%D1%82%D0%B5%D0%B1%D1%8F-%D0%B7%D1%80%D0%B5%D0%BD%D0%B8%D0%B5-%D0%BC%D0%B8%D0%BD%D1%83%D1%81-4/?p=2 HTTP/1.1" 200 11321 "-" "Mozilla/5.0 (compatible; YandexBot/3.0; +http://yandex.com/bots)"
213.87.145.4 - - [22/Jul/2020:22:32:03 +0000] "GET /%D0%B8%D0%B4%D1%91%D1%82-%D0%BC%D1%83%D0%B6%D0%B8%D0%BA-%D0%BF%D0%BE-%D0%BF%D0%BE%D0%BB%D1%8E-%D0%B2%D1%81%D1%82%D1%80%D0%B5%D1%87%D0%B0%D0%B5%D1%82-%D0%BF%D0%B0%D1%81%D1%82%D1%83%D1%85%D0%B0/ HTTP/2.0" 200 14102 "https://baneks.site/%D0%B8%D0%B4%D1%91%D1%82-%D0%BC%D1%83%D0%B6%D0%B8%D0%BA-%D0%BF%D0%BE-%D0%BF%D0%BE%D0%BB%D1%8E-%D0%B2%D1%81%D1%82%D1%80%D0%B5%D1%87%D0%B0%D0%B5%D1%82-%D0%BF%D0%B0%D1%81%D1%82%D1%83%D1%85%D0%B0/" "Mozilla/5.0 (iPhone; CPU iPhone OS 13_5 like Mac OS X) AppleWebKit/605.1.15 (KHTML, like Gecko) CriOS/81.0.4044.124 Mobile/15E148 Safari/604.1" "-"
213.87.145.4 - - [22/Jul/2020:22:32:03 +0000] "GET /%D0%B8%D0%B4%D1%91%D1%82-%D0%BC%D1%83%D0%B6%D0%B8%D0%BA-%D0%BF%D0%BE-%D0%BF%D0%BE%D0%BB%D1%8E-%D0%B2%D1%81%D1%82%D1%80%D0%B5%D1%87%D0%B0%D0%B5%D1%82-%D0%BF%D0%B0%D1%81%D1%82%D1%83%D1%85%D0%B0/ HTTP/2.0" 200 14102 "https://baneks.site/%D0%B8%D0%B4%D1%91%D1%82-%D0%BC%D1%83%D0%B6%D0%B8%D0%BA-%D0%BF%D0%BE-%D0%BF%D0%BE%D0%BB%D1%8E-%D0%B2%D1%81%D1%82%D1%80%D0%B5%D1%87%D0%B0%D0%B5%D1%82-%D0%BF%D0%B0%D1%81%D1%82%D1%83%D1%85%D0%B0/" "Mozilla/5.0 (iPhone; CPU iPhone OS 13_5 like Mac OS X) AppleWebKit/605.1.15 (KHTML, like Gecko) CriOS/81.0.4044.124 Mobile/15E148 Safari/604.1"
144.76.6.230 - - [22/Jul/2020:22:32:16 +0000] "GET /%D0%B2%D1%8B%D1%85%D0%BE%D0%B4%D1%8F%D1%82-%D0%B3%D1%80%D1%83%D0%B7%D0%B8%D0%BD-%D1%81-%D0%B0%D0%B7%D0%B5%D1%80%D0%B1%D0%B0%D0%B9%D0%B6%D0%B0%D0%BD%D1%86%D0%B5%D0%BC-%D0%B8%D0%B7-%D1%80%D0%B5%D1%81%D1%82%D0%BE%D1%80%D0%B0%D0%BD%D0%B0/?p=1/ HTTP/1.1" 404 3950 "-" "Mozilla/5.0 (compatible; MJ12bot/v1.4.8; http://mj12bot.com/)" "-"
144.76.6.230 - - [22/Jul/2020:22:32:16 +0000] "GET /%D0%B2%D1%8B%D1%85%D0%BE%D0%B4%D1%8F%D1%82-%D0%B3%D1%80%D1%83%D0%B7%D0%B8%D0%BD-%D1%81-%D0%B0%D0%B7%D0%B5%D1%80%D0%B1%D0%B0%D0%B9%D0%B6%D0%B0%D0%BD%D1%86%D0%B5%D0%BC-%D0%B8%D0%B7-%D1%80%D0%B5%D1%81%D1%82%D0%BE%D1%80%D0%B0%D0%BD%D0%B0/?p=1/ HTTP/1.1" 404 3950 "-" "Mozilla/5.0 (compatible; MJ12bot/v1.4.8; http://mj12bot.com/)"
78.27.156.11 - - [22/Jul/2020:22:32:17 +0000] "GET /%D0%B5%D0%B4%D1%83%D1%82-%D0%B2-%D0%BA%D0%B0%D1%80%D0%B5%D1%82%D0%B5-%D0%91%D0%B0%D0%BB%D0%BA%D0%BE%D0%BD%D1%81%D0%BA%D0%B8%D0%B9-%D0%9D%D0%B0%D1%82%D0%B0%D0%BB%D1%8C%D1%8F-%D0%A0%D0%BE%D1%81%D1%82%D0%BE%D0%B2%D0%B0/ HTTP/2.0" 200 14613 "https://www.google.com/" "Mozilla/5.0 (Linux; Android 7.1.2; Redmi 4X) AppleWebKit/537.36 (KHTML, like Gecko) Chrome/84.0.4147.89 Mobile Safari/537.36" "-"
78.27.156.11 - - [22/Jul/2020:22:32:17 +0000] "GET /%D0%B5%D0%B4%D1%83%D1%82-%D0%B2-%D0%BA%D0%B0%D1%80%D0%B5%D1%82%D0%B5-%D0%91%D0%B0%D0%BB%D0%BA%D0%BE%D0%BD%D1%81%D0%BA%D0%B8%D0%B9-%D0%9D%D0%B0%D1%82%D0%B0%D0%BB%D1%8C%D1%8F-%D0%A0%D0%BE%D1%81%D1%82%D0%BE%D0%B2%D0%B0/ HTTP/2.0" 200 14613 "https://www.google.com/" "Mozilla/5.0 (Linux; Android 7.1.2; Redmi 4X) AppleWebKit/537.36 (KHTML, like Gecko) Chrome/84.0.4147.89 Mobile Safari/537.36"
213.87.145.4 - - [22/Jul/2020:22:32:18 +0000] "GET /%D1%87%D0%B5%D0%BB%D0%BE%D0%B2%D0%B5%D0%BA-%D1%81%D0%BF%D1%80%D0%BE%D1%81%D0%B8%D0%BB-%D0%BC%D1%83%D0%B4%D1%80%D0%B5%D1%86%D0%B0/ HTTP/2.0" 200 13192 "https://baneks.site/%D1%87%D0%B5%D0%BB%D0%BE%D0%B2%D0%B5%D0%BA-%D1%81%D0%BF%D1%80%D0%BE%D1%81%D0%B8%D0%BB-%D0%BC%D1%83%D0%B4%D1%80%D0%B5%D1%86%D0%B0/" "Mozilla/5.0 (iPhone; CPU iPhone OS 13_5 like Mac OS X) AppleWebKit/605.1.15 (KHTML, like Gecko) CriOS/81.0.4044.124 Mobile/15E148 Safari/604.1" "-"
213.87.145.4 - - [22/Jul/2020:22:32:18 +0000] "GET /%D1%87%D0%B5%D0%BB%D0%BE%D0%B2%D0%B5%D0%BA-%D1%81%D0%BF%D1%80%D0%BE%D1%81%D0%B8%D0%BB-%D0%BC%D1%83%D0%B4%D1%80%D0%B5%D1%86%D0%B0/ HTTP/2.0" 200 13192 "https://baneks.site/%D1%87%D0%B5%D0%BB%D0%BE%D0%B2%D0%B5%D0%BA-%D1%81%D0%BF%D1%80%D0%BE%D1%81%D0%B8%D0%BB-%D0%BC%D1%83%D0%B4%D1%80%D0%B5%D1%86%D0%B0/" "Mozilla/5.0 (iPhone; CPU iPhone OS 13_5 like Mac OS X) AppleWebKit/605.1.15 (KHTML, like Gecko) CriOS/81.0.4044.124 Mobile/15E148 Safari/604.1"
188.163.15.139 - - [22/Jul/2020:22:32:20 +0000] "GET /%D0%BA%D1%80%D1%83%D1%82%D0%BE%D0%B9-%D0%B4%D0%B6%D0%B0%D0%B7%D0%BE%D0%B2%D1%8B%D0%B9-%D0%B1%D0%B0%D1%80-%D0%BF%D1%80%D0%BE%D0%B2%D0%BE%D0%B4%D0%B8%D1%82-%D0%BA%D0%BE%D0%BD%D0%BA%D1%83%D1%80%D1%81/ HTTP/2.0" 200 15098 "https://baneks.site/best/" "Mozilla/5.0 (Windows NT 6.1; Win64; x64) AppleWebKit/537.36 (KHTML, like Gecko) Chrome/83.0.4103.116 Safari/537.36" "-"
188.163.15.139 - - [22/Jul/2020:22:32:20 +0000] "GET /%D0%BA%D1%80%D1%83%D1%82%D0%BE%D0%B9-%D0%B4%D0%B6%D0%B0%D0%B7%D0%BE%D0%B2%D1%8B%D0%B9-%D0%B1%D0%B0%D1%80-%D0%BF%D1%80%D0%BE%D0%B2%D0%BE%D0%B4%D0%B8%D1%82-%D0%BA%D0%BE%D0%BD%D0%BA%D1%83%D1%80%D1%81/ HTTP/2.0" 200 15098 "https://baneks.site/best/" "Mozilla/5.0 (Windows NT 6.1; Win64; x64) AppleWebKit/537.36 (KHTML, like Gecko) Chrome/83.0.4103.116 Safari/537.36"
46.229.168.140 - - [22/Jul/2020:22:32:21 +0000] "GET /tag/%D0%9F%D0%B0%D0%BD%D0%B8%D0%BD/?p=1 HTTP/1.1" 200 10411 "-" "Mozilla/5.0 (compatible; SemrushBot/6~bl; +http://www.semrush.com/bot.html)" "-"
46.229.168.140 - - [22/Jul/2020:22:32:21 +0000] "GET /tag/%D0%9F%D0%B0%D0%BD%D0%B8%D0%BD/?p=1 HTTP/1.1" 200 10411 "-" "Mozilla/5.0 (compatible; SemrushBot/6~bl; +http://www.semrush.com/bot.html)"
78.27.156.11 - - [22/Jul/2020:22:32:22 +0000] "GET /%D0%B5%D0%B4%D1%83%D1%82-%D0%B2-%D0%BA%D0%B0%D1%80%D0%B5%D1%82%D0%B5-%D0%91%D0%B0%D0%BB%D0%BA%D0%BE%D0%BD%D1%81%D0%BA%D0%B8%D0%B9-%D0%9D%D0%B0%D1%82%D0%B0%D0%BB%D1%8C%D1%8F-%D0%A0%D0%BE%D1%81%D1%82%D0%BE%D0%B2%D0%B0/ HTTP/2.0" 200 14613 "https://baneks.site/%D0%B5%D0%B4%D1%83%D1%82-%D0%B2-%D0%BA%D0%B0%D1%80%D0%B5%D1%82%D0%B5-%D0%91%D0%B0%D0%BB%D0%BA%D0%BE%D0%BD%D1%81%D0%BA%D0%B8%D0%B9-%D0%9D%D0%B0%D1%82%D0%B0%D0%BB%D1%8C%D1%8F-%D0%A0%D0%BE%D1%81%D1%82%D0%BE%D0%B2%D0%B0/" "Mozilla/5.0 (Linux; Android 7.1.2; Redmi 4X) AppleWebKit/537.36 (KHTML, like Gecko) Chrome/84.0.4147.89 Mobile Safari/537.36" "-"
78.27.156.11 - - [22/Jul/2020:22:32:22 +0000] "GET /%D0%B5%D0%B4%D1%83%D1%82-%D0%B2-%D0%BA%D0%B0%D1%80%D0%B5%D1%82%D0%B5-%D0%91%D0%B0%D0%BB%D0%BA%D0%BE%D0%BD%D1%81%D0%BA%D0%B8%D0%B9-%D0%9D%D0%B0%D1%82%D0%B0%D0%BB%D1%8C%D1%8F-%D0%A0%D0%BE%D1%81%D1%82%D0%BE%D0%B2%D0%B0/ HTTP/2.0" 200 14613 "https://baneks.site/%D0%B5%D0%B4%D1%83%D1%82-%D0%B2-%D0%BA%D0%B0%D1%80%D0%B5%D1%82%D0%B5-%D0%91%D0%B0%D0%BB%D0%BA%D0%BE%D0%BD%D1%81%D0%BA%D0%B8%D0%B9-%D0%9D%D0%B0%D1%82%D0%B0%D0%BB%D1%8C%D1%8F-%D0%A0%D0%BE%D1%81%D1%82%D0%BE%D0%B2%D0%B0/" "Mozilla/5.0 (Linux; Android 7.1.2; Redmi 4X) AppleWebKit/537.36 (KHTML, like Gecko) Chrome/84.0.4147.89 Mobile Safari/537.36"
178.154.200.81 - - [22/Jul/2020:22:32:24 +0000] "GET /%D0%BC%D1%83%D0%B6%D0%B8%D0%BA-%D0%B5%D0%B1%D0%B5%D1%82-%D0%B1%D0%B0%D0%B1%D1%83-%D0%B1%D0%B0%D0%B1%D0%B0-%D0%BD%D0%B0-7%D0%BE%D0%BC-%D0%BD%D0%B5%D0%B1%D0%B5-%D0%BE%D1%82-%D1%81%D1%87%D0%B0%D1%81%D1%82%D1%8C%D1%8F/ HTTP/1.1" 200 13878 "-" "Mozilla/5.0 (compatible; YandexBot/3.0; +http://yandex.com/bots)" "-"
178.154.200.81 - - [22/Jul/2020:22:32:24 +0000] "GET /%D0%BC%D1%83%D0%B6%D0%B8%D0%BA-%D0%B5%D0%B1%D0%B5%D1%82-%D0%B1%D0%B0%D0%B1%D1%83-%D0%B1%D0%B0%D0%B1%D0%B0-%D0%BD%D0%B0-7%D0%BE%D0%BC-%D0%BD%D0%B5%D0%B1%D0%B5-%D0%BE%D1%82-%D1%81%D1%87%D0%B0%D1%81%D1%82%D1%8C%D1%8F/ HTTP/1.1" 200 13878 "-" "Mozilla/5.0 (compatible; YandexBot/3.0; +http://yandex.com/bots)"
66.249.68.62 - - [22/Jul/2020:22:32:29 +0000] "GET /%D0%B2-%D1%86%D0%B8%D1%80%D0%BA%D0%B5-%D0%BA%D0%BE%D0%BD%D1%84%D0%B5%D1%80%D0%B0%D0%BD%D1%81%D1%8C%D0%B5-%D0%B0-%D1%81%D0%B5%D0%B9%D1%87%D0%B0%D1%81-%D0%B2%D1%8B%D1%81%D1%82%D1%83%D0%BF%D0%B0%D1%8E%D1%82/ HTTP/1.1" 200 13474 "-" "Mozilla/5.0 (Linux; Android 6.0.1; Nexus 5X Build/MMB29P) AppleWebKit/537.36 (KHTML, like Gecko) Chrome/80.0.3987.92 Mobile Safari/537.36 (compatible; Googlebot/2.1; +http://www.google.com/bot.html)" "-"
66.249.68.62 - - [22/Jul/2020:22:32:29 +0000] "GET /%D0%B2-%D1%86%D0%B8%D1%80%D0%BA%D0%B5-%D0%BA%D0%BE%D0%BD%D1%84%D0%B5%D1%80%D0%B0%D0%BD%D1%81%D1%8C%D0%B5-%D0%B0-%D1%81%D0%B5%D0%B9%D1%87%D0%B0%D1%81-%D0%B2%D1%8B%D1%81%D1%82%D1%83%D0%BF%D0%B0%D1%8E%D1%82/ HTTP/1.1" 200 13474 "-" "Mozilla/5.0 (Linux; Android 6.0.1; Nexus 5X Build/MMB29P) AppleWebKit/537.36 (KHTML, like Gecko) Chrome/80.0.3987.92 Mobile Safari/537.36 (compatible; Googlebot/2.1; +http://www.google.com/bot.html)"
94.153.69.75 - - [22/Jul/2020:22:32:30 +0000] "GET /%D1%87%D0%B5%D1%80%D1%82-%D0%B3%D0%BE%D0%B2%D0%BE%D1%80%D0%B8%D1%82-%D0%B1%D0%BE%D0%B3%D1%83-%D1%81%D0%BB%D1%83%D1%88%D0%B0%D0%B9-%D1%87%D1%82%D0%BE-%D1%83-%D1%82%D0%B5%D0%B1%D1%8F-%D0%BD%D0%B0-%D0%B7%D0%B5%D0%BC%D0%BB%D0%B5/ HTTP/2.0" 200 14088 "https://www.google.com.ua/" "Mozilla/5.0 (iPhone; CPU iPhone OS 13_5_1 like Mac OS X) AppleWebKit/605.1.15 (KHTML, like Gecko) Version/13.1.1 Mobile/15E148 Safari/604.1" "-"
94.153.69.75 - - [22/Jul/2020:22:32:30 +0000] "GET /%D1%87%D0%B5%D1%80%D1%82-%D0%B3%D0%BE%D0%B2%D0%BE%D1%80%D0%B8%D1%82-%D0%B1%D0%BE%D0%B3%D1%83-%D1%81%D0%BB%D1%83%D1%88%D0%B0%D0%B9-%D1%87%D1%82%D0%BE-%D1%83-%D1%82%D0%B5%D0%B1%D1%8F-%D0%BD%D0%B0-%D0%B7%D0%B5%D0%BC%D0%BB%D0%B5/ HTTP/2.0" 200 14088 "https://www.google.com.ua/" "Mozilla/5.0 (iPhone; CPU iPhone OS 13_5_1 like Mac OS X) AppleWebKit/605.1.15 (KHTML, like Gecko) Version/13.1.1 Mobile/15E148 Safari/604.1"
46.229.168.142 - - [22/Jul/2020:22:32:36 +0000] "GET /%D0%B3%D0%BB%D1%83%D1%85%D0%BE%D0%B9-%D0%B2%D0%BE%D1%80-%D0%B2%D1%81%D0%BA%D1%80%D1%8B%D0%BB-%D0%B3%D0%B0%D1%80%D0%B0%D0%B6-%D0%B8-%D0%BE%D0%B1%D0%BD%D0%B0%D1%80%D1%83%D0%B6%D0%B8%D0%BB-%D0%B2%D0%BD%D1%83%D1%82%D1%80%D0%B8/ HTTP/1.1" 200 13188 "-" "Mozilla/5.0 (compatible; SemrushBot/6~bl; +http://www.semrush.com/bot.html)" "-"
46.229.168.142 - - [22/Jul/2020:22:32:36 +0000] "GET /%D0%B3%D0%BB%D1%83%D1%85%D0%BE%D0%B9-%D0%B2%D0%BE%D1%80-%D0%B2%D1%81%D0%BA%D1%80%D1%8B%D0%BB-%D0%B3%D0%B0%D1%80%D0%B0%D0%B6-%D0%B8-%D0%BE%D0%B1%D0%BD%D0%B0%D1%80%D1%83%D0%B6%D0%B8%D0%BB-%D0%B2%D0%BD%D1%83%D1%82%D1%80%D0%B8/ HTTP/1.1" 200 13188 "-" "Mozilla/5.0 (compatible; SemrushBot/6~bl; +http://www.semrush.com/bot.html)"
144.76.6.230 - - [22/Jul/2020:22:32:37 +0000] "GET /%D0%B2%D1%8B%D1%85%D0%BE%D0%B4%D1%8F%D1%82-%D0%B3%D1%80%D1%83%D0%B7%D0%B8%D0%BD-%D1%81-%D0%B0%D0%B7%D0%B5%D1%80%D0%B1%D0%B0%D0%B9%D0%B6%D0%B0%D0%BD%D1%86%D0%B5%D0%BC-%D0%B8%D0%B7-%D1%80%D0%B5%D1%81%D1%82%D0%BE%D1%80%D0%B0%D0%BD%D0%B0/?p=2/ HTTP/1.1" 404 3951 "-" "Mozilla/5.0 (compatible; MJ12bot/v1.4.8; http://mj12bot.com/)" "-"
144.76.6.230 - - [22/Jul/2020:22:32:37 +0000] "GET /%D0%B2%D1%8B%D1%85%D0%BE%D0%B4%D1%8F%D1%82-%D0%B3%D1%80%D1%83%D0%B7%D0%B8%D0%BD-%D1%81-%D0%B0%D0%B7%D0%B5%D1%80%D0%B1%D0%B0%D0%B9%D0%B6%D0%B0%D0%BD%D1%86%D0%B5%D0%BC-%D0%B8%D0%B7-%D1%80%D0%B5%D1%81%D1%82%D0%BE%D1%80%D0%B0%D0%BD%D0%B0/?p=2/ HTTP/1.1" 404 3951 "-" "Mozilla/5.0 (compatible; MJ12bot/v1.4.8; http://mj12bot.com/)"
66.249.68.62 - - [22/Jul/2020:22:32:47 +0000] "GET /%D0%BE%D0%BA%D1%80%D0%B0%D0%B8%D0%BD%D0%B0-%D1%83%D0%BA%D1%80%D0%B0%D0%B8%D0%BD%D1%81%D0%BA%D0%BE%D0%B3%D0%BE-%D0%B3%D0%BE%D1%80%D0%BE%D0%B4%D0%BA%D0%B0-%D0%B2-%D0%BB%D0%B5%D1%81%D0%BE%D0%BF%D0%BE%D1%81%D0%B0%D0%B4%D0%BA%D0%B5-%D1%81%D0%B8%D0%B4%D1%8F%D1%82/?p=1 HTTP/1.1" 200 13540 "-" "Mozilla/5.0 (Linux; Android 6.0.1; Nexus 5X Build/MMB29P) AppleWebKit/537.36 (KHTML, like Gecko) Chrome/80.0.3987.92 Mobile Safari/537.36 (compatible; Googlebot/2.1; +http://www.google.com/bot.html)" "-"
66.249.68.62 - - [22/Jul/2020:22:32:47 +0000] "GET /%D0%BE%D0%BA%D1%80%D0%B0%D0%B8%D0%BD%D0%B0-%D1%83%D0%BA%D1%80%D0%B0%D0%B8%D0%BD%D1%81%D0%BA%D0%BE%D0%B3%D0%BE-%D0%B3%D0%BE%D1%80%D0%BE%D0%B4%D0%BA%D0%B0-%D0%B2-%D0%BB%D0%B5%D1%81%D0%BE%D0%BF%D0%BE%D1%81%D0%B0%D0%B4%D0%BA%D0%B5-%D1%81%D0%B8%D0%B4%D1%8F%D1%82/?p=1 HTTP/1.1" 200 13540 "-" "Mozilla/5.0 (Linux; Android 6.0.1; Nexus 5X Build/MMB29P) AppleWebKit/537.36 (KHTML, like Gecko) Chrome/80.0.3987.92 Mobile Safari/537.36 (compatible; Googlebot/2.1; +http://www.google.com/bot.html)"
178.154.200.81 - - [22/Jul/2020:22:32:53 +0000] "GET /%D1%81%D0%B8%D0%B4%D1%8F%D1%82-%D0%B2-%D0%BA%D0%B0%D0%B1%D0%B0%D0%BA%D0%B5-%D0%B4%D0%B2%D0%B0-%D0%BD%D0%BE%D0%B2%D1%8B%D1%85-%D1%80%D1%83%D1%81%D1%81%D0%BA%D0%B8%D1%85-%D0%B8-%D0%B5%D0%B4%D1%8F%D1%82/ HTTP/1.1" 200 12984 "-" "Mozilla/5.0 (compatible; YandexBot/3.0; +http://yandex.com/bots)" "-"
178.154.200.81 - - [22/Jul/2020:22:32:53 +0000] "GET /%D1%81%D0%B8%D0%B4%D1%8F%D1%82-%D0%B2-%D0%BA%D0%B0%D0%B1%D0%B0%D0%BA%D0%B5-%D0%B4%D0%B2%D0%B0-%D0%BD%D0%BE%D0%B2%D1%8B%D1%85-%D1%80%D1%83%D1%81%D1%81%D0%BA%D0%B8%D1%85-%D0%B8-%D0%B5%D0%B4%D1%8F%D1%82/ HTTP/1.1" 200 12984 "-" "Mozilla/5.0 (compatible; YandexBot/3.0; +http://yandex.com/bots)"
144.76.6.230 - - [22/Jul/2020:22:32:59 +0000] "GET /%D0%B3%D0%B4%D0%B5-%D1%82%D0%BE-%D0%B2-%D0%A2%D1%80%D0%B0%D0%BD%D1%81%D0%B8%D0%BB%D1%8C%D0%B2%D0%B0%D0%BD%D0%B8%D0%B8-%D0%B2-%D0%B7%D0%B0%D0%BC%D0%BA%D0%B5-%D0%94%D1%80%D0%B0%D0%BA%D1%83%D0%BB%D1%8B/ HTTP/1.1" 200 12779 "-" "Mozilla/5.0 (compatible; MJ12bot/v1.4.8; http://mj12bot.com/)" "-"
144.76.6.230 - - [22/Jul/2020:22:32:59 +0000] "GET /%D0%B3%D0%B4%D0%B5-%D1%82%D0%BE-%D0%B2-%D0%A2%D1%80%D0%B0%D0%BD%D1%81%D0%B8%D0%BB%D1%8C%D0%B2%D0%B0%D0%BD%D0%B8%D0%B8-%D0%B2-%D0%B7%D0%B0%D0%BC%D0%BA%D0%B5-%D0%94%D1%80%D0%B0%D0%BA%D1%83%D0%BB%D1%8B/ HTTP/1.1" 200 12779 "-" "Mozilla/5.0 (compatible; MJ12bot/v1.4.8; http://mj12bot.com/)"
178.154.200.81 - - [22/Jul/2020:22:33:12 +0000] "GET /%D0%92%D0%B0%D1%82%D1%81%D0%BE%D0%BD-%D0%B2%D1%8B-%D1%81%D0%BB%D1%83%D1%87%D0%B0%D0%B9%D0%BD%D0%BE-%D0%B2%D0%BB%D1%8F%D0%BF%D0%B0%D0%BB%D0%B8%D1%81%D1%8C-%D0%B2-%D0%B3%D0%BE%D0%B2%D0%BD%D0%BE/ HTTP/1.1" 200 12967 "-" "Mozilla/5.0 (compatible; YandexBot/3.0; +http://yandex.com/bots)" "-"
178.154.200.81 - - [22/Jul/2020:22:33:12 +0000] "GET /%D0%92%D0%B0%D1%82%D1%81%D0%BE%D0%BD-%D0%B2%D1%8B-%D1%81%D0%BB%D1%83%D1%87%D0%B0%D0%B9%D0%BD%D0%BE-%D0%B2%D0%BB%D1%8F%D0%BF%D0%B0%D0%BB%D0%B8%D1%81%D1%8C-%D0%B2-%D0%B3%D0%BE%D0%B2%D0%BD%D0%BE/ HTTP/1.1" 200 12967 "-" "Mozilla/5.0 (compatible; YandexBot/3.0; +http://yandex.com/bots)"
194.242.96.210 - - [22/Jul/2020:22:33:18 +0000] "GET /%D0%BB%D1%83%D0%BF%D0%B0-%D0%B8-%D0%BF%D1%83%D0%BF%D0%B0-%D0%BF%D0%BE%D1%88%D0%BB%D0%B8-%D0%BF%D0%BE%D0%BB%D1%83%D1%87%D0%B0%D1%82%D1%8C-%D0%B7%D0%B0%D1%80%D0%BF%D0%BB%D0%B0%D1%82%D1%83-%D0%B2-%D0%B1%D1%83%D1%85%D0%B3%D0%B0%D0%BB%D1%82%D0%B5%D1%80%D0%B8%D0%B8-/?p=2 HTTP/2.0" 200 13279 "https://www.google.com/" "Mozilla/5.0 (Linux; Android 9; Redmi Note 7) AppleWebKit/537.36 (KHTML, like Gecko) Chrome/84.0.4147.89 Mobile Safari/537.36" "-"
194.242.96.210 - - [22/Jul/2020:22:33:18 +0000] "GET /%D0%BB%D1%83%D0%BF%D0%B0-%D0%B8-%D0%BF%D1%83%D0%BF%D0%B0-%D0%BF%D0%BE%D1%88%D0%BB%D0%B8-%D0%BF%D0%BE%D0%BB%D1%83%D1%87%D0%B0%D1%82%D1%8C-%D0%B7%D0%B0%D1%80%D0%BF%D0%BB%D0%B0%D1%82%D1%83-%D0%B2-%D0%B1%D1%83%D1%85%D0%B3%D0%B0%D0%BB%D1%82%D0%B5%D1%80%D0%B8%D0%B8-/?p=2 HTTP/2.0" 200 13279 "https://www.google.com/" "Mozilla/5.0 (Linux; Android 9; Redmi Note 7) AppleWebKit/537.36 (KHTML, like Gecko) Chrome/84.0.4147.89 Mobile Safari/537.36"
178.154.200.81 - - [22/Jul/2020:22:33:19 +0000] "GET /%D0%B2%D0%BE%D1%82-%D1%80%D0%B0%D0%B1%D0%BE%D1%82%D1%8F%D0%B3%D0%B8-%D0%B7%D0%B0%D0%BF%D1%83%D1%81%D0%BA%D0%B0%D1%8E%D1%82-%D0%B2-%D1%87%D0%B0%D1%82-%D0%B3%D1%83%D1%81%D1%8F-%D0%B0-%D1%8F-%D0%BF%D1%80%D0%B5%D0%B4%D0%BB%D0%B0%D0%B3%D0%B0%D1%8E/?p=3 HTTP/1.1" 200 9247 "-" "Mozilla/5.0 (compatible; YandexBot/3.0; +http://yandex.com/bots)" "-"
178.154.200.81 - - [22/Jul/2020:22:33:19 +0000] "GET /%D0%B2%D0%BE%D1%82-%D1%80%D0%B0%D0%B1%D0%BE%D1%82%D1%8F%D0%B3%D0%B8-%D0%B7%D0%B0%D0%BF%D1%83%D1%81%D0%BA%D0%B0%D1%8E%D1%82-%D0%B2-%D1%87%D0%B0%D1%82-%D0%B3%D1%83%D1%81%D1%8F-%D0%B0-%D1%8F-%D0%BF%D1%80%D0%B5%D0%B4%D0%BB%D0%B0%D0%B3%D0%B0%D1%8E/?p=3 HTTP/1.1" 200 9247 "-" "Mozilla/5.0 (compatible; YandexBot/3.0; +http://yandex.com/bots)"
80.89.75.58 - - [22/Jul/2020:22:33:20 +0000] "GET /%D0%B6%D0%B8%D0%BB-%D0%B1%D1%8B%D0%BB-%D0%BF%D0%B0%D1%80%D0%B5%D0%BD%D1%8C-%D1%83-%D0%BA%D0%BE%D1%82%D0%BE%D1%80%D0%BE%D0%B3%D0%BE-%D1%81%D0%B8%D0%BB%D1%8C%D0%BD%D0%BE-%D0%BF%D0%BE%D1%82%D0%B5%D0%BB%D0%B8-%D0%BD%D0%BE%D0%B3%D0%B8-%D0%B8/ HTTP/2.0" 200 15644 "https://www.google.com/" "Mozilla/5.0 (Windows NT 10.0; Win64; x64) AppleWebKit/537.36 (KHTML, like Gecko) Chrome/84.0.4147.89 Safari/537.36" "-"
80.89.75.58 - - [22/Jul/2020:22:33:20 +0000] "GET /%D0%B6%D0%B8%D0%BB-%D0%B1%D1%8B%D0%BB-%D0%BF%D0%B0%D1%80%D0%B5%D0%BD%D1%8C-%D1%83-%D0%BA%D0%BE%D1%82%D0%BE%D1%80%D0%BE%D0%B3%D0%BE-%D1%81%D0%B8%D0%BB%D1%8C%D0%BD%D0%BE-%D0%BF%D0%BE%D1%82%D0%B5%D0%BB%D0%B8-%D0%BD%D0%BE%D0%B3%D0%B8-%D0%B8/ HTTP/2.0" 200 15644 "https://www.google.com/" "Mozilla/5.0 (Windows NT 10.0; Win64; x64) AppleWebKit/537.36 (KHTML, like Gecko) Chrome/84.0.4147.89 Safari/537.36"
144.76.6.230 - - [22/Jul/2020:22:33:20 +0000] "GET /%D0%B3%D0%B4%D0%B5-%D1%82%D0%BE-%D0%B2-%D0%A2%D1%80%D0%B0%D0%BD%D1%81%D0%B8%D0%BB%D1%8C%D0%B2%D0%B0%D0%BD%D0%B8%D0%B8-%D0%B2-%D0%B7%D0%B0%D0%BC%D0%BA%D0%B5-%D0%94%D1%80%D0%B0%D0%BA%D1%83%D0%BB%D1%8B/?p=1/ HTTP/1.1" 404 3931 "-" "Mozilla/5.0 (compatible; MJ12bot/v1.4.8; http://mj12bot.com/)" "-"
144.76.6.230 - - [22/Jul/2020:22:33:20 +0000] "GET /%D0%B3%D0%B4%D0%B5-%D1%82%D0%BE-%D0%B2-%D0%A2%D1%80%D0%B0%D0%BD%D1%81%D0%B8%D0%BB%D1%8C%D0%B2%D0%B0%D0%BD%D0%B8%D0%B8-%D0%B2-%D0%B7%D0%B0%D0%BC%D0%BA%D0%B5-%D0%94%D1%80%D0%B0%D0%BA%D1%83%D0%BB%D1%8B/?p=1/ HTTP/1.1" 404 3931 "-" "Mozilla/5.0 (compatible; MJ12bot/v1.4.8; http://mj12bot.com/)"
80.89.75.58 - - [22/Jul/2020:22:33:21 +0000] "GET /%D0%B6%D0%B8%D0%BB-%D0%B1%D1%8B%D0%BB-%D0%BF%D0%B0%D1%80%D0%B5%D0%BD%D1%8C-%D1%83-%D0%BA%D0%BE%D1%82%D0%BE%D1%80%D0%BE%D0%B3%D0%BE-%D1%81%D0%B8%D0%BB%D1%8C%D0%BD%D0%BE-%D0%BF%D0%BE%D1%82%D0%B5%D0%BB%D0%B8-%D0%BD%D0%BE%D0%B3%D0%B8-%D0%B8/ HTTP/2.0" 200 15644 "https://baneks.site/%D0%B6%D0%B8%D0%BB-%D0%B1%D1%8B%D0%BB-%D0%BF%D0%B0%D1%80%D0%B5%D0%BD%D1%8C-%D1%83-%D0%BA%D0%BE%D1%82%D0%BE%D1%80%D0%BE%D0%B3%D0%BE-%D1%81%D0%B8%D0%BB%D1%8C%D0%BD%D0%BE-%D0%BF%D0%BE%D1%82%D0%B5%D0%BB%D0%B8-%D0%BD%D0%BE%D0%B3%D0%B8-%D0%B8/" "Mozilla/5.0 (Windows NT 10.0; Win64; x64) AppleWebKit/537.36 (KHTML, like Gecko) Chrome/84.0.4147.89 Safari/537.36" "-"
80.89.75.58 - - [22/Jul/2020:22:33:21 +0000] "GET /%D0%B6%D0%B8%D0%BB-%D0%B1%D1%8B%D0%BB-%D0%BF%D0%B0%D1%80%D0%B5%D0%BD%D1%8C-%D1%83-%D0%BA%D0%BE%D1%82%D0%BE%D1%80%D0%BE%D0%B3%D0%BE-%D1%81%D0%B8%D0%BB%D1%8C%D0%BD%D0%BE-%D0%BF%D0%BE%D1%82%D0%B5%D0%BB%D0%B8-%D0%BD%D0%BE%D0%B3%D0%B8-%D0%B8/ HTTP/2.0" 200 15644 "https://baneks.site/%D0%B6%D0%B8%D0%BB-%D0%B1%D1%8B%D0%BB-%D0%BF%D0%B0%D1%80%D0%B5%D0%BD%D1%8C-%D1%83-%D0%BA%D0%BE%D1%82%D0%BE%D1%80%D0%BE%D0%B3%D0%BE-%D1%81%D0%B8%D0%BB%D1%8C%D0%BD%D0%BE-%D0%BF%D0%BE%D1%82%D0%B5%D0%BB%D0%B8-%D0%BD%D0%BE%D0%B3%D0%B8-%D0%B8/" "Mozilla/5.0 (Windows NT 10.0; Win64; x64) AppleWebKit/537.36 (KHTML, like Gecko) Chrome/84.0.4147.89 Safari/537.36"
46.229.168.163 - - [22/Jul/2020:22:33:23 +0000] "GET /%D0%BF%D0%B8%D1%81%D0%B0%D1%8E%D1%89%D0%B8%D0%B9-%D0%BC%D0%B0%D0%BB%D1%8C%D1%87%D0%B8%D0%BA-%D1%81%D0%BF%D0%B0%D1%81-%D0%BC%D0%B0%D0%BB%D1%8C%D1%87%D0%B8%D0%BA%D0%B0/?p=2 HTTP/1.1" 200 10117 "-" "Mozilla/5.0 (compatible; SemrushBot/6~bl; +http://www.semrush.com/bot.html)" "-"
46.229.168.163 - - [22/Jul/2020:22:33:23 +0000] "GET /%D0%BF%D0%B8%D1%81%D0%B0%D1%8E%D1%89%D0%B8%D0%B9-%D0%BC%D0%B0%D0%BB%D1%8C%D1%87%D0%B8%D0%BA-%D1%81%D0%BF%D0%B0%D1%81-%D0%BC%D0%B0%D0%BB%D1%8C%D1%87%D0%B8%D0%BA%D0%B0/?p=2 HTTP/1.1" 200 10117 "-" "Mozilla/5.0 (compatible; SemrushBot/6~bl; +http://www.semrush.com/bot.html)"
46.229.168.148 - - [22/Jul/2020:22:33:34 +0000] "GET /%D1%81%D0%BE%D0%B7%D0%B2%D0%B0%D0%BB-%D1%86%D0%B0%D1%80%D1%8C-%D0%B0%D0%BC%D0%B5%D1%80%D0%B8%D0%BA%D0%B0%D0%BD%D1%86%D0%B0-%D0%BD%D0%B5%D0%BC%D1%86%D0%B0-%D0%B8-%D1%80%D1%83%D1%81%D1%81%D0%BA%D0%BE%D0%B3%D0%BE-%D0%B8-%D0%B3%D0%BE%D0%B2%D0%BE%D1%80%D0%B8%D1%82/?p=2 HTTP/1.1" 200 14826 "-" "Mozilla/5.0 (compatible; SemrushBot/6~bl; +http://www.semrush.com/bot.html)" "-"
46.229.168.148 - - [22/Jul/2020:22:33:34 +0000] "GET /%D1%81%D0%BE%D0%B7%D0%B2%D0%B0%D0%BB-%D1%86%D0%B0%D1%80%D1%8C-%D0%B0%D0%BC%D0%B5%D1%80%D0%B8%D0%BA%D0%B0%D0%BD%D1%86%D0%B0-%D0%BD%D0%B5%D0%BC%D1%86%D0%B0-%D0%B8-%D1%80%D1%83%D1%81%D1%81%D0%BA%D0%BE%D0%B3%D0%BE-%D0%B8-%D0%B3%D0%BE%D0%B2%D0%BE%D1%80%D0%B8%D1%82/?p=2 HTTP/1.1" 200 14826 "-" "Mozilla/5.0 (compatible; SemrushBot/6~bl; +http://www.semrush.com/bot.html)"
144.76.6.230 - - [22/Jul/2020:22:33:41 +0000] "GET /%D0%B3%D0%B4%D0%B5-%D1%82%D0%BE-%D0%B2-%D0%A2%D1%80%D0%B0%D0%BD%D1%81%D0%B8%D0%BB%D1%8C%D0%B2%D0%B0%D0%BD%D0%B8%D0%B8-%D0%B2-%D0%B7%D0%B0%D0%BC%D0%BA%D0%B5-%D0%94%D1%80%D0%B0%D0%BA%D1%83%D0%BB%D1%8B/?p=2/ HTTP/1.1" 404 3931 "-" "Mozilla/5.0 (compatible; MJ12bot/v1.4.8; http://mj12bot.com/)" "-"
144.76.6.230 - - [22/Jul/2020:22:33:41 +0000] "GET /%D0%B3%D0%B4%D0%B5-%D1%82%D0%BE-%D0%B2-%D0%A2%D1%80%D0%B0%D0%BD%D1%81%D0%B8%D0%BB%D1%8C%D0%B2%D0%B0%D0%BD%D0%B8%D0%B8-%D0%B2-%D0%B7%D0%B0%D0%BC%D0%BA%D0%B5-%D0%94%D1%80%D0%B0%D0%BA%D1%83%D0%BB%D1%8B/?p=2/ HTTP/1.1" 404 3931 "-" "Mozilla/5.0 (compatible; MJ12bot/v1.4.8; http://mj12bot.com/)"
188.163.15.139 - - [22/Jul/2020:22:33:45 +0000] "GET /%D0%BF%D0%B0%D1%80%D0%B5%D0%BD%D1%8C-%D0%BA%D0%B0%D0%B6%D0%B4%D1%8B%D0%B9-%D0%B4%D0%B5%D0%BD%D1%8C-%D0%BF%D0%B5%D1%80%D0%B5%D0%B4-%D1%81%D0%BD%D0%BE%D0%BC-%D0%BF%D0%B8%D1%81%D0%B0%D0%BB-%D1%81%D0%B2%D0%BE%D0%B5%D0%B9-%D0%BB%D1%8E%D0%B1%D0%B8%D0%BC%D0%BE%D0%B9-/ HTTP/2.0" 200 13882 "https://baneks.site/best/" "Mozilla/5.0 (Windows NT 6.1; Win64; x64) AppleWebKit/537.36 (KHTML, like Gecko) Chrome/83.0.4103.116 Safari/537.36" "-"
188.163.15.139 - - [22/Jul/2020:22:33:45 +0000] "GET /%D0%BF%D0%B0%D1%80%D0%B5%D0%BD%D1%8C-%D0%BA%D0%B0%D0%B6%D0%B4%D1%8B%D0%B9-%D0%B4%D0%B5%D0%BD%D1%8C-%D0%BF%D0%B5%D1%80%D0%B5%D0%B4-%D1%81%D0%BD%D0%BE%D0%BC-%D0%BF%D0%B8%D1%81%D0%B0%D0%BB-%D1%81%D0%B2%D0%BE%D0%B5%D0%B9-%D0%BB%D1%8E%D0%B1%D0%B8%D0%BC%D0%BE%D0%B9-/ HTTP/2.0" 200 13882 "https://baneks.site/best/" "Mozilla/5.0 (Windows NT 6.1; Win64; x64) AppleWebKit/537.36 (KHTML, like Gecko) Chrome/83.0.4103.116 Safari/537.36"
66.249.68.62 - - [22/Jul/2020:22:33:49 +0000] "GET /%D0%BF%D1%80%D0%BE%D0%B4%D0%B0%D0%B5%D1%82%D1%81%D1%8F-%D1%84%D1%80%D0%B0%D0%BD%D1%86%D1%83%D0%B7%D1%81%D0%BA%D0%BE%D0%B5-%D1%80%D1%83%D0%B6%D1%8C%D0%B5-%D0%B2%D1%80%D0%B5%D0%BC%D0%B5%D0%BD-%D0%B2%D1%82%D0%BE%D1%80%D0%BE%D0%B9-%D0%BC%D0%B8%D1%80%D0%BE%D0%B2%D0%BE%D0%B9/ HTTP/1.1" 304 0 "-" "Mozilla/5.0 (Linux; Android 6.0.1; Nexus 5X Build/MMB29P) AppleWebKit/537.36 (KHTML, like Gecko) Chrome/80.0.3987.92 Mobile Safari/537.36 (compatible; Googlebot/2.1; +http://www.google.com/bot.html)" "-"
66.249.68.62 - - [22/Jul/2020:22:33:49 +0000] "GET /%D0%BF%D1%80%D0%BE%D0%B4%D0%B0%D0%B5%D1%82%D1%81%D1%8F-%D1%84%D1%80%D0%B0%D0%BD%D1%86%D1%83%D0%B7%D1%81%D0%BA%D0%BE%D0%B5-%D1%80%D1%83%D0%B6%D1%8C%D0%B5-%D0%B2%D1%80%D0%B5%D0%BC%D0%B5%D0%BD-%D0%B2%D1%82%D0%BE%D1%80%D0%BE%D0%B9-%D0%BC%D0%B8%D1%80%D0%BE%D0%B2%D0%BE%D0%B9/ HTTP/1.1" 304 0 "-" "Mozilla/5.0 (Linux; Android 6.0.1; Nexus 5X Build/MMB29P) AppleWebKit/537.36 (KHTML, like Gecko) Chrome/80.0.3987.92 Mobile Safari/537.36 (compatible; Googlebot/2.1; +http://www.google.com/bot.html)"
46.229.168.142 - - [22/Jul/2020:22:33:52 +0000] "GET /%D0%B6%D0%B8%D0%BB-%D0%BD%D0%B0-%D1%81%D0%B2%D0%B5%D1%82%D0%B5-%D0%BE%D0%B4%D0%B8%D0%BD-%D0%BD%D0%B5%D0%B3%D0%BE%D0%B4%D1%8F%D0%B9-%D0%B0%D0%BB%D0%BA%D0%B0%D1%88-%D0%BD%D0%B0%D1%80%D0%BA%D0%BE%D0%BC%D0%B0%D0%BD/ HTTP/1.1" 200 16017 "-" "Mozilla/5.0 (compatible; SemrushBot/6~bl; +http://www.semrush.com/bot.html)" "-"
46.229.168.142 - - [22/Jul/2020:22:33:52 +0000] "GET /%D0%B6%D0%B8%D0%BB-%D0%BD%D0%B0-%D1%81%D0%B2%D0%B5%D1%82%D0%B5-%D0%BE%D0%B4%D0%B8%D0%BD-%D0%BD%D0%B5%D0%B3%D0%BE%D0%B4%D1%8F%D0%B9-%D0%B0%D0%BB%D0%BA%D0%B0%D1%88-%D0%BD%D0%B0%D1%80%D0%BA%D0%BE%D0%BC%D0%B0%D0%BD/ HTTP/1.1" 200 16017 "-" "Mozilla/5.0 (compatible; SemrushBot/6~bl; +http://www.semrush.com/bot.html)"
40.77.167.180 - - [22/Jul/2020:22:34:04 +0000] "GET /%D0%92%D0%B0%D1%81%D0%B8%D0%BB%D0%B8%D0%B9-%D0%98%D0%B2%D0%B0%D0%BD%D1%8B%D1%87-%D0%BC%D0%B5%D0%BD%D1%8F-%D0%B2%D1%87%D0%B5%D1%80%D0%B0-%D0%B2-%D0%BF%D0%B0%D1%80%D1%82%D0%B8%D1%8E-%D0%B7%D0%B0%D0%BF%D0%B8%D1%81%D0%B0%D0%BB%D0%B8-%D1%87%D0%BB%D0%B5%D0%BD%D0%BE%D0%BC/ HTTP/1.1" 200 12885 "-" "Mozilla/5.0 (compatible; bingbot/2.0; +http://www.bing.com/bingbot.htm)" "-"
40.77.167.180 - - [22/Jul/2020:22:34:04 +0000] "GET /%D0%92%D0%B0%D1%81%D0%B8%D0%BB%D0%B8%D0%B9-%D0%98%D0%B2%D0%B0%D0%BD%D1%8B%D1%87-%D0%BC%D0%B5%D0%BD%D1%8F-%D0%B2%D1%87%D0%B5%D1%80%D0%B0-%D0%B2-%D0%BF%D0%B0%D1%80%D1%82%D0%B8%D1%8E-%D0%B7%D0%B0%D0%BF%D0%B8%D1%81%D0%B0%D0%BB%D0%B8-%D1%87%D0%BB%D0%B5%D0%BD%D0%BE%D0%BC/ HTTP/1.1" 200 12885 "-" "Mozilla/5.0 (compatible; bingbot/2.0; +http://www.bing.com/bingbot.htm)"
144.76.6.230 - - [22/Jul/2020:22:34:04 +0000] "GET /%D0%B3%D0%B5%D0%BD%D0%B5%D1%80%D0%B0%D0%BB-%D0%BD%D0%B0-%D0%BF%D0%BB%D0%B0%D1%86%D1%83-%D0%B2%D0%BE%D0%B5%D0%BD%D0%BD%D0%BE%D0%B9-%D1%87%D0%B0%D1%81%D1%82%D0%B8-%D1%87%D0%B5%D0%B9-%D0%BE%D0%BA%D1%83%D1%80%D0%BE%D0%BA/ HTTP/1.1" 200 12942 "-" "Mozilla/5.0 (compatible; MJ12bot/v1.4.8; http://mj12bot.com/)" "-"
144.76.6.230 - - [22/Jul/2020:22:34:04 +0000] "GET /%D0%B3%D0%B5%D0%BD%D0%B5%D1%80%D0%B0%D0%BB-%D0%BD%D0%B0-%D0%BF%D0%BB%D0%B0%D1%86%D1%83-%D0%B2%D0%BE%D0%B5%D0%BD%D0%BD%D0%BE%D0%B9-%D1%87%D0%B0%D1%81%D1%82%D0%B8-%D1%87%D0%B5%D0%B9-%D0%BE%D0%BA%D1%83%D1%80%D0%BE%D0%BA/ HTTP/1.1" 200 12942 "-" "Mozilla/5.0 (compatible; MJ12bot/v1.4.8; http://mj12bot.com/)"
46.229.168.137 - - [22/Jul/2020:22:34:06 +0000] "GET /%D0%BD%D0%B0%D1%86%D0%B8%D0%BE%D0%BD%D0%B0%D0%BB%D0%B8%D1%81%D1%82%D1%8B-%D1%81%D0%BE%D1%80%D0%B2%D0%B0%D0%BB%D0%B8-%D1%82%D0%BE%D1%82%D0%B0%D0%BB%D1%8C%D0%BD%D1%8B%D0%B9-%D0%B4%D0%B8%D0%BA%D1%82%D0%B0%D0%BD%D1%82-%D0%B2-%D0%9A%D0%B8%D0%B5%D0%B2%D0%B5/?p=1 HTTP/1.1" 200 13591 "-" "Mozilla/5.0 (compatible; SemrushBot/6~bl; +http://www.semrush.com/bot.html)" "-"
46.229.168.137 - - [22/Jul/2020:22:34:06 +0000] "GET /%D0%BD%D0%B0%D1%86%D0%B8%D0%BE%D0%BD%D0%B0%D0%BB%D0%B8%D1%81%D1%82%D1%8B-%D1%81%D0%BE%D1%80%D0%B2%D0%B0%D0%BB%D0%B8-%D1%82%D0%BE%D1%82%D0%B0%D0%BB%D1%8C%D0%BD%D1%8B%D0%B9-%D0%B4%D0%B8%D0%BA%D1%82%D0%B0%D0%BD%D1%82-%D0%B2-%D0%9A%D0%B8%D0%B5%D0%B2%D0%B5/?p=1 HTTP/1.1" 200 13591 "-" "Mozilla/5.0 (compatible; SemrushBot/6~bl; +http://www.semrush.com/bot.html)"
188.163.15.139 - - [22/Jul/2020:22:34:12 +0000] "GET /%D0%BC%D1%83%D0%B6%D0%B8%D0%BA-%D1%81%D0%BC%D0%B5%D1%80%D1%82%D0%B5%D0%BB%D1%8C%D0%BD%D0%BE-%D0%B7%D0%B0%D0%B1%D0%BE%D0%BB%D0%B5%D0%BB-%D0%BF%D0%BE%D1%88%D0%B5%D0%BB-%D0%BD%D0%B0-%D0%B1%D0%BE%D0%BB%D0%BE%D1%82%D0%BE-%D1%82%D0%BE%D0%BF%D0%B8%D1%82%D1%8C%D1%81%D1%8F/ HTTP/2.0" 200 15540 "https://baneks.site/best/" "Mozilla/5.0 (Windows NT 6.1; Win64; x64) AppleWebKit/537.36 (KHTML, like Gecko) Chrome/83.0.4103.116 Safari/537.36" "-"
188.163.15.139 - - [22/Jul/2020:22:34:12 +0000] "GET /%D0%BC%D1%83%D0%B6%D0%B8%D0%BA-%D1%81%D0%BC%D0%B5%D1%80%D1%82%D0%B5%D0%BB%D1%8C%D0%BD%D0%BE-%D0%B7%D0%B0%D0%B1%D0%BE%D0%BB%D0%B5%D0%BB-%D0%BF%D0%BE%D1%88%D0%B5%D0%BB-%D0%BD%D0%B0-%D0%B1%D0%BE%D0%BB%D0%BE%D1%82%D0%BE-%D1%82%D0%BE%D0%BF%D0%B8%D1%82%D1%8C%D1%81%D1%8F/ HTTP/2.0" 200 15540 "https://baneks.site/best/" "Mozilla/5.0 (Windows NT 6.1; Win64; x64) AppleWebKit/537.36 (KHTML, like Gecko) Chrome/83.0.4103.116 Safari/537.36"
95.79.34.15 - - [22/Jul/2020:22:34:15 +0000] "GET /%D0%BE%D0%B4%D0%B8%D0%BD-%D0%BE%D1%87%D0%B5%D0%BD%D1%8C-%D1%81%D1%82%D0%B0%D1%80%D1%8B%D0%B9-%D0%BC%D1%83%D0%B4%D1%80%D0%B5%D1%86-%D0%BE%D0%B1%D1%83%D1%87%D0%B0%D0%BB-%D0%B3%D1%80%D1%83%D0%BF%D0%BF%D1%83-%D1%83%D1%87%D0%B5%D0%BD%D0%B8%D0%BA%D0%BE%D0%B2-%D0%B8/ HTTP/2.0" 200 16616 "https://www.yandex.ru/" "Mozilla/5.0 (Windows NT 6.1) AppleWebKit/537.36 (KHTML, like Gecko) Chrome/84.0.4147.89 Safari/537.36" "-"
95.79.34.15 - - [22/Jul/2020:22:34:15 +0000] "GET /%D0%BE%D0%B4%D0%B8%D0%BD-%D0%BE%D1%87%D0%B5%D0%BD%D1%8C-%D1%81%D1%82%D0%B0%D1%80%D1%8B%D0%B9-%D0%BC%D1%83%D0%B4%D1%80%D0%B5%D1%86-%D0%BE%D0%B1%D1%83%D1%87%D0%B0%D0%BB-%D0%B3%D1%80%D1%83%D0%BF%D0%BF%D1%83-%D1%83%D1%87%D0%B5%D0%BD%D0%B8%D0%BA%D0%BE%D0%B2-%D0%B8/ HTTP/2.0" 200 16616 "https://www.yandex.ru/" "Mozilla/5.0 (Windows NT 6.1) AppleWebKit/537.36 (KHTML, like Gecko) Chrome/84.0.4147.89 Safari/537.36"
95.79.34.15 - - [22/Jul/2020:22:34:17 +0000] "GET /%D0%BE%D0%B4%D0%B8%D0%BD-%D0%BE%D1%87%D0%B5%D0%BD%D1%8C-%D1%81%D1%82%D0%B0%D1%80%D1%8B%D0%B9-%D0%BC%D1%83%D0%B4%D1%80%D0%B5%D1%86-%D0%BE%D0%B1%D1%83%D1%87%D0%B0%D0%BB-%D0%B3%D1%80%D1%83%D0%BF%D0%BF%D1%83-%D1%83%D1%87%D0%B5%D0%BD%D0%B8%D0%BA%D0%BE%D0%B2-%D0%B8/ HTTP/2.0" 200 16616 "https://baneks.site/%D0%BE%D0%B4%D0%B8%D0%BD-%D0%BE%D1%87%D0%B5%D0%BD%D1%8C-%D1%81%D1%82%D0%B0%D1%80%D1%8B%D0%B9-%D0%BC%D1%83%D0%B4%D1%80%D0%B5%D1%86-%D0%BE%D0%B1%D1%83%D1%87%D0%B0%D0%BB-%D0%B3%D1%80%D1%83%D0%BF%D0%BF%D1%83-%D1%83%D1%87%D0%B5%D0%BD%D0%B8%D0%BA%D0%BE%D0%B2-%D0%B8/" "Mozilla/5.0 (Windows NT 6.1) AppleWebKit/537.36 (KHTML, like Gecko) Chrome/84.0.4147.89 Safari/537.36" "-"
95.79.34.15 - - [22/Jul/2020:22:34:17 +0000] "GET /%D0%BE%D0%B4%D0%B8%D0%BD-%D0%BE%D1%87%D0%B5%D0%BD%D1%8C-%D1%81%D1%82%D0%B0%D1%80%D1%8B%D0%B9-%D0%BC%D1%83%D0%B4%D1%80%D0%B5%D1%86-%D0%BE%D0%B1%D1%83%D1%87%D0%B0%D0%BB-%D0%B3%D1%80%D1%83%D0%BF%D0%BF%D1%83-%D1%83%D1%87%D0%B5%D0%BD%D0%B8%D0%BA%D0%BE%D0%B2-%D0%B8/ HTTP/2.0" 200 16616 "https://baneks.site/%D0%BE%D0%B4%D0%B8%D0%BD-%D0%BE%D1%87%D0%B5%D0%BD%D1%8C-%D1%81%D1%82%D0%B0%D1%80%D1%8B%D0%B9-%D0%BC%D1%83%D0%B4%D1%80%D0%B5%D1%86-%D0%BE%D0%B1%D1%83%D1%87%D0%B0%D0%BB-%D0%B3%D1%80%D1%83%D0%BF%D0%BF%D1%83-%D1%83%D1%87%D0%B5%D0%BD%D0%B8%D0%BA%D0%BE%D0%B2-%D0%B8/" "Mozilla/5.0 (Windows NT 6.1) AppleWebKit/537.36 (KHTML, like Gecko) Chrome/84.0.4147.89 Safari/537.36"
178.154.200.81 - - [22/Jul/2020:22:34:18 +0000] "GET /%D0%B2-%D1%81%D0%B8%D0%BD%D0%B0%D0%B3%D0%BE%D0%B3%D0%B5-%D0%B2%D1%8B%D0%B1%D0%B8%D1%80%D0%B0%D1%8E%D1%82-%D1%80%D0%B0%D0%B2%D0%B2%D0%B8%D0%BD%D0%B0-%D0%B2%D0%BD%D0%BE%D1%81%D1%8F%D1%82-%D0%BF%D1%80%D0%B5%D0%B4%D0%BB%D0%BE%D0%B6%D0%B5%D0%BD%D0%B8%D0%B5/? HTTP/1.1" 200 13950 "-" "Mozilla/5.0 (compatible; YandexBot/3.0; +http://yandex.com/bots)" "-"
178.154.200.81 - - [22/Jul/2020:22:34:18 +0000] "GET /%D0%B2-%D1%81%D0%B8%D0%BD%D0%B0%D0%B3%D0%BE%D0%B3%D0%B5-%D0%B2%D1%8B%D0%B1%D0%B8%D1%80%D0%B0%D1%8E%D1%82-%D1%80%D0%B0%D0%B2%D0%B2%D0%B8%D0%BD%D0%B0-%D0%B2%D0%BD%D0%BE%D1%81%D1%8F%D1%82-%D0%BF%D1%80%D0%B5%D0%B4%D0%BB%D0%BE%D0%B6%D0%B5%D0%BD%D0%B8%D0%B5/? HTTP/1.1" 200 13950 "-" "Mozilla/5.0 (compatible; YandexBot/3.0; +http://yandex.com/bots)"
46.229.168.144 - - [22/Jul/2020:22:34:18 +0000] "GET /%D0%BB%D0%B5%D1%82%D0%BD%D1%8F%D1%8F-%D0%BD%D0%BE%D1%87%D1%8C-%D0%BF%D0%BB%D1%8B%D0%B2%D1%91%D1%82%D0%B5-%D0%B2%D1%8B-%D1%80%D1%83%D1%81%D1%81%D0%BA%D0%B8%D0%B9-%D1%87%D0%B5%D0%BB%D0%BE%D0%B2%D0%B5%D0%BA-%D0%BD%D0%B0-%D0%BF%D0%B0%D1%80%D0%BE%D0%BC%D0%B5/ HTTP/1.1" 200 15071 "-" "Mozilla/5.0 (compatible; SemrushBot/6~bl; +http://www.semrush.com/bot.html)" "-"
46.229.168.144 - - [22/Jul/2020:22:34:18 +0000] "GET /%D0%BB%D0%B5%D1%82%D0%BD%D1%8F%D1%8F-%D0%BD%D0%BE%D1%87%D1%8C-%D0%BF%D0%BB%D1%8B%D0%B2%D1%91%D1%82%D0%B5-%D0%B2%D1%8B-%D1%80%D1%83%D1%81%D1%81%D0%BA%D0%B8%D0%B9-%D1%87%D0%B5%D0%BB%D0%BE%D0%B2%D0%B5%D0%BA-%D0%BD%D0%B0-%D0%BF%D0%B0%D1%80%D0%BE%D0%BC%D0%B5/ HTTP/1.1" 200 15071 "-" "Mozilla/5.0 (compatible; SemrushBot/6~bl; +http://www.semrush.com/bot.html)"
188.163.15.139 - - [22/Jul/2020:22:34:24 +0000] "GET /%D0%B0%D0%BC%D0%B5%D1%80%D0%B8%D0%BA%D0%B0-%D0%BF%D0%B0%D1%80%D0%B8%D0%BA%D0%BC%D0%B0%D1%85%D0%B5%D1%80%D1%81%D0%BA%D0%B0%D1%8F-%D0%BF%D0%B0%D1%80%D0%B8%D1%85%D0%BC%D0%B0%D1%85%D0%B5%D1%80-%D1%81%D1%82%D1%80%D0%B8%D0%B6%D1%91%D1%82-%D0%BA%D0%BB%D0%B8%D0%B5%D0%BD%D1%82%D0%B0/ HTTP/2.0" 200 18792 "https://baneks.site/best/" "Mozilla/5.0 (Windows NT 6.1; Win64; x64) AppleWebKit/537.36 (KHTML, like Gecko) Chrome/83.0.4103.116 Safari/537.36" "-"
188.163.15.139 - - [22/Jul/2020:22:34:24 +0000] "GET /%D0%B0%D0%BC%D0%B5%D1%80%D0%B8%D0%BA%D0%B0-%D0%BF%D0%B0%D1%80%D0%B8%D0%BA%D0%BC%D0%B0%D1%85%D0%B5%D1%80%D1%81%D0%BA%D0%B0%D1%8F-%D0%BF%D0%B0%D1%80%D0%B8%D1%85%D0%BC%D0%B0%D1%85%D0%B5%D1%80-%D1%81%D1%82%D1%80%D0%B8%D0%B6%D1%91%D1%82-%D0%BA%D0%BB%D0%B8%D0%B5%D0%BD%D1%82%D0%B0/ HTTP/2.0" 200 18792 "https://baneks.site/best/" "Mozilla/5.0 (Windows NT 6.1; Win64; x64) AppleWebKit/537.36 (KHTML, like Gecko) Chrome/83.0.4103.116 Safari/537.36"
144.76.6.230 - - [22/Jul/2020:22:34:26 +0000] "GET /%D0%B3%D0%B5%D0%BD%D0%B5%D1%80%D0%B0%D0%BB-%D0%BD%D0%B0-%D0%BF%D0%BB%D0%B0%D1%86%D1%83-%D0%B2%D0%BE%D0%B5%D0%BD%D0%BD%D0%BE%D0%B9-%D1%87%D0%B0%D1%81%D1%82%D0%B8-%D1%87%D0%B5%D0%B9-%D0%BE%D0%BA%D1%83%D1%80%D0%BE%D0%BA/?p=1/ HTTP/1.1" 404 3930 "-" "Mozilla/5.0 (compatible; MJ12bot/v1.4.8; http://mj12bot.com/)" "-"
144.76.6.230 - - [22/Jul/2020:22:34:26 +0000] "GET /%D0%B3%D0%B5%D0%BD%D0%B5%D1%80%D0%B0%D0%BB-%D0%BD%D0%B0-%D0%BF%D0%BB%D0%B0%D1%86%D1%83-%D0%B2%D0%BE%D0%B5%D0%BD%D0%BD%D0%BE%D0%B9-%D1%87%D0%B0%D1%81%D1%82%D0%B8-%D1%87%D0%B5%D0%B9-%D0%BE%D0%BA%D1%83%D1%80%D0%BE%D0%BA/?p=1/ HTTP/1.1" 404 3930 "-" "Mozilla/5.0 (compatible; MJ12bot/v1.4.8; http://mj12bot.com/)"
216.244.66.248 - - [22/Jul/2020:22:34:27 +0000] "GET /%D0%B7%D0%B4%D1%80%D0%B0%D0%B2%D1%81%D1%82%D0%B2%D1%83%D0%B9%D1%82%D0%B5-%D1%83-%D0%B2%D0%B0%D1%81-%D0%B5%D1%81%D1%82%D1%8C-%D0%BA%D1%80%D1%83%D0%B3%D0%BB%D1%8B%D0%B9-%D1%82%D0%B5%D0%BB%D0%B5%D0%B2%D0%B8%D0%B7%D0%BE%D1%80/ HTTP/1.1" 200 98669 "-" "Mozilla/5.0 (compatible; DotBot/1.1; http://www.opensiteexplorer.org/dotbot, help@moz.com)" "-"
216.244.66.248 - - [22/Jul/2020:22:34:27 +0000] "GET /%D0%B7%D0%B4%D1%80%D0%B0%D0%B2%D1%81%D1%82%D0%B2%D1%83%D0%B9%D1%82%D0%B5-%D1%83-%D0%B2%D0%B0%D1%81-%D0%B5%D1%81%D1%82%D1%8C-%D0%BA%D1%80%D1%83%D0%B3%D0%BB%D1%8B%D0%B9-%D1%82%D0%B5%D0%BB%D0%B5%D0%B2%D0%B8%D0%B7%D0%BE%D1%80/ HTTP/1.1" 200 98669 "-" "Mozilla/5.0 (compatible; DotBot/1.1; http://www.opensiteexplorer.org/dotbot, help@moz.com)"
188.163.15.139 - - [22/Jul/2020:22:34:28 +0000] "GET /-%D0%BF%D0%B0%D0%BF%D0%B0-%D1%87%D1%82%D0%BE-%D1%82%D0%B0%D0%BA%D0%BE%D0%B5-%D0%BD%D0%B5%D0%BA%D0%BE%D0%BC%D0%BF%D0%B5%D1%82%D0%B5%D0%BD%D1%82%D0%BD%D0%BE%D1%81%D1%82%D1%8C-%D0%B8-%D0%B1%D0%B5%D0%B7%D1%80%D0%B0%D0%B7%D0%BB%D0%B8%D1%87%D0%B8%D0%B5/ HTTP/2.0" 200 13248 "https://baneks.site/best/" "Mozilla/5.0 (Windows NT 6.1; Win64; x64) AppleWebKit/537.36 (KHTML, like Gecko) Chrome/83.0.4103.116 Safari/537.36" "-"
188.163.15.139 - - [22/Jul/2020:22:34:28 +0000] "GET /-%D0%BF%D0%B0%D0%BF%D0%B0-%D1%87%D1%82%D0%BE-%D1%82%D0%B0%D0%BA%D0%BE%D0%B5-%D0%BD%D0%B5%D0%BA%D0%BE%D0%BC%D0%BF%D0%B5%D1%82%D0%B5%D0%BD%D1%82%D0%BD%D0%BE%D1%81%D1%82%D1%8C-%D0%B8-%D0%B1%D0%B5%D0%B7%D1%80%D0%B0%D0%B7%D0%BB%D0%B8%D1%87%D0%B8%D0%B5/ HTTP/2.0" 200 13248 "https://baneks.site/best/" "Mozilla/5.0 (Windows NT 6.1; Win64; x64) AppleWebKit/537.36 (KHTML, like Gecko) Chrome/83.0.4103.116 Safari/537.36"
40.77.167.180 - - [22/Jul/2020:22:34:35 +0000] "GET /%D0%BB%D0%B8%D0%B6%D0%B5%D1%82-%D0%BC%D1%83%D0%B6%D0%B8%D0%BA-%D0%B1%D0%B0%D0%B1%D0%BA%D0%B5/ HTTP/1.1" 200 12127 "-" "Mozilla/5.0 (compatible; bingbot/2.0; +http://www.bing.com/bingbot.htm)" "-"
40.77.167.180 - - [22/Jul/2020:22:34:35 +0000] "GET /%D0%BB%D0%B8%D0%B6%D0%B5%D1%82-%D0%BC%D1%83%D0%B6%D0%B8%D0%BA-%D0%B1%D0%B0%D0%B1%D0%BA%D0%B5/ HTTP/1.1" 200 12127 "-" "Mozilla/5.0 (compatible; bingbot/2.0; +http://www.bing.com/bingbot.htm)"
46.229.168.161 - - [22/Jul/2020:22:34:40 +0000] "GET /%D0%BA%D0%B0%D0%BA%D0%B0%D1%8F-%D1%83-%D0%BA%D0%BE%D1%81%D0%BC%D0%BE%D0%BD%D0%B0%D0%B2%D1%82%D0%B0-%D0%BB%D1%8E%D0%B1%D0%B8%D0%BC%D0%B0%D1%8F-%D0%BA%D0%BB%D0%B0%D0%B2%D0%B8%D1%88%D0%B0/?p=6 HTTP/1.1" 200 8657 "-" "Mozilla/5.0 (compatible; SemrushBot/6~bl; +http://www.semrush.com/bot.html)" "-"
46.229.168.161 - - [22/Jul/2020:22:34:40 +0000] "GET /%D0%BA%D0%B0%D0%BA%D0%B0%D1%8F-%D1%83-%D0%BA%D0%BE%D1%81%D0%BC%D0%BE%D0%BD%D0%B0%D0%B2%D1%82%D0%B0-%D0%BB%D1%8E%D0%B1%D0%B8%D0%BC%D0%B0%D1%8F-%D0%BA%D0%BB%D0%B0%D0%B2%D0%B8%D1%88%D0%B0/?p=6 HTTP/1.1" 200 8657 "-" "Mozilla/5.0 (compatible; SemrushBot/6~bl; +http://www.semrush.com/bot.html)"
140.82.52.51 - - [22/Jul/2020:22:34:42 +0000] "GET / HTTP/1.1" 200 4615 "-" "Mozilla/5.0 (Windows NT 6.2; WOW64) AppleWebKit/537.4 (KHTML, like Gecko) Chrome/98 Safari/537.4 (StatusCake)" "-"
140.82.52.51 - - [22/Jul/2020:22:34:42 +0000] "GET / HTTP/1.1" 200 4615 "-" "Mozilla/5.0 (Windows NT 6.2; WOW64) AppleWebKit/537.4 (KHTML, like Gecko) Chrome/98 Safari/537.4 (StatusCake)"
144.76.6.230 - - [22/Jul/2020:22:34:47 +0000] "GET /%D0%B3%D0%B5%D0%BD%D0%B5%D1%80%D0%B0%D0%BB-%D0%BD%D0%B0-%D0%BF%D0%BB%D0%B0%D1%86%D1%83-%D0%B2%D0%BE%D0%B5%D0%BD%D0%BD%D0%BE%D0%B9-%D1%87%D0%B0%D1%81%D1%82%D0%B8-%D1%87%D0%B5%D0%B9-%D0%BE%D0%BA%D1%83%D1%80%D0%BE%D0%BA/?p=2/ HTTP/1.1" 404 3930 "-" "Mozilla/5.0 (compatible; MJ12bot/v1.4.8; http://mj12bot.com/)" "-"
144.76.6.230 - - [22/Jul/2020:22:34:47 +0000] "GET /%D0%B3%D0%B5%D0%BD%D0%B5%D1%80%D0%B0%D0%BB-%D0%BD%D0%B0-%D0%BF%D0%BB%D0%B0%D1%86%D1%83-%D0%B2%D0%BE%D0%B5%D0%BD%D0%BD%D0%BE%D0%B9-%D1%87%D0%B0%D1%81%D1%82%D0%B8-%D1%87%D0%B5%D0%B9-%D0%BE%D0%BA%D1%83%D1%80%D0%BE%D0%BA/?p=2/ HTTP/1.1" 404 3930 "-" "Mozilla/5.0 (compatible; MJ12bot/v1.4.8; http://mj12bot.com/)"
66.249.68.62 - - [22/Jul/2020:22:34:51 +0000] "GET /%D0%B0%D1%80%D0%BC%D1%8F%D0%BD%D0%B8%D0%BD-%D1%81-%D0%B3%D1%80%D1%83%D0%B7%D0%B8%D0%BD%D0%BE%D0%BC-%D0%B2%D0%BE%D1%80%D1%83%D1%8E%D1%82-%D0%B2%D0%B8%D0%BD%D0%BE%D0%B3%D1%80%D0%B0%D0%B4-%D1%81-%D0%B2%D0%B8%D0%BD%D0%BE%D0%B3%D1%80%D0%B0%D0%B4%D0%BD%D0%B8%D0%BA%D0%BE%D0%B2/?p=2 HTTP/1.1" 304 0 "-" "Mozilla/5.0 (Linux; Android 6.0.1; Nexus 5X Build/MMB29P) AppleWebKit/537.36 (KHTML, like Gecko) Chrome/80.0.3987.92 Mobile Safari/537.36 (compatible; Googlebot/2.1; +http://www.google.com/bot.html)" "-"
66.249.68.62 - - [22/Jul/2020:22:34:51 +0000] "GET /%D0%B0%D1%80%D0%BC%D1%8F%D0%BD%D0%B8%D0%BD-%D1%81-%D0%B3%D1%80%D1%83%D0%B7%D0%B8%D0%BD%D0%BE%D0%BC-%D0%B2%D0%BE%D1%80%D1%83%D1%8E%D1%82-%D0%B2%D0%B8%D0%BD%D0%BE%D0%B3%D1%80%D0%B0%D0%B4-%D1%81-%D0%B2%D0%B8%D0%BD%D0%BE%D0%B3%D1%80%D0%B0%D0%B4%D0%BD%D0%B8%D0%BA%D0%BE%D0%B2/?p=2 HTTP/1.1" 304 0 "-" "Mozilla/5.0 (Linux; Android 6.0.1; Nexus 5X Build/MMB29P) AppleWebKit/537.36 (KHTML, like Gecko) Chrome/80.0.3987.92 Mobile Safari/537.36 (compatible; Googlebot/2.1; +http://www.google.com/bot.html)"
46.229.168.149 - - [22/Jul/2020:22:34:52 +0000] "GET /%D0%BA%D0%BE%D0%B3%D0%B4%D0%B0-%D0%B2%D1%8B-%D0%B5%D0%B4%D0%B8%D1%82%D0%B5-%D1%88%D0%B0%D1%83%D1%80%D0%BC%D1%83-%D0%B2-%D0%B2%D0%B0%D1%88%D0%B5%D0%BC-%D0%BF%D0%B8%D1%89%D0%B5%D0%B2%D0%B0%D1%80%D0%B5%D0%BD%D0%B8%D0%B8/ HTTP/1.1" 200 11494 "-" "Mozilla/5.0 (compatible; SemrushBot/6~bl; +http://www.semrush.com/bot.html)" "-"
46.229.168.149 - - [22/Jul/2020:22:34:52 +0000] "GET /%D0%BA%D0%BE%D0%B3%D0%B4%D0%B0-%D0%B2%D1%8B-%D0%B5%D0%B4%D0%B8%D1%82%D0%B5-%D1%88%D0%B0%D1%83%D1%80%D0%BC%D1%83-%D0%B2-%D0%B2%D0%B0%D1%88%D0%B5%D0%BC-%D0%BF%D0%B8%D1%89%D0%B5%D0%B2%D0%B0%D1%80%D0%B5%D0%BD%D0%B8%D0%B8/ HTTP/1.1" 200 11494 "-" "Mozilla/5.0 (compatible; SemrushBot/6~bl; +http://www.semrush.com/bot.html)"
66.249.68.62 - - [22/Jul/2020:22:35:00 +0000] "GET /%D0%B2-%D0%B0%D1%80%D0%BC%D0%B8%D1%8E-%D0%BD%D0%B5-%D1%85%D0%BE%D1%87%D1%83-%D1%82%D0%B0%D0%BC-%D0%BD%D0%B0%D0%B4%D0%BE-%D1%81%D0%B0%D0%BF%D0%BE%D0%B3%D0%B8-%D0%B7%D0%B0%D1%89%D0%B8%D1%89%D0%B0%D1%82%D1%8C-%D0%B5%D1%81%D0%BB%D0%B8-%D0%BD%D0%B5/ HTTP/1.1" 200 24473 "-" "Mozilla/5.0 (compatible; Googlebot/2.1; +http://www.google.com/bot.html)" "-"
66.249.68.62 - - [22/Jul/2020:22:35:00 +0000] "GET /%D0%B2-%D0%B0%D1%80%D0%BC%D0%B8%D1%8E-%D0%BD%D0%B5-%D1%85%D0%BE%D1%87%D1%83-%D1%82%D0%B0%D0%BC-%D0%BD%D0%B0%D0%B4%D0%BE-%D1%81%D0%B0%D0%BF%D0%BE%D0%B3%D0%B8-%D0%B7%D0%B0%D1%89%D0%B8%D1%89%D0%B0%D1%82%D1%8C-%D0%B5%D1%81%D0%BB%D0%B8-%D0%BD%D0%B5/ HTTP/1.1" 200 24473 "-" "Mozilla/5.0 (compatible; Googlebot/2.1; +http://www.google.com/bot.html)"
188.163.15.139 - - [22/Jul/2020:22:35:03 +0000] "GET /%D0%B6%D0%B8%D0%BB%D0%B0-%D0%B1%D1%8B%D0%BB%D0%B0-%D0%BD%D0%B0-%D1%81%D0%B2%D0%B5%D1%82%D0%B5-%D0%B4%D0%B0%D0%B2%D0%BD%D1%8B%D0%BC-%D0%B4%D0%B0%D0%B2%D0%BD%D0%BE/ HTTP/2.0" 200 17033 "https://baneks.site/best/" "Mozilla/5.0 (Windows NT 6.1; Win64; x64) AppleWebKit/537.36 (KHTML, like Gecko) Chrome/83.0.4103.116 Safari/537.36" "-"
188.163.15.139 - - [22/Jul/2020:22:35:03 +0000] "GET /%D0%B6%D0%B8%D0%BB%D0%B0-%D0%B1%D1%8B%D0%BB%D0%B0-%D0%BD%D0%B0-%D1%81%D0%B2%D0%B5%D1%82%D0%B5-%D0%B4%D0%B0%D0%B2%D0%BD%D1%8B%D0%BC-%D0%B4%D0%B0%D0%B2%D0%BD%D0%BE/ HTTP/2.0" 200 17033 "https://baneks.site/best/" "Mozilla/5.0 (Windows NT 6.1; Win64; x64) AppleWebKit/537.36 (KHTML, like Gecko) Chrome/83.0.4103.116 Safari/537.36"
46.229.168.140 - - [22/Jul/2020:22:35:06 +0000] "GET /%D1%81%D1%82%D0%BE%D0%B8%D1%82-%D0%BC%D1%83%D0%B6%D0%B8%D0%BA-%D0%BD%D0%B0-%D0%B1%D0%B5%D1%80%D0%B5%D0%B3%D1%83-%D1%80%D0%B5%D0%BA%D0%B8-%D1%80%D1%8B%D0%B1%D0%B0%D1%87%D0%B8%D1%82-%D0%B2%D0%B4%D1%80%D1%83%D0%B3-%D1%81%D0%BB%D1%8B%D1%88%D0%B8%D1%82/?p=2 HTTP/1.1" 200 8641 "-" "Mozilla/5.0 (compatible; SemrushBot/6~bl; +http://www.semrush.com/bot.html)" "-"
46.229.168.140 - - [22/Jul/2020:22:35:06 +0000] "GET /%D1%81%D1%82%D0%BE%D0%B8%D1%82-%D0%BC%D1%83%D0%B6%D0%B8%D0%BA-%D0%BD%D0%B0-%D0%B1%D0%B5%D1%80%D0%B5%D0%B3%D1%83-%D1%80%D0%B5%D0%BA%D0%B8-%D1%80%D1%8B%D0%B1%D0%B0%D1%87%D0%B8%D1%82-%D0%B2%D0%B4%D1%80%D1%83%D0%B3-%D1%81%D0%BB%D1%8B%D1%88%D0%B8%D1%82/?p=2 HTTP/1.1" 200 8641 "-" "Mozilla/5.0 (compatible; SemrushBot/6~bl; +http://www.semrush.com/bot.html)"
144.76.6.230 - - [22/Jul/2020:22:35:10 +0000] "GET /%D0%B3%D0%B8%D0%BD%D0%B5%D0%BA%D0%BE%D0%BB%D0%BE%D0%B3-%D0%B8%D1%81%D0%BF%D0%BE%D0%BB%D1%8C%D0%B7%D1%83%D0%B5%D1%82-%D0%B7%D0%B5%D1%80%D0%BA%D0%B0%D0%BB%D0%B0-%D1%87%D1%82%D0%BE%D0%B1%D1%8B/ HTTP/1.1" 200 13326 "-" "Mozilla/5.0 (compatible; MJ12bot/v1.4.8; http://mj12bot.com/)" "-"
144.76.6.230 - - [22/Jul/2020:22:35:10 +0000] "GET /%D0%B3%D0%B8%D0%BD%D0%B5%D0%BA%D0%BE%D0%BB%D0%BE%D0%B3-%D0%B8%D1%81%D0%BF%D0%BE%D0%BB%D1%8C%D0%B7%D1%83%D0%B5%D1%82-%D0%B7%D0%B5%D1%80%D0%BA%D0%B0%D0%BB%D0%B0-%D1%87%D1%82%D0%BE%D0%B1%D1%8B/ HTTP/1.1" 200 13326 "-" "Mozilla/5.0 (compatible; MJ12bot/v1.4.8; http://mj12bot.com/)"
45.137.113.245 - - [22/Jul/2020:22:35:18 +0000] "GET /%D0%BF%D1%80%D0%B8%D1%88%D0%B5%D0%BB-%D0%B2-%D0%BA%D0%BE%D0%BD%D1%81%D0%B5%D1%80%D0%B2%D0%B0%D1%82%D0%BE%D1%80%D0%B8%D1%8E-%D0%BC%D1%83%D0%B6%D0%B8%D0%BA-%D1%8F-%D0%B3%D1%80%D0%B8%D1%82-%D0%BB%D1%8E%D0%B1%D1%83%D1%8E-%D0%BC%D0%B5%D0%BB%D0%BE%D0%B4%D0%B8%D1%8E/ HTTP/2.0" 200 13977 "https://www.google.ru/" "Mozilla/5.0 (Linux; Android 9; SAMSUNG SM-G950F) AppleWebKit/537.36 (KHTML, like Gecko) SamsungBrowser/12.0 Chrome/79.0.3945.136 Mobile Safari/537.36" "-"
45.137.113.245 - - [22/Jul/2020:22:35:18 +0000] "GET /%D0%BF%D1%80%D0%B8%D1%88%D0%B5%D0%BB-%D0%B2-%D0%BA%D0%BE%D0%BD%D1%81%D0%B5%D1%80%D0%B2%D0%B0%D1%82%D0%BE%D1%80%D0%B8%D1%8E-%D0%BC%D1%83%D0%B6%D0%B8%D0%BA-%D1%8F-%D0%B3%D1%80%D0%B8%D1%82-%D0%BB%D1%8E%D0%B1%D1%83%D1%8E-%D0%BC%D0%B5%D0%BB%D0%BE%D0%B4%D0%B8%D1%8E/ HTTP/2.0" 200 13977 "https://www.google.ru/" "Mozilla/5.0 (Linux; Android 9; SAMSUNG SM-G950F) AppleWebKit/537.36 (KHTML, like Gecko) SamsungBrowser/12.0 Chrome/79.0.3945.136 Mobile Safari/537.36"
45.137.113.245 - - [22/Jul/2020:22:35:23 +0000] "GET /%D0%BF%D1%80%D0%B8%D1%88%D0%B5%D0%BB-%D0%B2-%D0%BA%D0%BE%D0%BD%D1%81%D0%B5%D1%80%D0%B2%D0%B0%D1%82%D0%BE%D1%80%D0%B8%D1%8E-%D0%BC%D1%83%D0%B6%D0%B8%D0%BA-%D1%8F-%D0%B3%D1%80%D0%B8%D1%82-%D0%BB%D1%8E%D0%B1%D1%83%D1%8E-%D0%BC%D0%B5%D0%BB%D0%BE%D0%B4%D0%B8%D1%8E/ HTTP/2.0" 200 13977 "https://baneks.site/%D0%BF%D1%80%D0%B8%D1%88%D0%B5%D0%BB-%D0%B2-%D0%BA%D0%BE%D0%BD%D1%81%D0%B5%D1%80%D0%B2%D0%B0%D1%82%D0%BE%D1%80%D0%B8%D1%8E-%D0%BC%D1%83%D0%B6%D0%B8%D0%BA-%D1%8F-%D0%B3%D1%80%D0%B8%D1%82-%D0%BB%D1%8E%D0%B1%D1%83%D1%8E-%D0%BC%D0%B5%D0%BB%D0%BE%D0%B4%D0%B8%D1%8E/" "Mozilla/5.0 (Linux; Android 9; SAMSUNG SM-G950F) AppleWebKit/537.36 (KHTML, like Gecko) SamsungBrowser/12.0 Chrome/79.0.3945.136 Mobile Safari/537.36" "-"
45.137.113.245 - - [22/Jul/2020:22:35:23 +0000] "GET /%D0%BF%D1%80%D0%B8%D1%88%D0%B5%D0%BB-%D0%B2-%D0%BA%D0%BE%D0%BD%D1%81%D0%B5%D1%80%D0%B2%D0%B0%D1%82%D0%BE%D1%80%D0%B8%D1%8E-%D0%BC%D1%83%D0%B6%D0%B8%D0%BA-%D1%8F-%D0%B3%D1%80%D0%B8%D1%82-%D0%BB%D1%8E%D0%B1%D1%83%D1%8E-%D0%BC%D0%B5%D0%BB%D0%BE%D0%B4%D0%B8%D1%8E/ HTTP/2.0" 200 13977 "https://baneks.site/%D0%BF%D1%80%D0%B8%D1%88%D0%B5%D0%BB-%D0%B2-%D0%BA%D0%BE%D0%BD%D1%81%D0%B5%D1%80%D0%B2%D0%B0%D1%82%D0%BE%D1%80%D0%B8%D1%8E-%D0%BC%D1%83%D0%B6%D0%B8%D0%BA-%D1%8F-%D0%B3%D1%80%D0%B8%D1%82-%D0%BB%D1%8E%D0%B1%D1%83%D1%8E-%D0%BC%D0%B5%D0%BB%D0%BE%D0%B4%D0%B8%D1%8E/" "Mozilla/5.0 (Linux; Android 9; SAMSUNG SM-G950F) AppleWebKit/537.36 (KHTML, like Gecko) SamsungBrowser/12.0 Chrome/79.0.3945.136 Mobile Safari/537.36"
144.76.6.230 - - [22/Jul/2020:22:35:32 +0000] "GET /%D0%B3%D0%B8%D0%BD%D0%B5%D0%BA%D0%BE%D0%BB%D0%BE%D0%B3-%D0%B8%D1%81%D0%BF%D0%BE%D0%BB%D1%8C%D0%B7%D1%83%D0%B5%D1%82-%D0%B7%D0%B5%D1%80%D0%BA%D0%B0%D0%BB%D0%B0-%D1%87%D1%82%D0%BE%D0%B1%D1%8B/?p=1/ HTTP/1.1" 404 3930 "-" "Mozilla/5.0 (compatible; MJ12bot/v1.4.8; http://mj12bot.com/)" "-"
144.76.6.230 - - [22/Jul/2020:22:35:32 +0000] "GET /%D0%B3%D0%B8%D0%BD%D0%B5%D0%BA%D0%BE%D0%BB%D0%BE%D0%B3-%D0%B8%D1%81%D0%BF%D0%BE%D0%BB%D1%8C%D0%B7%D1%83%D0%B5%D1%82-%D0%B7%D0%B5%D1%80%D0%BA%D0%B0%D0%BB%D0%B0-%D1%87%D1%82%D0%BE%D0%B1%D1%8B/?p=1/ HTTP/1.1" 404 3930 "-" "Mozilla/5.0 (compatible; MJ12bot/v1.4.8; http://mj12bot.com/)"
46.229.168.147 - - [22/Jul/2020:22:35:33 +0000] "GET /%D1%81%D0%BE%D0%B7%D0%B4%D0%B0%D0%BB-%D0%B1%D0%BE%D0%B3-%D0%BC%D0%B8%D1%80-%D0%B7%D0%B0-6-%D0%B4%D0%BD%D0%B5%D0%B9-%D0%BD%D0%B0-7-%D1%80%D0%B5%D1%88%D0%B8%D0%BB-%D1%81%D0%B4%D0%B5%D0%BB%D0%B0%D1%82%D1%8C/?p=1 HTTP/1.1" 200 13309 "-" "Mozilla/5.0 (compatible; SemrushBot/6~bl; +http://www.semrush.com/bot.html)" "-"
46.229.168.147 - - [22/Jul/2020:22:35:33 +0000] "GET /%D1%81%D0%BE%D0%B7%D0%B4%D0%B0%D0%BB-%D0%B1%D0%BE%D0%B3-%D0%BC%D0%B8%D1%80-%D0%B7%D0%B0-6-%D0%B4%D0%BD%D0%B5%D0%B9-%D0%BD%D0%B0-7-%D1%80%D0%B5%D1%88%D0%B8%D0%BB-%D1%81%D0%B4%D0%B5%D0%BB%D0%B0%D1%82%D1%8C/?p=1 HTTP/1.1" 200 13309 "-" "Mozilla/5.0 (compatible; SemrushBot/6~bl; +http://www.semrush.com/bot.html)"
40.77.167.236 - - [22/Jul/2020:22:35:34 +0000] "GET /%D0%B2%D1%81%D1%82%D1%80%D0%B5%D1%87%D0%B0%D1%8E%D1%81%D1%8F-%D1%82%D1%80%D0%B8-%D0%BF%D0%BE%D0%B4%D1%80%D1%83%D0%B6%D0%BA%D0%B8-%D0%BE%D0%B4%D0%BD%D0%B0-%D0%B3%D0%BE%D0%B2%D0%BE%D1%80%D0%B8%D1%82-%D0%B0-%D1%8F-%D0%BF%D0%BE%D0%BA%D1%83%D0%BF%D0%B0%D0%BB%D0%B0/ HTTP/1.1" 200 13697 "-" "Mozilla/5.0 (compatible; bingbot/2.0; +http://www.bing.com/bingbot.htm)" "-"
40.77.167.236 - - [22/Jul/2020:22:35:34 +0000] "GET /%D0%B2%D1%81%D1%82%D1%80%D0%B5%D1%87%D0%B0%D1%8E%D1%81%D1%8F-%D1%82%D1%80%D0%B8-%D0%BF%D0%BE%D0%B4%D1%80%D1%83%D0%B6%D0%BA%D0%B8-%D0%BE%D0%B4%D0%BD%D0%B0-%D0%B3%D0%BE%D0%B2%D0%BE%D1%80%D0%B8%D1%82-%D0%B0-%D1%8F-%D0%BF%D0%BE%D0%BA%D1%83%D0%BF%D0%B0%D0%BB%D0%B0/ HTTP/1.1" 200 13697 "-" "Mozilla/5.0 (compatible; bingbot/2.0; +http://www.bing.com/bingbot.htm)"
114.119.163.254 - - [22/Jul/2020:22:35:35 +0000] "GET /%D0%B1%D0%B5%D1%81%D0%B5%D0%B4%D1%83%D1%8E%D1%82-%D0%BF%D0%B0%D1%80%D0%B5%D0%BD%D1%8C-%D1%81-%D0%B4%D0%B5%D0%B2%D1%83%D1%88%D0%BA%D0%BE%D0%B9?p=4 HTTP/1.1" 301 0 "-" "Mozilla/5.0 (Linux; Android 7.0;) AppleWebKit/537.36 (KHTML, like Gecko) Mobile Safari/537.36 (compatible; PetalBot;+https://aspiegel.com/petalbot)" "-"
114.119.163.254 - - [22/Jul/2020:22:35:35 +0000] "GET /%D0%B1%D0%B5%D1%81%D0%B5%D0%B4%D1%83%D1%8E%D1%82-%D0%BF%D0%B0%D1%80%D0%B5%D0%BD%D1%8C-%D1%81-%D0%B4%D0%B5%D0%B2%D1%83%D1%88%D0%BA%D0%BE%D0%B9?p=4 HTTP/1.1" 301 0 "-" "Mozilla/5.0 (Linux; Android 7.0;) AppleWebKit/537.36 (KHTML, like Gecko) Mobile Safari/537.36 (compatible; PetalBot;+https://aspiegel.com/petalbot)"
114.119.163.254 - - [22/Jul/2020:22:35:37 +0000] "GET /%D0%B1%D0%B5%D1%81%D0%B5%D0%B4%D1%83%D1%8E%D1%82-%D0%BF%D0%B0%D1%80%D0%B5%D0%BD%D1%8C-%D1%81-%D0%B4%D0%B5%D0%B2%D1%83%D1%88%D0%BA%D0%BE%D0%B9/?p=4 HTTP/1.1" 200 9492 "-" "Mozilla/5.0 (Linux; Android 7.0;) AppleWebKit/537.36 (KHTML, like Gecko) Mobile Safari/537.36 (compatible; PetalBot;+https://aspiegel.com/petalbot)" "-"
114.119.163.254 - - [22/Jul/2020:22:35:37 +0000] "GET /%D0%B1%D0%B5%D1%81%D0%B5%D0%B4%D1%83%D1%8E%D1%82-%D0%BF%D0%B0%D1%80%D0%B5%D0%BD%D1%8C-%D1%81-%D0%B4%D0%B5%D0%B2%D1%83%D1%88%D0%BA%D0%BE%D0%B9/?p=4 HTTP/1.1" 200 9492 "-" "Mozilla/5.0 (Linux; Android 7.0;) AppleWebKit/537.36 (KHTML, like Gecko) Mobile Safari/537.36 (compatible; PetalBot;+https://aspiegel.com/petalbot)"
