178.68.139.117 - - [22/Jul/2020:22:48:30 +0000] "GET /%D0%BF%D0%BE%D1%81%D0%BF%D0%BE%D1%80%D0%B8%D0%BB%D0%B8-%D0%9A%D0%B0%D1%80%D1%82%D0%B5%D1%80-%D1%81-%D0%91%D1%80%D0%B5%D0%B6%D0%BD%D0%B5%D0%B2%D1%8B%D0%BC-%D0%B2-%D0%BA%D0%B0%D0%BA%D0%BE%D0%B9-%D1%81%D1%82%D1%80%D0%B0%D0%BD%D0%B5-%D1%87%D0%B0%D1%89%D0%B5/ HTTP/2.0" 200 15110 "https://baneks.site/new/?p=2" "Mozilla/5.0 (Windows NT 10.0; Win64; x64) AppleWebKit/537.36 (KHTML, like Gecko) Chrome/83.0.4103.106 YaBrowser/20.7.1.70 Yowser/2.5 Yptp/1.23 Safari/537.36" "-"
178.68.139.117 - - [22/Jul/2020:22:48:30 +0000] "GET /%D0%BF%D0%BE%D1%81%D0%BF%D0%BE%D1%80%D0%B8%D0%BB%D0%B8-%D0%9A%D0%B0%D1%80%D1%82%D0%B5%D1%80-%D1%81-%D0%91%D1%80%D0%B5%D0%B6%D0%BD%D0%B5%D0%B2%D1%8B%D0%BC-%D0%B2-%D0%BA%D0%B0%D0%BA%D0%BE%D0%B9-%D1%81%D1%82%D1%80%D0%B0%D0%BD%D0%B5-%D1%87%D0%B0%D1%89%D0%B5/ HTTP/2.0" 200 15110 "https://baneks.site/new/?p=2" "Mozilla/5.0 (Windows NT 10.0; Win64; x64) AppleWebKit/537.36 (KHTML, like Gecko) Chrome/83.0.4103.106 YaBrowser/20.7.1.70 Yowser/2.5 Yptp/1.23 Safari/537.36"
178.68.139.117 - - [22/Jul/2020:22:48:31 +0000] "GET /%D0%BF%D0%BE%D1%81%D0%BF%D0%BE%D1%80%D0%B8%D0%BB%D0%B8-%D0%9A%D0%B0%D1%80%D1%82%D0%B5%D1%80-%D1%81-%D0%91%D1%80%D0%B5%D0%B6%D0%BD%D0%B5%D0%B2%D1%8B%D0%BC-%D0%B2-%D0%BA%D0%B0%D0%BA%D0%BE%D0%B9-%D1%81%D1%82%D1%80%D0%B0%D0%BD%D0%B5-%D1%87%D0%B0%D1%89%D0%B5/ HTTP/2.0" 200 15110 "https://baneks.site/%D0%BF%D0%BE%D1%81%D0%BF%D0%BE%D1%80%D0%B8%D0%BB%D0%B8-%D0%9A%D0%B0%D1%80%D1%82%D0%B5%D1%80-%D1%81-%D0%91%D1%80%D0%B5%D0%B6%D0%BD%D0%B5%D0%B2%D1%8B%D0%BC-%D0%B2-%D0%BA%D0%B0%D0%BA%D0%BE%D0%B9-%D1%81%D1%82%D1%80%D0%B0%D0%BD%D0%B5-%D1%87%D0%B0%D1%89%D0%B5/" "Mozilla/5.0 (Windows NT 10.0; Win64; x64) AppleWebKit/537.36 (KHTML, like Gecko) Chrome/83.0.4103.106 YaBrowser/20.7.1.70 Yowser/2.5 Yptp/1.23 Safari/537.36" "-"
178.68.139.117 - - [22/Jul/2020:22:48:31 +0000] "GET /%D0%BF%D0%BE%D1%81%D0%BF%D0%BE%D1%80%D0%B8%D0%BB%D0%B8-%D0%9A%D0%B0%D1%80%D1%82%D0%B5%D1%80-%D1%81-%D0%91%D1%80%D0%B5%D0%B6%D0%BD%D0%B5%D0%B2%D1%8B%D0%BC-%D0%B2-%D0%BA%D0%B0%D0%BA%D0%BE%D0%B9-%D1%81%D1%82%D1%80%D0%B0%D0%BD%D0%B5-%D1%87%D0%B0%D1%89%D0%B5/ HTTP/2.0" 200 15110 "https://baneks.site/%D0%BF%D0%BE%D1%81%D0%BF%D0%BE%D1%80%D0%B8%D0%BB%D0%B8-%D0%9A%D0%B0%D1%80%D1%82%D0%B5%D1%80-%D1%81-%D0%91%D1%80%D0%B5%D0%B6%D0%BD%D0%B5%D0%B2%D1%8B%D0%BC-%D0%B2-%D0%BA%D0%B0%D0%BA%D0%BE%D0%B9-%D1%81%D1%82%D1%80%D0%B0%D0%BD%D0%B5-%D1%87%D0%B0%D1%89%D0%B5/" "Mozilla/5.0 (Windows NT 10.0; Win64; x64) AppleWebKit/537.36 (KHTML, like Gecko) Chrome/83.0.4103.106 YaBrowser/20.7.1.70 Yowser/2.5 Yptp/1.23 Safari/537.36"
78.37.249.182 - - [22/Jul/2020:22:48:33 +0000] "GET /new/?p=3 HTTP/2.0" 200 0 "https://baneks.site/new/?p=2" "Mozilla/5.0 (Windows NT 6.3; Win64; x64; rv:78.0) Gecko/20100101 Firefox/78.0" "-"
78.37.249.182 - - [22/Jul/2020:22:48:33 +0000] "GET /new/?p=3 HTTP/2.0" 200 0 "https://baneks.site/new/?p=2" "Mozilla/5.0 (Windows NT 6.3; Win64; x64; rv:78.0) Gecko/20100101 Firefox/78.0"
46.229.168.143 - - [22/Jul/2020:22:48:36 +0000] "GET /%D1%83%D0%BC%D0%B8%D1%80%D0%B0%D0%B5%D1%82-%D1%81%D1%82%D0%B0%D1%80%D1%8B%D0%B9-%D0%BF%D1%80%D0%BE%D1%84%D0%B5%D1%81%D1%81%D0%BE%D1%80-%D0%BB%D0%B5%D0%B6%D0%B8%D1%82-%D0%BD%D0%B0-%D0%B4%D0%B8%D0%B2%D0%B0%D0%BD%D1%87%D0%B8%D0%BA%D0%B5/?p=1 HTTP/1.1" 200 15224 "-" "Mozilla/5.0 (compatible; SemrushBot/6~bl; +http://www.semrush.com/bot.html)" "-"
46.229.168.143 - - [22/Jul/2020:22:48:36 +0000] "GET /%D1%83%D0%BC%D0%B8%D1%80%D0%B0%D0%B5%D1%82-%D1%81%D1%82%D0%B0%D1%80%D1%8B%D0%B9-%D0%BF%D1%80%D0%BE%D1%84%D0%B5%D1%81%D1%81%D0%BE%D1%80-%D0%BB%D0%B5%D0%B6%D0%B8%D1%82-%D0%BD%D0%B0-%D0%B4%D0%B8%D0%B2%D0%B0%D0%BD%D1%87%D0%B8%D0%BA%D0%B5/?p=1 HTTP/1.1" 200 15224 "-" "Mozilla/5.0 (compatible; SemrushBot/6~bl; +http://www.semrush.com/bot.html)"
178.154.200.81 - - [22/Jul/2020:22:48:39 +0000] "GET /%D0%BE%D1%82%D0%B5%D1%86-%D1%80%D0%B0%D0%B7%D0%B3%D0%BE%D0%B2%D0%B0%D1%80%D0%B8%D0%B2%D0%B0%D0%B5%D1%82-%D1%81-%D1%81%D1%8B%D0%BD%D0%BE%D0%BC-%D1%81%D1%8B%D0%BD%D0%BE%D0%BA-%D0%B7%D0%BD%D0%B0%D0%B5%D1%88%D1%8C-%D1%87%D1%82%D0%BE-%D1%81%D0%BA%D0%B0%D0%B7%D0%B0%D0%BB/ HTTP/1.1" 200 13211 "-" "Mozilla/5.0 (compatible; YandexBot/3.0; +http://yandex.com/bots)" "-"
178.154.200.81 - - [22/Jul/2020:22:48:39 +0000] "GET /%D0%BE%D1%82%D0%B5%D1%86-%D1%80%D0%B0%D0%B7%D0%B3%D0%BE%D0%B2%D0%B0%D1%80%D0%B8%D0%B2%D0%B0%D0%B5%D1%82-%D1%81-%D1%81%D1%8B%D0%BD%D0%BE%D0%BC-%D1%81%D1%8B%D0%BD%D0%BE%D0%BA-%D0%B7%D0%BD%D0%B0%D0%B5%D1%88%D1%8C-%D1%87%D1%82%D0%BE-%D1%81%D0%BA%D0%B0%D0%B7%D0%B0%D0%BB/ HTTP/1.1" 200 13211 "-" "Mozilla/5.0 (compatible; YandexBot/3.0; +http://yandex.com/bots)"
78.37.249.182 - - [22/Jul/2020:22:48:39 +0000] "GET /%D0%B0%D0%BD%D0%B5%D0%BA%D0%B8-%D0%BF%D1%80%D0%BE-%D0%BC%D0%BE%D1%80%D1%81%D0%BA%D0%B8%D0%B5-%D0%BE%D0%B1%D1%8B%D1%87%D0%B0%D0%B8-%D1%88%D0%BB%D1%8F%D0%BF%D1%83-%D0%BE%D1%82%D0%B2%D0%B0%D0%BB%D0%B8%D0%B2%D1%88%D1%83%D1%8E%D1%81%D1%8F-%D0%B6%D0%BE%D0%BF%D1%83-%D0%B8/ HTTP/2.0" 200 10096 "https://baneks.site/new/?p=3" "Mozilla/5.0 (Windows NT 6.3; Win64; x64; rv:78.0) Gecko/20100101 Firefox/78.0" "-"
78.37.249.182 - - [22/Jul/2020:22:48:39 +0000] "GET /%D0%B0%D0%BD%D0%B5%D0%BA%D0%B8-%D0%BF%D1%80%D0%BE-%D0%BC%D0%BE%D1%80%D1%81%D0%BA%D0%B8%D0%B5-%D0%BE%D0%B1%D1%8B%D1%87%D0%B0%D0%B8-%D1%88%D0%BB%D1%8F%D0%BF%D1%83-%D0%BE%D1%82%D0%B2%D0%B0%D0%BB%D0%B8%D0%B2%D1%88%D1%83%D1%8E%D1%81%D1%8F-%D0%B6%D0%BE%D0%BF%D1%83-%D0%B8/ HTTP/2.0" 200 10096 "https://baneks.site/new/?p=3" "Mozilla/5.0 (Windows NT 6.3; Win64; x64; rv:78.0) Gecko/20100101 Firefox/78.0"
31.173.26.150 - - [22/Jul/2020:22:48:50 +0000] "GET /%D0%BB%D1%83%D0%BF%D0%B0-%D0%B8-%D0%BF%D1%83%D0%BF%D0%B0-%D0%BF%D0%BE%D1%88%D0%BB%D0%B8-%D0%BF%D0%BE%D0%BB%D1%83%D1%87%D0%B0%D1%82%D1%8C-%D0%B7%D0%B0%D1%80%D0%BF%D0%BB%D0%B0%D1%82%D1%83-%D0%B2-%D0%B1%D1%83%D1%85%D0%B3%D0%B0%D0%BB%D1%82%D0%B5%D1%80%D0%B8%D0%B8-/ HTTP/2.0" 200 13185 "https://www.google.com/" "Mozilla/5.0 (iPhone; CPU iPhone OS 13_3 like Mac OS X) AppleWebKit/605.1.15 (KHTML, like Gecko) CriOS/80.0.3987.95 Mobile/15E148 Safari/604.1" "-"
31.173.26.150 - - [22/Jul/2020:22:48:50 +0000] "GET /%D0%BB%D1%83%D0%BF%D0%B0-%D0%B8-%D0%BF%D1%83%D0%BF%D0%B0-%D0%BF%D0%BE%D1%88%D0%BB%D0%B8-%D0%BF%D0%BE%D0%BB%D1%83%D1%87%D0%B0%D1%82%D1%8C-%D0%B7%D0%B0%D1%80%D0%BF%D0%BB%D0%B0%D1%82%D1%83-%D0%B2-%D0%B1%D1%83%D1%85%D0%B3%D0%B0%D0%BB%D1%82%D0%B5%D1%80%D0%B8%D0%B8-/ HTTP/2.0" 200 13185 "https://www.google.com/" "Mozilla/5.0 (iPhone; CPU iPhone OS 13_3 like Mac OS X) AppleWebKit/605.1.15 (KHTML, like Gecko) CriOS/80.0.3987.95 Mobile/15E148 Safari/604.1"
31.173.26.150 - - [22/Jul/2020:22:48:51 +0000] "GET /%D0%BB%D1%83%D0%BF%D0%B0-%D0%B8-%D0%BF%D1%83%D0%BF%D0%B0-%D0%BF%D0%BE%D1%88%D0%BB%D0%B8-%D0%BF%D0%BE%D0%BB%D1%83%D1%87%D0%B0%D1%82%D1%8C-%D0%B7%D0%B0%D1%80%D0%BF%D0%BB%D0%B0%D1%82%D1%83-%D0%B2-%D0%B1%D1%83%D1%85%D0%B3%D0%B0%D0%BB%D1%82%D0%B5%D1%80%D0%B8%D0%B8-/ HTTP/2.0" 200 13185 "https://baneks.site/%D0%BB%D1%83%D0%BF%D0%B0-%D0%B8-%D0%BF%D1%83%D0%BF%D0%B0-%D0%BF%D0%BE%D1%88%D0%BB%D0%B8-%D0%BF%D0%BE%D0%BB%D1%83%D1%87%D0%B0%D1%82%D1%8C-%D0%B7%D0%B0%D1%80%D0%BF%D0%BB%D0%B0%D1%82%D1%83-%D0%B2-%D0%B1%D1%83%D1%85%D0%B3%D0%B0%D0%BB%D1%82%D0%B5%D1%80%D0%B8%D0%B8-/" "Mozilla/5.0 (iPhone; CPU iPhone OS 13_3 like Mac OS X) AppleWebKit/605.1.15 (KHTML, like Gecko) CriOS/80.0.3987.95 Mobile/15E148 Safari/604.1" "-"
31.173.26.150 - - [22/Jul/2020:22:48:51 +0000] "GET /%D0%BB%D1%83%D0%BF%D0%B0-%D0%B8-%D0%BF%D1%83%D0%BF%D0%B0-%D0%BF%D0%BE%D1%88%D0%BB%D0%B8-%D0%BF%D0%BE%D0%BB%D1%83%D1%87%D0%B0%D1%82%D1%8C-%D0%B7%D0%B0%D1%80%D0%BF%D0%BB%D0%B0%D1%82%D1%83-%D0%B2-%D0%B1%D1%83%D1%85%D0%B3%D0%B0%D0%BB%D1%82%D0%B5%D1%80%D0%B8%D0%B8-/ HTTP/2.0" 200 13185 "https://baneks.site/%D0%BB%D1%83%D0%BF%D0%B0-%D0%B8-%D0%BF%D1%83%D0%BF%D0%B0-%D0%BF%D0%BE%D1%88%D0%BB%D0%B8-%D0%BF%D0%BE%D0%BB%D1%83%D1%87%D0%B0%D1%82%D1%8C-%D0%B7%D0%B0%D1%80%D0%BF%D0%BB%D0%B0%D1%82%D1%83-%D0%B2-%D0%B1%D1%83%D1%85%D0%B3%D0%B0%D0%BB%D1%82%D0%B5%D1%80%D0%B8%D0%B8-/" "Mozilla/5.0 (iPhone; CPU iPhone OS 13_3 like Mac OS X) AppleWebKit/605.1.15 (KHTML, like Gecko) CriOS/80.0.3987.95 Mobile/15E148 Safari/604.1"
109.252.2.91 - - [22/Jul/2020:22:48:51 +0000] "GET /%D0%BC%D0%BE%D0%BB%D0%BE%D0%B4%D0%BE%D0%B9-%D0%BF%D0%BE%D1%80%D1%83%D1%87%D0%B8%D0%BA-%D0%A0%D0%B6%D0%B5%D0%B2%D1%81%D0%BA%D0%B8%D0%B9-%D0%BF%D1%80%D0%BE%D1%87%D0%B8%D1%82%D0%B0%D0%BB-%D0%B2-%D0%BA%D0%BD%D0%B8%D0%B3%D0%B5-%D0%BE/ HTTP/2.0" 200 13870 "https://yandex.ru/" "Mozilla/5.0 (Linux; arm_64; Android 10; VOG-L29) AppleWebKit/537.36 (KHTML, like Gecko) Chrome/80.0.3987.122 YaBrowser/20.3.0.276.00 Mobile SA/1 Safari/537.36" "-"
109.252.2.91 - - [22/Jul/2020:22:48:51 +0000] "GET /%D0%BC%D0%BE%D0%BB%D0%BE%D0%B4%D0%BE%D0%B9-%D0%BF%D0%BE%D1%80%D1%83%D1%87%D0%B8%D0%BA-%D0%A0%D0%B6%D0%B5%D0%B2%D1%81%D0%BA%D0%B8%D0%B9-%D0%BF%D1%80%D0%BE%D1%87%D0%B8%D1%82%D0%B0%D0%BB-%D0%B2-%D0%BA%D0%BD%D0%B8%D0%B3%D0%B5-%D0%BE/ HTTP/2.0" 200 13870 "https://yandex.ru/" "Mozilla/5.0 (Linux; arm_64; Android 10; VOG-L29) AppleWebKit/537.36 (KHTML, like Gecko) Chrome/80.0.3987.122 YaBrowser/20.3.0.276.00 Mobile SA/1 Safari/537.36"
109.252.2.91 - - [22/Jul/2020:22:48:52 +0000] "GET /%D0%BC%D0%BE%D0%BB%D0%BE%D0%B4%D0%BE%D0%B9-%D0%BF%D0%BE%D1%80%D1%83%D1%87%D0%B8%D0%BA-%D0%A0%D0%B6%D0%B5%D0%B2%D1%81%D0%BA%D0%B8%D0%B9-%D0%BF%D1%80%D0%BE%D1%87%D0%B8%D1%82%D0%B0%D0%BB-%D0%B2-%D0%BA%D0%BD%D0%B8%D0%B3%D0%B5-%D0%BE/ HTTP/2.0" 200 13870 "https://baneks.site/%D0%BC%D0%BE%D0%BB%D0%BE%D0%B4%D0%BE%D0%B9-%D0%BF%D0%BE%D1%80%D1%83%D1%87%D0%B8%D0%BA-%D0%A0%D0%B6%D0%B5%D0%B2%D1%81%D0%BA%D0%B8%D0%B9-%D0%BF%D1%80%D0%BE%D1%87%D0%B8%D1%82%D0%B0%D0%BB-%D0%B2-%D0%BA%D0%BD%D0%B8%D0%B3%D0%B5-%D0%BE/" "Mozilla/5.0 (Linux; arm_64; Android 10; VOG-L29) AppleWebKit/537.36 (KHTML, like Gecko) Chrome/80.0.3987.122 YaBrowser/20.3.0.276.00 Mobile SA/1 Safari/537.36" "-"
109.252.2.91 - - [22/Jul/2020:22:48:52 +0000] "GET /%D0%BC%D0%BE%D0%BB%D0%BE%D0%B4%D0%BE%D0%B9-%D0%BF%D0%BE%D1%80%D1%83%D1%87%D0%B8%D0%BA-%D0%A0%D0%B6%D0%B5%D0%B2%D1%81%D0%BA%D0%B8%D0%B9-%D0%BF%D1%80%D0%BE%D1%87%D0%B8%D1%82%D0%B0%D0%BB-%D0%B2-%D0%BA%D0%BD%D0%B8%D0%B3%D0%B5-%D0%BE/ HTTP/2.0" 200 13870 "https://baneks.site/%D0%BC%D0%BE%D0%BB%D0%BE%D0%B4%D0%BE%D0%B9-%D0%BF%D0%BE%D1%80%D1%83%D1%87%D0%B8%D0%BA-%D0%A0%D0%B6%D0%B5%D0%B2%D1%81%D0%BA%D0%B8%D0%B9-%D0%BF%D1%80%D0%BE%D1%87%D0%B8%D1%82%D0%B0%D0%BB-%D0%B2-%D0%BA%D0%BD%D0%B8%D0%B3%D0%B5-%D0%BE/" "Mozilla/5.0 (Linux; arm_64; Android 10; VOG-L29) AppleWebKit/537.36 (KHTML, like Gecko) Chrome/80.0.3987.122 YaBrowser/20.3.0.276.00 Mobile SA/1 Safari/537.36"
45.137.112.170 - - [22/Jul/2020:22:48:59 +0000] "GET /%D0%BF%D0%BE%D1%81%D0%B0%D0%B4%D0%B8%D0%BB%D0%B8-%D1%80%D1%83%D1%81%D1%81%D0%BA%D0%BE%D0%B3%D0%BE-%D0%B2-%D1%82%D1%8E%D1%80%D1%8C%D0%BC%D1%83-%D0%B7%D0%B0%D1%85%D0%BE%D0%B4%D0%B8%D1%82-%D0%BE%D0%BD-%D0%B2-%D0%BA%D0%B0%D0%BC%D0%B5%D1%80%D1%83/ HTTP/2.0" 200 14962 "http://yandex.ru/searchapp?text=" "Mozilla/5.0 (Linux; Android 8.0.0; PIC-LX9 Build/HUAWEIPIC-LX9) AppleWebKit/537.36 (KHTML, like Gecko) Chrome/84.0.4147.89 Mobile Safari/537.36 YaApp_Android/11.20 YaSearchBrowser/11.20" "-"
45.137.112.170 - - [22/Jul/2020:22:48:59 +0000] "GET /%D0%BF%D0%BE%D1%81%D0%B0%D0%B4%D0%B8%D0%BB%D0%B8-%D1%80%D1%83%D1%81%D1%81%D0%BA%D0%BE%D0%B3%D0%BE-%D0%B2-%D1%82%D1%8E%D1%80%D1%8C%D0%BC%D1%83-%D0%B7%D0%B0%D1%85%D0%BE%D0%B4%D0%B8%D1%82-%D0%BE%D0%BD-%D0%B2-%D0%BA%D0%B0%D0%BC%D0%B5%D1%80%D1%83/ HTTP/2.0" 200 14962 "http://yandex.ru/searchapp?text=" "Mozilla/5.0 (Linux; Android 8.0.0; PIC-LX9 Build/HUAWEIPIC-LX9) AppleWebKit/537.36 (KHTML, like Gecko) Chrome/84.0.4147.89 Mobile Safari/537.36 YaApp_Android/11.20 YaSearchBrowser/11.20"
46.229.168.134 - - [22/Jul/2020:22:49:00 +0000] "GET /Bill-Gates-farted-in-an-apple-store/ HTTP/1.1" 200 11708 "-" "Mozilla/5.0 (compatible; SemrushBot/6~bl; +http://www.semrush.com/bot.html)" "-"
46.229.168.134 - - [22/Jul/2020:22:49:00 +0000] "GET /Bill-Gates-farted-in-an-apple-store/ HTTP/1.1" 200 11708 "-" "Mozilla/5.0 (compatible; SemrushBot/6~bl; +http://www.semrush.com/bot.html)"
45.137.112.170 - - [22/Jul/2020:22:49:01 +0000] "GET /%D0%BF%D0%BE%D1%81%D0%B0%D0%B4%D0%B8%D0%BB%D0%B8-%D1%80%D1%83%D1%81%D1%81%D0%BA%D0%BE%D0%B3%D0%BE-%D0%B2-%D1%82%D1%8E%D1%80%D1%8C%D0%BC%D1%83-%D0%B7%D0%B0%D1%85%D0%BE%D0%B4%D0%B8%D1%82-%D0%BE%D0%BD-%D0%B2-%D0%BA%D0%B0%D0%BC%D0%B5%D1%80%D1%83/ HTTP/2.0" 200 14962 "https://baneks.site/%D0%BF%D0%BE%D1%81%D0%B0%D0%B4%D0%B8%D0%BB%D0%B8-%D1%80%D1%83%D1%81%D1%81%D0%BA%D0%BE%D0%B3%D0%BE-%D0%B2-%D1%82%D1%8E%D1%80%D1%8C%D0%BC%D1%83-%D0%B7%D0%B0%D1%85%D0%BE%D0%B4%D0%B8%D1%82-%D0%BE%D0%BD-%D0%B2-%D0%BA%D0%B0%D0%BC%D0%B5%D1%80%D1%83/" "Mozilla/5.0 (Linux; Android 8.0.0; PIC-LX9 Build/HUAWEIPIC-LX9) AppleWebKit/537.36 (KHTML, like Gecko) Chrome/84.0.4147.89 Mobile Safari/537.36 YaApp_Android/11.20 YaSearchBrowser/11.20" "-"
45.137.112.170 - - [22/Jul/2020:22:49:01 +0000] "GET /%D0%BF%D0%BE%D1%81%D0%B0%D0%B4%D0%B8%D0%BB%D0%B8-%D1%80%D1%83%D1%81%D1%81%D0%BA%D0%BE%D0%B3%D0%BE-%D0%B2-%D1%82%D1%8E%D1%80%D1%8C%D0%BC%D1%83-%D0%B7%D0%B0%D1%85%D0%BE%D0%B4%D0%B8%D1%82-%D0%BE%D0%BD-%D0%B2-%D0%BA%D0%B0%D0%BC%D0%B5%D1%80%D1%83/ HTTP/2.0" 200 14962 "https://baneks.site/%D0%BF%D0%BE%D1%81%D0%B0%D0%B4%D0%B8%D0%BB%D0%B8-%D1%80%D1%83%D1%81%D1%81%D0%BA%D0%BE%D0%B3%D0%BE-%D0%B2-%D1%82%D1%8E%D1%80%D1%8C%D0%BC%D1%83-%D0%B7%D0%B0%D1%85%D0%BE%D0%B4%D0%B8%D1%82-%D0%BE%D0%BD-%D0%B2-%D0%BA%D0%B0%D0%BC%D0%B5%D1%80%D1%83/" "Mozilla/5.0 (Linux; Android 8.0.0; PIC-LX9 Build/HUAWEIPIC-LX9) AppleWebKit/537.36 (KHTML, like Gecko) Chrome/84.0.4147.89 Mobile Safari/537.36 YaApp_Android/11.20 YaSearchBrowser/11.20"
85.138.219.197 - - [22/Jul/2020:22:49:02 +0000] "GET /%D1%83%D0%BC%D0%B5%D1%80%D0%BB%D0%B8-%D0%B3%D1%80%D1%83%D0%B7%D0%B8%D0%BD-%D1%85%D0%BE%D1%85%D0%BE%D0%BB-%D0%B8-%D0%B5%D0%B2%D1%80%D0%B5%D0%B9-%D0%B8-%D0%BF%D0%BE%D0%BF%D0%B0%D0%B2-%D0%BD%D0%B0-%D0%BF%D1%80%D0%B8%D1%91%D0%BC-%D0%BA/?p=2 HTTP/2.0" 200 10285 "https://www.google.com/" "Mozilla/5.0 (Windows NT 10.0; Win64; x64) AppleWebKit/537.36 (KHTML, like Gecko) Chrome/81.0.4044.138 Safari/537.36 OPR/68.0.3618.197" "-"
85.138.219.197 - - [22/Jul/2020:22:49:02 +0000] "GET /%D1%83%D0%BC%D0%B5%D1%80%D0%BB%D0%B8-%D0%B3%D1%80%D1%83%D0%B7%D0%B8%D0%BD-%D1%85%D0%BE%D1%85%D0%BE%D0%BB-%D0%B8-%D0%B5%D0%B2%D1%80%D0%B5%D0%B9-%D0%B8-%D0%BF%D0%BE%D0%BF%D0%B0%D0%B2-%D0%BD%D0%B0-%D0%BF%D1%80%D0%B8%D1%91%D0%BC-%D0%BA/?p=2 HTTP/2.0" 200 10285 "https://www.google.com/" "Mozilla/5.0 (Windows NT 10.0; Win64; x64) AppleWebKit/537.36 (KHTML, like Gecko) Chrome/81.0.4044.138 Safari/537.36 OPR/68.0.3618.197"
78.37.249.182 - - [22/Jul/2020:22:49:05 +0000] "GET /new/?p=3 HTTP/2.0" 200 15130 "https://baneks.site/new/?p=2" "Mozilla/5.0 (Windows NT 6.3; Win64; x64; rv:78.0) Gecko/20100101 Firefox/78.0" "-"
78.37.249.182 - - [22/Jul/2020:22:49:05 +0000] "GET /new/?p=3 HTTP/2.0" 200 15130 "https://baneks.site/new/?p=2" "Mozilla/5.0 (Windows NT 6.3; Win64; x64; rv:78.0) Gecko/20100101 Firefox/78.0"
178.154.200.81 - - [22/Jul/2020:22:49:06 +0000] "GET /%D0%BC%D0%BE%D0%BB%D0%BE%D0%B4%D0%BE%D0%B9-%D0%BF%D0%BE%D1%80%D1%83%D1%87%D0%B8%D0%BA-%D0%A0%D0%B6%D0%B5%D0%B2%D1%81%D0%BA%D0%B8%D0%B9-%D0%BF%D1%80%D0%BE%D1%87%D0%B8%D1%82%D0%B0%D0%BB-%D0%B2-%D0%BA%D0%BD%D0%B8%D0%B3%D0%B5-%D0%BE/ HTTP/1.1" 200 14056 "-" "Mozilla/5.0 (compatible; YandexBot/3.0; +http://yandex.com/bots)" "-"
178.154.200.81 - - [22/Jul/2020:22:49:06 +0000] "GET /%D0%BC%D0%BE%D0%BB%D0%BE%D0%B4%D0%BE%D0%B9-%D0%BF%D0%BE%D1%80%D1%83%D1%87%D0%B8%D0%BA-%D0%A0%D0%B6%D0%B5%D0%B2%D1%81%D0%BA%D0%B8%D0%B9-%D0%BF%D1%80%D0%BE%D1%87%D0%B8%D1%82%D0%B0%D0%BB-%D0%B2-%D0%BA%D0%BD%D0%B8%D0%B3%D0%B5-%D0%BE/ HTTP/1.1" 200 14056 "-" "Mozilla/5.0 (compatible; YandexBot/3.0; +http://yandex.com/bots)"
85.138.219.197 - - [22/Jul/2020:22:49:08 +0000] "GET /%D1%83%D0%BC%D0%B5%D1%80%D0%BB%D0%B8-%D0%B3%D1%80%D1%83%D0%B7%D0%B8%D0%BD-%D1%85%D0%BE%D1%85%D0%BE%D0%BB-%D0%B8-%D0%B5%D0%B2%D1%80%D0%B5%D0%B9-%D0%B8-%D0%BF%D0%BE%D0%BF%D0%B0%D0%B2-%D0%BD%D0%B0-%D0%BF%D1%80%D0%B8%D1%91%D0%BC-%D0%BA/?p=2 HTTP/2.0" 200 10285 "https://baneks.site/%D1%83%D0%BC%D0%B5%D1%80%D0%BB%D0%B8-%D0%B3%D1%80%D1%83%D0%B7%D0%B8%D0%BD-%D1%85%D0%BE%D1%85%D0%BE%D0%BB-%D0%B8-%D0%B5%D0%B2%D1%80%D0%B5%D0%B9-%D0%B8-%D0%BF%D0%BE%D0%BF%D0%B0%D0%B2-%D0%BD%D0%B0-%D0%BF%D1%80%D0%B8%D1%91%D0%BC-%D0%BA/?p=2" "Mozilla/5.0 (Windows NT 10.0; Win64; x64) AppleWebKit/537.36 (KHTML, like Gecko) Chrome/81.0.4044.138 Safari/537.36 OPR/68.0.3618.197" "-"
85.138.219.197 - - [22/Jul/2020:22:49:08 +0000] "GET /%D1%83%D0%BC%D0%B5%D1%80%D0%BB%D0%B8-%D0%B3%D1%80%D1%83%D0%B7%D0%B8%D0%BD-%D1%85%D0%BE%D1%85%D0%BE%D0%BB-%D0%B8-%D0%B5%D0%B2%D1%80%D0%B5%D0%B9-%D0%B8-%D0%BF%D0%BE%D0%BF%D0%B0%D0%B2-%D0%BD%D0%B0-%D0%BF%D1%80%D0%B8%D1%91%D0%BC-%D0%BA/?p=2 HTTP/2.0" 200 10285 "https://baneks.site/%D1%83%D0%BC%D0%B5%D1%80%D0%BB%D0%B8-%D0%B3%D1%80%D1%83%D0%B7%D0%B8%D0%BD-%D1%85%D0%BE%D1%85%D0%BE%D0%BB-%D0%B8-%D0%B5%D0%B2%D1%80%D0%B5%D0%B9-%D0%B8-%D0%BF%D0%BE%D0%BF%D0%B0%D0%B2-%D0%BD%D0%B0-%D0%BF%D1%80%D0%B8%D1%91%D0%BC-%D0%BA/?p=2" "Mozilla/5.0 (Windows NT 10.0; Win64; x64) AppleWebKit/537.36 (KHTML, like Gecko) Chrome/81.0.4044.138 Safari/537.36 OPR/68.0.3618.197"
78.37.249.182 - - [22/Jul/2020:22:49:09 +0000] "GET /%D0%BA%D0%B0%D0%BA%D0%BE%D0%B5-%D1%83-%D0%B2%D0%B0%D1%81-%D0%BF%D0%B8%D0%B2%D0%BE-%D0%BF%D0%B5%D0%BD%D0%B8%D1%81%D1%82%D0%BE%D0%B5-%D0%B4%D0%B0-%D1%87%D1%82%D0%BE-%D0%B2%D1%8B-%D0%B2%D1%81%D0%B5/ HTTP/2.0" 200 13169 "https://baneks.site/new/?p=3" "Mozilla/5.0 (Windows NT 6.3; Win64; x64; rv:78.0) Gecko/20100101 Firefox/78.0" "-"
78.37.249.182 - - [22/Jul/2020:22:49:09 +0000] "GET /%D0%BA%D0%B0%D0%BA%D0%BE%D0%B5-%D1%83-%D0%B2%D0%B0%D1%81-%D0%BF%D0%B8%D0%B2%D0%BE-%D0%BF%D0%B5%D0%BD%D0%B8%D1%81%D1%82%D0%BE%D0%B5-%D0%B4%D0%B0-%D1%87%D1%82%D0%BE-%D0%B2%D1%8B-%D0%B2%D1%81%D0%B5/ HTTP/2.0" 200 13169 "https://baneks.site/new/?p=3" "Mozilla/5.0 (Windows NT 6.3; Win64; x64; rv:78.0) Gecko/20100101 Firefox/78.0"
46.229.168.139 - - [22/Jul/2020:22:49:13 +0000] "GET /%D1%87%D0%B5%D1%82%D1%8B%D1%80%D0%B5-%D0%BC%D1%83%D0%B6%D0%B8%D0%BA%D0%B0-%D0%B5%D0%B4%D1%83%D1%82-%D0%B2-%D0%BA%D1%83%D0%BF%D0%B5-%D0%BE%D0%B4%D0%B8%D0%BD-%D0%BF%D1%80%D0%B5%D0%B4%D0%BB%D0%BE%D0%B6%D0%B8%D0%BB-/?p=2 HTTP/1.1" 200 14716 "-" "Mozilla/5.0 (compatible; SemrushBot/6~bl; +http://www.semrush.com/bot.html)" "-"
46.229.168.139 - - [22/Jul/2020:22:49:13 +0000] "GET /%D1%87%D0%B5%D1%82%D1%8B%D1%80%D0%B5-%D0%BC%D1%83%D0%B6%D0%B8%D0%BA%D0%B0-%D0%B5%D0%B4%D1%83%D1%82-%D0%B2-%D0%BA%D1%83%D0%BF%D0%B5-%D0%BE%D0%B4%D0%B8%D0%BD-%D0%BF%D1%80%D0%B5%D0%B4%D0%BB%D0%BE%D0%B6%D0%B8%D0%BB-/?p=2 HTTP/1.1" 200 14716 "-" "Mozilla/5.0 (compatible; SemrushBot/6~bl; +http://www.semrush.com/bot.html)"
178.68.139.117 - - [22/Jul/2020:22:49:15 +0000] "GET /%D0%B2-%D0%BA%D0%B2%D0%B0%D1%80%D1%82%D0%B8%D1%80%D0%B5-%D0%BF%D0%BE%D0%B6%D0%B0%D1%80-%D0%BC%D1%83%D0%B6-%D0%BA%D1%80%D0%B8%D1%87%D0%B8%D1%82-%D1%87%D1%82%D0%BE-%D0%B2%D1%8B%D0%BD%D0%BE%D1%81%D0%B8%D1%82%D1%8C-%D0%B1%D1%83%D0%B4%D0%B5%D0%BC/ HTTP/2.0" 200 12700 "https://baneks.site/new/?p=2" "Mozilla/5.0 (Windows NT 10.0; Win64; x64) AppleWebKit/537.36 (KHTML, like Gecko) Chrome/83.0.4103.106 YaBrowser/20.7.1.70 Yowser/2.5 Yptp/1.23 Safari/537.36" "-"
178.68.139.117 - - [22/Jul/2020:22:49:15 +0000] "GET /%D0%B2-%D0%BA%D0%B2%D0%B0%D1%80%D1%82%D0%B8%D1%80%D0%B5-%D0%BF%D0%BE%D0%B6%D0%B0%D1%80-%D0%BC%D1%83%D0%B6-%D0%BA%D1%80%D0%B8%D1%87%D0%B8%D1%82-%D1%87%D1%82%D0%BE-%D0%B2%D1%8B%D0%BD%D0%BE%D1%81%D0%B8%D1%82%D1%8C-%D0%B1%D1%83%D0%B4%D0%B5%D0%BC/ HTTP/2.0" 200 12700 "https://baneks.site/new/?p=2" "Mozilla/5.0 (Windows NT 10.0; Win64; x64) AppleWebKit/537.36 (KHTML, like Gecko) Chrome/83.0.4103.106 YaBrowser/20.7.1.70 Yowser/2.5 Yptp/1.23 Safari/537.36"
178.68.139.117 - - [22/Jul/2020:22:49:15 +0000] "GET /%D0%B2-%D0%BA%D0%B2%D0%B0%D1%80%D1%82%D0%B8%D1%80%D0%B5-%D0%BF%D0%BE%D0%B6%D0%B0%D1%80-%D0%BC%D1%83%D0%B6-%D0%BA%D1%80%D0%B8%D1%87%D0%B8%D1%82-%D1%87%D1%82%D0%BE-%D0%B2%D1%8B%D0%BD%D0%BE%D1%81%D0%B8%D1%82%D1%8C-%D0%B1%D1%83%D0%B4%D0%B5%D0%BC/ HTTP/2.0" 200 12700 "https://baneks.site/%D0%B2-%D0%BA%D0%B2%D0%B0%D1%80%D1%82%D0%B8%D1%80%D0%B5-%D0%BF%D0%BE%D0%B6%D0%B0%D1%80-%D0%BC%D1%83%D0%B6-%D0%BA%D1%80%D0%B8%D1%87%D0%B8%D1%82-%D1%87%D1%82%D0%BE-%D0%B2%D1%8B%D0%BD%D0%BE%D1%81%D0%B8%D1%82%D1%8C-%D0%B1%D1%83%D0%B4%D0%B5%D0%BC/" "Mozilla/5.0 (Windows NT 10.0; Win64; x64) AppleWebKit/537.36 (KHTML, like Gecko) Chrome/83.0.4103.106 YaBrowser/20.7.1.70 Yowser/2.5 Yptp/1.23 Safari/537.36" "-"
178.68.139.117 - - [22/Jul/2020:22:49:15 +0000] "GET /%D0%B2-%D0%BA%D0%B2%D0%B0%D1%80%D1%82%D0%B8%D1%80%D0%B5-%D0%BF%D0%BE%D0%B6%D0%B0%D1%80-%D0%BC%D1%83%D0%B6-%D0%BA%D1%80%D0%B8%D1%87%D0%B8%D1%82-%D1%87%D1%82%D0%BE-%D0%B2%D1%8B%D0%BD%D0%BE%D1%81%D0%B8%D1%82%D1%8C-%D0%B1%D1%83%D0%B4%D0%B5%D0%BC/ HTTP/2.0" 200 12700 "https://baneks.site/%D0%B2-%D0%BA%D0%B2%D0%B0%D1%80%D1%82%D0%B8%D1%80%D0%B5-%D0%BF%D0%BE%D0%B6%D0%B0%D1%80-%D0%BC%D1%83%D0%B6-%D0%BA%D1%80%D0%B8%D1%87%D0%B8%D1%82-%D1%87%D1%82%D0%BE-%D0%B2%D1%8B%D0%BD%D0%BE%D1%81%D0%B8%D1%82%D1%8C-%D0%B1%D1%83%D0%B4%D0%B5%D0%BC/" "Mozilla/5.0 (Windows NT 10.0; Win64; x64) AppleWebKit/537.36 (KHTML, like Gecko) Chrome/83.0.4103.106 YaBrowser/20.7.1.70 Yowser/2.5 Yptp/1.23 Safari/537.36"
178.154.200.81 - - [22/Jul/2020:22:49:20 +0000] "GET /%D0%BF%D0%BE%D1%81%D0%B0%D0%B4%D0%B8%D0%BB%D0%B8-%D1%80%D1%83%D1%81%D1%81%D0%BA%D0%BE%D0%B3%D0%BE-%D0%B2-%D1%82%D1%8E%D1%80%D1%8C%D0%BC%D1%83-%D0%B7%D0%B0%D1%85%D0%BE%D0%B4%D0%B8%D1%82-%D0%BE%D0%BD-%D0%B2-%D0%BA%D0%B0%D0%BC%D0%B5%D1%80%D1%83/ HTTP/1.1" 200 15141 "-" "Mozilla/5.0 (compatible; YandexBot/3.0; +http://yandex.com/bots)" "-"
178.154.200.81 - - [22/Jul/2020:22:49:20 +0000] "GET /%D0%BF%D0%BE%D1%81%D0%B0%D0%B4%D0%B8%D0%BB%D0%B8-%D1%80%D1%83%D1%81%D1%81%D0%BA%D0%BE%D0%B3%D0%BE-%D0%B2-%D1%82%D1%8E%D1%80%D1%8C%D0%BC%D1%83-%D0%B7%D0%B0%D1%85%D0%BE%D0%B4%D0%B8%D1%82-%D0%BE%D0%BD-%D0%B2-%D0%BA%D0%B0%D0%BC%D0%B5%D1%80%D1%83/ HTTP/1.1" 200 15141 "-" "Mozilla/5.0 (compatible; YandexBot/3.0; +http://yandex.com/bots)"
66.249.68.62 - - [22/Jul/2020:22:49:20 +0000] "GET /%D0%BF%D0%B0%D1%80%D0%B5%D0%BD%D1%8C-%D1%81-%D0%B4%D0%B5%D0%B2%D1%83%D1%88%D0%BA%D0%BE%D0%B9-%D0%B2-%D1%80%D0%B5%D1%81%D1%82%D0%BE%D1%80%D0%B0%D0%BD%D0%B5-%D0%B2%D1%8B%D0%BF%D0%B8%D0%B2-%D1%88%D0%B0%D0%BC%D0%BF%D0%B0%D0%BD%D1%81%D0%BA%D0%BE%D0%B3%D0%BE/ HTTP/1.1" 200 14121 "-" "Mozilla/5.0 (compatible; Googlebot/2.1; +http://www.google.com/bot.html)" "-"
66.249.68.62 - - [22/Jul/2020:22:49:20 +0000] "GET /%D0%BF%D0%B0%D1%80%D0%B5%D0%BD%D1%8C-%D1%81-%D0%B4%D0%B5%D0%B2%D1%83%D1%88%D0%BA%D0%BE%D0%B9-%D0%B2-%D1%80%D0%B5%D1%81%D1%82%D0%BE%D1%80%D0%B0%D0%BD%D0%B5-%D0%B2%D1%8B%D0%BF%D0%B8%D0%B2-%D1%88%D0%B0%D0%BC%D0%BF%D0%B0%D0%BD%D1%81%D0%BA%D0%BE%D0%B3%D0%BE/ HTTP/1.1" 200 14121 "-" "Mozilla/5.0 (compatible; Googlebot/2.1; +http://www.google.com/bot.html)"
178.68.139.117 - - [22/Jul/2020:22:49:22 +0000] "GET /%D0%B4%D1%8F%D0%B4%D0%B5%D0%BD%D1%8C%D0%BA%D0%B0-%D0%B2%D1%8B-%D0%B8%D0%B7-%D0%98%D0%BD%D0%B4%D0%B8%D0%B8-%D0%B8%D0%BB%D0%B8-%D0%B8%D0%B7-%D0%98%D0%BD%D0%B4%D0%BE%D0%BD%D0%B5%D0%B7%D0%B8%D0%B8-%D0%BC%D0%B0%D0%BB%D1%8C%D1%87%D0%B8%D0%BA/ HTTP/2.0" 200 12691 "https://baneks.site/new/?p=2" "Mozilla/5.0 (Windows NT 10.0; Win64; x64) AppleWebKit/537.36 (KHTML, like Gecko) Chrome/83.0.4103.106 YaBrowser/20.7.1.70 Yowser/2.5 Yptp/1.23 Safari/537.36" "-"
178.68.139.117 - - [22/Jul/2020:22:49:22 +0000] "GET /%D0%B4%D1%8F%D0%B4%D0%B5%D0%BD%D1%8C%D0%BA%D0%B0-%D0%B2%D1%8B-%D0%B8%D0%B7-%D0%98%D0%BD%D0%B4%D0%B8%D0%B8-%D0%B8%D0%BB%D0%B8-%D0%B8%D0%B7-%D0%98%D0%BD%D0%B4%D0%BE%D0%BD%D0%B5%D0%B7%D0%B8%D0%B8-%D0%BC%D0%B0%D0%BB%D1%8C%D1%87%D0%B8%D0%BA/ HTTP/2.0" 200 12691 "https://baneks.site/new/?p=2" "Mozilla/5.0 (Windows NT 10.0; Win64; x64) AppleWebKit/537.36 (KHTML, like Gecko) Chrome/83.0.4103.106 YaBrowser/20.7.1.70 Yowser/2.5 Yptp/1.23 Safari/537.36"
178.68.139.117 - - [22/Jul/2020:22:49:22 +0000] "GET /%D0%B4%D1%8F%D0%B4%D0%B5%D0%BD%D1%8C%D0%BA%D0%B0-%D0%B2%D1%8B-%D0%B8%D0%B7-%D0%98%D0%BD%D0%B4%D0%B8%D0%B8-%D0%B8%D0%BB%D0%B8-%D0%B8%D0%B7-%D0%98%D0%BD%D0%B4%D0%BE%D0%BD%D0%B5%D0%B7%D0%B8%D0%B8-%D0%BC%D0%B0%D0%BB%D1%8C%D1%87%D0%B8%D0%BA/ HTTP/2.0" 200 12691 "https://baneks.site/%D0%B4%D1%8F%D0%B4%D0%B5%D0%BD%D1%8C%D0%BA%D0%B0-%D0%B2%D1%8B-%D0%B8%D0%B7-%D0%98%D0%BD%D0%B4%D0%B8%D0%B8-%D0%B8%D0%BB%D0%B8-%D0%B8%D0%B7-%D0%98%D0%BD%D0%B4%D0%BE%D0%BD%D0%B5%D0%B7%D0%B8%D0%B8-%D0%BC%D0%B0%D0%BB%D1%8C%D1%87%D0%B8%D0%BA/" "Mozilla/5.0 (Windows NT 10.0; Win64; x64) AppleWebKit/537.36 (KHTML, like Gecko) Chrome/83.0.4103.106 YaBrowser/20.7.1.70 Yowser/2.5 Yptp/1.23 Safari/537.36" "-"
178.68.139.117 - - [22/Jul/2020:22:49:22 +0000] "GET /%D0%B4%D1%8F%D0%B4%D0%B5%D0%BD%D1%8C%D0%BA%D0%B0-%D0%B2%D1%8B-%D0%B8%D0%B7-%D0%98%D0%BD%D0%B4%D0%B8%D0%B8-%D0%B8%D0%BB%D0%B8-%D0%B8%D0%B7-%D0%98%D0%BD%D0%B4%D0%BE%D0%BD%D0%B5%D0%B7%D0%B8%D0%B8-%D0%BC%D0%B0%D0%BB%D1%8C%D1%87%D0%B8%D0%BA/ HTTP/2.0" 200 12691 "https://baneks.site/%D0%B4%D1%8F%D0%B4%D0%B5%D0%BD%D1%8C%D0%BA%D0%B0-%D0%B2%D1%8B-%D0%B8%D0%B7-%D0%98%D0%BD%D0%B4%D0%B8%D0%B8-%D0%B8%D0%BB%D0%B8-%D0%B8%D0%B7-%D0%98%D0%BD%D0%B4%D0%BE%D0%BD%D0%B5%D0%B7%D0%B8%D0%B8-%D0%BC%D0%B0%D0%BB%D1%8C%D1%87%D0%B8%D0%BA/" "Mozilla/5.0 (Windows NT 10.0; Win64; x64) AppleWebKit/537.36 (KHTML, like Gecko) Chrome/83.0.4103.106 YaBrowser/20.7.1.70 Yowser/2.5 Yptp/1.23 Safari/537.36"
46.229.168.147 - - [22/Jul/2020:22:49:25 +0000] "GET /%D0%B7%D0%B4%D1%80%D0%B0%D0%B2%D1%81%D1%82%D0%B2%D1%83%D0%B9%D1%82%D0%B5-%D1%8F-%D1%85%D0%BE%D1%87%D1%83-%D1%80%D0%B0%D0%B1%D0%BE%D1%82%D0%B0%D1%82%D1%8C-%D0%BA%D0%B0%D1%81%D1%81%D0%B8%D1%80%D0%BE%D0%BC/ HTTP/1.1" 200 13338 "-" "Mozilla/5.0 (compatible; SemrushBot/6~bl; +http://www.semrush.com/bot.html)" "-"
46.229.168.147 - - [22/Jul/2020:22:49:25 +0000] "GET /%D0%B7%D0%B4%D1%80%D0%B0%D0%B2%D1%81%D1%82%D0%B2%D1%83%D0%B9%D1%82%D0%B5-%D1%8F-%D1%85%D0%BE%D1%87%D1%83-%D1%80%D0%B0%D0%B1%D0%BE%D1%82%D0%B0%D1%82%D1%8C-%D0%BA%D0%B0%D1%81%D1%81%D0%B8%D1%80%D0%BE%D0%BC/ HTTP/1.1" 200 13338 "-" "Mozilla/5.0 (compatible; SemrushBot/6~bl; +http://www.semrush.com/bot.html)"
178.68.139.117 - - [22/Jul/2020:22:49:33 +0000] "GET /%D0%BF%D0%BE%D0%B4%D1%85%D0%BE%D0%B4%D0%B8%D1%82-5-%D0%BB%D0%B5%D1%82%D0%BD%D0%B8%D0%B9-%D1%81%D1%8B%D0%BD-%D0%BA-%D0%BC%D0%B0%D1%82%D0%B5%D1%80%D0%B8-%D0%BC%D0%B0%D0%BC-%D0%B0-%D0%BF%D0%BE%D1%87%D0%B5%D0%BC%D1%83-%D1%83-%D0%BC%D0%B5%D0%BD%D1%8F/ HTTP/2.0" 200 13123 "https://baneks.site/new/?p=2" "Mozilla/5.0 (Windows NT 10.0; Win64; x64) AppleWebKit/537.36 (KHTML, like Gecko) Chrome/83.0.4103.106 YaBrowser/20.7.1.70 Yowser/2.5 Yptp/1.23 Safari/537.36" "-"
178.68.139.117 - - [22/Jul/2020:22:49:33 +0000] "GET /%D0%BF%D0%BE%D0%B4%D1%85%D0%BE%D0%B4%D0%B8%D1%82-5-%D0%BB%D0%B5%D1%82%D0%BD%D0%B8%D0%B9-%D1%81%D1%8B%D0%BD-%D0%BA-%D0%BC%D0%B0%D1%82%D0%B5%D1%80%D0%B8-%D0%BC%D0%B0%D0%BC-%D0%B0-%D0%BF%D0%BE%D1%87%D0%B5%D0%BC%D1%83-%D1%83-%D0%BC%D0%B5%D0%BD%D1%8F/ HTTP/2.0" 200 13123 "https://baneks.site/new/?p=2" "Mozilla/5.0 (Windows NT 10.0; Win64; x64) AppleWebKit/537.36 (KHTML, like Gecko) Chrome/83.0.4103.106 YaBrowser/20.7.1.70 Yowser/2.5 Yptp/1.23 Safari/537.36"
178.68.139.117 - - [22/Jul/2020:22:49:34 +0000] "GET /%D0%BF%D0%BE%D0%B4%D1%85%D0%BE%D0%B4%D0%B8%D1%82-5-%D0%BB%D0%B5%D1%82%D0%BD%D0%B8%D0%B9-%D1%81%D1%8B%D0%BD-%D0%BA-%D0%BC%D0%B0%D1%82%D0%B5%D1%80%D0%B8-%D0%BC%D0%B0%D0%BC-%D0%B0-%D0%BF%D0%BE%D1%87%D0%B5%D0%BC%D1%83-%D1%83-%D0%BC%D0%B5%D0%BD%D1%8F/ HTTP/2.0" 200 13123 "https://baneks.site/%D0%BF%D0%BE%D0%B4%D1%85%D0%BE%D0%B4%D0%B8%D1%82-5-%D0%BB%D0%B5%D1%82%D0%BD%D0%B8%D0%B9-%D1%81%D1%8B%D0%BD-%D0%BA-%D0%BC%D0%B0%D1%82%D0%B5%D1%80%D0%B8-%D0%BC%D0%B0%D0%BC-%D0%B0-%D0%BF%D0%BE%D1%87%D0%B5%D0%BC%D1%83-%D1%83-%D0%BC%D0%B5%D0%BD%D1%8F/" "Mozilla/5.0 (Windows NT 10.0; Win64; x64) AppleWebKit/537.36 (KHTML, like Gecko) Chrome/83.0.4103.106 YaBrowser/20.7.1.70 Yowser/2.5 Yptp/1.23 Safari/537.36" "-"
178.68.139.117 - - [22/Jul/2020:22:49:34 +0000] "GET /%D0%BF%D0%BE%D0%B4%D1%85%D0%BE%D0%B4%D0%B8%D1%82-5-%D0%BB%D0%B5%D1%82%D0%BD%D0%B8%D0%B9-%D1%81%D1%8B%D0%BD-%D0%BA-%D0%BC%D0%B0%D1%82%D0%B5%D1%80%D0%B8-%D0%BC%D0%B0%D0%BC-%D0%B0-%D0%BF%D0%BE%D1%87%D0%B5%D0%BC%D1%83-%D1%83-%D0%BC%D0%B5%D0%BD%D1%8F/ HTTP/2.0" 200 13123 "https://baneks.site/%D0%BF%D0%BE%D0%B4%D1%85%D0%BE%D0%B4%D0%B8%D1%82-5-%D0%BB%D0%B5%D1%82%D0%BD%D0%B8%D0%B9-%D1%81%D1%8B%D0%BD-%D0%BA-%D0%BC%D0%B0%D1%82%D0%B5%D1%80%D0%B8-%D0%BC%D0%B0%D0%BC-%D0%B0-%D0%BF%D0%BE%D1%87%D0%B5%D0%BC%D1%83-%D1%83-%D0%BC%D0%B5%D0%BD%D1%8F/" "Mozilla/5.0 (Windows NT 10.0; Win64; x64) AppleWebKit/537.36 (KHTML, like Gecko) Chrome/83.0.4103.106 YaBrowser/20.7.1.70 Yowser/2.5 Yptp/1.23 Safari/537.36"
85.138.219.197 - - [22/Jul/2020:22:49:36 +0000] "GET /%D1%83%D0%BC%D0%B5%D1%80%D0%BB%D0%B8-%D0%B3%D1%80%D1%83%D0%B7%D0%B8%D0%BD-%D1%85%D0%BE%D1%85%D0%BE%D0%BB-%D0%B8-%D0%B5%D0%B2%D1%80%D0%B5%D0%B9-%D0%B8-%D0%BF%D0%BE%D0%BF%D0%B0%D0%B2-%D0%BD%D0%B0-%D0%BF%D1%80%D0%B8%D1%91%D0%BC-%D0%BA/ HTTP/2.0" 200 13785 "https://www.google.com/" "Mozilla/5.0 (Windows NT 10.0; Win64; x64) AppleWebKit/537.36 (KHTML, like Gecko) Chrome/81.0.4044.138 Safari/537.36 OPR/68.0.3618.197" "-"
85.138.219.197 - - [22/Jul/2020:22:49:36 +0000] "GET /%D1%83%D0%BC%D0%B5%D1%80%D0%BB%D0%B8-%D0%B3%D1%80%D1%83%D0%B7%D0%B8%D0%BD-%D1%85%D0%BE%D1%85%D0%BE%D0%BB-%D0%B8-%D0%B5%D0%B2%D1%80%D0%B5%D0%B9-%D0%B8-%D0%BF%D0%BE%D0%BF%D0%B0%D0%B2-%D0%BD%D0%B0-%D0%BF%D1%80%D0%B8%D1%91%D0%BC-%D0%BA/ HTTP/2.0" 200 13785 "https://www.google.com/" "Mozilla/5.0 (Windows NT 10.0; Win64; x64) AppleWebKit/537.36 (KHTML, like Gecko) Chrome/81.0.4044.138 Safari/537.36 OPR/68.0.3618.197"
46.229.168.137 - - [22/Jul/2020:22:49:36 +0000] "GET /%D0%BF%D0%B8%D0%B2%D0%BE-%D0%B2%D0%B5%D0%BB%D0%B8%D1%87%D0%B0%D0%B9%D1%88%D0%B5%D0%B5-%D0%B8%D0%B7%D0%BE%D0%B1%D1%80%D0%B5%D1%82%D0%B5%D0%BD%D0%B8%D0%B5-%D0%BA%D0%BE%D0%BB%D0%B5%D1%81%D0%BE-%D0%BA%D0%BE%D0%BD%D0%B5%D1%87%D0%BD%D0%BE-%D1%82%D0%BE%D0%B6%D0%B5/?p=1 HTTP/1.1" 200 13034 "-" "Mozilla/5.0 (compatible; SemrushBot/6~bl; +http://www.semrush.com/bot.html)" "-"
46.229.168.137 - - [22/Jul/2020:22:49:36 +0000] "GET /%D0%BF%D0%B8%D0%B2%D0%BE-%D0%B2%D0%B5%D0%BB%D0%B8%D1%87%D0%B0%D0%B9%D1%88%D0%B5%D0%B5-%D0%B8%D0%B7%D0%BE%D0%B1%D1%80%D0%B5%D1%82%D0%B5%D0%BD%D0%B8%D0%B5-%D0%BA%D0%BE%D0%BB%D0%B5%D1%81%D0%BE-%D0%BA%D0%BE%D0%BD%D0%B5%D1%87%D0%BD%D0%BE-%D1%82%D0%BE%D0%B6%D0%B5/?p=1 HTTP/1.1" 200 13034 "-" "Mozilla/5.0 (compatible; SemrushBot/6~bl; +http://www.semrush.com/bot.html)"
85.138.219.197 - - [22/Jul/2020:22:49:37 +0000] "GET /%D1%83%D0%BC%D0%B5%D1%80%D0%BB%D0%B8-%D0%B3%D1%80%D1%83%D0%B7%D0%B8%D0%BD-%D1%85%D0%BE%D1%85%D0%BE%D0%BB-%D0%B8-%D0%B5%D0%B2%D1%80%D0%B5%D0%B9-%D0%B8-%D0%BF%D0%BE%D0%BF%D0%B0%D0%B2-%D0%BD%D0%B0-%D0%BF%D1%80%D0%B8%D1%91%D0%BC-%D0%BA/ HTTP/2.0" 200 13785 "https://baneks.site/%D1%83%D0%BC%D0%B5%D1%80%D0%BB%D0%B8-%D0%B3%D1%80%D1%83%D0%B7%D0%B8%D0%BD-%D1%85%D0%BE%D1%85%D0%BE%D0%BB-%D0%B8-%D0%B5%D0%B2%D1%80%D0%B5%D0%B9-%D0%B8-%D0%BF%D0%BE%D0%BF%D0%B0%D0%B2-%D0%BD%D0%B0-%D0%BF%D1%80%D0%B8%D1%91%D0%BC-%D0%BA/" "Mozilla/5.0 (Windows NT 10.0; Win64; x64) AppleWebKit/537.36 (KHTML, like Gecko) Chrome/81.0.4044.138 Safari/537.36 OPR/68.0.3618.197" "-"
85.138.219.197 - - [22/Jul/2020:22:49:37 +0000] "GET /%D1%83%D0%BC%D0%B5%D1%80%D0%BB%D0%B8-%D0%B3%D1%80%D1%83%D0%B7%D0%B8%D0%BD-%D1%85%D0%BE%D1%85%D0%BE%D0%BB-%D0%B8-%D0%B5%D0%B2%D1%80%D0%B5%D0%B9-%D0%B8-%D0%BF%D0%BE%D0%BF%D0%B0%D0%B2-%D0%BD%D0%B0-%D0%BF%D1%80%D0%B8%D1%91%D0%BC-%D0%BA/ HTTP/2.0" 200 13785 "https://baneks.site/%D1%83%D0%BC%D0%B5%D1%80%D0%BB%D0%B8-%D0%B3%D1%80%D1%83%D0%B7%D0%B8%D0%BD-%D1%85%D0%BE%D1%85%D0%BE%D0%BB-%D0%B8-%D0%B5%D0%B2%D1%80%D0%B5%D0%B9-%D0%B8-%D0%BF%D0%BE%D0%BF%D0%B0%D0%B2-%D0%BD%D0%B0-%D0%BF%D1%80%D0%B8%D1%91%D0%BC-%D0%BA/" "Mozilla/5.0 (Windows NT 10.0; Win64; x64) AppleWebKit/537.36 (KHTML, like Gecko) Chrome/81.0.4044.138 Safari/537.36 OPR/68.0.3618.197"
193.33.64.129 - - [22/Jul/2020:22:49:42 +0000] "GET /-%D0%BF%D0%B0%D0%BF%D0%B0-%D1%87%D1%82%D0%BE-%D1%82%D0%B0%D0%BA%D0%BE%D0%B5-%D0%BD%D0%B5%D0%BA%D0%BE%D0%BC%D0%BF%D0%B5%D1%82%D0%B5%D0%BD%D1%82%D0%BD%D0%BE%D1%81%D1%82%D1%8C-%D0%B8-%D0%B1%D0%B5%D0%B7%D1%80%D0%B0%D0%B7%D0%BB%D0%B8%D1%87%D0%B8%D0%B5/ HTTP/2.0" 200 13248 "https://baneks.site/best/" "Mozilla/5.0 (Linux; Android 9; Redmi Note 7) AppleWebKit/537.36 (KHTML, like Gecko) Chrome/84.0.4147.89 Mobile Safari/537.36" "-"
193.33.64.129 - - [22/Jul/2020:22:49:42 +0000] "GET /-%D0%BF%D0%B0%D0%BF%D0%B0-%D1%87%D1%82%D0%BE-%D1%82%D0%B0%D0%BA%D0%BE%D0%B5-%D0%BD%D0%B5%D0%BA%D0%BE%D0%BC%D0%BF%D0%B5%D1%82%D0%B5%D0%BD%D1%82%D0%BD%D0%BE%D1%81%D1%82%D1%8C-%D0%B8-%D0%B1%D0%B5%D0%B7%D1%80%D0%B0%D0%B7%D0%BB%D0%B8%D1%87%D0%B8%D0%B5/ HTTP/2.0" 200 13248 "https://baneks.site/best/" "Mozilla/5.0 (Linux; Android 9; Redmi Note 7) AppleWebKit/537.36 (KHTML, like Gecko) Chrome/84.0.4147.89 Mobile Safari/537.36"
78.37.249.182 - - [22/Jul/2020:22:49:43 +0000] "GET /%D0%B2%D1%87%D0%B5%D1%80%D0%B0-%D0%BD%D0%B0-%D1%81%D0%B5%D0%BB%D1%8C%D1%81%D0%BA%D0%BE%D0%B9-%D0%B4%D0%B8%D1%81%D0%BA%D0%BE%D1%82%D0%B5%D0%BA%D0%B5-%D0%B1%D0%B0%D0%BD%D0%B4%D0%B0-%D0%BB%D0%B5%D1%81%D0%BE%D1%80%D1%83%D0%B1%D0%BE%D0%B2/ HTTP/2.0" 200 13133 "https://baneks.site/new/?p=3" "Mozilla/5.0 (Windows NT 6.3; Win64; x64; rv:78.0) Gecko/20100101 Firefox/78.0" "-"
78.37.249.182 - - [22/Jul/2020:22:49:43 +0000] "GET /%D0%B2%D1%87%D0%B5%D1%80%D0%B0-%D0%BD%D0%B0-%D1%81%D0%B5%D0%BB%D1%8C%D1%81%D0%BA%D0%BE%D0%B9-%D0%B4%D0%B8%D1%81%D0%BA%D0%BE%D1%82%D0%B5%D0%BA%D0%B5-%D0%B1%D0%B0%D0%BD%D0%B4%D0%B0-%D0%BB%D0%B5%D1%81%D0%BE%D1%80%D1%83%D0%B1%D0%BE%D0%B2/ HTTP/2.0" 200 13133 "https://baneks.site/new/?p=3" "Mozilla/5.0 (Windows NT 6.3; Win64; x64; rv:78.0) Gecko/20100101 Firefox/78.0"
193.33.64.129 - - [22/Jul/2020:22:49:43 +0000] "GET /-%D0%BF%D0%B0%D0%BF%D0%B0-%D1%87%D1%82%D0%BE-%D1%82%D0%B0%D0%BA%D0%BE%D0%B5-%D0%BD%D0%B5%D0%BA%D0%BE%D0%BC%D0%BF%D0%B5%D1%82%D0%B5%D0%BD%D1%82%D0%BD%D0%BE%D1%81%D1%82%D1%8C-%D0%B8-%D0%B1%D0%B5%D0%B7%D1%80%D0%B0%D0%B7%D0%BB%D0%B8%D1%87%D0%B8%D0%B5/ HTTP/2.0" 200 13248 "https://baneks.site/-%D0%BF%D0%B0%D0%BF%D0%B0-%D1%87%D1%82%D0%BE-%D1%82%D0%B0%D0%BA%D0%BE%D0%B5-%D0%BD%D0%B5%D0%BA%D0%BE%D0%BC%D0%BF%D0%B5%D1%82%D0%B5%D0%BD%D1%82%D0%BD%D0%BE%D1%81%D1%82%D1%8C-%D0%B8-%D0%B1%D0%B5%D0%B7%D1%80%D0%B0%D0%B7%D0%BB%D0%B8%D1%87%D0%B8%D0%B5/" "Mozilla/5.0 (Linux; Android 9; Redmi Note 7) AppleWebKit/537.36 (KHTML, like Gecko) Chrome/84.0.4147.89 Mobile Safari/537.36" "-"
193.33.64.129 - - [22/Jul/2020:22:49:43 +0000] "GET /-%D0%BF%D0%B0%D0%BF%D0%B0-%D1%87%D1%82%D0%BE-%D1%82%D0%B0%D0%BA%D0%BE%D0%B5-%D0%BD%D0%B5%D0%BA%D0%BE%D0%BC%D0%BF%D0%B5%D1%82%D0%B5%D0%BD%D1%82%D0%BD%D0%BE%D1%81%D1%82%D1%8C-%D0%B8-%D0%B1%D0%B5%D0%B7%D1%80%D0%B0%D0%B7%D0%BB%D0%B8%D1%87%D0%B8%D0%B5/ HTTP/2.0" 200 13248 "https://baneks.site/-%D0%BF%D0%B0%D0%BF%D0%B0-%D1%87%D1%82%D0%BE-%D1%82%D0%B0%D0%BA%D0%BE%D0%B5-%D0%BD%D0%B5%D0%BA%D0%BE%D0%BC%D0%BF%D0%B5%D1%82%D0%B5%D0%BD%D1%82%D0%BD%D0%BE%D1%81%D1%82%D1%8C-%D0%B8-%D0%B1%D0%B5%D0%B7%D1%80%D0%B0%D0%B7%D0%BB%D0%B8%D1%87%D0%B8%D0%B5/" "Mozilla/5.0 (Linux; Android 9; Redmi Note 7) AppleWebKit/537.36 (KHTML, like Gecko) Chrome/84.0.4147.89 Mobile Safari/537.36"
178.68.139.117 - - [22/Jul/2020:22:49:50 +0000] "GET /%D1%81-%D0%BD%D0%B5%D0%B4%D0%B0%D0%B2%D0%BD%D0%B8%D1%85-%D0%BF%D0%BE%D1%80-%D1%8F-%D0%BD%D0%B0%D1%87%D0%B0%D0%BB-%D0%BF%D1%80%D0%B8%D0%B2%D0%BE%D0%B4%D0%B8%D1%82%D1%8C-%D1%81%D0%B5%D0%B1%D1%8F-%D0%B2-%D1%84%D0%BE%D1%80%D0%BC%D1%83-%D0%B8/ HTTP/2.0" 200 13864 "https://baneks.site/new/?p=2" "Mozilla/5.0 (Windows NT 10.0; Win64; x64) AppleWebKit/537.36 (KHTML, like Gecko) Chrome/83.0.4103.106 YaBrowser/20.7.1.70 Yowser/2.5 Yptp/1.23 Safari/537.36" "-"
178.68.139.117 - - [22/Jul/2020:22:49:50 +0000] "GET /%D1%81-%D0%BD%D0%B5%D0%B4%D0%B0%D0%B2%D0%BD%D0%B8%D1%85-%D0%BF%D0%BE%D1%80-%D1%8F-%D0%BD%D0%B0%D1%87%D0%B0%D0%BB-%D0%BF%D1%80%D0%B8%D0%B2%D0%BE%D0%B4%D0%B8%D1%82%D1%8C-%D1%81%D0%B5%D0%B1%D1%8F-%D0%B2-%D1%84%D0%BE%D1%80%D0%BC%D1%83-%D0%B8/ HTTP/2.0" 200 13864 "https://baneks.site/new/?p=2" "Mozilla/5.0 (Windows NT 10.0; Win64; x64) AppleWebKit/537.36 (KHTML, like Gecko) Chrome/83.0.4103.106 YaBrowser/20.7.1.70 Yowser/2.5 Yptp/1.23 Safari/537.36"
178.68.139.117 - - [22/Jul/2020:22:49:50 +0000] "GET /%D1%81-%D0%BD%D0%B5%D0%B4%D0%B0%D0%B2%D0%BD%D0%B8%D1%85-%D0%BF%D0%BE%D1%80-%D1%8F-%D0%BD%D0%B0%D1%87%D0%B0%D0%BB-%D0%BF%D1%80%D0%B8%D0%B2%D0%BE%D0%B4%D0%B8%D1%82%D1%8C-%D1%81%D0%B5%D0%B1%D1%8F-%D0%B2-%D1%84%D0%BE%D1%80%D0%BC%D1%83-%D0%B8/ HTTP/2.0" 200 13864 "https://baneks.site/%D1%81-%D0%BD%D0%B5%D0%B4%D0%B0%D0%B2%D0%BD%D0%B8%D1%85-%D0%BF%D0%BE%D1%80-%D1%8F-%D0%BD%D0%B0%D1%87%D0%B0%D0%BB-%D0%BF%D1%80%D0%B8%D0%B2%D0%BE%D0%B4%D0%B8%D1%82%D1%8C-%D1%81%D0%B5%D0%B1%D1%8F-%D0%B2-%D1%84%D0%BE%D1%80%D0%BC%D1%83-%D0%B8/" "Mozilla/5.0 (Windows NT 10.0; Win64; x64) AppleWebKit/537.36 (KHTML, like Gecko) Chrome/83.0.4103.106 YaBrowser/20.7.1.70 Yowser/2.5 Yptp/1.23 Safari/537.36" "-"
178.68.139.117 - - [22/Jul/2020:22:49:50 +0000] "GET /%D1%81-%D0%BD%D0%B5%D0%B4%D0%B0%D0%B2%D0%BD%D0%B8%D1%85-%D0%BF%D0%BE%D1%80-%D1%8F-%D0%BD%D0%B0%D1%87%D0%B0%D0%BB-%D0%BF%D1%80%D0%B8%D0%B2%D0%BE%D0%B4%D0%B8%D1%82%D1%8C-%D1%81%D0%B5%D0%B1%D1%8F-%D0%B2-%D1%84%D0%BE%D1%80%D0%BC%D1%83-%D0%B8/ HTTP/2.0" 200 13864 "https://baneks.site/%D1%81-%D0%BD%D0%B5%D0%B4%D0%B0%D0%B2%D0%BD%D0%B8%D1%85-%D0%BF%D0%BE%D1%80-%D1%8F-%D0%BD%D0%B0%D1%87%D0%B0%D0%BB-%D0%BF%D1%80%D0%B8%D0%B2%D0%BE%D0%B4%D0%B8%D1%82%D1%8C-%D1%81%D0%B5%D0%B1%D1%8F-%D0%B2-%D1%84%D0%BE%D1%80%D0%BC%D1%83-%D0%B8/" "Mozilla/5.0 (Windows NT 10.0; Win64; x64) AppleWebKit/537.36 (KHTML, like Gecko) Chrome/83.0.4103.106 YaBrowser/20.7.1.70 Yowser/2.5 Yptp/1.23 Safari/537.36"
213.87.160.157 - - [22/Jul/2020:22:49:51 +0000] "GET /random HTTP/2.0" 302 0 "https://baneks.site/%D0%BF%D0%BE%D1%81%D0%BB%D0%B0%D0%BB%D0%B8-%D1%8F%D0%BF%D0%BE%D0%BD%D1%86%D1%8B-%D0%BA%D0%B0%D1%80%D0%B0%D1%82%D0%B8%D1%81%D1%82%D0%BE%D0%B2-%D1%83%D0%B1%D0%B8%D1%82%D1%8C-%D0%A7%D0%B0%D0%BF%D0%B0%D0%B5%D0%B2%D0%B0/" "Mozilla/5.0 (Linux; Android 10; vivo 1938 Build/QP1A.190711.020) AppleWebKit/537.36 (KHTML, like Gecko) Chrome/78.0.3904.96 Mobile Safari/537.36 YaApp_Android/11.20 YaSearchBrowser/11.20" "-"
213.87.160.157 - - [22/Jul/2020:22:49:51 +0000] "GET /random HTTP/2.0" 302 0 "https://baneks.site/%D0%BF%D0%BE%D1%81%D0%BB%D0%B0%D0%BB%D0%B8-%D1%8F%D0%BF%D0%BE%D0%BD%D1%86%D1%8B-%D0%BA%D0%B0%D1%80%D0%B0%D1%82%D0%B8%D1%81%D1%82%D0%BE%D0%B2-%D1%83%D0%B1%D0%B8%D1%82%D1%8C-%D0%A7%D0%B0%D0%BF%D0%B0%D0%B5%D0%B2%D0%B0/" "Mozilla/5.0 (Linux; Android 10; vivo 1938 Build/QP1A.190711.020) AppleWebKit/537.36 (KHTML, like Gecko) Chrome/78.0.3904.96 Mobile Safari/537.36 YaApp_Android/11.20 YaSearchBrowser/11.20"
213.87.160.157 - - [22/Jul/2020:22:49:51 +0000] "GET /%D0%93%D0%B5%D0%BD%D0%B0-%D1%81-%D0%A7%D0%B5%D0%B1%D1%83%D1%80%D0%B0%D1%88%D0%BA%D0%BE%D0%B9-%D0%BB%D0%BE%D0%B2%D1%8F%D1%82-%D1%80%D1%8B%D0%B1%D1%83-%D1%83-%D0%A7%D0%B5%D0%B1%D1%83%D1%80%D0%B0%D1%88%D0%BA%D0%B8-%D0%BA%D0%BB%D1%8E%D0%B5%D1%82/ HTTP/2.0" 200 14352 "https://baneks.site/%D0%BF%D0%BE%D1%81%D0%BB%D0%B0%D0%BB%D0%B8-%D1%8F%D0%BF%D0%BE%D0%BD%D1%86%D1%8B-%D0%BA%D0%B0%D1%80%D0%B0%D1%82%D0%B8%D1%81%D1%82%D0%BE%D0%B2-%D1%83%D0%B1%D0%B8%D1%82%D1%8C-%D0%A7%D0%B0%D0%BF%D0%B0%D0%B5%D0%B2%D0%B0/" "Mozilla/5.0 (Linux; Android 10; vivo 1938 Build/QP1A.190711.020) AppleWebKit/537.36 (KHTML, like Gecko) Chrome/78.0.3904.96 Mobile Safari/537.36 YaApp_Android/11.20 YaSearchBrowser/11.20" "-"
213.87.160.157 - - [22/Jul/2020:22:49:51 +0000] "GET /%D0%93%D0%B5%D0%BD%D0%B0-%D1%81-%D0%A7%D0%B5%D0%B1%D1%83%D1%80%D0%B0%D1%88%D0%BA%D0%BE%D0%B9-%D0%BB%D0%BE%D0%B2%D1%8F%D1%82-%D1%80%D1%8B%D0%B1%D1%83-%D1%83-%D0%A7%D0%B5%D0%B1%D1%83%D1%80%D0%B0%D1%88%D0%BA%D0%B8-%D0%BA%D0%BB%D1%8E%D0%B5%D1%82/ HTTP/2.0" 200 14352 "https://baneks.site/%D0%BF%D0%BE%D1%81%D0%BB%D0%B0%D0%BB%D0%B8-%D1%8F%D0%BF%D0%BE%D0%BD%D1%86%D1%8B-%D0%BA%D0%B0%D1%80%D0%B0%D1%82%D0%B8%D1%81%D1%82%D0%BE%D0%B2-%D1%83%D0%B1%D0%B8%D1%82%D1%8C-%D0%A7%D0%B0%D0%BF%D0%B0%D0%B5%D0%B2%D0%B0/" "Mozilla/5.0 (Linux; Android 10; vivo 1938 Build/QP1A.190711.020) AppleWebKit/537.36 (KHTML, like Gecko) Chrome/78.0.3904.96 Mobile Safari/537.36 YaApp_Android/11.20 YaSearchBrowser/11.20"
213.87.160.157 - - [22/Jul/2020:22:49:52 +0000] "GET /%D0%93%D0%B5%D0%BD%D0%B0-%D1%81-%D0%A7%D0%B5%D0%B1%D1%83%D1%80%D0%B0%D1%88%D0%BA%D0%BE%D0%B9-%D0%BB%D0%BE%D0%B2%D1%8F%D1%82-%D1%80%D1%8B%D0%B1%D1%83-%D1%83-%D0%A7%D0%B5%D0%B1%D1%83%D1%80%D0%B0%D1%88%D0%BA%D0%B8-%D0%BA%D0%BB%D1%8E%D0%B5%D1%82/ HTTP/2.0" 200 14352 "https://baneks.site/%D0%93%D0%B5%D0%BD%D0%B0-%D1%81-%D0%A7%D0%B5%D0%B1%D1%83%D1%80%D0%B0%D1%88%D0%BA%D0%BE%D0%B9-%D0%BB%D0%BE%D0%B2%D1%8F%D1%82-%D1%80%D1%8B%D0%B1%D1%83-%D1%83-%D0%A7%D0%B5%D0%B1%D1%83%D1%80%D0%B0%D1%88%D0%BA%D0%B8-%D0%BA%D0%BB%D1%8E%D0%B5%D1%82/" "Mozilla/5.0 (Linux; Android 10; vivo 1938 Build/QP1A.190711.020) AppleWebKit/537.36 (KHTML, like Gecko) Chrome/78.0.3904.96 Mobile Safari/537.36 YaApp_Android/11.20 YaSearchBrowser/11.20" "-"
213.87.160.157 - - [22/Jul/2020:22:49:52 +0000] "GET /%D0%93%D0%B5%D0%BD%D0%B0-%D1%81-%D0%A7%D0%B5%D0%B1%D1%83%D1%80%D0%B0%D1%88%D0%BA%D0%BE%D0%B9-%D0%BB%D0%BE%D0%B2%D1%8F%D1%82-%D1%80%D1%8B%D0%B1%D1%83-%D1%83-%D0%A7%D0%B5%D0%B1%D1%83%D1%80%D0%B0%D1%88%D0%BA%D0%B8-%D0%BA%D0%BB%D1%8E%D0%B5%D1%82/ HTTP/2.0" 200 14352 "https://baneks.site/%D0%93%D0%B5%D0%BD%D0%B0-%D1%81-%D0%A7%D0%B5%D0%B1%D1%83%D1%80%D0%B0%D1%88%D0%BA%D0%BE%D0%B9-%D0%BB%D0%BE%D0%B2%D1%8F%D1%82-%D1%80%D1%8B%D0%B1%D1%83-%D1%83-%D0%A7%D0%B5%D0%B1%D1%83%D1%80%D0%B0%D1%88%D0%BA%D0%B8-%D0%BA%D0%BB%D1%8E%D0%B5%D1%82/" "Mozilla/5.0 (Linux; Android 10; vivo 1938 Build/QP1A.190711.020) AppleWebKit/537.36 (KHTML, like Gecko) Chrome/78.0.3904.96 Mobile Safari/537.36 YaApp_Android/11.20 YaSearchBrowser/11.20"
178.154.200.81 - - [22/Jul/2020:22:49:54 +0000] "GET /%D0%BC%D0%B5%D0%BA%D1%81%D0%B8%D0%BA%D0%B0%D0%BD%D0%B5%D1%86-%D0%B0%D1%80%D0%B0%D0%B1-%D0%B8-%D0%B4%D0%B5%D0%B2%D1%83%D1%88%D0%BA%D0%B0-%D1%80%D0%B5%D0%B4%D0%BD%D0%B5%D0%BA-%D1%81%D0%B8%D0%B4%D1%8F%D1%82-%D0%B2-%D0%BE%D0%B4%D0%BD%D0%BE%D0%BC/ HTTP/1.1" 200 13776 "-" "Mozilla/5.0 (compatible; YandexBot/3.0; +http://yandex.com/bots)" "-"
178.154.200.81 - - [22/Jul/2020:22:49:54 +0000] "GET /%D0%BC%D0%B5%D0%BA%D1%81%D0%B8%D0%BA%D0%B0%D0%BD%D0%B5%D1%86-%D0%B0%D1%80%D0%B0%D0%B1-%D0%B8-%D0%B4%D0%B5%D0%B2%D1%83%D1%88%D0%BA%D0%B0-%D1%80%D0%B5%D0%B4%D0%BD%D0%B5%D0%BA-%D1%81%D0%B8%D0%B4%D1%8F%D1%82-%D0%B2-%D0%BE%D0%B4%D0%BD%D0%BE%D0%BC/ HTTP/1.1" 200 13776 "-" "Mozilla/5.0 (compatible; YandexBot/3.0; +http://yandex.com/bots)"
188.226.135.210 - - [22/Jul/2020:22:49:59 +0000] "GET / HTTP/1.1" 200 4615 "-" "Mozilla/5.0 (Windows NT 6.2; WOW64) AppleWebKit/537.4 (KHTML, like Gecko) Chrome/98 Safari/537.4 (StatusCake)" "-"
188.226.135.210 - - [22/Jul/2020:22:49:59 +0000] "GET / HTTP/1.1" 200 4615 "-" "Mozilla/5.0 (Windows NT 6.2; WOW64) AppleWebKit/537.4 (KHTML, like Gecko) Chrome/98 Safari/537.4 (StatusCake)"
193.33.64.129 - - [22/Jul/2020:22:50:00 +0000] "GET /random HTTP/2.0" 302 0 "https://baneks.site/-%D0%BF%D0%B0%D0%BF%D0%B0-%D1%87%D1%82%D0%BE-%D1%82%D0%B0%D0%BA%D0%BE%D0%B5-%D0%BD%D0%B5%D0%BA%D0%BE%D0%BC%D0%BF%D0%B5%D1%82%D0%B5%D0%BD%D1%82%D0%BD%D0%BE%D1%81%D1%82%D1%8C-%D0%B8-%D0%B1%D0%B5%D0%B7%D1%80%D0%B0%D0%B7%D0%BB%D0%B8%D1%87%D0%B8%D0%B5/" "Mozilla/5.0 (Linux; Android 9; Redmi Note 7) AppleWebKit/537.36 (KHTML, like Gecko) Chrome/84.0.4147.89 Mobile Safari/537.36" "-"
193.33.64.129 - - [22/Jul/2020:22:50:00 +0000] "GET /random HTTP/2.0" 302 0 "https://baneks.site/-%D0%BF%D0%B0%D0%BF%D0%B0-%D1%87%D1%82%D0%BE-%D1%82%D0%B0%D0%BA%D0%BE%D0%B5-%D0%BD%D0%B5%D0%BA%D0%BE%D0%BC%D0%BF%D0%B5%D1%82%D0%B5%D0%BD%D1%82%D0%BD%D0%BE%D1%81%D1%82%D1%8C-%D0%B8-%D0%B1%D0%B5%D0%B7%D1%80%D0%B0%D0%B7%D0%BB%D0%B8%D1%87%D0%B8%D0%B5/" "Mozilla/5.0 (Linux; Android 9; Redmi Note 7) AppleWebKit/537.36 (KHTML, like Gecko) Chrome/84.0.4147.89 Mobile Safari/537.36"
193.33.64.129 - - [22/Jul/2020:22:50:00 +0000] "GET /-%D0%BF%D0%B0%D0%BF%D0%B0-%D1%87%D1%82%D0%BE-%D1%82%D0%B0%D0%BA%D0%BE%D0%B5-%D0%BD%D0%B5%D0%BA%D0%BE%D0%BC%D0%BF%D0%B5%D1%82%D0%B5%D0%BD%D1%82%D0%BD%D0%BE%D1%81%D1%82%D1%8C-%D0%B8-%D0%B1%D0%B5%D0%B7%D1%80%D0%B0%D0%B7%D0%BB%D0%B8%D1%87%D0%B8%D0%B5/ HTTP/2.0" 200 0 "https://baneks.site/best/" "Mozilla/5.0 (Linux; Android 9; Redmi Note 7) AppleWebKit/537.36 (KHTML, like Gecko) Chrome/84.0.4147.89 Mobile Safari/537.36" "-"
193.33.64.129 - - [22/Jul/2020:22:50:00 +0000] "GET /-%D0%BF%D0%B0%D0%BF%D0%B0-%D1%87%D1%82%D0%BE-%D1%82%D0%B0%D0%BA%D0%BE%D0%B5-%D0%BD%D0%B5%D0%BA%D0%BE%D0%BC%D0%BF%D0%B5%D1%82%D0%B5%D0%BD%D1%82%D0%BD%D0%BE%D1%81%D1%82%D1%8C-%D0%B8-%D0%B1%D0%B5%D0%B7%D1%80%D0%B0%D0%B7%D0%BB%D0%B8%D1%87%D0%B8%D0%B5/ HTTP/2.0" 200 0 "https://baneks.site/best/" "Mozilla/5.0 (Linux; Android 9; Redmi Note 7) AppleWebKit/537.36 (KHTML, like Gecko) Chrome/84.0.4147.89 Mobile Safari/537.36"
193.33.64.129 - - [22/Jul/2020:22:50:00 +0000] "GET /%D0%BF%D1%80%D0%B8%D1%85%D0%BE%D0%B4%D1%8F%D1%82-%D0%BA-%D0%9A%D0%B0%D1%88%D0%BF%D0%B8%D1%80%D0%BE%D0%B2%D1%81%D0%BA%D0%BE%D0%BC%D1%83-%D0%B1%D1%80%D0%B0%D1%82%D0%BA%D0%B8-%D0%B8-%D0%B3%D0%BE%D0%B2%D0%BE%D1%80%D1%8F%D1%82-%D1%83-%D1%82%D0%B5%D0%B1%D1%8F/ HTTP/2.0" 200 14063 "https://baneks.site/-%D0%BF%D0%B0%D0%BF%D0%B0-%D1%87%D1%82%D0%BE-%D1%82%D0%B0%D0%BA%D0%BE%D0%B5-%D0%BD%D0%B5%D0%BA%D0%BE%D0%BC%D0%BF%D0%B5%D1%82%D0%B5%D0%BD%D1%82%D0%BD%D0%BE%D1%81%D1%82%D1%8C-%D0%B8-%D0%B1%D0%B5%D0%B7%D1%80%D0%B0%D0%B7%D0%BB%D0%B8%D1%87%D0%B8%D0%B5/" "Mozilla/5.0 (Linux; Android 9; Redmi Note 7) AppleWebKit/537.36 (KHTML, like Gecko) Chrome/84.0.4147.89 Mobile Safari/537.36" "-"
193.33.64.129 - - [22/Jul/2020:22:50:00 +0000] "GET /%D0%BF%D1%80%D0%B8%D1%85%D0%BE%D0%B4%D1%8F%D1%82-%D0%BA-%D0%9A%D0%B0%D1%88%D0%BF%D0%B8%D1%80%D0%BE%D0%B2%D1%81%D0%BA%D0%BE%D0%BC%D1%83-%D0%B1%D1%80%D0%B0%D1%82%D0%BA%D0%B8-%D0%B8-%D0%B3%D0%BE%D0%B2%D0%BE%D1%80%D1%8F%D1%82-%D1%83-%D1%82%D0%B5%D0%B1%D1%8F/ HTTP/2.0" 200 14063 "https://baneks.site/-%D0%BF%D0%B0%D0%BF%D0%B0-%D1%87%D1%82%D0%BE-%D1%82%D0%B0%D0%BA%D0%BE%D0%B5-%D0%BD%D0%B5%D0%BA%D0%BE%D0%BC%D0%BF%D0%B5%D1%82%D0%B5%D0%BD%D1%82%D0%BD%D0%BE%D1%81%D1%82%D1%8C-%D0%B8-%D0%B1%D0%B5%D0%B7%D1%80%D0%B0%D0%B7%D0%BB%D0%B8%D1%87%D0%B8%D0%B5/" "Mozilla/5.0 (Linux; Android 9; Redmi Note 7) AppleWebKit/537.36 (KHTML, like Gecko) Chrome/84.0.4147.89 Mobile Safari/537.36"
193.33.64.129 - - [22/Jul/2020:22:50:02 +0000] "GET /%D0%BF%D1%80%D0%B8%D1%85%D0%BE%D0%B4%D1%8F%D1%82-%D0%BA-%D0%9A%D0%B0%D1%88%D0%BF%D0%B8%D1%80%D0%BE%D0%B2%D1%81%D0%BA%D0%BE%D0%BC%D1%83-%D0%B1%D1%80%D0%B0%D1%82%D0%BA%D0%B8-%D0%B8-%D0%B3%D0%BE%D0%B2%D0%BE%D1%80%D1%8F%D1%82-%D1%83-%D1%82%D0%B5%D0%B1%D1%8F/ HTTP/2.0" 200 14063 "https://baneks.site/%D0%BF%D1%80%D0%B8%D1%85%D0%BE%D0%B4%D1%8F%D1%82-%D0%BA-%D0%9A%D0%B0%D1%88%D0%BF%D0%B8%D1%80%D0%BE%D0%B2%D1%81%D0%BA%D0%BE%D0%BC%D1%83-%D0%B1%D1%80%D0%B0%D1%82%D0%BA%D0%B8-%D0%B8-%D0%B3%D0%BE%D0%B2%D0%BE%D1%80%D1%8F%D1%82-%D1%83-%D1%82%D0%B5%D0%B1%D1%8F/" "Mozilla/5.0 (Linux; Android 9; Redmi Note 7) AppleWebKit/537.36 (KHTML, like Gecko) Chrome/84.0.4147.89 Mobile Safari/537.36" "-"
193.33.64.129 - - [22/Jul/2020:22:50:02 +0000] "GET /%D0%BF%D1%80%D0%B8%D1%85%D0%BE%D0%B4%D1%8F%D1%82-%D0%BA-%D0%9A%D0%B0%D1%88%D0%BF%D0%B8%D1%80%D0%BE%D0%B2%D1%81%D0%BA%D0%BE%D0%BC%D1%83-%D0%B1%D1%80%D0%B0%D1%82%D0%BA%D0%B8-%D0%B8-%D0%B3%D0%BE%D0%B2%D0%BE%D1%80%D1%8F%D1%82-%D1%83-%D1%82%D0%B5%D0%B1%D1%8F/ HTTP/2.0" 200 14063 "https://baneks.site/%D0%BF%D1%80%D0%B8%D1%85%D0%BE%D0%B4%D1%8F%D1%82-%D0%BA-%D0%9A%D0%B0%D1%88%D0%BF%D0%B8%D1%80%D0%BE%D0%B2%D1%81%D0%BA%D0%BE%D0%BC%D1%83-%D0%B1%D1%80%D0%B0%D1%82%D0%BA%D0%B8-%D0%B8-%D0%B3%D0%BE%D0%B2%D0%BE%D1%80%D1%8F%D1%82-%D1%83-%D1%82%D0%B5%D0%B1%D1%8F/" "Mozilla/5.0 (Linux; Android 9; Redmi Note 7) AppleWebKit/537.36 (KHTML, like Gecko) Chrome/84.0.4147.89 Mobile Safari/537.36"
193.33.64.129 - - [22/Jul/2020:22:50:04 +0000] "GET /new/ HTTP/2.0" 200 16296 "https://baneks.site/%D0%BF%D1%80%D0%B8%D1%85%D0%BE%D0%B4%D1%8F%D1%82-%D0%BA-%D0%9A%D0%B0%D1%88%D0%BF%D0%B8%D1%80%D0%BE%D0%B2%D1%81%D0%BA%D0%BE%D0%BC%D1%83-%D0%B1%D1%80%D0%B0%D1%82%D0%BA%D0%B8-%D0%B8-%D0%B3%D0%BE%D0%B2%D0%BE%D1%80%D1%8F%D1%82-%D1%83-%D1%82%D0%B5%D0%B1%D1%8F/" "Mozilla/5.0 (Linux; Android 9; Redmi Note 7) AppleWebKit/537.36 (KHTML, like Gecko) Chrome/84.0.4147.89 Mobile Safari/537.36" "-"
193.33.64.129 - - [22/Jul/2020:22:50:04 +0000] "GET /new/ HTTP/2.0" 200 16296 "https://baneks.site/%D0%BF%D1%80%D0%B8%D1%85%D0%BE%D0%B4%D1%8F%D1%82-%D0%BA-%D0%9A%D0%B0%D1%88%D0%BF%D0%B8%D1%80%D0%BE%D0%B2%D1%81%D0%BA%D0%BE%D0%BC%D1%83-%D0%B1%D1%80%D0%B0%D1%82%D0%BA%D0%B8-%D0%B8-%D0%B3%D0%BE%D0%B2%D0%BE%D1%80%D1%8F%D1%82-%D1%83-%D1%82%D0%B5%D0%B1%D1%8F/" "Mozilla/5.0 (Linux; Android 9; Redmi Note 7) AppleWebKit/537.36 (KHTML, like Gecko) Chrome/84.0.4147.89 Mobile Safari/537.36"
213.87.160.157 - - [22/Jul/2020:22:50:04 +0000] "GET /random HTTP/2.0" 302 0 "https://baneks.site/%D0%93%D0%B5%D0%BD%D0%B0-%D1%81-%D0%A7%D0%B5%D0%B1%D1%83%D1%80%D0%B0%D1%88%D0%BA%D0%BE%D0%B9-%D0%BB%D0%BE%D0%B2%D1%8F%D1%82-%D1%80%D1%8B%D0%B1%D1%83-%D1%83-%D0%A7%D0%B5%D0%B1%D1%83%D1%80%D0%B0%D1%88%D0%BA%D0%B8-%D0%BA%D0%BB%D1%8E%D0%B5%D1%82/" "Mozilla/5.0 (Linux; Android 10; vivo 1938 Build/QP1A.190711.020) AppleWebKit/537.36 (KHTML, like Gecko) Chrome/78.0.3904.96 Mobile Safari/537.36 YaApp_Android/11.20 YaSearchBrowser/11.20" "-"
213.87.160.157 - - [22/Jul/2020:22:50:04 +0000] "GET /random HTTP/2.0" 302 0 "https://baneks.site/%D0%93%D0%B5%D0%BD%D0%B0-%D1%81-%D0%A7%D0%B5%D0%B1%D1%83%D1%80%D0%B0%D1%88%D0%BA%D0%BE%D0%B9-%D0%BB%D0%BE%D0%B2%D1%8F%D1%82-%D1%80%D1%8B%D0%B1%D1%83-%D1%83-%D0%A7%D0%B5%D0%B1%D1%83%D1%80%D0%B0%D1%88%D0%BA%D0%B8-%D0%BA%D0%BB%D1%8E%D0%B5%D1%82/" "Mozilla/5.0 (Linux; Android 10; vivo 1938 Build/QP1A.190711.020) AppleWebKit/537.36 (KHTML, like Gecko) Chrome/78.0.3904.96 Mobile Safari/537.36 YaApp_Android/11.20 YaSearchBrowser/11.20"
